20:00:10.345 INFO  manager.ApplicationManager -- All tests runs in Chrome Browser
20:00:10.552 INFO  manager.ListenerWD -- Navigate to -->https://telranedu.web.app/
20:00:11.351 INFO  manager.ApplicationManager -- The link --->https://telranedu.web.app/home
20:00:11.365 INFO  manager.TestNGListener -- Start testing  on date-->Mon Jun 01 20:00:11 IDT 2026
20:00:11.381 INFO  tests.TestBase -- Name of method (test)-->loginSuccessModelDPF
20:00:16.450 INFO  manager.TestNGListener -- Start test -->loginSuccessModelDPF
20:00:16.451 INFO  tests.TestBase -- Test data---> User{email='lolik@gmail.com', password='Lolik123!'}
20:00:16.451 INFO  manager.ListenerWD -- Before find element-->By.cssSelector: a[href='/login']
20:00:16.471 INFO  manager.ListenerWD -- After find element-->By.cssSelector: a[href='/login']
20:00:16.476 INFO  manager.ListenerWD -- Location of element-->a
20:00:16.486 INFO  manager.ListenerWD -- Before click element-->atext -->LOGIN
20:00:16.526 INFO  manager.ListenerWD -- After click element-->a
20:00:16.526 INFO  manager.HelperBase -- Open form by ckick on button with locator a[href='/login']
20:00:16.527 INFO  manager.ListenerWD -- Before find element-->By.name: email
20:00:16.543 INFO  manager.ListenerWD -- After find element-->By.name: email
20:00:16.548 INFO  manager.ListenerWD -- Location of element-->input
20:00:16.558 INFO  manager.ListenerWD -- Before click element-->inputtext -->
20:00:16.590 INFO  manager.ListenerWD -- After click element-->input
20:00:16.609 INFO  manager.ListenerWD -- sendKeys -->
20:00:16.611 INFO  manager.ListenerWD -- sendKeys -->input
20:00:16.632 INFO  manager.ListenerWD -- sendKeys -->
20:00:16.638 INFO  manager.ListenerWD -- sendKeys -->input
20:00:16.655 INFO  manager.ListenerWD -- sendKeys -->
20:00:16.658 INFO  manager.ListenerWD -- sendKeys -->input
20:00:16.674 INFO  manager.ListenerWD -- Before find element-->By.xpath: //input[@placeholder='Password']
20:00:16.685 INFO  manager.ListenerWD -- After find element-->By.xpath: //input[@placeholder='Password']
20:00:16.688 INFO  manager.ListenerWD -- Location of element-->input
20:00:16.695 INFO  manager.ListenerWD -- Before click element-->inputtext -->
20:00:16.724 INFO  manager.ListenerWD -- After click element-->input
20:00:16.740 INFO  manager.ListenerWD -- sendKeys -->
20:00:16.742 INFO  manager.ListenerWD -- sendKeys -->input
20:00:16.756 INFO  manager.ListenerWD -- sendKeys -->
20:00:16.759 INFO  manager.ListenerWD -- sendKeys -->input
20:00:16.775 INFO  manager.ListenerWD -- sendKeys -->
20:00:16.779 INFO  manager.ListenerWD -- sendKeys -->input
20:00:16.792 INFO  manager.ListenerWD -- Before find element-->By.xpath: //button[text()='Login']
20:00:16.801 INFO  manager.ListenerWD -- After find element-->By.xpath: //button[text()='Login']
20:00:16.804 INFO  manager.ListenerWD -- Location of element-->button
20:00:16.810 INFO  manager.ListenerWD -- Before click element-->buttontext -->Login
20:00:18.467 INFO  tests.TestBase -- Assert check is element button 'Sign out' present
20:00:18.469 INFO  manager.TestNGListener -- Success test -->loginSuccessModelDPF
20:00:18.470 INFO  tests.TestBase -- ==============================================
20:00:18.471 INFO  tests.TestBase -- Name of method (test)-->loginSuccessModelDPF
20:00:18.483 INFO  manager.ListenerWD -- Before find element-->By.xpath: //button[text()='Sign Out']
20:00:18.495 INFO  manager.ListenerWD -- After find element-->By.xpath: //button[text()='Sign Out']
20:00:18.499 INFO  manager.ListenerWD -- Location of element-->button
20:00:18.507 INFO  manager.ListenerWD -- Before click element-->buttontext -->Sign Out
20:00:18.539 INFO  tests.TestBase -- Before method finished logout
20:00:18.540 INFO  manager.TestNGListener -- Start test -->loginSuccessModelDPF
20:00:18.541 INFO  tests.TestBase -- Test data---> User{email='sonya@gmail.com', password='Ss12345$'}
20:00:18.541 INFO  manager.ListenerWD -- Before find element-->By.cssSelector: a[href='/login']
20:00:18.552 INFO  manager.ListenerWD -- After find element-->By.cssSelector: a[href='/login']
20:00:18.556 INFO  manager.ListenerWD -- Location of element-->a
20:00:18.563 INFO  manager.ListenerWD -- Before click element-->atext -->LOGIN
20:00:18.588 INFO  manager.ListenerWD -- After click element-->a
20:00:18.589 INFO  manager.HelperBase -- Open form by ckick on button with locator a[href='/login']
20:00:18.589 INFO  manager.ListenerWD -- Before find element-->By.name: email
20:00:18.597 INFO  manager.ListenerWD -- After find element-->By.name: email
20:00:18.599 INFO  manager.ListenerWD -- Location of element-->input
20:00:18.605 INFO  manager.ListenerWD -- Before click element-->inputtext -->
20:00:18.637 INFO  manager.ListenerWD -- After click element-->input
20:00:18.652 INFO  manager.ListenerWD -- sendKeys -->
20:00:18.655 INFO  manager.ListenerWD -- sendKeys -->input
20:00:18.671 INFO  manager.ListenerWD -- sendKeys -->
20:00:18.674 INFO  manager.ListenerWD -- sendKeys -->input
20:00:18.690 INFO  manager.ListenerWD -- sendKeys -->
20:00:18.692 INFO  manager.ListenerWD -- sendKeys -->input
20:00:18.706 INFO  manager.ListenerWD -- Before find element-->By.xpath: //input[@placeholder='Password']
20:00:18.712 INFO  manager.ListenerWD -- After find element-->By.xpath: //input[@placeholder='Password']
20:00:18.715 INFO  manager.ListenerWD -- Location of element-->input
20:00:18.723 INFO  manager.ListenerWD -- Before click element-->inputtext -->
20:00:18.761 INFO  manager.ListenerWD -- After click element-->input
20:00:18.775 INFO  manager.ListenerWD -- sendKeys -->
20:00:18.777 INFO  manager.ListenerWD -- sendKeys -->input
20:00:18.792 INFO  manager.ListenerWD -- sendKeys -->
20:00:18.795 INFO  manager.ListenerWD -- sendKeys -->input
20:00:18.810 INFO  manager.ListenerWD -- sendKeys -->
20:00:18.814 INFO  manager.ListenerWD -- sendKeys -->input
20:00:18.828 INFO  manager.ListenerWD -- Before find element-->By.xpath: //button[text()='Login']
20:00:18.838 INFO  manager.ListenerWD -- After find element-->By.xpath: //button[text()='Login']
20:00:18.841 INFO  manager.ListenerWD -- Location of element-->button
20:00:18.846 INFO  manager.ListenerWD -- Before click element-->buttontext -->Login
20:00:19.629 INFO  tests.TestBase -- Assert check is element button 'Sign out' present
20:00:19.629 INFO  manager.TestNGListener -- Success test -->loginSuccessModelDPF
20:00:19.630 INFO  tests.TestBase -- ==============================================
20:00:19.631 INFO  tests.TestBase -- Name of method (test)-->loginSuccessModelDPF
20:00:19.643 INFO  manager.ListenerWD -- Before find element-->By.xpath: //button[text()='Sign Out']
20:00:19.653 INFO  manager.ListenerWD -- After find element-->By.xpath: //button[text()='Sign Out']
20:00:19.656 INFO  manager.ListenerWD -- Location of element-->button
20:00:19.663 INFO  manager.ListenerWD -- Before click element-->buttontext -->Sign Out
20:00:19.691 INFO  tests.TestBase -- Before method finished logout
20:00:19.691 INFO  manager.TestNGListener -- Start test -->loginSuccessModelDPF
20:00:19.691 INFO  tests.TestBase -- Test data---> User{email='lolik@gmail.com', password='Lolik123!'}
20:00:19.691 INFO  manager.ListenerWD -- Before find element-->By.cssSelector: a[href='/login']
20:00:19.704 INFO  manager.ListenerWD -- After find element-->By.cssSelector: a[href='/login']
20:00:19.710 INFO  manager.ListenerWD -- Location of element-->a
20:00:19.718 INFO  manager.ListenerWD -- Before click element-->atext -->LOGIN
20:00:19.744 INFO  manager.ListenerWD -- After click element-->a
20:00:19.744 INFO  manager.HelperBase -- Open form by ckick on button with locator a[href='/login']
20:00:19.744 INFO  manager.ListenerWD -- Before find element-->By.name: email
20:00:19.751 INFO  manager.ListenerWD -- After find element-->By.name: email
20:00:19.754 INFO  manager.ListenerWD -- Location of element-->input
20:00:19.763 INFO  manager.ListenerWD -- Before click element-->inputtext -->
20:00:19.797 INFO  manager.ListenerWD -- After click element-->input
20:00:19.813 INFO  manager.ListenerWD -- sendKeys -->
20:00:19.817 INFO  manager.ListenerWD -- sendKeys -->input
20:00:19.834 INFO  manager.ListenerWD -- sendKeys -->
20:00:19.838 INFO  manager.ListenerWD -- sendKeys -->input
20:00:19.852 INFO  manager.ListenerWD -- sendKeys -->
20:00:19.855 INFO  manager.ListenerWD -- sendKeys -->input
20:00:19.870 INFO  manager.ListenerWD -- Before find element-->By.xpath: //input[@placeholder='Password']
20:00:19.877 INFO  manager.ListenerWD -- After find element-->By.xpath: //input[@placeholder='Password']
20:00:19.881 INFO  manager.ListenerWD -- Location of element-->input
20:00:19.887 INFO  manager.ListenerWD -- Before click element-->inputtext -->
20:00:19.919 INFO  manager.ListenerWD -- After click element-->input
20:00:19.934 INFO  manager.ListenerWD -- sendKeys -->
20:00:19.937 INFO  manager.ListenerWD -- sendKeys -->input
20:00:19.955 INFO  manager.ListenerWD -- sendKeys -->
20:00:19.959 INFO  manager.ListenerWD -- sendKeys -->input
20:00:19.976 INFO  manager.ListenerWD -- sendKeys -->
20:00:19.979 INFO  manager.ListenerWD -- sendKeys -->input
20:00:19.993 INFO  manager.ListenerWD -- Before find element-->By.xpath: //button[text()='Login']
20:00:20.000 INFO  manager.ListenerWD -- After find element-->By.xpath: //button[text()='Login']
20:00:20.003 INFO  manager.ListenerWD -- Location of element-->button
20:00:20.010 INFO  manager.ListenerWD -- Before click element-->buttontext -->Login
20:00:20.498 INFO  tests.TestBase -- Assert check is element button 'Sign out' present
20:00:20.499 INFO  manager.TestNGListener -- Success test -->loginSuccessModelDPF
20:00:20.500 INFO  tests.TestBase -- ==============================================
20:00:20.505 INFO  manager.TestNGListener -- Stop testing  on date-->Mon Jun 01 20:00:20 IDT 2026
