23:30:49.012 INFO  manager.ApplicationManager -- All tests runs in FIREFOX Browser
23:30:50.460 INFO  manager.ListenerWD -- Navigate to -->https://telranedu.web.app/
23:30:50.849 INFO  manager.ListenerWD -- Huston, we have a problem!
23:30:50.857 INFO  manager.ListenerWD -- Failed method:getCurrentUrl
23:30:50.857 INFO  manager.ListenerWD -- **********************
23:30:50.857 INFO  manager.ListenerWD -- Arguments:null
23:30:50.857 INFO  manager.ListenerWD -- **********************
23:30:50.857 INFO  manager.ListenerWD -- Exception:NoSuchSessionException
23:30:50.857 INFO  manager.ListenerWD -- **********************
23:30:50.857 INFO  manager.ListenerWD -- MessageWebDriver session does not exist, or is not active
Build info: version: '4.26.0', revision: '8ccf0219d7'
System info: os.name: 'Windows 11', os.arch: 'amd64', os.version: '10.0', java.version: '21.0.10'
Driver info: org.openqa.selenium.firefox.FirefoxDriver
Command: [c16627a7-7e0d-4c27-8586-1e625113f93e, getCurrentUrl {}]
Capabilities {acceptInsecureCerts: true, browserName: firefox, browserVersion: 151.0.4, moz:accessibilityChecks: false, moz:buildID: 20260608154138, moz:geckodriverVersion: 0.37.0, moz:headless: false, moz:platformVersion: 10.0, moz:processID: 31260, moz:profile: C:\Users\Nina\AppData\Local..., moz:shutdownTimeout: 60000, moz:webdriverClick: true, moz:windowless: false, pageLoadStrategy: normal, platformName: windows, proxy: Proxy(), setWindowRect: true, strictFileInteractability: false, timeouts: {implicit: 0, pageLoad: 300000, script: 30000}, unhandledPromptBehavior: dismiss and notify, userAgent: Mozilla/5.0 (Windows NT 10....}
Session ID: c16627a7-7e0d-4c27-8586-1e625113f93e
23:30:50.857 INFO  manager.ListenerWD -- **********************
23:30:50.857 INFO  manager.ListenerWD -- Screen with error is --->src/test/screenshots/screen_1923.png
23:30:50.886 ERROR io.qameta.allure.AllureLifecycle -- Could not update test container: container with uuid 319ec562-d4ff-4274-9268-12dc5d76d519 not found
23:30:50.959 INFO  tests.TestBase -- test data---> email: lolik@gmail.com & password: Lolik123!
23:30:50.979 INFO  tests.TestBase -- Name of method (test) -->addNewContactEmptyAddress
23:30:50.992 INFO  tests.TestBase -- ==============================================
23:30:50.995 INFO  tests.TestBase -- Name of method (test) -->addNewContactEmptyLastName
23:30:50.998 INFO  tests.TestBase -- ==============================================
23:30:50.998 INFO  tests.TestBase -- Name of method (test) -->addNewContactEmptyName
23:30:50.998 INFO  tests.TestBase -- ==============================================
23:30:51.010 INFO  tests.TestBase -- Name of method (test) -->addNewContactSuccessAllFields
23:30:51.021 INFO  tests.TestBase -- ==============================================
23:30:51.023 INFO  tests.TestBase -- Name of method (test) -->addNewContactSuccessAllFields
23:30:51.023 INFO  tests.TestBase -- ==============================================
23:30:51.023 INFO  tests.TestBase -- Name of method (test) -->addNewContactSuccessRequiredFields
23:30:51.032 INFO  tests.TestBase -- ==============================================
23:30:51.032 INFO  tests.TestBase -- Name of method (test) -->addNewContactWrongEmail
23:30:51.038 INFO  tests.TestBase -- ==============================================
23:30:51.038 INFO  tests.TestBase -- Name of method (test) -->addNewContactWrongPhone
23:30:51.038 INFO  tests.TestBase -- ==============================================
23:30:51.038 INFO  tests.TestBase -- Name of method (test) -->addNewContactWrongPhone
23:30:51.048 INFO  tests.TestBase -- ==============================================
23:30:51.048 INFO  tests.TestBase -- Name of method (test) -->addNewContactWrongPhone
23:30:51.053 INFO  tests.TestBase -- ==============================================
23:30:51.055 INFO  tests.TestBase -- Name of method (test) -->addNewContactWrongPhone
23:30:51.057 INFO  tests.TestBase -- ==============================================
23:30:51.059 INFO  tests.TestBase -- Name of method (test) -->addNewContactWrongPhone
23:30:51.061 INFO  tests.TestBase -- ==============================================
23:30:51.064 INFO  tests.TestBase -- Name of method (test) -->loginSuccess
23:30:51.064 INFO  tests.TestBase -- ==============================================
23:30:51.064 INFO  tests.TestBase -- Name of method (test) -->loginSuccess
23:30:51.073 INFO  tests.TestBase -- ==============================================
23:30:51.073 INFO  tests.TestBase -- Name of method (test) -->loginSuccess
23:30:51.080 INFO  tests.TestBase -- ==============================================
23:30:51.080 INFO  tests.TestBase -- Name of method (test) -->loginSuccess1
23:30:51.080 INFO  tests.TestBase -- ==============================================
23:30:51.080 INFO  tests.TestBase -- Name of method (test) -->loginSuccessModel
23:30:51.096 INFO  tests.TestBase -- ==============================================
23:30:51.099 INFO  tests.TestBase -- Name of method (test) -->loginSuccessModel
23:30:51.103 INFO  tests.TestBase -- ==============================================
23:30:51.103 INFO  tests.TestBase -- Name of method (test) -->loginSuccessModelDPF
23:30:51.108 INFO  tests.TestBase -- ==============================================
23:30:51.108 INFO  tests.TestBase -- Name of method (test) -->loginSuccessModelDPF
23:30:51.114 INFO  tests.TestBase -- ==============================================
23:30:51.115 INFO  tests.TestBase -- Name of method (test) -->loginSuccessModelDPF
23:30:51.116 INFO  tests.TestBase -- ==============================================
23:30:51.116 INFO  tests.TestBase -- Name of method (test) -->loginUnregisteredUser
23:30:51.124 INFO  tests.TestBase -- ==============================================
23:30:51.124 INFO  tests.TestBase -- Name of method (test) -->loginWrongEmail
23:30:51.127 INFO  tests.TestBase -- ==============================================
23:30:51.127 INFO  tests.TestBase -- Name of method (test) -->loginWrongPassword
23:30:51.132 INFO  tests.TestBase -- ==============================================
23:30:51.132 INFO  tests.TestBase -- Name of method (test) -->registrationExistsUser
23:30:51.138 INFO  tests.TestBase -- ==============================================
23:30:51.138 INFO  tests.TestBase -- Name of method (test) -->registrationSuccess
23:30:51.142 INFO  tests.TestBase -- ==============================================
23:30:51.142 INFO  tests.TestBase -- Name of method (test) -->wrongEmailRegistration
23:30:51.142 INFO  tests.TestBase -- ==============================================
23:30:51.148 INFO  tests.TestBase -- Name of method (test) -->wrongPasswordRegistration
23:30:51.148 INFO  tests.TestBase -- ==============================================
23:30:51.148 INFO  tests.TestBase -- Name of method (test) -->removeAllContacts
23:30:51.148 INFO  tests.TestBase -- ==============================================
23:30:51.148 INFO  tests.TestBase -- Name of method (test) -->removeFirstContact
23:30:51.148 INFO  tests.TestBase -- ==============================================
23:30:51.169 INFO  manager.ListenerWD -- Huston, we have a problem!
23:30:51.169 INFO  manager.ListenerWD -- Failed method:quit
23:30:51.169 INFO  manager.ListenerWD -- **********************
23:30:51.169 INFO  manager.ListenerWD -- Arguments:null
23:30:51.169 INFO  manager.ListenerWD -- **********************
23:30:51.169 INFO  manager.ListenerWD -- Exception:NoSuchSessionException
23:30:51.169 INFO  manager.ListenerWD -- **********************
23:30:51.169 INFO  manager.ListenerWD -- MessageTried to run command without establishing a connection
Build info: version: '4.26.0', revision: '8ccf0219d7'
System info: os.name: 'Windows 11', os.arch: 'amd64', os.version: '10.0', java.version: '21.0.10'
Driver info: org.openqa.selenium.firefox.FirefoxDriver
Command: [c16627a7-7e0d-4c27-8586-1e625113f93e, quit {}]
Capabilities {acceptInsecureCerts: true, browserName: firefox, browserVersion: 151.0.4, moz:accessibilityChecks: false, moz:buildID: 20260608154138, moz:geckodriverVersion: 0.37.0, moz:headless: false, moz:platformVersion: 10.0, moz:processID: 31260, moz:profile: C:\Users\Nina\AppData\Local..., moz:shutdownTimeout: 60000, moz:webdriverClick: true, moz:windowless: false, pageLoadStrategy: normal, platformName: windows, proxy: Proxy(), setWindowRect: true, strictFileInteractability: false, timeouts: {implicit: 0, pageLoad: 300000, script: 30000}, unhandledPromptBehavior: dismiss and notify, userAgent: Mozilla/5.0 (Windows NT 10....}
Session ID: c16627a7-7e0d-4c27-8586-1e625113f93e
23:30:51.169 INFO  manager.ListenerWD -- **********************
23:30:51.169 INFO  manager.ListenerWD -- Screen with error is --->src/test/screenshots/screen_1002.png
23:30:51.169 ERROR io.qameta.allure.AllureLifecycle -- Could not update test container: container with uuid 319ec562-d4ff-4274-9268-12dc5d76d519 not found
23:30:51.169 ERROR io.qameta.allure.AllureLifecycle -- Could not update test container: container with uuid 27c004fe-8f8a-4ed1-ac2d-d7060c718ef7 not found
