19:07:53.827 INFO  manager.ApplicationManager -- All tests runs in Chrome Browser
19:07:54.085 INFO  manager.ListenerWD -- Navigate to -->https://telranedu.web.app/
19:07:54.886 INFO  manager.ApplicationManager -- The link --->https://telranedu.web.app/home
19:07:54.906 INFO  manager.TestNGListener -- Start testing  on date-->Sun May 31 19:07:54 IDT 2026
19:07:54.930 INFO  tests.TestBase -- Name of method (test)-->loginSuccess
19:07:59.950 INFO  manager.TestNGListener -- Start test -->loginSuccess
19:07:59.951 INFO  tests.TestBase -- Start test with name 'loginSuccess'
19:07:59.951 INFO  tests.TestBase -- Yest data ---> emil:lolik@gmail.com &password:Lolik123!
19:07:59.952 INFO  manager.ListenerWD -- Before find element-->By.cssSelector: a[href='/login']
19:07:59.975 INFO  manager.ListenerWD -- After find element-->By.cssSelector: a[href='/login']
19:07:59.981 INFO  manager.ListenerWD -- Location of element-->a
19:07:59.990 INFO  manager.ListenerWD -- Before click element-->atext -->LOGIN
19:08:00.031 INFO  manager.ListenerWD -- After click element-->a
19:08:00.032 INFO  manager.HelperBase -- Open form by ckick on button with locator a[href='/login']
19:08:00.032 INFO  manager.ListenerWD -- Before find element-->By.name: email
19:08:00.046 INFO  manager.ListenerWD -- After find element-->By.name: email
19:08:00.050 INFO  manager.ListenerWD -- Location of element-->input
19:08:00.058 INFO  manager.ListenerWD -- Before click element-->inputtext -->
19:08:00.090 INFO  manager.ListenerWD -- After click element-->input
19:08:00.110 INFO  manager.ListenerWD -- sendKeys -->
19:08:00.114 INFO  manager.ListenerWD -- sendKeys -->input
19:08:00.137 INFO  manager.ListenerWD -- sendKeys -->
19:08:00.141 INFO  manager.ListenerWD -- sendKeys -->input
19:08:00.157 INFO  manager.ListenerWD -- sendKeys -->
19:08:00.159 INFO  manager.ListenerWD -- sendKeys -->input
19:08:00.174 INFO  manager.HelperBase -- type in input with locator By.name("email") 
19:08:00.174 INFO  manager.ListenerWD -- Before find element-->By.xpath: //input[@placeholder='Password']
19:08:00.184 INFO  manager.ListenerWD -- After find element-->By.xpath: //input[@placeholder='Password']
19:08:00.187 INFO  manager.ListenerWD -- Location of element-->input
19:08:00.195 INFO  manager.ListenerWD -- Before click element-->inputtext -->
19:08:00.228 INFO  manager.ListenerWD -- After click element-->input
19:08:00.244 INFO  manager.ListenerWD -- sendKeys -->
19:08:00.247 INFO  manager.ListenerWD -- sendKeys -->input
19:08:00.264 INFO  manager.ListenerWD -- sendKeys -->
19:08:00.267 INFO  manager.ListenerWD -- sendKeys -->input
19:08:00.286 INFO  manager.ListenerWD -- sendKeys -->
19:08:00.289 INFO  manager.ListenerWD -- sendKeys -->input
19:08:00.304 INFO  manager.ListenerWD -- Before find element-->By.xpath: //button[text()='Login']
19:08:00.315 INFO  manager.ListenerWD -- After find element-->By.xpath: //button[text()='Login']
19:08:00.318 INFO  manager.ListenerWD -- Location of element-->button
19:08:00.325 INFO  manager.ListenerWD -- Before click element-->buttontext -->Login
19:08:01.869 INFO  manager.TestNGListener -- Failure test -->loginSuccess
19:08:01.870 INFO  tests.TestBase -- ==============================================
19:08:01.871 INFO  tests.TestBase -- Name of method (test)-->loginSuccess
19:08:01.876 INFO  manager.ListenerWD -- Huston, we have a problem!
19:08:01.876 INFO  manager.ListenerWD -- Failed method:findElements
19:08:01.876 INFO  manager.ListenerWD -- **********************
19:08:01.876 INFO  manager.ListenerWD -- Arguments:[By.xpath: //button[text()='Sign Out']]
19:08:01.876 INFO  manager.ListenerWD -- **********************
19:08:01.876 INFO  manager.ListenerWD -- Exception:UnhandledAlertException
19:08:01.876 INFO  manager.ListenerWD -- **********************
19:08:01.876 INFO  manager.ListenerWD -- Messageunexpected alert open: {Alert text : Wrong email or password}
  (Session info: chrome=148.0.7778.179): Wrong email or password
Build info: version: '4.16.1', revision: '9b4c83354e'
System info: os.name: 'Windows 10', os.arch: 'amd64', os.version: '10.0', java.version: '17.0.12'
Driver info: org.openqa.selenium.chrome.ChromeDriver
Command: [0d0b4494e7bf0cbb5e66448efbe92a78, findElements {using=xpath, value=//button[text()='Sign Out']}]
Capabilities {acceptInsecureCerts: false, browserName: chrome, browserVersion: 148.0.7778.179, chrome: {chromedriverVersion: 147.0.7727.57 (b4f28b5637d0..., userDataDir: C:\Users\Nina\AppData\Local...}, fedcm:accounts: true, goog:chromeOptions: {debuggerAddress: localhost:56940}, goog:processID: 26672, networkConnectionEnabled: false, pageLoadStrategy: normal, platformName: windows, proxy: Proxy(), se:cdp: ws://localhost:56940/devtoo..., se:cdpVersion: 148.0.7778.179, setWindowRect: true, strictFileInteractability: false, timeouts: {implicit: 0, pageLoad: 300000, script: 30000}, unhandledPromptBehavior: dismiss and notify, webauthn:extension:credBlob: true, webauthn:extension:largeBlob: true, webauthn:extension:minPinLength: true, webauthn:extension:prf: true, webauthn:virtualAuthenticators: true}
Session ID: 0d0b4494e7bf0cbb5e66448efbe92a78
19:08:01.877 INFO  manager.ListenerWD -- **********************
19:08:01.877 INFO  manager.ListenerWD -- Screen with error is --->src/test/screenshots/screen_1725.png
19:08:02.124 INFO  manager.TestNGListener -- Start test -->loginSuccess
19:08:02.124 INFO  manager.TestNGListener -- Skipped test -->loginSuccess
19:08:02.124 INFO  manager.TestNGListener -- Start test -->loginSuccess
19:08:02.125 INFO  manager.TestNGListener -- Skipped test -->loginSuccess
19:08:02.126 INFO  manager.TestNGListener -- Stop testing  on date-->Sun May 31 19:08:02 IDT 2026
