19:45:39.395 INFO  manager.ApplicationManager -- All tests runs in Chrome Browser
19:45:39.602 INFO  manager.ListenerWD -- Navigate to -->https://telranedu.web.app/
19:45:40.196 INFO  manager.ApplicationManager -- The link --->https://telranedu.web.app/home
19:45:40.212 INFO  manager.TestNGListener -- Start testing  on date-->Sun May 31 19:45:40 IDT 2026
19:45:40.219 INFO  tests.TestBase -- test data---> email: lolik@gmail.com & password: Lolik123!
19:45:45.259 INFO  manager.ListenerWD -- Before find element-->By.cssSelector: a[href='/login']
19:45:45.283 INFO  manager.ListenerWD -- After find element-->By.cssSelector: a[href='/login']
19:45:45.290 INFO  manager.ListenerWD -- Location of element-->a
19:45:45.305 INFO  manager.ListenerWD -- Before click element-->atext -->LOGIN
19:45:45.342 INFO  manager.ListenerWD -- After click element-->a
19:45:45.343 INFO  manager.HelperBase -- Open form by ckick on button with locator a[href='/login']
19:45:45.343 INFO  manager.ListenerWD -- Before find element-->By.name: email
19:45:45.357 INFO  manager.ListenerWD -- After find element-->By.name: email
19:45:45.361 INFO  manager.ListenerWD -- Location of element-->input
19:45:45.369 INFO  manager.ListenerWD -- Before click element-->inputtext -->
19:45:45.403 INFO  manager.ListenerWD -- After click element-->input
19:45:45.421 INFO  manager.ListenerWD -- sendKeys -->
19:45:45.423 INFO  manager.ListenerWD -- sendKeys -->input
19:45:45.443 INFO  manager.ListenerWD -- sendKeys -->
19:45:45.446 INFO  manager.ListenerWD -- sendKeys -->input
19:45:45.461 INFO  manager.ListenerWD -- sendKeys -->
19:45:45.463 INFO  manager.ListenerWD -- sendKeys -->input
19:45:45.478 INFO  manager.ListenerWD -- Before find element-->By.xpath: //input[@placeholder='Password']
19:45:45.492 INFO  manager.ListenerWD -- After find element-->By.xpath: //input[@placeholder='Password']
19:45:45.495 INFO  manager.ListenerWD -- Location of element-->input
19:45:45.500 INFO  manager.ListenerWD -- Before click element-->inputtext -->
19:45:45.528 INFO  manager.ListenerWD -- After click element-->input
19:45:45.543 INFO  manager.ListenerWD -- sendKeys -->
19:45:45.546 INFO  manager.ListenerWD -- sendKeys -->input
19:45:45.561 INFO  manager.ListenerWD -- sendKeys -->
19:45:45.563 INFO  manager.ListenerWD -- sendKeys -->input
19:45:45.579 INFO  manager.ListenerWD -- sendKeys -->
19:45:45.581 INFO  manager.ListenerWD -- sendKeys -->input
19:45:45.594 INFO  manager.ListenerWD -- Before find element-->By.xpath: //button[text()='Login']
19:45:45.604 INFO  manager.ListenerWD -- After find element-->By.xpath: //button[text()='Login']
19:45:45.607 INFO  manager.ListenerWD -- Location of element-->button
19:45:45.613 INFO  manager.ListenerWD -- Before click element-->buttontext -->Login
19:45:45.641 INFO  tests.TestBase -- User logged in successfully
19:45:45.650 INFO  tests.TestBase -- Name of method (test)-->addNewContactWrongPhone
19:45:45.651 INFO  manager.TestNGListener -- Start test -->addNewContactWrongPhone
19:45:45.654 INFO  tests.TestBase -- Test data --> name: Tony, lastName:Molly, phone: , email: molly@gmail.com, address: Haifa, description: empty phone
19:45:45.654 INFO  manager.ListenerWD -- Before find element-->By.cssSelector: a[href='/add']
19:45:46.624 INFO  manager.ListenerWD -- After find element-->By.cssSelector: a[href='/add']
19:45:46.629 INFO  manager.ListenerWD -- Location of element-->a
19:45:46.637 INFO  manager.ListenerWD -- Before click element-->atext -->ADD
19:45:46.668 INFO  manager.ListenerWD -- After click element-->a
19:45:46.668 INFO  manager.ListenerWD -- Before find element-->By.cssSelector: [placeholder='Name']
19:45:46.682 INFO  manager.ListenerWD -- After find element-->By.cssSelector: [placeholder='Name']
19:45:46.686 INFO  manager.ListenerWD -- Location of element-->input
19:45:46.692 INFO  manager.ListenerWD -- Before click element-->inputtext -->
19:45:46.722 INFO  manager.ListenerWD -- After click element-->input
19:45:46.737 INFO  manager.ListenerWD -- sendKeys -->
19:45:46.739 INFO  manager.ListenerWD -- sendKeys -->input
19:45:46.754 INFO  manager.ListenerWD -- sendKeys -->
19:45:46.757 INFO  manager.ListenerWD -- sendKeys -->input
19:45:46.772 INFO  manager.ListenerWD -- sendKeys -->
19:45:46.775 INFO  manager.ListenerWD -- sendKeys -->input
19:45:46.787 INFO  manager.ListenerWD -- Before find element-->By.cssSelector: [placeholder='Last Name']
19:45:46.800 INFO  manager.ListenerWD -- After find element-->By.cssSelector: [placeholder='Last Name']
19:45:46.806 INFO  manager.ListenerWD -- Location of element-->input
19:45:46.813 INFO  manager.ListenerWD -- Before click element-->inputtext -->
19:45:46.842 INFO  manager.ListenerWD -- After click element-->input
19:45:46.860 INFO  manager.ListenerWD -- sendKeys -->
19:45:46.863 INFO  manager.ListenerWD -- sendKeys -->input
19:45:46.881 INFO  manager.ListenerWD -- sendKeys -->
19:45:46.884 INFO  manager.ListenerWD -- sendKeys -->input
19:45:46.902 INFO  manager.ListenerWD -- sendKeys -->
19:45:46.905 INFO  manager.ListenerWD -- sendKeys -->input
19:45:46.917 INFO  manager.ListenerWD -- Before find element-->By.cssSelector: [placeholder='Phone']
19:45:46.931 INFO  manager.ListenerWD -- After find element-->By.cssSelector: [placeholder='Phone']
19:45:46.935 INFO  manager.ListenerWD -- Location of element-->input
19:45:46.942 INFO  manager.ListenerWD -- Before click element-->inputtext -->
19:45:46.971 INFO  manager.ListenerWD -- After click element-->input
19:45:46.988 INFO  manager.ListenerWD -- sendKeys -->
19:45:46.991 INFO  manager.ListenerWD -- sendKeys -->input
19:45:47.009 INFO  manager.ListenerWD -- sendKeys -->
19:45:47.013 INFO  manager.ListenerWD -- sendKeys -->input
19:45:47.031 INFO  manager.ListenerWD -- sendKeys -->
19:45:47.034 INFO  manager.ListenerWD -- sendKeys -->input
19:45:47.046 INFO  manager.ListenerWD -- Before find element-->By.cssSelector: [placeholder='email']
19:45:47.060 INFO  manager.ListenerWD -- After find element-->By.cssSelector: [placeholder='email']
19:45:47.064 INFO  manager.ListenerWD -- Location of element-->input
19:45:47.071 INFO  manager.ListenerWD -- Before click element-->inputtext -->
19:45:47.100 INFO  manager.ListenerWD -- After click element-->input
19:45:47.117 INFO  manager.ListenerWD -- sendKeys -->
19:45:47.120 INFO  manager.ListenerWD -- sendKeys -->input
19:45:47.138 INFO  manager.ListenerWD -- sendKeys -->
19:45:47.141 INFO  manager.ListenerWD -- sendKeys -->input
19:45:47.157 INFO  manager.ListenerWD -- sendKeys -->
19:45:47.160 INFO  manager.ListenerWD -- sendKeys -->input
19:45:47.176 INFO  manager.ListenerWD -- Before find element-->By.cssSelector: [placeholder='Address']
19:45:47.189 INFO  manager.ListenerWD -- After find element-->By.cssSelector: [placeholder='Address']
19:45:47.193 INFO  manager.ListenerWD -- Location of element-->input
19:45:47.199 INFO  manager.ListenerWD -- Before click element-->inputtext -->
19:45:47.229 INFO  manager.ListenerWD -- After click element-->input
19:45:47.246 INFO  manager.ListenerWD -- sendKeys -->
19:45:47.249 INFO  manager.ListenerWD -- sendKeys -->input
19:45:47.266 INFO  manager.ListenerWD -- sendKeys -->
19:45:47.268 INFO  manager.ListenerWD -- sendKeys -->input
19:45:47.286 INFO  manager.ListenerWD -- sendKeys -->
19:45:47.290 INFO  manager.ListenerWD -- sendKeys -->input
19:45:47.303 INFO  manager.ListenerWD -- Before find element-->By.cssSelector: [placeholder = 'description']
19:45:47.316 INFO  manager.ListenerWD -- After find element-->By.cssSelector: [placeholder = 'description']
19:45:47.319 INFO  manager.ListenerWD -- Location of element-->input
19:45:47.326 INFO  manager.ListenerWD -- Before click element-->inputtext -->
19:45:47.354 INFO  manager.ListenerWD -- After click element-->input
19:45:47.370 INFO  manager.ListenerWD -- sendKeys -->
19:45:47.374 INFO  manager.ListenerWD -- sendKeys -->input
19:45:47.391 INFO  manager.ListenerWD -- sendKeys -->
19:45:47.394 INFO  manager.ListenerWD -- sendKeys -->input
19:45:47.412 INFO  manager.ListenerWD -- sendKeys -->
19:45:47.415 INFO  manager.ListenerWD -- sendKeys -->input
19:45:47.429 INFO  manager.ListenerWD -- Before find element-->By.cssSelector: .add_form__2rsm2>button
19:45:47.441 INFO  manager.ListenerWD -- After find element-->By.cssSelector: .add_form__2rsm2>button
19:45:47.444 INFO  manager.ListenerWD -- Location of element-->button
19:45:47.450 INFO  manager.ListenerWD -- Before click element-->buttontext -->Save
19:45:47.478 INFO  manager.ListenerWD -- After click element-->button
19:45:47.491 INFO  manager.ListenerWD -- Huston, we have a problem!
19:45:47.492 INFO  manager.ListenerWD -- Failed method:alert
19:45:47.492 INFO  manager.ListenerWD -- **********************
19:45:47.492 INFO  manager.ListenerWD -- Arguments:null
19:45:47.492 INFO  manager.ListenerWD -- **********************
19:45:47.492 INFO  manager.ListenerWD -- Exception:NoAlertPresentException
19:45:47.492 INFO  manager.ListenerWD -- **********************
19:45:47.492 INFO  manager.ListenerWD -- Messageno such alert
  (Session info: chrome=148.0.7778.179)
Build info: version: '4.26.0', revision: '8ccf0219d7'
System info: os.name: 'Windows 10', os.arch: 'amd64', os.version: '10.0', java.version: '17.0.12'
Driver info: org.openqa.selenium.chrome.ChromeDriver
Command: [1ddb93d65bb9dff496e55da1b192ab0a, getAlertText {}]
Capabilities {acceptInsecureCerts: false, browserName: chrome, browserVersion: 148.0.7778.179, chrome: {chromedriverVersion: 147.0.7727.57 (b4f28b5637d0..., userDataDir: C:\Users\Nina\AppData\Local...}, fedcm:accounts: true, goog:chromeOptions: {debuggerAddress: localhost:57421}, goog:processID: 38052, networkConnectionEnabled: false, pageLoadStrategy: normal, platformName: windows, proxy: Proxy(), se:cdp: ws://localhost:57421/devtoo..., se:cdpVersion: 148.0.7778.179, setWindowRect: true, strictFileInteractability: false, timeouts: {implicit: 0, pageLoad: 300000, script: 30000}, unhandledPromptBehavior: dismiss and notify, webauthn:extension:credBlob: true, webauthn:extension:largeBlob: true, webauthn:extension:minPinLength: true, webauthn:extension:prf: true, webauthn:virtualAuthenticators: true}
Session ID: 1ddb93d65bb9dff496e55da1b192ab0a
19:45:47.492 INFO  manager.ListenerWD -- **********************
19:45:47.493 INFO  manager.ListenerWD -- Screen with error is --->src/test/screenshots/screen_1103.png
19:45:48.019 INFO  tests.TestBase -- Assert check is alert present with error test 'Phone not valid' 
19:45:48.033 INFO  tests.TestBase -- Assert check Add button is active
19:45:48.035 INFO  manager.TestNGListener -- Success test -->addNewContactWrongPhone
19:45:48.036 INFO  tests.TestBase -- ==============================================
19:45:48.037 INFO  tests.TestBase -- Name of method (test)-->addNewContactWrongPhone
19:45:48.037 INFO  manager.TestNGListener -- Start test -->addNewContactWrongPhone
19:45:48.037 INFO  tests.TestBase -- Test data --> name: Tony, lastName:Molly, phone: , email: molly@gmail.com, address: Haifa, description: empty phone
19:45:48.037 INFO  manager.ListenerWD -- Before find element-->By.cssSelector: a[href='/add']
19:45:48.049 INFO  manager.ListenerWD -- After find element-->By.cssSelector: a[href='/add']
19:45:48.053 INFO  manager.ListenerWD -- Location of element-->a
19:45:48.061 INFO  manager.ListenerWD -- Before click element-->atext -->ADD
19:45:48.095 INFO  manager.ListenerWD -- After click element-->a
19:45:48.095 INFO  manager.ListenerWD -- Before find element-->By.cssSelector: [placeholder='Name']
19:45:48.106 INFO  manager.ListenerWD -- After find element-->By.cssSelector: [placeholder='Name']
19:45:48.109 INFO  manager.ListenerWD -- Location of element-->input
19:45:48.116 INFO  manager.ListenerWD -- Before click element-->inputtext -->
19:45:48.149 INFO  manager.ListenerWD -- After click element-->input
19:45:48.172 INFO  manager.ListenerWD -- sendKeys -->
19:45:48.175 INFO  manager.ListenerWD -- sendKeys -->input
19:45:48.204 INFO  manager.ListenerWD -- sendKeys -->
19:45:48.207 INFO  manager.ListenerWD -- sendKeys -->input
19:45:48.226 INFO  manager.ListenerWD -- sendKeys -->
19:45:48.229 INFO  manager.ListenerWD -- sendKeys -->input
19:45:48.243 INFO  manager.ListenerWD -- Before find element-->By.cssSelector: [placeholder='Last Name']
19:45:48.254 INFO  manager.ListenerWD -- After find element-->By.cssSelector: [placeholder='Last Name']
19:45:48.257 INFO  manager.ListenerWD -- Location of element-->input
19:45:48.265 INFO  manager.ListenerWD -- Before click element-->inputtext -->
19:45:48.294 INFO  manager.ListenerWD -- After click element-->input
19:45:48.314 INFO  manager.ListenerWD -- sendKeys -->
19:45:48.317 INFO  manager.ListenerWD -- sendKeys -->input
19:45:48.341 INFO  manager.ListenerWD -- sendKeys -->
19:45:48.344 INFO  manager.ListenerWD -- sendKeys -->input
19:45:48.360 INFO  manager.ListenerWD -- sendKeys -->
19:45:48.362 INFO  manager.ListenerWD -- sendKeys -->input
19:45:48.377 INFO  manager.ListenerWD -- Before find element-->By.cssSelector: [placeholder='Phone']
19:45:48.388 INFO  manager.ListenerWD -- After find element-->By.cssSelector: [placeholder='Phone']
19:45:48.393 INFO  manager.ListenerWD -- Location of element-->input
19:45:48.400 INFO  manager.ListenerWD -- Before click element-->inputtext -->
19:45:48.430 INFO  manager.ListenerWD -- After click element-->input
19:45:48.449 INFO  manager.ListenerWD -- sendKeys -->
19:45:48.452 INFO  manager.ListenerWD -- sendKeys -->input
19:45:48.479 INFO  manager.ListenerWD -- sendKeys -->
19:45:48.481 INFO  manager.ListenerWD -- sendKeys -->input
19:45:48.498 INFO  manager.ListenerWD -- sendKeys -->
19:45:48.501 INFO  manager.ListenerWD -- sendKeys -->input
19:45:48.518 INFO  manager.ListenerWD -- Before find element-->By.cssSelector: [placeholder='email']
19:45:48.528 INFO  manager.ListenerWD -- After find element-->By.cssSelector: [placeholder='email']
19:45:48.531 INFO  manager.ListenerWD -- Location of element-->input
19:45:48.537 INFO  manager.ListenerWD -- Before click element-->inputtext -->
19:45:48.564 INFO  manager.ListenerWD -- After click element-->input
19:45:48.581 INFO  manager.ListenerWD -- sendKeys -->
19:45:48.583 INFO  manager.ListenerWD -- sendKeys -->input
19:45:48.607 INFO  manager.ListenerWD -- sendKeys -->
19:45:48.610 INFO  manager.ListenerWD -- sendKeys -->input
19:45:48.627 INFO  manager.ListenerWD -- sendKeys -->
19:45:48.629 INFO  manager.ListenerWD -- sendKeys -->input
19:45:48.645 INFO  manager.ListenerWD -- Before find element-->By.cssSelector: [placeholder='Address']
19:45:48.654 INFO  manager.ListenerWD -- After find element-->By.cssSelector: [placeholder='Address']
19:45:48.657 INFO  manager.ListenerWD -- Location of element-->input
19:45:48.664 INFO  manager.ListenerWD -- Before click element-->inputtext -->
19:45:48.692 INFO  manager.ListenerWD -- After click element-->input
19:45:48.710 INFO  manager.ListenerWD -- sendKeys -->
19:45:48.713 INFO  manager.ListenerWD -- sendKeys -->input
19:45:48.739 INFO  manager.ListenerWD -- sendKeys -->
19:45:48.742 INFO  manager.ListenerWD -- sendKeys -->input
19:45:48.760 INFO  manager.ListenerWD -- sendKeys -->
19:45:48.762 INFO  manager.ListenerWD -- sendKeys -->input
19:45:48.774 INFO  manager.ListenerWD -- Before find element-->By.cssSelector: [placeholder = 'description']
19:45:48.783 INFO  manager.ListenerWD -- After find element-->By.cssSelector: [placeholder = 'description']
19:45:48.787 INFO  manager.ListenerWD -- Location of element-->input
19:45:48.795 INFO  manager.ListenerWD -- Before click element-->inputtext -->
19:45:48.825 INFO  manager.ListenerWD -- After click element-->input
19:45:48.845 INFO  manager.ListenerWD -- sendKeys -->
19:45:48.848 INFO  manager.ListenerWD -- sendKeys -->input
19:45:48.874 INFO  manager.ListenerWD -- sendKeys -->
19:45:48.877 INFO  manager.ListenerWD -- sendKeys -->input
19:45:48.894 INFO  manager.ListenerWD -- sendKeys -->
19:45:48.897 INFO  manager.ListenerWD -- sendKeys -->input
19:45:48.910 INFO  manager.ListenerWD -- Before find element-->By.cssSelector: .add_form__2rsm2>button
19:45:48.920 INFO  manager.ListenerWD -- After find element-->By.cssSelector: .add_form__2rsm2>button
19:45:48.923 INFO  manager.ListenerWD -- Location of element-->button
19:45:48.929 INFO  manager.ListenerWD -- Before click element-->buttontext -->Save
19:45:48.954 INFO  manager.ListenerWD -- After click element-->button
19:45:48.960 INFO  manager.ListenerWD -- Huston, we have a problem!
19:45:48.960 INFO  manager.ListenerWD -- Failed method:alert
19:45:48.960 INFO  manager.ListenerWD -- **********************
19:45:48.960 INFO  manager.ListenerWD -- Arguments:null
19:45:48.961 INFO  manager.ListenerWD -- **********************
19:45:48.961 INFO  manager.ListenerWD -- Exception:NoAlertPresentException
19:45:48.961 INFO  manager.ListenerWD -- **********************
19:45:48.961 INFO  manager.ListenerWD -- Messageno such alert
  (Session info: chrome=148.0.7778.179)
Build info: version: '4.26.0', revision: '8ccf0219d7'
System info: os.name: 'Windows 10', os.arch: 'amd64', os.version: '10.0', java.version: '17.0.12'
Driver info: org.openqa.selenium.chrome.ChromeDriver
Command: [1ddb93d65bb9dff496e55da1b192ab0a, getAlertText {}]
Capabilities {acceptInsecureCerts: false, browserName: chrome, browserVersion: 148.0.7778.179, chrome: {chromedriverVersion: 147.0.7727.57 (b4f28b5637d0..., userDataDir: C:\Users\Nina\AppData\Local...}, fedcm:accounts: true, goog:chromeOptions: {debuggerAddress: localhost:57421}, goog:processID: 38052, networkConnectionEnabled: false, pageLoadStrategy: normal, platformName: windows, proxy: Proxy(), se:cdp: ws://localhost:57421/devtoo..., se:cdpVersion: 148.0.7778.179, setWindowRect: true, strictFileInteractability: false, timeouts: {implicit: 0, pageLoad: 300000, script: 30000}, unhandledPromptBehavior: dismiss and notify, webauthn:extension:credBlob: true, webauthn:extension:largeBlob: true, webauthn:extension:minPinLength: true, webauthn:extension:prf: true, webauthn:virtualAuthenticators: true}
Session ID: 1ddb93d65bb9dff496e55da1b192ab0a
19:45:48.961 INFO  manager.ListenerWD -- **********************
19:45:48.961 INFO  manager.ListenerWD -- Screen with error is --->src/test/screenshots/screen_1264.png
19:45:49.485 INFO  tests.TestBase -- Assert check is alert present with error test 'Phone not valid' 
19:45:49.498 INFO  tests.TestBase -- Assert check Add button is active
19:45:49.498 INFO  manager.TestNGListener -- Success test -->addNewContactWrongPhone
19:45:49.499 INFO  tests.TestBase -- ==============================================
19:45:49.500 INFO  tests.TestBase -- Name of method (test)-->addNewContactWrongPhone
19:45:49.500 INFO  manager.TestNGListener -- Start test -->addNewContactWrongPhone
19:45:49.500 INFO  tests.TestBase -- Test data --> name: Tony, lastName:Molly, phone: , email: molly@gmail.com, address: Haifa, description: empty phone
19:45:49.500 INFO  manager.ListenerWD -- Before find element-->By.cssSelector: a[href='/add']
19:45:49.511 INFO  manager.ListenerWD -- After find element-->By.cssSelector: a[href='/add']
19:45:49.515 INFO  manager.ListenerWD -- Location of element-->a
19:45:49.522 INFO  manager.ListenerWD -- Before click element-->atext -->ADD
19:45:49.554 INFO  manager.ListenerWD -- After click element-->a
19:45:49.554 INFO  manager.ListenerWD -- Before find element-->By.cssSelector: [placeholder='Name']
19:45:49.563 INFO  manager.ListenerWD -- After find element-->By.cssSelector: [placeholder='Name']
19:45:49.566 INFO  manager.ListenerWD -- Location of element-->input
19:45:49.573 INFO  manager.ListenerWD -- Before click element-->inputtext -->
19:45:49.602 INFO  manager.ListenerWD -- After click element-->input
19:45:49.623 INFO  manager.ListenerWD -- sendKeys -->
19:45:49.625 INFO  manager.ListenerWD -- sendKeys -->input
19:45:49.654 INFO  manager.ListenerWD -- sendKeys -->
19:45:49.656 INFO  manager.ListenerWD -- sendKeys -->input
19:45:49.674 INFO  manager.ListenerWD -- sendKeys -->
19:45:49.677 INFO  manager.ListenerWD -- sendKeys -->input
19:45:49.689 INFO  manager.ListenerWD -- Before find element-->By.cssSelector: [placeholder='Last Name']
19:45:49.697 INFO  manager.ListenerWD -- After find element-->By.cssSelector: [placeholder='Last Name']
19:45:49.700 INFO  manager.ListenerWD -- Location of element-->input
19:45:49.707 INFO  manager.ListenerWD -- Before click element-->inputtext -->
19:45:49.733 INFO  manager.ListenerWD -- After click element-->input
19:45:49.751 INFO  manager.ListenerWD -- sendKeys -->
19:45:49.753 INFO  manager.ListenerWD -- sendKeys -->input
19:45:49.776 INFO  manager.ListenerWD -- sendKeys -->
19:45:49.779 INFO  manager.ListenerWD -- sendKeys -->input
19:45:49.794 INFO  manager.ListenerWD -- sendKeys -->
19:45:49.796 INFO  manager.ListenerWD -- sendKeys -->input
19:45:49.808 INFO  manager.ListenerWD -- Before find element-->By.cssSelector: [placeholder='Phone']
19:45:49.817 INFO  manager.ListenerWD -- After find element-->By.cssSelector: [placeholder='Phone']
19:45:49.820 INFO  manager.ListenerWD -- Location of element-->input
19:45:49.826 INFO  manager.ListenerWD -- Before click element-->inputtext -->
19:45:49.853 INFO  manager.ListenerWD -- After click element-->input
19:45:49.869 INFO  manager.ListenerWD -- sendKeys -->
19:45:49.871 INFO  manager.ListenerWD -- sendKeys -->input
19:45:49.898 INFO  manager.ListenerWD -- sendKeys -->
19:45:49.901 INFO  manager.ListenerWD -- sendKeys -->input
19:45:49.918 INFO  manager.ListenerWD -- sendKeys -->
19:45:49.921 INFO  manager.ListenerWD -- sendKeys -->input
19:45:49.936 INFO  manager.ListenerWD -- Before find element-->By.cssSelector: [placeholder='email']
19:45:49.944 INFO  manager.ListenerWD -- After find element-->By.cssSelector: [placeholder='email']
19:45:49.947 INFO  manager.ListenerWD -- Location of element-->input
19:45:49.955 INFO  manager.ListenerWD -- Before click element-->inputtext -->
19:45:49.982 INFO  manager.ListenerWD -- After click element-->input
19:45:49.998 INFO  manager.ListenerWD -- sendKeys -->
19:45:50.001 INFO  manager.ListenerWD -- sendKeys -->input
19:45:50.026 INFO  manager.ListenerWD -- sendKeys -->
19:45:50.028 INFO  manager.ListenerWD -- sendKeys -->input
19:45:50.043 INFO  manager.ListenerWD -- sendKeys -->
19:45:50.046 INFO  manager.ListenerWD -- sendKeys -->input
19:45:50.060 INFO  manager.ListenerWD -- Before find element-->By.cssSelector: [placeholder='Address']
19:45:50.068 INFO  manager.ListenerWD -- After find element-->By.cssSelector: [placeholder='Address']
19:45:50.071 INFO  manager.ListenerWD -- Location of element-->input
19:45:50.077 INFO  manager.ListenerWD -- Before click element-->inputtext -->
19:45:50.104 INFO  manager.ListenerWD -- After click element-->input
19:45:50.122 INFO  manager.ListenerWD -- sendKeys -->
19:45:50.124 INFO  manager.ListenerWD -- sendKeys -->input
19:45:50.149 INFO  manager.ListenerWD -- sendKeys -->
19:45:50.151 INFO  manager.ListenerWD -- sendKeys -->input
19:45:50.167 INFO  manager.ListenerWD -- sendKeys -->
19:45:50.169 INFO  manager.ListenerWD -- sendKeys -->input
19:45:50.181 INFO  manager.ListenerWD -- Before find element-->By.cssSelector: [placeholder = 'description']
19:45:50.190 INFO  manager.ListenerWD -- After find element-->By.cssSelector: [placeholder = 'description']
19:45:50.193 INFO  manager.ListenerWD -- Location of element-->input
19:45:50.199 INFO  manager.ListenerWD -- Before click element-->inputtext -->
19:45:50.228 INFO  manager.ListenerWD -- After click element-->input
19:45:50.245 INFO  manager.ListenerWD -- sendKeys -->
19:45:50.247 INFO  manager.ListenerWD -- sendKeys -->input
19:45:50.270 INFO  manager.ListenerWD -- sendKeys -->
19:45:50.273 INFO  manager.ListenerWD -- sendKeys -->input
19:45:50.289 INFO  manager.ListenerWD -- sendKeys -->
19:45:50.291 INFO  manager.ListenerWD -- sendKeys -->input
19:45:50.303 INFO  manager.ListenerWD -- Before find element-->By.cssSelector: .add_form__2rsm2>button
19:45:50.312 INFO  manager.ListenerWD -- After find element-->By.cssSelector: .add_form__2rsm2>button
19:45:50.315 INFO  manager.ListenerWD -- Location of element-->button
19:45:50.321 INFO  manager.ListenerWD -- Before click element-->buttontext -->Save
19:45:50.347 INFO  manager.ListenerWD -- After click element-->button
19:45:50.352 INFO  manager.ListenerWD -- Huston, we have a problem!
19:45:50.352 INFO  manager.ListenerWD -- Failed method:alert
19:45:50.352 INFO  manager.ListenerWD -- **********************
19:45:50.352 INFO  manager.ListenerWD -- Arguments:null
19:45:50.352 INFO  manager.ListenerWD -- **********************
19:45:50.352 INFO  manager.ListenerWD -- Exception:NoAlertPresentException
19:45:50.352 INFO  manager.ListenerWD -- **********************
19:45:50.352 INFO  manager.ListenerWD -- Messageno such alert
  (Session info: chrome=148.0.7778.179)
Build info: version: '4.26.0', revision: '8ccf0219d7'
System info: os.name: 'Windows 10', os.arch: 'amd64', os.version: '10.0', java.version: '17.0.12'
Driver info: org.openqa.selenium.chrome.ChromeDriver
Command: [1ddb93d65bb9dff496e55da1b192ab0a, getAlertText {}]
Capabilities {acceptInsecureCerts: false, browserName: chrome, browserVersion: 148.0.7778.179, chrome: {chromedriverVersion: 147.0.7727.57 (b4f28b5637d0..., userDataDir: C:\Users\Nina\AppData\Local...}, fedcm:accounts: true, goog:chromeOptions: {debuggerAddress: localhost:57421}, goog:processID: 38052, networkConnectionEnabled: false, pageLoadStrategy: normal, platformName: windows, proxy: Proxy(), se:cdp: ws://localhost:57421/devtoo..., se:cdpVersion: 148.0.7778.179, setWindowRect: true, strictFileInteractability: false, timeouts: {implicit: 0, pageLoad: 300000, script: 30000}, unhandledPromptBehavior: dismiss and notify, webauthn:extension:credBlob: true, webauthn:extension:largeBlob: true, webauthn:extension:minPinLength: true, webauthn:extension:prf: true, webauthn:virtualAuthenticators: true}
Session ID: 1ddb93d65bb9dff496e55da1b192ab0a
19:45:50.352 INFO  manager.ListenerWD -- **********************
19:45:50.352 INFO  manager.ListenerWD -- Screen with error is --->src/test/screenshots/screen_1528.png
19:45:50.877 INFO  tests.TestBase -- Assert check is alert present with error test 'Phone not valid' 
19:45:50.888 INFO  tests.TestBase -- Assert check Add button is active
19:45:50.889 INFO  manager.TestNGListener -- Success test -->addNewContactWrongPhone
19:45:50.889 INFO  tests.TestBase -- ==============================================
19:45:50.890 INFO  tests.TestBase -- Name of method (test)-->addNewContactWrongPhone
19:45:50.890 INFO  manager.TestNGListener -- Start test -->addNewContactWrongPhone
19:45:50.890 INFO  tests.TestBase -- Test data --> name: Tony, lastName:Molly, phone: , email: molly@gmail.com, address: Haifa, description: empty phone
19:45:50.890 INFO  manager.ListenerWD -- Before find element-->By.cssSelector: a[href='/add']
19:45:50.902 INFO  manager.ListenerWD -- After find element-->By.cssSelector: a[href='/add']
19:45:50.905 INFO  manager.ListenerWD -- Location of element-->a
19:45:50.913 INFO  manager.ListenerWD -- Before click element-->atext -->ADD
19:45:50.945 INFO  manager.ListenerWD -- After click element-->a
19:45:50.945 INFO  manager.ListenerWD -- Before find element-->By.cssSelector: [placeholder='Name']
19:45:50.954 INFO  manager.ListenerWD -- After find element-->By.cssSelector: [placeholder='Name']
19:45:50.958 INFO  manager.ListenerWD -- Location of element-->input
19:45:50.964 INFO  manager.ListenerWD -- Before click element-->inputtext -->
19:45:50.994 INFO  manager.ListenerWD -- After click element-->input
19:45:51.011 INFO  manager.ListenerWD -- sendKeys -->
19:45:51.013 INFO  manager.ListenerWD -- sendKeys -->input
19:45:51.039 INFO  manager.ListenerWD -- sendKeys -->
19:45:51.042 INFO  manager.ListenerWD -- sendKeys -->input
19:45:51.058 INFO  manager.ListenerWD -- sendKeys -->
19:45:51.061 INFO  manager.ListenerWD -- sendKeys -->input
19:45:51.075 INFO  manager.ListenerWD -- Before find element-->By.cssSelector: [placeholder='Last Name']
19:45:51.084 INFO  manager.ListenerWD -- After find element-->By.cssSelector: [placeholder='Last Name']
19:45:51.087 INFO  manager.ListenerWD -- Location of element-->input
19:45:51.094 INFO  manager.ListenerWD -- Before click element-->inputtext -->
19:45:51.121 INFO  manager.ListenerWD -- After click element-->input
19:45:51.139 INFO  manager.ListenerWD -- sendKeys -->
19:45:51.142 INFO  manager.ListenerWD -- sendKeys -->input
19:45:51.166 INFO  manager.ListenerWD -- sendKeys -->
19:45:51.169 INFO  manager.ListenerWD -- sendKeys -->input
19:45:51.185 INFO  manager.ListenerWD -- sendKeys -->
19:45:51.187 INFO  manager.ListenerWD -- sendKeys -->input
19:45:51.199 INFO  manager.ListenerWD -- Before find element-->By.cssSelector: [placeholder='Phone']
19:45:51.207 INFO  manager.ListenerWD -- After find element-->By.cssSelector: [placeholder='Phone']
19:45:51.210 INFO  manager.ListenerWD -- Location of element-->input
19:45:51.216 INFO  manager.ListenerWD -- Before click element-->inputtext -->
19:45:51.244 INFO  manager.ListenerWD -- After click element-->input
19:45:51.259 INFO  manager.ListenerWD -- sendKeys -->
19:45:51.261 INFO  manager.ListenerWD -- sendKeys -->input
19:45:51.286 INFO  manager.ListenerWD -- sendKeys -->
19:45:51.288 INFO  manager.ListenerWD -- sendKeys -->input
19:45:51.306 INFO  manager.ListenerWD -- sendKeys -->
19:45:51.308 INFO  manager.ListenerWD -- sendKeys -->input
19:45:51.320 INFO  manager.ListenerWD -- Before find element-->By.cssSelector: [placeholder='email']
19:45:51.328 INFO  manager.ListenerWD -- After find element-->By.cssSelector: [placeholder='email']
19:45:51.332 INFO  manager.ListenerWD -- Location of element-->input
19:45:51.338 INFO  manager.ListenerWD -- Before click element-->inputtext -->
19:45:51.368 INFO  manager.ListenerWD -- After click element-->input
19:45:51.384 INFO  manager.ListenerWD -- sendKeys -->
19:45:51.387 INFO  manager.ListenerWD -- sendKeys -->input
19:45:51.410 INFO  manager.ListenerWD -- sendKeys -->
19:45:51.414 INFO  manager.ListenerWD -- sendKeys -->input
19:45:51.431 INFO  manager.ListenerWD -- sendKeys -->
19:45:51.434 INFO  manager.ListenerWD -- sendKeys -->input
19:45:51.449 INFO  manager.ListenerWD -- Before find element-->By.cssSelector: [placeholder='Address']
19:45:51.457 INFO  manager.ListenerWD -- After find element-->By.cssSelector: [placeholder='Address']
19:45:51.460 INFO  manager.ListenerWD -- Location of element-->input
19:45:51.466 INFO  manager.ListenerWD -- Before click element-->inputtext -->
19:45:51.493 INFO  manager.ListenerWD -- After click element-->input
19:45:51.510 INFO  manager.ListenerWD -- sendKeys -->
19:45:51.512 INFO  manager.ListenerWD -- sendKeys -->input
19:45:51.537 INFO  manager.ListenerWD -- sendKeys -->
19:45:51.539 INFO  manager.ListenerWD -- sendKeys -->input
19:45:51.557 INFO  manager.ListenerWD -- sendKeys -->
19:45:51.559 INFO  manager.ListenerWD -- sendKeys -->input
19:45:51.571 INFO  manager.ListenerWD -- Before find element-->By.cssSelector: [placeholder = 'description']
19:45:51.580 INFO  manager.ListenerWD -- After find element-->By.cssSelector: [placeholder = 'description']
19:45:51.582 INFO  manager.ListenerWD -- Location of element-->input
19:45:51.588 INFO  manager.ListenerWD -- Before click element-->inputtext -->
19:45:51.625 INFO  manager.ListenerWD -- After click element-->input
19:45:51.649 INFO  manager.ListenerWD -- sendKeys -->
19:45:51.652 INFO  manager.ListenerWD -- sendKeys -->input
19:45:51.680 INFO  manager.ListenerWD -- sendKeys -->
19:45:51.682 INFO  manager.ListenerWD -- sendKeys -->input
19:45:51.700 INFO  manager.ListenerWD -- sendKeys -->
19:45:51.703 INFO  manager.ListenerWD -- sendKeys -->input
19:45:51.717 INFO  manager.ListenerWD -- Before find element-->By.cssSelector: .add_form__2rsm2>button
19:45:51.726 INFO  manager.ListenerWD -- After find element-->By.cssSelector: .add_form__2rsm2>button
19:45:51.729 INFO  manager.ListenerWD -- Location of element-->button
19:45:51.735 INFO  manager.ListenerWD -- Before click element-->buttontext -->Save
19:45:51.761 INFO  manager.ListenerWD -- After click element-->button
19:45:51.767 INFO  manager.ListenerWD -- Huston, we have a problem!
19:45:51.767 INFO  manager.ListenerWD -- Failed method:alert
19:45:51.767 INFO  manager.ListenerWD -- **********************
19:45:51.767 INFO  manager.ListenerWD -- Arguments:null
19:45:51.767 INFO  manager.ListenerWD -- **********************
19:45:51.767 INFO  manager.ListenerWD -- Exception:NoAlertPresentException
19:45:51.767 INFO  manager.ListenerWD -- **********************
19:45:51.767 INFO  manager.ListenerWD -- Messageno such alert
  (Session info: chrome=148.0.7778.179)
Build info: version: '4.26.0', revision: '8ccf0219d7'
System info: os.name: 'Windows 10', os.arch: 'amd64', os.version: '10.0', java.version: '17.0.12'
Driver info: org.openqa.selenium.chrome.ChromeDriver
Command: [1ddb93d65bb9dff496e55da1b192ab0a, getAlertText {}]
Capabilities {acceptInsecureCerts: false, browserName: chrome, browserVersion: 148.0.7778.179, chrome: {chromedriverVersion: 147.0.7727.57 (b4f28b5637d0..., userDataDir: C:\Users\Nina\AppData\Local...}, fedcm:accounts: true, goog:chromeOptions: {debuggerAddress: localhost:57421}, goog:processID: 38052, networkConnectionEnabled: false, pageLoadStrategy: normal, platformName: windows, proxy: Proxy(), se:cdp: ws://localhost:57421/devtoo..., se:cdpVersion: 148.0.7778.179, setWindowRect: true, strictFileInteractability: false, timeouts: {implicit: 0, pageLoad: 300000, script: 30000}, unhandledPromptBehavior: dismiss and notify, webauthn:extension:credBlob: true, webauthn:extension:largeBlob: true, webauthn:extension:minPinLength: true, webauthn:extension:prf: true, webauthn:virtualAuthenticators: true}
Session ID: 1ddb93d65bb9dff496e55da1b192ab0a
19:45:51.767 INFO  manager.ListenerWD -- **********************
19:45:51.767 INFO  manager.ListenerWD -- Screen with error is --->src/test/screenshots/screen_1268.png
19:45:52.285 INFO  tests.TestBase -- Assert check is alert present with error test 'Phone not valid' 
19:45:52.297 INFO  tests.TestBase -- Assert check Add button is active
19:45:52.298 INFO  manager.TestNGListener -- Success test -->addNewContactWrongPhone
19:45:52.298 INFO  tests.TestBase -- ==============================================
19:45:52.299 INFO  tests.TestBase -- Name of method (test)-->addNewContactWrongPhone
19:45:52.299 INFO  manager.TestNGListener -- Start test -->addNewContactWrongPhone
19:45:52.299 INFO  tests.TestBase -- Test data --> name: Tony, lastName:Molly, phone: , email: molly@gmail.com, address: Haifa, description: empty phone
19:45:52.299 INFO  manager.ListenerWD -- Before find element-->By.cssSelector: a[href='/add']
19:45:52.309 INFO  manager.ListenerWD -- After find element-->By.cssSelector: a[href='/add']
19:45:52.313 INFO  manager.ListenerWD -- Location of element-->a
19:45:52.321 INFO  manager.ListenerWD -- Before click element-->atext -->ADD
19:45:52.353 INFO  manager.ListenerWD -- After click element-->a
19:45:52.353 INFO  manager.ListenerWD -- Before find element-->By.cssSelector: [placeholder='Name']
19:45:52.363 INFO  manager.ListenerWD -- After find element-->By.cssSelector: [placeholder='Name']
19:45:52.366 INFO  manager.ListenerWD -- Location of element-->input
19:45:52.375 INFO  manager.ListenerWD -- Before click element-->inputtext -->
19:45:52.407 INFO  manager.ListenerWD -- After click element-->input
19:45:52.425 INFO  manager.ListenerWD -- sendKeys -->
19:45:52.427 INFO  manager.ListenerWD -- sendKeys -->input
19:45:52.453 INFO  manager.ListenerWD -- sendKeys -->
19:45:52.456 INFO  manager.ListenerWD -- sendKeys -->input
19:45:52.474 INFO  manager.ListenerWD -- sendKeys -->
19:45:52.476 INFO  manager.ListenerWD -- sendKeys -->input
19:45:52.488 INFO  manager.ListenerWD -- Before find element-->By.cssSelector: [placeholder='Last Name']
19:45:52.496 INFO  manager.ListenerWD -- After find element-->By.cssSelector: [placeholder='Last Name']
19:45:52.499 INFO  manager.ListenerWD -- Location of element-->input
19:45:52.505 INFO  manager.ListenerWD -- Before click element-->inputtext -->
19:45:52.533 INFO  manager.ListenerWD -- After click element-->input
19:45:52.550 INFO  manager.ListenerWD -- sendKeys -->
19:45:52.553 INFO  manager.ListenerWD -- sendKeys -->input
19:45:52.576 INFO  manager.ListenerWD -- sendKeys -->
19:45:52.579 INFO  manager.ListenerWD -- sendKeys -->input
19:45:52.596 INFO  manager.ListenerWD -- sendKeys -->
19:45:52.598 INFO  manager.ListenerWD -- sendKeys -->input
19:45:52.610 INFO  manager.ListenerWD -- Before find element-->By.cssSelector: [placeholder='Phone']
19:45:52.619 INFO  manager.ListenerWD -- After find element-->By.cssSelector: [placeholder='Phone']
19:45:52.622 INFO  manager.ListenerWD -- Location of element-->input
19:45:52.628 INFO  manager.ListenerWD -- Before click element-->inputtext -->
19:45:52.657 INFO  manager.ListenerWD -- After click element-->input
19:45:52.672 INFO  manager.ListenerWD -- sendKeys -->
19:45:52.674 INFO  manager.ListenerWD -- sendKeys -->input
19:45:52.691 INFO  manager.ListenerWD -- sendKeys -->
19:45:52.693 INFO  manager.ListenerWD -- sendKeys -->input
19:45:52.710 INFO  manager.ListenerWD -- sendKeys -->
19:45:52.712 INFO  manager.ListenerWD -- sendKeys -->input
19:45:52.727 INFO  manager.ListenerWD -- Before find element-->By.cssSelector: [placeholder='email']
19:45:52.736 INFO  manager.ListenerWD -- After find element-->By.cssSelector: [placeholder='email']
19:45:52.739 INFO  manager.ListenerWD -- Location of element-->input
19:45:52.746 INFO  manager.ListenerWD -- Before click element-->inputtext -->
19:45:52.779 INFO  manager.ListenerWD -- After click element-->input
19:45:52.799 INFO  manager.ListenerWD -- sendKeys -->
19:45:52.801 INFO  manager.ListenerWD -- sendKeys -->input
19:45:52.826 INFO  manager.ListenerWD -- sendKeys -->
19:45:52.829 INFO  manager.ListenerWD -- sendKeys -->input
19:45:52.846 INFO  manager.ListenerWD -- sendKeys -->
19:45:52.849 INFO  manager.ListenerWD -- sendKeys -->input
19:45:52.863 INFO  manager.ListenerWD -- Before find element-->By.cssSelector: [placeholder='Address']
19:45:52.871 INFO  manager.ListenerWD -- After find element-->By.cssSelector: [placeholder='Address']
19:45:52.874 INFO  manager.ListenerWD -- Location of element-->input
19:45:52.882 INFO  manager.ListenerWD -- Before click element-->inputtext -->
19:45:52.908 INFO  manager.ListenerWD -- After click element-->input
19:45:52.924 INFO  manager.ListenerWD -- sendKeys -->
19:45:52.927 INFO  manager.ListenerWD -- sendKeys -->input
19:45:52.951 INFO  manager.ListenerWD -- sendKeys -->
19:45:52.954 INFO  manager.ListenerWD -- sendKeys -->input
19:45:52.969 INFO  manager.ListenerWD -- sendKeys -->
19:45:52.971 INFO  manager.ListenerWD -- sendKeys -->input
19:45:52.983 INFO  manager.ListenerWD -- Before find element-->By.cssSelector: [placeholder = 'description']
19:45:52.992 INFO  manager.ListenerWD -- After find element-->By.cssSelector: [placeholder = 'description']
19:45:52.995 INFO  manager.ListenerWD -- Location of element-->input
19:45:53.000 INFO  manager.ListenerWD -- Before click element-->inputtext -->
19:45:53.026 INFO  manager.ListenerWD -- After click element-->input
19:45:53.042 INFO  manager.ListenerWD -- sendKeys -->
19:45:53.045 INFO  manager.ListenerWD -- sendKeys -->input
19:45:53.067 INFO  manager.ListenerWD -- sendKeys -->
19:45:53.070 INFO  manager.ListenerWD -- sendKeys -->input
19:45:53.086 INFO  manager.ListenerWD -- sendKeys -->
19:45:53.088 INFO  manager.ListenerWD -- sendKeys -->input
19:45:53.100 INFO  manager.ListenerWD -- Before find element-->By.cssSelector: .add_form__2rsm2>button
19:45:53.108 INFO  manager.ListenerWD -- After find element-->By.cssSelector: .add_form__2rsm2>button
19:45:53.111 INFO  manager.ListenerWD -- Location of element-->button
19:45:53.117 INFO  manager.ListenerWD -- Before click element-->buttontext -->Save
19:45:53.142 INFO  manager.ListenerWD -- After click element-->button
19:45:53.147 INFO  manager.ListenerWD -- Huston, we have a problem!
19:45:53.147 INFO  manager.ListenerWD -- Failed method:alert
19:45:53.147 INFO  manager.ListenerWD -- **********************
19:45:53.147 INFO  manager.ListenerWD -- Arguments:null
19:45:53.147 INFO  manager.ListenerWD -- **********************
19:45:53.147 INFO  manager.ListenerWD -- Exception:NoAlertPresentException
19:45:53.147 INFO  manager.ListenerWD -- **********************
19:45:53.147 INFO  manager.ListenerWD -- Messageno such alert
  (Session info: chrome=148.0.7778.179)
Build info: version: '4.26.0', revision: '8ccf0219d7'
System info: os.name: 'Windows 10', os.arch: 'amd64', os.version: '10.0', java.version: '17.0.12'
Driver info: org.openqa.selenium.chrome.ChromeDriver
Command: [1ddb93d65bb9dff496e55da1b192ab0a, getAlertText {}]
Capabilities {acceptInsecureCerts: false, browserName: chrome, browserVersion: 148.0.7778.179, chrome: {chromedriverVersion: 147.0.7727.57 (b4f28b5637d0..., userDataDir: C:\Users\Nina\AppData\Local...}, fedcm:accounts: true, goog:chromeOptions: {debuggerAddress: localhost:57421}, goog:processID: 38052, networkConnectionEnabled: false, pageLoadStrategy: normal, platformName: windows, proxy: Proxy(), se:cdp: ws://localhost:57421/devtoo..., se:cdpVersion: 148.0.7778.179, setWindowRect: true, strictFileInteractability: false, timeouts: {implicit: 0, pageLoad: 300000, script: 30000}, unhandledPromptBehavior: dismiss and notify, webauthn:extension:credBlob: true, webauthn:extension:largeBlob: true, webauthn:extension:minPinLength: true, webauthn:extension:prf: true, webauthn:virtualAuthenticators: true}
Session ID: 1ddb93d65bb9dff496e55da1b192ab0a
19:45:53.147 INFO  manager.ListenerWD -- **********************
19:45:53.147 INFO  manager.ListenerWD -- Screen with error is --->src/test/screenshots/screen_1541.png
19:45:53.671 INFO  tests.TestBase -- Assert check is alert present with error test 'Phone not valid' 
19:45:53.683 INFO  tests.TestBase -- Assert check Add button is active
19:45:53.683 INFO  manager.TestNGListener -- Success test -->addNewContactWrongPhone
19:45:53.683 INFO  tests.TestBase -- ==============================================
19:45:53.685 INFO  manager.TestNGListener -- Stop testing  on date-->Sun May 31 19:45:53 IDT 2026
