19:11:28.495 INFO  manager.ApplicationManager -- All tests runs in Chrome Browser
19:11:28.727 INFO  manager.ListenerWD -- Navigate to -->https://telranedu.web.app/
19:11:29.154 INFO  manager.ApplicationManager -- The link --->https://telranedu.web.app/home
19:11:29.164 INFO  manager.TestNGListener -- Start testing  on date-->Sun May 31 19:11:29 IDT 2026
19:11:29.179 INFO  tests.TestBase -- Name of method (test)-->loginSuccess
19:11:34.243 INFO  manager.TestNGListener -- Start test -->loginSuccess
19:11:34.243 INFO  tests.TestBase -- Start test with name 'loginSuccess'
19:11:34.243 INFO  tests.TestBase -- Yest data ---> emil:lolik@gmail.com &password:Lolik123!
19:11:34.244 INFO  manager.ListenerWD -- Before find element-->By.cssSelector: a[href='/login']
19:11:34.258 INFO  manager.ListenerWD -- After find element-->By.cssSelector: a[href='/login']
19:11:34.265 INFO  manager.ListenerWD -- Location of element-->a
19:11:34.276 INFO  manager.ListenerWD -- Before click element-->atext -->LOGIN
19:11:34.321 INFO  manager.ListenerWD -- After click element-->a
19:11:34.321 INFO  manager.HelperBase -- Open form by ckick on button with locator a[href='/login']
19:11:34.322 INFO  manager.ListenerWD -- Before find element-->By.name: email
19:11:34.334 INFO  manager.ListenerWD -- After find element-->By.name: email
19:11:34.338 INFO  manager.ListenerWD -- Location of element-->input
19:11:34.345 INFO  manager.ListenerWD -- Before click element-->inputtext -->
19:11:34.376 INFO  manager.ListenerWD -- After click element-->input
19:11:34.395 INFO  manager.ListenerWD -- sendKeys -->
19:11:34.396 INFO  manager.ListenerWD -- sendKeys -->input
19:11:34.420 INFO  manager.ListenerWD -- sendKeys -->
19:11:34.423 INFO  manager.ListenerWD -- sendKeys -->input
19:11:34.438 INFO  manager.ListenerWD -- sendKeys -->
19:11:34.441 INFO  manager.ListenerWD -- sendKeys -->input
19:11:34.456 INFO  manager.HelperBase -- type in input with locator By.name("email") 
19:11:34.456 INFO  manager.ListenerWD -- Before find element-->By.xpath: //input[@placeholder='Password']
19:11:34.470 INFO  manager.ListenerWD -- After find element-->By.xpath: //input[@placeholder='Password']
19:11:34.473 INFO  manager.ListenerWD -- Location of element-->input
19:11:34.479 INFO  manager.ListenerWD -- Before click element-->inputtext -->
19:11:34.507 INFO  manager.ListenerWD -- After click element-->input
19:11:34.522 INFO  manager.ListenerWD -- sendKeys -->
19:11:34.525 INFO  manager.ListenerWD -- sendKeys -->input
19:11:34.540 INFO  manager.ListenerWD -- sendKeys -->
19:11:34.543 INFO  manager.ListenerWD -- sendKeys -->input
19:11:34.560 INFO  manager.ListenerWD -- sendKeys -->
19:11:34.563 INFO  manager.ListenerWD -- sendKeys -->input
19:11:34.577 INFO  manager.ListenerWD -- Before find element-->By.xpath: //button[text()='Login']
19:11:34.588 INFO  manager.ListenerWD -- After find element-->By.xpath: //button[text()='Login']
19:11:34.593 INFO  manager.ListenerWD -- Location of element-->button
19:11:34.602 INFO  manager.ListenerWD -- Before click element-->buttontext -->Login
19:11:36.138 INFO  manager.TestNGListener -- Failure test -->loginSuccess
19:11:36.139 INFO  tests.TestBase -- ==============================================
19:11:36.139 INFO  tests.TestBase -- Name of method (test)-->loginSuccess
19:11:36.145 INFO  manager.ListenerWD -- Huston, we have a problem!
19:11:36.145 INFO  manager.ListenerWD -- Failed method:findElements
19:11:36.145 INFO  manager.ListenerWD -- **********************
19:11:36.145 INFO  manager.ListenerWD -- Arguments:[By.xpath: //button[text()='Sign Out']]
19:11:36.145 INFO  manager.ListenerWD -- **********************
19:11:36.145 INFO  manager.ListenerWD -- Exception:UnhandledAlertException
19:11:36.145 INFO  manager.ListenerWD -- **********************
19:11:36.146 INFO  manager.ListenerWD -- Messageunexpected alert open: {Alert text : Wrong email or password}
  (Session info: chrome=148.0.7778.179): Wrong email or password
Build info: version: '4.26.0', revision: '8ccf0219d7'
System info: os.name: 'Windows 10', os.arch: 'amd64', os.version: '10.0', java.version: '17.0.12'
Driver info: org.openqa.selenium.chrome.ChromeDriver
Command: [283a0a2b7def6343b47f7134cab306d8, findElements {using=xpath, value=//button[text()='Sign Out']}]
Capabilities {acceptInsecureCerts: false, browserName: chrome, browserVersion: 148.0.7778.179, chrome: {chromedriverVersion: 147.0.7727.57 (b4f28b5637d0..., userDataDir: C:\Users\Nina\AppData\Local...}, fedcm:accounts: true, goog:chromeOptions: {debuggerAddress: localhost:57053}, goog:processID: 9532, networkConnectionEnabled: false, pageLoadStrategy: normal, platformName: windows, proxy: Proxy(), se:cdp: ws://localhost:57053/devtoo..., se:cdpVersion: 148.0.7778.179, setWindowRect: true, strictFileInteractability: false, timeouts: {implicit: 0, pageLoad: 300000, script: 30000}, unhandledPromptBehavior: dismiss and notify, webauthn:extension:credBlob: true, webauthn:extension:largeBlob: true, webauthn:extension:minPinLength: true, webauthn:extension:prf: true, webauthn:virtualAuthenticators: true}
Session ID: 283a0a2b7def6343b47f7134cab306d8
19:11:36.146 INFO  manager.ListenerWD -- **********************
19:11:36.146 INFO  manager.ListenerWD -- Screen with error is --->src/test/screenshots/screen_1129.png
19:11:36.366 INFO  manager.TestNGListener -- Start test -->loginSuccess
19:11:36.366 INFO  manager.TestNGListener -- Skipped test -->loginSuccess
19:11:36.368 INFO  manager.TestNGListener -- Start test -->loginSuccess
19:11:36.368 INFO  manager.TestNGListener -- Skipped test -->loginSuccess
19:11:36.369 INFO  manager.TestNGListener -- Stop testing  on date-->Sun May 31 19:11:36 IDT 2026
