23:20:13.636 INFO  manager.ApplicationManager -- All tests runs in EDGE Browser
23:20:14.187 INFO  manager.ListenerWD -- Navigate to -->https://telranedu.web.app/
23:20:14.924 INFO  manager.ApplicationManager -- The link --->https://telranedu.web.app/home
23:20:14.954 INFO  tests.TestBase -- Name of method (test) -->loginSuccess
23:20:20.067 INFO  tests.TestBase -- Start test with name 'loginSuccess'
23:20:20.067 INFO  tests.TestBase -- Test data ---> email: lolik@gmail.com & password: Lolik123!
23:20:20.067 INFO  manager.ListenerWD -- Before find element-->By.cssSelector: a[href='/login']
23:20:20.087 INFO  manager.ListenerWD -- After find element-->By.cssSelector: a[href='/login']
23:20:20.092 INFO  manager.ListenerWD -- Location of element-->a
23:20:20.105 INFO  manager.ListenerWD -- Before click element-->atext -->LOGIN
23:20:20.153 INFO  manager.ListenerWD -- After click element-->a
23:20:20.153 INFO  manager.HelperBase -- Open form by ckick on button with locator a[href='/login']
23:20:20.153 INFO  manager.ListenerWD -- Before find element-->By.name: email
23:20:20.174 INFO  manager.ListenerWD -- After find element-->By.name: email
23:20:20.178 INFO  manager.ListenerWD -- Location of element-->input
23:20:20.186 INFO  manager.ListenerWD -- Before click element-->inputtext -->
23:20:20.219 INFO  manager.ListenerWD -- After click element-->input
23:20:20.240 INFO  manager.ListenerWD -- sendKeys -->
23:20:20.242 INFO  manager.ListenerWD -- sendKeys -->input
23:20:20.270 INFO  manager.ListenerWD -- sendKeys -->
23:20:20.273 INFO  manager.ListenerWD -- sendKeys -->input
23:20:20.290 INFO  manager.ListenerWD -- sendKeys -->
23:20:20.293 INFO  manager.ListenerWD -- sendKeys -->input
23:20:20.312 INFO  manager.HelperBase -- type in input with locator By.name("email") 
23:20:20.312 INFO  manager.ListenerWD -- Before find element-->By.xpath: //input[@placeholder='Password']
23:20:20.328 INFO  manager.ListenerWD -- After find element-->By.xpath: //input[@placeholder='Password']
23:20:20.332 INFO  manager.ListenerWD -- Location of element-->input
23:20:20.339 INFO  manager.ListenerWD -- Before click element-->inputtext -->
23:20:20.372 INFO  manager.ListenerWD -- After click element-->input
23:20:20.391 INFO  manager.ListenerWD -- sendKeys -->
23:20:20.395 INFO  manager.ListenerWD -- sendKeys -->input
23:20:20.411 INFO  manager.ListenerWD -- sendKeys -->
23:20:20.414 INFO  manager.ListenerWD -- sendKeys -->input
23:20:20.430 INFO  manager.ListenerWD -- sendKeys -->
23:20:20.433 INFO  manager.ListenerWD -- sendKeys -->input
23:20:20.447 INFO  manager.ListenerWD -- Before find element-->By.xpath: //button[text()='Login']
23:20:20.461 INFO  manager.ListenerWD -- After find element-->By.xpath: //button[text()='Login']
23:20:20.465 INFO  manager.ListenerWD -- Location of element-->button
23:20:20.470 INFO  manager.ListenerWD -- Before click element-->buttontext -->Login
23:20:21.892 INFO  tests.TestBase -- Assert check is element button 'Sign out' present
23:20:21.900 INFO  tests.TestBase -- ==============================================
23:20:21.902 INFO  tests.TestBase -- Name of method (test) -->loginSuccess
23:20:21.919 INFO  manager.ListenerWD -- Before find element-->By.xpath: //button[text()='Sign Out']
23:20:21.934 INFO  manager.ListenerWD -- After find element-->By.xpath: //button[text()='Sign Out']
23:20:21.939 INFO  manager.ListenerWD -- Location of element-->button
23:20:21.950 INFO  manager.ListenerWD -- Before click element-->buttontext -->Sign Out
23:20:22.001 INFO  tests.TestBase -- Before method finished logout
23:20:22.004 INFO  tests.TestBase -- Start test with name 'loginSuccess'
23:20:22.004 INFO  tests.TestBase -- Test data ---> email: sonya@gmail.com & password: Ss12345$
23:20:22.004 INFO  manager.ListenerWD -- Before find element-->By.cssSelector: a[href='/login']
23:20:22.020 INFO  manager.ListenerWD -- After find element-->By.cssSelector: a[href='/login']
23:20:22.025 INFO  manager.ListenerWD -- Location of element-->a
23:20:22.035 INFO  manager.ListenerWD -- Before click element-->atext -->LOGIN
23:20:22.072 INFO  manager.ListenerWD -- After click element-->a
23:20:22.074 INFO  manager.HelperBase -- Open form by ckick on button with locator a[href='/login']
23:20:22.074 INFO  manager.ListenerWD -- Before find element-->By.name: email
23:20:22.089 INFO  manager.ListenerWD -- After find element-->By.name: email
23:20:22.094 INFO  manager.ListenerWD -- Location of element-->input
23:20:22.106 INFO  manager.ListenerWD -- Before click element-->inputtext -->
23:20:22.144 INFO  manager.ListenerWD -- After click element-->input
23:20:22.165 INFO  manager.ListenerWD -- sendKeys -->
23:20:22.169 INFO  manager.ListenerWD -- sendKeys -->input
23:20:22.188 INFO  manager.ListenerWD -- sendKeys -->
23:20:22.192 INFO  manager.ListenerWD -- sendKeys -->input
23:20:22.209 INFO  manager.ListenerWD -- sendKeys -->
23:20:22.211 INFO  manager.ListenerWD -- sendKeys -->input
23:20:22.228 INFO  manager.HelperBase -- type in input with locator By.name("email") 
23:20:22.228 INFO  manager.ListenerWD -- Before find element-->By.xpath: //input[@placeholder='Password']
23:20:22.242 INFO  manager.ListenerWD -- After find element-->By.xpath: //input[@placeholder='Password']
23:20:22.247 INFO  manager.ListenerWD -- Location of element-->input
23:20:22.256 INFO  manager.ListenerWD -- Before click element-->inputtext -->
23:20:22.283 INFO  manager.ListenerWD -- After click element-->input
23:20:22.298 INFO  manager.ListenerWD -- sendKeys -->
23:20:22.301 INFO  manager.ListenerWD -- sendKeys -->input
23:20:22.319 INFO  manager.ListenerWD -- sendKeys -->
23:20:22.322 INFO  manager.ListenerWD -- sendKeys -->input
23:20:22.341 INFO  manager.ListenerWD -- sendKeys -->
23:20:22.343 INFO  manager.ListenerWD -- sendKeys -->input
23:20:22.358 INFO  manager.ListenerWD -- Before find element-->By.xpath: //button[text()='Login']
23:20:22.372 INFO  manager.ListenerWD -- After find element-->By.xpath: //button[text()='Login']
23:20:22.376 INFO  manager.ListenerWD -- Location of element-->button
23:20:22.385 INFO  manager.ListenerWD -- Before click element-->buttontext -->Login
23:20:22.692 INFO  tests.TestBase -- Assert check is element button 'Sign out' present
23:20:22.693 INFO  tests.TestBase -- ==============================================
23:20:22.694 INFO  tests.TestBase -- Name of method (test) -->loginSuccess
23:20:22.707 INFO  manager.ListenerWD -- Before find element-->By.xpath: //button[text()='Sign Out']
23:20:22.717 INFO  manager.ListenerWD -- After find element-->By.xpath: //button[text()='Sign Out']
23:20:22.719 INFO  manager.ListenerWD -- Location of element-->button
23:20:22.725 INFO  manager.ListenerWD -- Before click element-->buttontext -->Sign Out
23:20:22.760 INFO  tests.TestBase -- Before method finished logout
23:20:22.761 INFO  tests.TestBase -- Start test with name 'loginSuccess'
23:20:22.762 INFO  tests.TestBase -- Test data ---> email: art276@art.com & password: $Art1$2$3456789
23:20:22.762 INFO  manager.ListenerWD -- Before find element-->By.cssSelector: a[href='/login']
23:20:22.772 INFO  manager.ListenerWD -- After find element-->By.cssSelector: a[href='/login']
23:20:22.775 INFO  manager.ListenerWD -- Location of element-->a
23:20:22.781 INFO  manager.ListenerWD -- Before click element-->atext -->LOGIN
23:20:22.809 INFO  manager.ListenerWD -- After click element-->a
23:20:22.809 INFO  manager.HelperBase -- Open form by ckick on button with locator a[href='/login']
23:20:22.809 INFO  manager.ListenerWD -- Before find element-->By.name: email
23:20:22.819 INFO  manager.ListenerWD -- After find element-->By.name: email
23:20:22.822 INFO  manager.ListenerWD -- Location of element-->input
23:20:22.827 INFO  manager.ListenerWD -- Before click element-->inputtext -->
23:20:22.859 INFO  manager.ListenerWD -- After click element-->input
23:20:22.874 INFO  manager.ListenerWD -- sendKeys -->
23:20:22.878 INFO  manager.ListenerWD -- sendKeys -->input
23:20:22.895 INFO  manager.ListenerWD -- sendKeys -->
23:20:22.898 INFO  manager.ListenerWD -- sendKeys -->input
23:20:22.913 INFO  manager.ListenerWD -- sendKeys -->
23:20:22.916 INFO  manager.ListenerWD -- sendKeys -->input
23:20:22.936 INFO  manager.HelperBase -- type in input with locator By.name("email") 
23:20:22.936 INFO  manager.ListenerWD -- Before find element-->By.xpath: //input[@placeholder='Password']
23:20:22.948 INFO  manager.ListenerWD -- After find element-->By.xpath: //input[@placeholder='Password']
23:20:22.953 INFO  manager.ListenerWD -- Location of element-->input
23:20:22.962 INFO  manager.ListenerWD -- Before click element-->inputtext -->
23:20:22.998 INFO  manager.ListenerWD -- After click element-->input
23:20:23.015 INFO  manager.ListenerWD -- sendKeys -->
23:20:23.019 INFO  manager.ListenerWD -- sendKeys -->input
23:20:23.035 INFO  manager.ListenerWD -- sendKeys -->
23:20:23.038 INFO  manager.ListenerWD -- sendKeys -->input
23:20:23.058 INFO  manager.ListenerWD -- sendKeys -->
23:20:23.061 INFO  manager.ListenerWD -- sendKeys -->input
23:20:23.080 INFO  manager.ListenerWD -- Before find element-->By.xpath: //button[text()='Login']
23:20:23.090 INFO  manager.ListenerWD -- After find element-->By.xpath: //button[text()='Login']
23:20:23.095 INFO  manager.ListenerWD -- Location of element-->button
23:20:23.100 INFO  manager.ListenerWD -- Before click element-->buttontext -->Login
23:20:23.447 INFO  tests.TestBase -- Assert check is element button 'Sign out' present
23:20:23.448 INFO  tests.TestBase -- ==============================================
23:20:23.451 INFO  tests.TestBase -- Name of method (test) -->loginSuccess1
23:20:23.463 INFO  manager.ListenerWD -- Before find element-->By.xpath: //button[text()='Sign Out']
23:20:23.472 INFO  manager.ListenerWD -- After find element-->By.xpath: //button[text()='Sign Out']
23:20:23.475 INFO  manager.ListenerWD -- Location of element-->button
23:20:23.481 INFO  manager.ListenerWD -- Before click element-->buttontext -->Sign Out
23:20:23.515 INFO  tests.TestBase -- Before method finished logout
23:20:23.517 INFO  manager.ListenerWD -- Before find element-->By.cssSelector: a[href='/login']
23:20:23.528 INFO  manager.ListenerWD -- After find element-->By.cssSelector: a[href='/login']
23:20:23.532 INFO  manager.ListenerWD -- Location of element-->a
23:20:23.538 INFO  manager.ListenerWD -- Before click element-->atext -->LOGIN
23:20:23.568 INFO  manager.ListenerWD -- After click element-->a
23:20:23.568 INFO  manager.HelperBase -- Open form by ckick on button with locator a[href='/login']
23:20:23.568 INFO  manager.ListenerWD -- Before find element-->By.name: email
23:20:23.579 INFO  manager.ListenerWD -- After find element-->By.name: email
23:20:23.583 INFO  manager.ListenerWD -- Location of element-->input
23:20:23.589 INFO  manager.ListenerWD -- Before click element-->inputtext -->
23:20:23.622 INFO  manager.ListenerWD -- After click element-->input
23:20:23.636 INFO  manager.ListenerWD -- sendKeys -->
23:20:23.638 INFO  manager.ListenerWD -- sendKeys -->input
23:20:23.653 INFO  manager.ListenerWD -- sendKeys -->
23:20:23.656 INFO  manager.ListenerWD -- sendKeys -->input
23:20:23.672 INFO  manager.ListenerWD -- sendKeys -->
23:20:23.675 INFO  manager.ListenerWD -- sendKeys -->input
23:20:23.688 INFO  manager.ListenerWD -- Before find element-->By.xpath: //input[@placeholder='Password']
23:20:23.698 INFO  manager.ListenerWD -- After find element-->By.xpath: //input[@placeholder='Password']
23:20:23.701 INFO  manager.ListenerWD -- Location of element-->input
23:20:23.708 INFO  manager.ListenerWD -- Before click element-->inputtext -->
23:20:23.735 INFO  manager.ListenerWD -- After click element-->input
23:20:23.749 INFO  manager.ListenerWD -- sendKeys -->
23:20:23.753 INFO  manager.ListenerWD -- sendKeys -->input
23:20:23.768 INFO  manager.ListenerWD -- sendKeys -->
23:20:23.770 INFO  manager.ListenerWD -- sendKeys -->input
23:20:23.787 INFO  manager.ListenerWD -- sendKeys -->
23:20:23.789 INFO  manager.ListenerWD -- sendKeys -->input
23:20:23.802 INFO  manager.ListenerWD -- Before find element-->By.xpath: //button[text()='Login']
23:20:23.812 INFO  manager.ListenerWD -- After find element-->By.xpath: //button[text()='Login']
23:20:23.814 INFO  manager.ListenerWD -- Location of element-->button
23:20:23.820 INFO  manager.ListenerWD -- Before click element-->buttontext -->Login
23:20:24.165 INFO  tests.TestBase -- ==============================================
23:20:24.166 INFO  tests.TestBase -- Name of method (test) -->loginSuccessModel
23:20:24.177 INFO  manager.ListenerWD -- Before find element-->By.xpath: //button[text()='Sign Out']
23:20:24.193 INFO  manager.ListenerWD -- After find element-->By.xpath: //button[text()='Sign Out']
23:20:24.197 INFO  manager.ListenerWD -- Location of element-->button
23:20:24.204 INFO  manager.ListenerWD -- Before click element-->buttontext -->Sign Out
23:20:24.238 INFO  tests.TestBase -- Before method finished logout
23:20:24.240 INFO  tests.TestBase -- Test data---> User{email='lolik@gmail.com', password='Lolik123!'}
23:20:24.240 INFO  manager.ListenerWD -- Before find element-->By.cssSelector: a[href='/login']
23:20:24.251 INFO  manager.ListenerWD -- After find element-->By.cssSelector: a[href='/login']
23:20:24.254 INFO  manager.ListenerWD -- Location of element-->a
23:20:24.260 INFO  manager.ListenerWD -- Before click element-->atext -->LOGIN
23:20:24.288 INFO  manager.ListenerWD -- After click element-->a
23:20:24.288 INFO  manager.HelperBase -- Open form by ckick on button with locator a[href='/login']
23:20:24.288 INFO  manager.ListenerWD -- Before find element-->By.name: email
23:20:24.297 INFO  manager.ListenerWD -- After find element-->By.name: email
23:20:24.301 INFO  manager.ListenerWD -- Location of element-->input
23:20:24.306 INFO  manager.ListenerWD -- Before click element-->inputtext -->
23:20:24.337 INFO  manager.ListenerWD -- After click element-->input
23:20:24.352 INFO  manager.ListenerWD -- sendKeys -->
23:20:24.354 INFO  manager.ListenerWD -- sendKeys -->input
23:20:24.368 INFO  manager.ListenerWD -- sendKeys -->
23:20:24.370 INFO  manager.ListenerWD -- sendKeys -->input
23:20:24.386 INFO  manager.ListenerWD -- sendKeys -->
23:20:24.388 INFO  manager.ListenerWD -- sendKeys -->input
23:20:24.402 INFO  manager.ListenerWD -- Before find element-->By.xpath: //input[@placeholder='Password']
23:20:24.411 INFO  manager.ListenerWD -- After find element-->By.xpath: //input[@placeholder='Password']
23:20:24.414 INFO  manager.ListenerWD -- Location of element-->input
23:20:24.420 INFO  manager.ListenerWD -- Before click element-->inputtext -->
23:20:24.444 INFO  manager.ListenerWD -- After click element-->input
23:20:24.459 INFO  manager.ListenerWD -- sendKeys -->
23:20:24.461 INFO  manager.ListenerWD -- sendKeys -->input
23:20:24.476 INFO  manager.ListenerWD -- sendKeys -->
23:20:24.478 INFO  manager.ListenerWD -- sendKeys -->input
23:20:24.493 INFO  manager.ListenerWD -- sendKeys -->
23:20:24.497 INFO  manager.ListenerWD -- sendKeys -->input
23:20:24.511 INFO  manager.ListenerWD -- Before find element-->By.xpath: //button[text()='Login']
23:20:24.520 INFO  manager.ListenerWD -- After find element-->By.xpath: //button[text()='Login']
23:20:24.526 INFO  manager.ListenerWD -- Location of element-->button
23:20:24.535 INFO  manager.ListenerWD -- Before click element-->buttontext -->Login
23:20:24.897 INFO  tests.TestBase -- Assert check is element button 'Sign out' present
23:20:24.900 INFO  tests.TestBase -- ==============================================
23:20:24.901 INFO  tests.TestBase -- Name of method (test) -->loginSuccessModel
23:20:24.912 INFO  manager.ListenerWD -- Before find element-->By.xpath: //button[text()='Sign Out']
23:20:24.921 INFO  manager.ListenerWD -- After find element-->By.xpath: //button[text()='Sign Out']
23:20:24.924 INFO  manager.ListenerWD -- Location of element-->button
23:20:24.930 INFO  manager.ListenerWD -- Before click element-->buttontext -->Sign Out
23:20:24.962 INFO  tests.TestBase -- Before method finished logout
23:20:24.966 INFO  tests.TestBase -- Test data---> User{email='sonya@gmail.com', password='Ss12345$'}
23:20:24.966 INFO  manager.ListenerWD -- Before find element-->By.cssSelector: a[href='/login']
23:20:24.975 INFO  manager.ListenerWD -- After find element-->By.cssSelector: a[href='/login']
23:20:24.978 INFO  manager.ListenerWD -- Location of element-->a
23:20:24.983 INFO  manager.ListenerWD -- Before click element-->atext -->LOGIN
23:20:25.009 INFO  manager.ListenerWD -- After click element-->a
23:20:25.009 INFO  manager.HelperBase -- Open form by ckick on button with locator a[href='/login']
23:20:25.009 INFO  manager.ListenerWD -- Before find element-->By.name: email
23:20:25.017 INFO  manager.ListenerWD -- After find element-->By.name: email
23:20:25.021 INFO  manager.ListenerWD -- Location of element-->input
23:20:25.027 INFO  manager.ListenerWD -- Before click element-->inputtext -->
23:20:25.058 INFO  manager.ListenerWD -- After click element-->input
23:20:25.073 INFO  manager.ListenerWD -- sendKeys -->
23:20:25.076 INFO  manager.ListenerWD -- sendKeys -->input
23:20:25.089 INFO  manager.ListenerWD -- sendKeys -->
23:20:25.091 INFO  manager.ListenerWD -- sendKeys -->input
23:20:25.106 INFO  manager.ListenerWD -- sendKeys -->
23:20:25.109 INFO  manager.ListenerWD -- sendKeys -->input
23:20:25.123 INFO  manager.ListenerWD -- Before find element-->By.xpath: //input[@placeholder='Password']
23:20:25.131 INFO  manager.ListenerWD -- After find element-->By.xpath: //input[@placeholder='Password']
23:20:25.135 INFO  manager.ListenerWD -- Location of element-->input
23:20:25.139 INFO  manager.ListenerWD -- Before click element-->inputtext -->
23:20:25.164 INFO  manager.ListenerWD -- After click element-->input
23:20:25.178 INFO  manager.ListenerWD -- sendKeys -->
23:20:25.180 INFO  manager.ListenerWD -- sendKeys -->input
23:20:25.195 INFO  manager.ListenerWD -- sendKeys -->
23:20:25.198 INFO  manager.ListenerWD -- sendKeys -->input
23:20:25.214 INFO  manager.ListenerWD -- sendKeys -->
23:20:25.216 INFO  manager.ListenerWD -- sendKeys -->input
23:20:25.228 INFO  manager.ListenerWD -- Before find element-->By.xpath: //button[text()='Login']
23:20:25.237 INFO  manager.ListenerWD -- After find element-->By.xpath: //button[text()='Login']
23:20:25.240 INFO  manager.ListenerWD -- Location of element-->button
23:20:25.245 INFO  manager.ListenerWD -- Before click element-->buttontext -->Login
23:20:25.584 INFO  tests.TestBase -- Assert check is element button 'Sign out' present
23:20:25.585 INFO  tests.TestBase -- ==============================================
23:20:25.586 INFO  tests.TestBase -- Name of method (test) -->loginSuccessModelDPF
23:20:25.599 INFO  manager.ListenerWD -- Before find element-->By.xpath: //button[text()='Sign Out']
23:20:25.608 INFO  manager.ListenerWD -- After find element-->By.xpath: //button[text()='Sign Out']
23:20:25.612 INFO  manager.ListenerWD -- Location of element-->button
23:20:25.618 INFO  manager.ListenerWD -- Before click element-->buttontext -->Sign Out
23:20:25.657 INFO  tests.TestBase -- Before method finished logout
23:20:25.659 INFO  tests.TestBase -- Test data---> User{email='lolik@gmail.com', password='Lolik123!'}
23:20:25.660 INFO  manager.ListenerWD -- Before find element-->By.cssSelector: a[href='/login']
23:20:25.671 INFO  manager.ListenerWD -- After find element-->By.cssSelector: a[href='/login']
23:20:25.675 INFO  manager.ListenerWD -- Location of element-->a
23:20:25.682 INFO  manager.ListenerWD -- Before click element-->atext -->LOGIN
23:20:25.720 INFO  manager.ListenerWD -- After click element-->a
23:20:25.720 INFO  manager.HelperBase -- Open form by ckick on button with locator a[href='/login']
23:20:25.720 INFO  manager.ListenerWD -- Before find element-->By.name: email
23:20:25.730 INFO  manager.ListenerWD -- After find element-->By.name: email
23:20:25.734 INFO  manager.ListenerWD -- Location of element-->input
23:20:25.741 INFO  manager.ListenerWD -- Before click element-->inputtext -->
23:20:25.777 INFO  manager.ListenerWD -- After click element-->input
23:20:25.792 INFO  manager.ListenerWD -- sendKeys -->
23:20:25.794 INFO  manager.ListenerWD -- sendKeys -->input
23:20:25.809 INFO  manager.ListenerWD -- sendKeys -->
23:20:25.812 INFO  manager.ListenerWD -- sendKeys -->input
23:20:25.827 INFO  manager.ListenerWD -- sendKeys -->
23:20:25.829 INFO  manager.ListenerWD -- sendKeys -->input
23:20:25.843 INFO  manager.ListenerWD -- Before find element-->By.xpath: //input[@placeholder='Password']
23:20:25.852 INFO  manager.ListenerWD -- After find element-->By.xpath: //input[@placeholder='Password']
23:20:25.854 INFO  manager.ListenerWD -- Location of element-->input
23:20:25.860 INFO  manager.ListenerWD -- Before click element-->inputtext -->
23:20:25.886 INFO  manager.ListenerWD -- After click element-->input
23:20:25.900 INFO  manager.ListenerWD -- sendKeys -->
23:20:25.902 INFO  manager.ListenerWD -- sendKeys -->input
23:20:25.916 INFO  manager.ListenerWD -- sendKeys -->
23:20:25.918 INFO  manager.ListenerWD -- sendKeys -->input
23:20:25.933 INFO  manager.ListenerWD -- sendKeys -->
23:20:25.935 INFO  manager.ListenerWD -- sendKeys -->input
23:20:25.948 INFO  manager.ListenerWD -- Before find element-->By.xpath: //button[text()='Login']
23:20:25.956 INFO  manager.ListenerWD -- After find element-->By.xpath: //button[text()='Login']
23:20:25.959 INFO  manager.ListenerWD -- Location of element-->button
23:20:25.965 INFO  manager.ListenerWD -- Before click element-->buttontext -->Login
23:20:26.363 INFO  tests.TestBase -- Assert check is element button 'Sign out' present
23:20:26.364 INFO  tests.TestBase -- ==============================================
23:20:26.365 INFO  tests.TestBase -- Name of method (test) -->loginSuccessModelDPF
23:20:26.375 INFO  manager.ListenerWD -- Before find element-->By.xpath: //button[text()='Sign Out']
23:20:26.383 INFO  manager.ListenerWD -- After find element-->By.xpath: //button[text()='Sign Out']
23:20:26.387 INFO  manager.ListenerWD -- Location of element-->button
23:20:26.392 INFO  manager.ListenerWD -- Before click element-->buttontext -->Sign Out
23:20:26.425 INFO  tests.TestBase -- Before method finished logout
23:20:26.427 INFO  tests.TestBase -- Test data---> User{email='sonya@gmail.com', password='Ss12345$'}
23:20:26.427 INFO  manager.ListenerWD -- Before find element-->By.cssSelector: a[href='/login']
23:20:26.436 INFO  manager.ListenerWD -- After find element-->By.cssSelector: a[href='/login']
23:20:26.439 INFO  manager.ListenerWD -- Location of element-->a
23:20:26.445 INFO  manager.ListenerWD -- Before click element-->atext -->LOGIN
23:20:26.472 INFO  manager.ListenerWD -- After click element-->a
23:20:26.472 INFO  manager.HelperBase -- Open form by ckick on button with locator a[href='/login']
23:20:26.472 INFO  manager.ListenerWD -- Before find element-->By.name: email
23:20:26.480 INFO  manager.ListenerWD -- After find element-->By.name: email
23:20:26.484 INFO  manager.ListenerWD -- Location of element-->input
23:20:26.489 INFO  manager.ListenerWD -- Before click element-->inputtext -->
23:20:26.523 INFO  manager.ListenerWD -- After click element-->input
23:20:26.541 INFO  manager.ListenerWD -- sendKeys -->
23:20:26.545 INFO  manager.ListenerWD -- sendKeys -->input
23:20:26.558 INFO  manager.ListenerWD -- sendKeys -->
23:20:26.560 INFO  manager.ListenerWD -- sendKeys -->input
23:20:26.574 INFO  manager.ListenerWD -- sendKeys -->
23:20:26.577 INFO  manager.ListenerWD -- sendKeys -->input
23:20:26.590 INFO  manager.ListenerWD -- Before find element-->By.xpath: //input[@placeholder='Password']
23:20:26.597 INFO  manager.ListenerWD -- After find element-->By.xpath: //input[@placeholder='Password']
23:20:26.600 INFO  manager.ListenerWD -- Location of element-->input
23:20:26.606 INFO  manager.ListenerWD -- Before click element-->inputtext -->
23:20:26.631 INFO  manager.ListenerWD -- After click element-->input
23:20:26.645 INFO  manager.ListenerWD -- sendKeys -->
23:20:26.647 INFO  manager.ListenerWD -- sendKeys -->input
23:20:26.660 INFO  manager.ListenerWD -- sendKeys -->
23:20:26.663 INFO  manager.ListenerWD -- sendKeys -->input
23:20:26.678 INFO  manager.ListenerWD -- sendKeys -->
23:20:26.680 INFO  manager.ListenerWD -- sendKeys -->input
23:20:26.693 INFO  manager.ListenerWD -- Before find element-->By.xpath: //button[text()='Login']
23:20:26.701 INFO  manager.ListenerWD -- After find element-->By.xpath: //button[text()='Login']
23:20:26.704 INFO  manager.ListenerWD -- Location of element-->button
23:20:26.709 INFO  manager.ListenerWD -- Before click element-->buttontext -->Login
23:20:27.183 INFO  tests.TestBase -- Assert check is element button 'Sign out' present
23:20:27.184 INFO  tests.TestBase -- ==============================================
23:20:27.186 INFO  tests.TestBase -- Name of method (test) -->loginSuccessModelDPF
23:20:27.194 INFO  manager.ListenerWD -- Before find element-->By.xpath: //button[text()='Sign Out']
23:20:27.203 INFO  manager.ListenerWD -- After find element-->By.xpath: //button[text()='Sign Out']
23:20:27.205 INFO  manager.ListenerWD -- Location of element-->button
23:20:27.210 INFO  manager.ListenerWD -- Before click element-->buttontext -->Sign Out
23:20:27.243 INFO  tests.TestBase -- Before method finished logout
23:20:27.245 INFO  tests.TestBase -- Test data---> User{email='lolik@gmail.com', password='Lolik123!'}
23:20:27.245 INFO  manager.ListenerWD -- Before find element-->By.cssSelector: a[href='/login']
23:20:27.255 INFO  manager.ListenerWD -- After find element-->By.cssSelector: a[href='/login']
23:20:27.257 INFO  manager.ListenerWD -- Location of element-->a
23:20:27.262 INFO  manager.ListenerWD -- Before click element-->atext -->LOGIN
23:20:27.290 INFO  manager.ListenerWD -- After click element-->a
23:20:27.290 INFO  manager.HelperBase -- Open form by ckick on button with locator a[href='/login']
23:20:27.290 INFO  manager.ListenerWD -- Before find element-->By.name: email
23:20:27.298 INFO  manager.ListenerWD -- After find element-->By.name: email
23:20:27.301 INFO  manager.ListenerWD -- Location of element-->input
23:20:27.306 INFO  manager.ListenerWD -- Before click element-->inputtext -->
23:20:27.337 INFO  manager.ListenerWD -- After click element-->input
23:20:27.352 INFO  manager.ListenerWD -- sendKeys -->
23:20:27.354 INFO  manager.ListenerWD -- sendKeys -->input
23:20:27.368 INFO  manager.ListenerWD -- sendKeys -->
23:20:27.370 INFO  manager.ListenerWD -- sendKeys -->input
23:20:27.385 INFO  manager.ListenerWD -- sendKeys -->
23:20:27.387 INFO  manager.ListenerWD -- sendKeys -->input
23:20:27.401 INFO  manager.ListenerWD -- Before find element-->By.xpath: //input[@placeholder='Password']
23:20:27.410 INFO  manager.ListenerWD -- After find element-->By.xpath: //input[@placeholder='Password']
23:20:27.413 INFO  manager.ListenerWD -- Location of element-->input
23:20:27.418 INFO  manager.ListenerWD -- Before click element-->inputtext -->
23:20:27.443 INFO  manager.ListenerWD -- After click element-->input
23:20:27.460 INFO  manager.ListenerWD -- sendKeys -->
23:20:27.462 INFO  manager.ListenerWD -- sendKeys -->input
23:20:27.476 INFO  manager.ListenerWD -- sendKeys -->
23:20:27.479 INFO  manager.ListenerWD -- sendKeys -->input
23:20:27.493 INFO  manager.ListenerWD -- sendKeys -->
23:20:27.495 INFO  manager.ListenerWD -- sendKeys -->input
23:20:27.507 INFO  manager.ListenerWD -- Before find element-->By.xpath: //button[text()='Login']
23:20:27.517 INFO  manager.ListenerWD -- After find element-->By.xpath: //button[text()='Login']
23:20:27.520 INFO  manager.ListenerWD -- Location of element-->button
23:20:27.526 INFO  manager.ListenerWD -- Before click element-->buttontext -->Login
23:20:27.828 INFO  tests.TestBase -- Assert check is element button 'Sign out' present
23:20:27.829 INFO  tests.TestBase -- ==============================================
23:20:27.832 INFO  tests.TestBase -- Name of method (test) -->loginUnregisteredUser
23:20:27.840 INFO  manager.ListenerWD -- Before find element-->By.xpath: //button[text()='Sign Out']
23:20:27.848 INFO  manager.ListenerWD -- After find element-->By.xpath: //button[text()='Sign Out']
23:20:27.850 INFO  manager.ListenerWD -- Location of element-->button
23:20:27.855 INFO  manager.ListenerWD -- Before click element-->buttontext -->Sign Out
23:20:27.893 INFO  tests.TestBase -- Before method finished logout
23:20:27.895 INFO  tests.TestBase -- Test data --> email:'loli_k@mail.ru & password: Lolik123!
23:20:27.895 INFO  manager.ListenerWD -- Before find element-->By.cssSelector: a[href='/login']
23:20:27.904 INFO  manager.ListenerWD -- After find element-->By.cssSelector: a[href='/login']
23:20:27.907 INFO  manager.ListenerWD -- Location of element-->a
23:20:27.914 INFO  manager.ListenerWD -- Before click element-->atext -->LOGIN
23:20:27.948 INFO  manager.ListenerWD -- After click element-->a
23:20:27.948 INFO  manager.HelperBase -- Open form by ckick on button with locator a[href='/login']
23:20:27.948 INFO  manager.ListenerWD -- Before find element-->By.name: email
23:20:27.958 INFO  manager.ListenerWD -- After find element-->By.name: email
23:20:27.962 INFO  manager.ListenerWD -- Location of element-->input
23:20:27.968 INFO  manager.ListenerWD -- Before click element-->inputtext -->
23:20:28.007 INFO  manager.ListenerWD -- After click element-->input
23:20:28.022 INFO  manager.ListenerWD -- sendKeys -->
23:20:28.025 INFO  manager.ListenerWD -- sendKeys -->input
23:20:28.039 INFO  manager.ListenerWD -- sendKeys -->
23:20:28.041 INFO  manager.ListenerWD -- sendKeys -->input
23:20:28.056 INFO  manager.ListenerWD -- sendKeys -->
23:20:28.058 INFO  manager.ListenerWD -- sendKeys -->input
23:20:28.072 INFO  manager.HelperBase -- type in input with locator By.name("email") 
23:20:28.072 INFO  manager.ListenerWD -- Before find element-->By.xpath: //input[@placeholder='Password']
23:20:28.080 INFO  manager.ListenerWD -- After find element-->By.xpath: //input[@placeholder='Password']
23:20:28.082 INFO  manager.ListenerWD -- Location of element-->input
23:20:28.088 INFO  manager.ListenerWD -- Before click element-->inputtext -->
23:20:28.113 INFO  manager.ListenerWD -- After click element-->input
23:20:28.126 INFO  manager.ListenerWD -- sendKeys -->
23:20:28.129 INFO  manager.ListenerWD -- sendKeys -->input
23:20:28.142 INFO  manager.ListenerWD -- sendKeys -->
23:20:28.144 INFO  manager.ListenerWD -- sendKeys -->input
23:20:28.161 INFO  manager.ListenerWD -- sendKeys -->
23:20:28.166 INFO  manager.ListenerWD -- sendKeys -->input
23:20:28.179 INFO  manager.ListenerWD -- Before find element-->By.xpath: //button[text()='Login']
23:20:28.186 INFO  manager.ListenerWD -- After find element-->By.xpath: //button[text()='Login']
23:20:28.189 INFO  manager.ListenerWD -- Location of element-->button
23:20:28.193 INFO  manager.ListenerWD -- Before click element-->buttontext -->Login
23:20:28.228 INFO  manager.ListenerWD -- Huston, we have a problem!
23:20:28.228 INFO  manager.ListenerWD -- Failed method:alert
23:20:28.228 INFO  manager.ListenerWD -- **********************
23:20:28.228 INFO  manager.ListenerWD -- Arguments:null
23:20:28.228 INFO  manager.ListenerWD -- **********************
23:20:28.228 INFO  manager.ListenerWD -- Exception:NoAlertPresentException
23:20:28.228 INFO  manager.ListenerWD -- **********************
23:20:28.229 INFO  manager.ListenerWD -- Messageno such alert
  (Session info: MicrosoftEdge=149.0.4022.62)
Build info: version: '4.26.0', revision: '8ccf0219d7'
System info: os.name: 'Windows 11', os.arch: 'amd64', os.version: '10.0', java.version: '21.0.10'
Driver info: org.openqa.selenium.edge.EdgeDriver
Command: [493d413fec0341ae5d400913bde84242, getAlertText {}]
Capabilities {acceptInsecureCerts: false, browserName: MicrosoftEdge, browserVersion: 149.0.4022.62, fedcm:accounts: true, goog:processID: 7484, ms:edgeOptions: {debuggerAddress: localhost:61957}, msedge: {msedgedriverVersion: 149.0.4022.62 (068a180137b0..., userDataDir: C:\Users\Nina\AppData\Local...}, networkConnectionEnabled: false, pageLoadStrategy: normal, platformName: windows, proxy: Proxy(), se:cdp: ws://localhost:61957/devtoo..., se:cdpVersion: 149.0.4022.62, setWindowRect: true, strictFileInteractability: false, timeouts: {implicit: 0, pageLoad: 300000, script: 30000}, unhandledPromptBehavior: dismiss and notify, webauthn:extension:credBlob: true, webauthn:extension:largeBlob: true, webauthn:extension:minPinLength: true, webauthn:extension:prf: true, webauthn:virtualAuthenticators: true}
Session ID: 493d413fec0341ae5d400913bde84242
23:20:28.229 INFO  manager.ListenerWD -- **********************
23:20:28.229 INFO  manager.ListenerWD -- Screen with error is --->src/test/screenshots/screen_1356.png
23:20:28.761 INFO  tests.TestBase -- Assert check is alert present with error test 'Wrong email or password' 
23:20:28.764 INFO  tests.TestBase -- ==============================================
23:20:28.765 INFO  tests.TestBase -- Name of method (test) -->loginWrongEmail
23:20:33.777 INFO  tests.TestBase -- Test data --> email:'lolikgmail.com & password: Lolik123!
23:20:33.777 INFO  manager.ListenerWD -- Before find element-->By.cssSelector: a[href='/login']
23:20:33.787 INFO  manager.ListenerWD -- After find element-->By.cssSelector: a[href='/login']
23:20:33.791 INFO  manager.ListenerWD -- Location of element-->a
23:20:33.796 INFO  manager.ListenerWD -- Before click element-->atext -->LOGIN
23:20:33.825 INFO  manager.ListenerWD -- After click element-->a
23:20:33.825 INFO  manager.HelperBase -- Open form by ckick on button with locator a[href='/login']
23:20:33.825 INFO  manager.ListenerWD -- Before find element-->By.name: email
23:20:33.833 INFO  manager.ListenerWD -- After find element-->By.name: email
23:20:33.836 INFO  manager.ListenerWD -- Location of element-->input
23:20:33.841 INFO  manager.ListenerWD -- Before click element-->inputtext -->
23:20:33.869 INFO  manager.ListenerWD -- After click element-->input
23:20:33.882 INFO  manager.ListenerWD -- sendKeys -->
23:20:33.885 INFO  manager.ListenerWD -- sendKeys -->input
23:20:33.910 INFO  manager.ListenerWD -- sendKeys -->
23:20:33.912 INFO  manager.ListenerWD -- sendKeys -->input
23:20:33.925 INFO  manager.ListenerWD -- sendKeys -->
23:20:33.927 INFO  manager.ListenerWD -- sendKeys -->input
23:20:33.940 INFO  manager.HelperBase -- type in input with locator By.name("email") 
23:20:33.940 INFO  manager.ListenerWD -- Before find element-->By.xpath: //input[@placeholder='Password']
23:20:33.948 INFO  manager.ListenerWD -- After find element-->By.xpath: //input[@placeholder='Password']
23:20:33.951 INFO  manager.ListenerWD -- Location of element-->input
23:20:33.956 INFO  manager.ListenerWD -- Before click element-->inputtext -->
23:20:33.982 INFO  manager.ListenerWD -- After click element-->input
23:20:33.995 INFO  manager.ListenerWD -- sendKeys -->
23:20:33.997 INFO  manager.ListenerWD -- sendKeys -->input
23:20:34.017 INFO  manager.ListenerWD -- sendKeys -->
23:20:34.019 INFO  manager.ListenerWD -- sendKeys -->input
23:20:34.032 INFO  manager.ListenerWD -- sendKeys -->
23:20:34.034 INFO  manager.ListenerWD -- sendKeys -->input
23:20:34.046 INFO  manager.ListenerWD -- Before find element-->By.xpath: //button[text()='Login']
23:20:34.053 INFO  manager.ListenerWD -- After find element-->By.xpath: //button[text()='Login']
23:20:34.060 INFO  manager.ListenerWD -- Location of element-->button
23:20:34.065 INFO  manager.ListenerWD -- Before click element-->buttontext -->Login
23:20:34.095 INFO  manager.ListenerWD -- Huston, we have a problem!
23:20:34.095 INFO  manager.ListenerWD -- Failed method:alert
23:20:34.095 INFO  manager.ListenerWD -- **********************
23:20:34.095 INFO  manager.ListenerWD -- Arguments:null
23:20:34.095 INFO  manager.ListenerWD -- **********************
23:20:34.095 INFO  manager.ListenerWD -- Exception:NoAlertPresentException
23:20:34.095 INFO  manager.ListenerWD -- **********************
23:20:34.095 INFO  manager.ListenerWD -- Messageno such alert
  (Session info: MicrosoftEdge=149.0.4022.62)
Build info: version: '4.26.0', revision: '8ccf0219d7'
System info: os.name: 'Windows 11', os.arch: 'amd64', os.version: '10.0', java.version: '21.0.10'
Driver info: org.openqa.selenium.edge.EdgeDriver
Command: [493d413fec0341ae5d400913bde84242, getAlertText {}]
Capabilities {acceptInsecureCerts: false, browserName: MicrosoftEdge, browserVersion: 149.0.4022.62, fedcm:accounts: true, goog:processID: 7484, ms:edgeOptions: {debuggerAddress: localhost:61957}, msedge: {msedgedriverVersion: 149.0.4022.62 (068a180137b0..., userDataDir: C:\Users\Nina\AppData\Local...}, networkConnectionEnabled: false, pageLoadStrategy: normal, platformName: windows, proxy: Proxy(), se:cdp: ws://localhost:61957/devtoo..., se:cdpVersion: 149.0.4022.62, setWindowRect: true, strictFileInteractability: false, timeouts: {implicit: 0, pageLoad: 300000, script: 30000}, unhandledPromptBehavior: dismiss and notify, webauthn:extension:credBlob: true, webauthn:extension:largeBlob: true, webauthn:extension:minPinLength: true, webauthn:extension:prf: true, webauthn:virtualAuthenticators: true}
Session ID: 493d413fec0341ae5d400913bde84242
23:20:34.095 INFO  manager.ListenerWD -- **********************
23:20:34.095 INFO  manager.ListenerWD -- Screen with error is --->src/test/screenshots/screen_1449.png
23:20:34.624 INFO  tests.TestBase -- Assert check is alert present with error test 'Wrong email or password' 
23:20:34.625 INFO  tests.TestBase -- ==============================================
23:20:34.626 INFO  tests.TestBase -- Name of method (test) -->loginWrongPassword
23:20:39.670 INFO  tests.TestBase -- Test data --> email:'lolik@gmail.com & password: Lolik123
23:20:39.670 INFO  manager.ListenerWD -- Before find element-->By.cssSelector: a[href='/login']
23:20:39.680 INFO  manager.ListenerWD -- After find element-->By.cssSelector: a[href='/login']
23:20:39.684 INFO  manager.ListenerWD -- Location of element-->a
23:20:39.691 INFO  manager.ListenerWD -- Before click element-->atext -->LOGIN
23:20:39.724 INFO  manager.ListenerWD -- After click element-->a
23:20:39.724 INFO  manager.HelperBase -- Open form by ckick on button with locator a[href='/login']
23:20:39.724 INFO  manager.ListenerWD -- Before find element-->By.name: email
23:20:39.733 INFO  manager.ListenerWD -- After find element-->By.name: email
23:20:39.735 INFO  manager.ListenerWD -- Location of element-->input
23:20:39.741 INFO  manager.ListenerWD -- Before click element-->inputtext -->
23:20:39.767 INFO  manager.ListenerWD -- After click element-->input
23:20:39.782 INFO  manager.ListenerWD -- sendKeys -->
23:20:39.784 INFO  manager.ListenerWD -- sendKeys -->input
23:20:39.806 INFO  manager.ListenerWD -- sendKeys -->
23:20:39.807 INFO  manager.ListenerWD -- sendKeys -->input
23:20:39.822 INFO  manager.ListenerWD -- sendKeys -->
23:20:39.825 INFO  manager.ListenerWD -- sendKeys -->input
23:20:39.838 INFO  manager.HelperBase -- type in input with locator By.name("email") 
23:20:39.838 INFO  manager.ListenerWD -- Before find element-->By.xpath: //input[@placeholder='Password']
23:20:39.846 INFO  manager.ListenerWD -- After find element-->By.xpath: //input[@placeholder='Password']
23:20:39.849 INFO  manager.ListenerWD -- Location of element-->input
23:20:39.855 INFO  manager.ListenerWD -- Before click element-->inputtext -->
23:20:39.884 INFO  manager.ListenerWD -- After click element-->input
23:20:39.901 INFO  manager.ListenerWD -- sendKeys -->
23:20:39.903 INFO  manager.ListenerWD -- sendKeys -->input
23:20:39.925 INFO  manager.ListenerWD -- sendKeys -->
23:20:39.929 INFO  manager.ListenerWD -- sendKeys -->input
23:20:39.945 INFO  manager.ListenerWD -- sendKeys -->
23:20:39.947 INFO  manager.ListenerWD -- sendKeys -->input
23:20:39.959 INFO  manager.ListenerWD -- Before find element-->By.xpath: //button[text()='Login']
23:20:39.968 INFO  manager.ListenerWD -- After find element-->By.xpath: //button[text()='Login']
23:20:39.970 INFO  manager.ListenerWD -- Location of element-->button
23:20:39.976 INFO  manager.ListenerWD -- Before click element-->buttontext -->Login
23:20:40.008 INFO  manager.ListenerWD -- Huston, we have a problem!
23:20:40.008 INFO  manager.ListenerWD -- Failed method:alert
23:20:40.008 INFO  manager.ListenerWD -- **********************
23:20:40.008 INFO  manager.ListenerWD -- Arguments:null
23:20:40.008 INFO  manager.ListenerWD -- **********************
23:20:40.008 INFO  manager.ListenerWD -- Exception:NoAlertPresentException
23:20:40.008 INFO  manager.ListenerWD -- **********************
23:20:40.008 INFO  manager.ListenerWD -- Messageno such alert
  (Session info: MicrosoftEdge=149.0.4022.62)
Build info: version: '4.26.0', revision: '8ccf0219d7'
System info: os.name: 'Windows 11', os.arch: 'amd64', os.version: '10.0', java.version: '21.0.10'
Driver info: org.openqa.selenium.edge.EdgeDriver
Command: [493d413fec0341ae5d400913bde84242, getAlertText {}]
Capabilities {acceptInsecureCerts: false, browserName: MicrosoftEdge, browserVersion: 149.0.4022.62, fedcm:accounts: true, goog:processID: 7484, ms:edgeOptions: {debuggerAddress: localhost:61957}, msedge: {msedgedriverVersion: 149.0.4022.62 (068a180137b0..., userDataDir: C:\Users\Nina\AppData\Local...}, networkConnectionEnabled: false, pageLoadStrategy: normal, platformName: windows, proxy: Proxy(), se:cdp: ws://localhost:61957/devtoo..., se:cdpVersion: 149.0.4022.62, setWindowRect: true, strictFileInteractability: false, timeouts: {implicit: 0, pageLoad: 300000, script: 30000}, unhandledPromptBehavior: dismiss and notify, webauthn:extension:credBlob: true, webauthn:extension:largeBlob: true, webauthn:extension:minPinLength: true, webauthn:extension:prf: true, webauthn:virtualAuthenticators: true}
Session ID: 493d413fec0341ae5d400913bde84242
23:20:40.008 INFO  manager.ListenerWD -- **********************
23:20:40.008 INFO  manager.ListenerWD -- Screen with error is --->src/test/screenshots/screen_1841.png
23:20:40.533 INFO  tests.TestBase -- Assert check is alert present with error test 'Wrong email or password' 
23:20:40.534 INFO  tests.TestBase -- ==============================================
