18:16:07.818 INFO  manager.ApplicationManager -- All tests runs in Chrome Browser
18:16:08.069 INFO  manager.ListenerWD -- Navigate to -->https://telranedu.web.app/
18:16:08.770 INFO  manager.ApplicationManager -- The link --->https://telranedu.web.app/home
18:16:08.789 INFO  manager.TestNGListener -- Start testing  on date-->Thu Jun 04 18:16:08 IDT 2026
18:16:08.813 INFO  tests.TestBase -- Name of method (test)-->loginSuccess
18:16:13.866 INFO  manager.TestNGListener -- Start test -->loginSuccess
18:16:13.867 INFO  tests.TestBase -- Start test with name 'loginSuccess'
18:16:13.868 INFO  tests.TestBase -- Test data ---> email: lolik@gmail.com & password: Lolik123!
18:16:13.868 INFO  manager.ListenerWD -- Before find element-->By.cssSelector: a[href='/login']
18:16:13.886 INFO  manager.ListenerWD -- After find element-->By.cssSelector: a[href='/login']
18:16:13.892 INFO  manager.ListenerWD -- Location of element-->a
18:16:13.901 INFO  manager.ListenerWD -- Before click element-->atext -->LOGIN
18:16:13.942 INFO  manager.ListenerWD -- After click element-->a
18:16:13.942 INFO  manager.HelperBase -- Open form by ckick on button with locator a[href='/login']
18:16:13.943 INFO  manager.ListenerWD -- Before find element-->By.name: email
18:16:13.963 INFO  manager.ListenerWD -- After find element-->By.name: email
18:16:13.968 INFO  manager.ListenerWD -- Location of element-->input
18:16:13.976 INFO  manager.ListenerWD -- Before click element-->inputtext -->
18:16:14.007 INFO  manager.ListenerWD -- After click element-->input
18:16:14.025 INFO  manager.ListenerWD -- sendKeys -->
18:16:14.028 INFO  manager.ListenerWD -- sendKeys -->input
18:16:14.048 INFO  manager.ListenerWD -- sendKeys -->
18:16:14.050 INFO  manager.ListenerWD -- sendKeys -->input
18:16:14.066 INFO  manager.ListenerWD -- sendKeys -->
18:16:14.068 INFO  manager.ListenerWD -- sendKeys -->input
18:16:14.083 INFO  manager.HelperBase -- type in input with locator By.name("email") 
18:16:14.083 INFO  manager.ListenerWD -- Before find element-->By.xpath: //input[@placeholder='Password']
18:16:14.094 INFO  manager.ListenerWD -- After find element-->By.xpath: //input[@placeholder='Password']
18:16:14.096 INFO  manager.ListenerWD -- Location of element-->input
18:16:14.102 INFO  manager.ListenerWD -- Before click element-->inputtext -->
18:16:14.130 INFO  manager.ListenerWD -- After click element-->input
18:16:14.144 INFO  manager.ListenerWD -- sendKeys -->
18:16:14.146 INFO  manager.ListenerWD -- sendKeys -->input
18:16:14.160 INFO  manager.ListenerWD -- sendKeys -->
18:16:14.163 INFO  manager.ListenerWD -- sendKeys -->input
18:16:14.178 INFO  manager.ListenerWD -- sendKeys -->
18:16:14.180 INFO  manager.ListenerWD -- sendKeys -->input
18:16:14.193 INFO  manager.ListenerWD -- Before find element-->By.xpath: //button[text()='Login']
18:16:14.203 INFO  manager.ListenerWD -- After find element-->By.xpath: //button[text()='Login']
18:16:14.205 INFO  manager.ListenerWD -- Location of element-->button
18:16:14.211 INFO  manager.ListenerWD -- Before click element-->buttontext -->Login
18:16:15.451 INFO  tests.TestBase -- Assert check is element button 'Sign out' present
18:16:15.453 INFO  manager.TestNGListener -- Success test -->loginSuccess
18:16:15.454 INFO  tests.TestBase -- ==============================================
18:16:15.454 INFO  tests.TestBase -- Name of method (test)-->loginSuccess
18:16:15.469 INFO  manager.ListenerWD -- Before find element-->By.xpath: //button[text()='Sign Out']
18:16:15.480 INFO  manager.ListenerWD -- After find element-->By.xpath: //button[text()='Sign Out']
18:16:15.484 INFO  manager.ListenerWD -- Location of element-->button
18:16:15.490 INFO  manager.ListenerWD -- Before click element-->buttontext -->Sign Out
18:16:15.521 INFO  tests.TestBase -- Before method finished logout
18:16:15.522 INFO  manager.TestNGListener -- Start test -->loginSuccess
18:16:15.522 INFO  tests.TestBase -- Start test with name 'loginSuccess'
18:16:15.522 INFO  tests.TestBase -- Test data ---> email: sonya@gmail.com & password: Ss12345$
18:16:15.522 INFO  manager.ListenerWD -- Before find element-->By.cssSelector: a[href='/login']
18:16:15.532 INFO  manager.ListenerWD -- After find element-->By.cssSelector: a[href='/login']
18:16:15.536 INFO  manager.ListenerWD -- Location of element-->a
18:16:15.543 INFO  manager.ListenerWD -- Before click element-->atext -->LOGIN
18:16:15.570 INFO  manager.ListenerWD -- After click element-->a
18:16:15.570 INFO  manager.HelperBase -- Open form by ckick on button with locator a[href='/login']
18:16:15.570 INFO  manager.ListenerWD -- Before find element-->By.name: email
18:16:15.578 INFO  manager.ListenerWD -- After find element-->By.name: email
18:16:15.581 INFO  manager.ListenerWD -- Location of element-->input
18:16:15.588 INFO  manager.ListenerWD -- Before click element-->inputtext -->
18:16:15.620 INFO  manager.ListenerWD -- After click element-->input
18:16:15.636 INFO  manager.ListenerWD -- sendKeys -->
18:16:15.638 INFO  manager.ListenerWD -- sendKeys -->input
18:16:15.654 INFO  manager.ListenerWD -- sendKeys -->
18:16:15.657 INFO  manager.ListenerWD -- sendKeys -->input
18:16:15.672 INFO  manager.ListenerWD -- sendKeys -->
18:16:15.674 INFO  manager.ListenerWD -- sendKeys -->input
18:16:15.688 INFO  manager.HelperBase -- type in input with locator By.name("email") 
18:16:15.688 INFO  manager.ListenerWD -- Before find element-->By.xpath: //input[@placeholder='Password']
18:16:15.696 INFO  manager.ListenerWD -- After find element-->By.xpath: //input[@placeholder='Password']
18:16:15.699 INFO  manager.ListenerWD -- Location of element-->input
18:16:15.706 INFO  manager.ListenerWD -- Before click element-->inputtext -->
18:16:15.739 INFO  manager.ListenerWD -- After click element-->input
18:16:15.753 INFO  manager.ListenerWD -- sendKeys -->
18:16:15.757 INFO  manager.ListenerWD -- sendKeys -->input
18:16:15.774 INFO  manager.ListenerWD -- sendKeys -->
18:16:15.776 INFO  manager.ListenerWD -- sendKeys -->input
18:16:15.792 INFO  manager.ListenerWD -- sendKeys -->
18:16:15.795 INFO  manager.ListenerWD -- sendKeys -->input
18:16:15.808 INFO  manager.ListenerWD -- Before find element-->By.xpath: //button[text()='Login']
18:16:15.815 INFO  manager.ListenerWD -- After find element-->By.xpath: //button[text()='Login']
18:16:15.818 INFO  manager.ListenerWD -- Location of element-->button
18:16:15.824 INFO  manager.ListenerWD -- Before click element-->buttontext -->Login
18:16:16.181 INFO  tests.TestBase -- Assert check is element button 'Sign out' present
18:16:16.181 INFO  manager.TestNGListener -- Success test -->loginSuccess
18:16:16.182 INFO  tests.TestBase -- ==============================================
18:16:16.183 INFO  tests.TestBase -- Name of method (test)-->loginSuccess
18:16:16.195 INFO  manager.ListenerWD -- Before find element-->By.xpath: //button[text()='Sign Out']
18:16:16.206 INFO  manager.ListenerWD -- After find element-->By.xpath: //button[text()='Sign Out']
18:16:16.210 INFO  manager.ListenerWD -- Location of element-->button
18:16:16.218 INFO  manager.ListenerWD -- Before click element-->buttontext -->Sign Out
18:16:16.247 INFO  tests.TestBase -- Before method finished logout
18:16:16.247 INFO  manager.TestNGListener -- Start test -->loginSuccess
18:16:16.248 INFO  tests.TestBase -- Start test with name 'loginSuccess'
18:16:16.248 INFO  tests.TestBase -- Test data ---> email: art276@art.com & password: $Art1$2$3456789
18:16:16.248 INFO  manager.ListenerWD -- Before find element-->By.cssSelector: a[href='/login']
18:16:16.256 INFO  manager.ListenerWD -- After find element-->By.cssSelector: a[href='/login']
18:16:16.260 INFO  manager.ListenerWD -- Location of element-->a
18:16:16.270 INFO  manager.ListenerWD -- Before click element-->atext -->LOGIN
18:16:16.303 INFO  manager.ListenerWD -- After click element-->a
18:16:16.303 INFO  manager.HelperBase -- Open form by ckick on button with locator a[href='/login']
18:16:16.303 INFO  manager.ListenerWD -- Before find element-->By.name: email
18:16:16.310 INFO  manager.ListenerWD -- After find element-->By.name: email
18:16:16.314 INFO  manager.ListenerWD -- Location of element-->input
18:16:16.321 INFO  manager.ListenerWD -- Before click element-->inputtext -->
18:16:16.357 INFO  manager.ListenerWD -- After click element-->input
18:16:16.374 INFO  manager.ListenerWD -- sendKeys -->
18:16:16.378 INFO  manager.ListenerWD -- sendKeys -->input
18:16:16.395 INFO  manager.ListenerWD -- sendKeys -->
18:16:16.397 INFO  manager.ListenerWD -- sendKeys -->input
18:16:16.414 INFO  manager.ListenerWD -- sendKeys -->
18:16:16.417 INFO  manager.ListenerWD -- sendKeys -->input
18:16:16.432 INFO  manager.HelperBase -- type in input with locator By.name("email") 
18:16:16.432 INFO  manager.ListenerWD -- Before find element-->By.xpath: //input[@placeholder='Password']
18:16:16.437 INFO  manager.ListenerWD -- After find element-->By.xpath: //input[@placeholder='Password']
18:16:16.441 INFO  manager.ListenerWD -- Location of element-->input
18:16:16.448 INFO  manager.ListenerWD -- Before click element-->inputtext -->
18:16:16.483 INFO  manager.ListenerWD -- After click element-->input
18:16:16.497 INFO  manager.ListenerWD -- sendKeys -->
18:16:16.499 INFO  manager.ListenerWD -- sendKeys -->input
18:16:16.513 INFO  manager.ListenerWD -- sendKeys -->
18:16:16.515 INFO  manager.ListenerWD -- sendKeys -->input
18:16:16.531 INFO  manager.ListenerWD -- sendKeys -->
18:16:16.534 INFO  manager.ListenerWD -- sendKeys -->input
18:16:16.548 INFO  manager.ListenerWD -- Before find element-->By.xpath: //button[text()='Login']
18:16:16.555 INFO  manager.ListenerWD -- After find element-->By.xpath: //button[text()='Login']
18:16:16.557 INFO  manager.ListenerWD -- Location of element-->button
18:16:16.563 INFO  manager.ListenerWD -- Before click element-->buttontext -->Login
18:16:16.911 INFO  tests.TestBase -- Assert check is element button 'Sign out' present
18:16:16.912 INFO  manager.TestNGListener -- Success test -->loginSuccess
18:16:16.912 INFO  tests.TestBase -- ==============================================
18:16:16.913 INFO  tests.TestBase -- Name of method (test)-->loginSuccess1
18:16:16.921 INFO  manager.ListenerWD -- Before find element-->By.xpath: //button[text()='Sign Out']
18:16:16.929 INFO  manager.ListenerWD -- After find element-->By.xpath: //button[text()='Sign Out']
18:16:16.932 INFO  manager.ListenerWD -- Location of element-->button
18:16:16.938 INFO  manager.ListenerWD -- Before click element-->buttontext -->Sign Out
18:16:16.966 INFO  tests.TestBase -- Before method finished logout
18:16:16.967 INFO  manager.TestNGListener -- Start test -->loginSuccess1
18:16:16.968 INFO  manager.ListenerWD -- Before find element-->By.cssSelector: a[href='/login']
18:16:16.974 INFO  manager.ListenerWD -- After find element-->By.cssSelector: a[href='/login']
18:16:16.978 INFO  manager.ListenerWD -- Location of element-->a
18:16:16.983 INFO  manager.ListenerWD -- Before click element-->atext -->LOGIN
18:16:17.008 INFO  manager.ListenerWD -- After click element-->a
18:16:17.008 INFO  manager.HelperBase -- Open form by ckick on button with locator a[href='/login']
18:16:17.008 INFO  manager.ListenerWD -- Before find element-->By.name: email
18:16:17.015 INFO  manager.ListenerWD -- After find element-->By.name: email
18:16:17.018 INFO  manager.ListenerWD -- Location of element-->input
18:16:17.026 INFO  manager.ListenerWD -- Before click element-->inputtext -->
18:16:17.066 INFO  manager.ListenerWD -- After click element-->input
18:16:17.083 INFO  manager.ListenerWD -- sendKeys -->
18:16:17.085 INFO  manager.ListenerWD -- sendKeys -->input
18:16:17.099 INFO  manager.ListenerWD -- sendKeys -->
18:16:17.101 INFO  manager.ListenerWD -- sendKeys -->input
18:16:17.115 INFO  manager.ListenerWD -- sendKeys -->
18:16:17.119 INFO  manager.ListenerWD -- sendKeys -->input
18:16:17.132 INFO  manager.ListenerWD -- Before find element-->By.xpath: //input[@placeholder='Password']
18:16:17.138 INFO  manager.ListenerWD -- After find element-->By.xpath: //input[@placeholder='Password']
18:16:17.141 INFO  manager.ListenerWD -- Location of element-->input
18:16:17.146 INFO  manager.ListenerWD -- Before click element-->inputtext -->
18:16:17.176 INFO  manager.ListenerWD -- After click element-->input
18:16:17.191 INFO  manager.ListenerWD -- sendKeys -->
18:16:17.194 INFO  manager.ListenerWD -- sendKeys -->input
18:16:17.207 INFO  manager.ListenerWD -- sendKeys -->
18:16:17.210 INFO  manager.ListenerWD -- sendKeys -->input
18:16:17.225 INFO  manager.ListenerWD -- sendKeys -->
18:16:17.229 INFO  manager.ListenerWD -- sendKeys -->input
18:16:17.242 INFO  manager.ListenerWD -- Before find element-->By.xpath: //button[text()='Login']
18:16:17.248 INFO  manager.ListenerWD -- After find element-->By.xpath: //button[text()='Login']
18:16:17.250 INFO  manager.ListenerWD -- Location of element-->button
18:16:17.256 INFO  manager.ListenerWD -- Before click element-->buttontext -->Login
18:16:17.563 INFO  manager.TestNGListener -- Success test -->loginSuccess1
18:16:17.564 INFO  tests.TestBase -- ==============================================
18:16:17.565 INFO  tests.TestBase -- Name of method (test)-->loginSuccessModel
18:16:17.576 INFO  manager.ListenerWD -- Before find element-->By.xpath: //button[text()='Sign Out']
18:16:17.587 INFO  manager.ListenerWD -- After find element-->By.xpath: //button[text()='Sign Out']
18:16:17.591 INFO  manager.ListenerWD -- Location of element-->button
18:16:17.599 INFO  manager.ListenerWD -- Before click element-->buttontext -->Sign Out
18:16:17.632 INFO  tests.TestBase -- Before method finished logout
18:16:17.633 INFO  manager.TestNGListener -- Start test -->loginSuccessModel
18:16:17.633 INFO  tests.TestBase -- Test data---> User{email='lolik@gmail.com', password='Lolik123!'}
18:16:17.633 INFO  manager.ListenerWD -- Before find element-->By.cssSelector: a[href='/login']
18:16:17.644 INFO  manager.ListenerWD -- After find element-->By.cssSelector: a[href='/login']
18:16:17.648 INFO  manager.ListenerWD -- Location of element-->a
18:16:17.654 INFO  manager.ListenerWD -- Before click element-->atext -->LOGIN
18:16:17.681 INFO  manager.ListenerWD -- After click element-->a
18:16:17.681 INFO  manager.HelperBase -- Open form by ckick on button with locator a[href='/login']
18:16:17.681 INFO  manager.ListenerWD -- Before find element-->By.name: email
18:16:17.691 INFO  manager.ListenerWD -- After find element-->By.name: email
18:16:17.694 INFO  manager.ListenerWD -- Location of element-->input
18:16:17.701 INFO  manager.ListenerWD -- Before click element-->inputtext -->
18:16:17.732 INFO  manager.ListenerWD -- After click element-->input
18:16:17.749 INFO  manager.ListenerWD -- sendKeys -->
18:16:17.752 INFO  manager.ListenerWD -- sendKeys -->input
18:16:17.768 INFO  manager.ListenerWD -- sendKeys -->
18:16:17.770 INFO  manager.ListenerWD -- sendKeys -->input
18:16:17.788 INFO  manager.ListenerWD -- sendKeys -->
18:16:17.792 INFO  manager.ListenerWD -- sendKeys -->input
18:16:17.807 INFO  manager.ListenerWD -- Before find element-->By.xpath: //input[@placeholder='Password']
18:16:17.817 INFO  manager.ListenerWD -- After find element-->By.xpath: //input[@placeholder='Password']
18:16:17.821 INFO  manager.ListenerWD -- Location of element-->input
18:16:17.828 INFO  manager.ListenerWD -- Before click element-->inputtext -->
18:16:17.865 INFO  manager.ListenerWD -- After click element-->input
18:16:17.881 INFO  manager.ListenerWD -- sendKeys -->
18:16:17.884 INFO  manager.ListenerWD -- sendKeys -->input
18:16:17.902 INFO  manager.ListenerWD -- sendKeys -->
18:16:17.905 INFO  manager.ListenerWD -- sendKeys -->input
18:16:17.924 INFO  manager.ListenerWD -- sendKeys -->
18:16:17.927 INFO  manager.ListenerWD -- sendKeys -->input
18:16:17.941 INFO  manager.ListenerWD -- Before find element-->By.xpath: //button[text()='Login']
18:16:17.951 INFO  manager.ListenerWD -- After find element-->By.xpath: //button[text()='Login']
18:16:17.954 INFO  manager.ListenerWD -- Location of element-->button
18:16:17.962 INFO  manager.ListenerWD -- Before click element-->buttontext -->Login
18:16:18.331 INFO  tests.TestBase -- Assert check is element button 'Sign out' present
18:16:18.332 INFO  manager.TestNGListener -- Success test -->loginSuccessModel
18:16:18.333 INFO  tests.TestBase -- ==============================================
18:16:18.334 INFO  tests.TestBase -- Name of method (test)-->loginSuccessModel
18:16:18.344 INFO  manager.ListenerWD -- Before find element-->By.xpath: //button[text()='Sign Out']
18:16:18.355 INFO  manager.ListenerWD -- After find element-->By.xpath: //button[text()='Sign Out']
18:16:18.359 INFO  manager.ListenerWD -- Location of element-->button
18:16:18.367 INFO  manager.ListenerWD -- Before click element-->buttontext -->Sign Out
18:16:18.401 INFO  tests.TestBase -- Before method finished logout
18:16:18.401 INFO  manager.TestNGListener -- Start test -->loginSuccessModel
18:16:18.402 INFO  tests.TestBase -- Test data---> User{email='sonya@gmail.com', password='Ss12345$'}
18:16:18.402 INFO  manager.ListenerWD -- Before find element-->By.cssSelector: a[href='/login']
18:16:18.411 INFO  manager.ListenerWD -- After find element-->By.cssSelector: a[href='/login']
18:16:18.413 INFO  manager.ListenerWD -- Location of element-->a
18:16:18.419 INFO  manager.ListenerWD -- Before click element-->atext -->LOGIN
18:16:18.446 INFO  manager.ListenerWD -- After click element-->a
18:16:18.447 INFO  manager.HelperBase -- Open form by ckick on button with locator a[href='/login']
18:16:18.447 INFO  manager.ListenerWD -- Before find element-->By.name: email
18:16:18.456 INFO  manager.ListenerWD -- After find element-->By.name: email
18:16:18.459 INFO  manager.ListenerWD -- Location of element-->input
18:16:18.465 INFO  manager.ListenerWD -- Before click element-->inputtext -->
18:16:18.498 INFO  manager.ListenerWD -- After click element-->input
18:16:18.514 INFO  manager.ListenerWD -- sendKeys -->
18:16:18.517 INFO  manager.ListenerWD -- sendKeys -->input
18:16:18.534 INFO  manager.ListenerWD -- sendKeys -->
18:16:18.537 INFO  manager.ListenerWD -- sendKeys -->input
18:16:18.554 INFO  manager.ListenerWD -- sendKeys -->
18:16:18.557 INFO  manager.ListenerWD -- sendKeys -->input
18:16:18.572 INFO  manager.ListenerWD -- Before find element-->By.xpath: //input[@placeholder='Password']
18:16:18.581 INFO  manager.ListenerWD -- After find element-->By.xpath: //input[@placeholder='Password']
18:16:18.584 INFO  manager.ListenerWD -- Location of element-->input
18:16:18.590 INFO  manager.ListenerWD -- Before click element-->inputtext -->
18:16:18.627 INFO  manager.ListenerWD -- After click element-->input
18:16:18.645 INFO  manager.ListenerWD -- sendKeys -->
18:16:18.648 INFO  manager.ListenerWD -- sendKeys -->input
18:16:18.666 INFO  manager.ListenerWD -- sendKeys -->
18:16:18.668 INFO  manager.ListenerWD -- sendKeys -->input
18:16:18.686 INFO  manager.ListenerWD -- sendKeys -->
18:16:18.690 INFO  manager.ListenerWD -- sendKeys -->input
18:16:18.705 INFO  manager.ListenerWD -- Before find element-->By.xpath: //button[text()='Login']
18:16:18.715 INFO  manager.ListenerWD -- After find element-->By.xpath: //button[text()='Login']
18:16:18.718 INFO  manager.ListenerWD -- Location of element-->button
18:16:18.724 INFO  manager.ListenerWD -- Before click element-->buttontext -->Login
18:16:19.071 INFO  tests.TestBase -- Assert check is element button 'Sign out' present
18:16:19.071 INFO  manager.TestNGListener -- Success test -->loginSuccessModel
18:16:19.072 INFO  tests.TestBase -- ==============================================
18:16:19.073 INFO  tests.TestBase -- Name of method (test)-->loginSuccessModelDPF
18:16:19.083 INFO  manager.ListenerWD -- Before find element-->By.xpath: //button[text()='Sign Out']
18:16:19.092 INFO  manager.ListenerWD -- After find element-->By.xpath: //button[text()='Sign Out']
18:16:19.095 INFO  manager.ListenerWD -- Location of element-->button
18:16:19.103 INFO  manager.ListenerWD -- Before click element-->buttontext -->Sign Out
18:16:19.134 INFO  tests.TestBase -- Before method finished logout
18:16:19.134 INFO  manager.TestNGListener -- Start test -->loginSuccessModelDPF
18:16:19.134 INFO  tests.TestBase -- Test data---> User{email='lolik@gmail.com', password='Lolik123!'}
18:16:19.134 INFO  manager.ListenerWD -- Before find element-->By.cssSelector: a[href='/login']
18:16:19.144 INFO  manager.ListenerWD -- After find element-->By.cssSelector: a[href='/login']
18:16:19.147 INFO  manager.ListenerWD -- Location of element-->a
18:16:19.154 INFO  manager.ListenerWD -- Before click element-->atext -->LOGIN
18:16:19.181 INFO  manager.ListenerWD -- After click element-->a
18:16:19.181 INFO  manager.HelperBase -- Open form by ckick on button with locator a[href='/login']
18:16:19.181 INFO  manager.ListenerWD -- Before find element-->By.name: email
18:16:19.190 INFO  manager.ListenerWD -- After find element-->By.name: email
18:16:19.194 INFO  manager.ListenerWD -- Location of element-->input
18:16:19.201 INFO  manager.ListenerWD -- Before click element-->inputtext -->
18:16:19.235 INFO  manager.ListenerWD -- After click element-->input
18:16:19.251 INFO  manager.ListenerWD -- sendKeys -->
18:16:19.254 INFO  manager.ListenerWD -- sendKeys -->input
18:16:19.270 INFO  manager.ListenerWD -- sendKeys -->
18:16:19.274 INFO  manager.ListenerWD -- sendKeys -->input
18:16:19.291 INFO  manager.ListenerWD -- sendKeys -->
18:16:19.294 INFO  manager.ListenerWD -- sendKeys -->input
18:16:19.310 INFO  manager.ListenerWD -- Before find element-->By.xpath: //input[@placeholder='Password']
18:16:19.319 INFO  manager.ListenerWD -- After find element-->By.xpath: //input[@placeholder='Password']
18:16:19.322 INFO  manager.ListenerWD -- Location of element-->input
18:16:19.328 INFO  manager.ListenerWD -- Before click element-->inputtext -->
18:16:19.366 INFO  manager.ListenerWD -- After click element-->input
18:16:19.382 INFO  manager.ListenerWD -- sendKeys -->
18:16:19.385 INFO  manager.ListenerWD -- sendKeys -->input
18:16:19.402 INFO  manager.ListenerWD -- sendKeys -->
18:16:19.405 INFO  manager.ListenerWD -- sendKeys -->input
18:16:19.424 INFO  manager.ListenerWD -- sendKeys -->
18:16:19.427 INFO  manager.ListenerWD -- sendKeys -->input
18:16:19.443 INFO  manager.ListenerWD -- Before find element-->By.xpath: //button[text()='Login']
18:16:19.451 INFO  manager.ListenerWD -- After find element-->By.xpath: //button[text()='Login']
18:16:19.455 INFO  manager.ListenerWD -- Location of element-->button
18:16:19.461 INFO  manager.ListenerWD -- Before click element-->buttontext -->Login
18:16:19.824 INFO  tests.TestBase -- Assert check is element button 'Sign out' present
18:16:19.824 INFO  manager.TestNGListener -- Success test -->loginSuccessModelDPF
18:16:19.824 INFO  tests.TestBase -- ==============================================
18:16:19.825 INFO  tests.TestBase -- Name of method (test)-->loginSuccessModelDPF
18:16:19.836 INFO  manager.ListenerWD -- Before find element-->By.xpath: //button[text()='Sign Out']
18:16:19.845 INFO  manager.ListenerWD -- After find element-->By.xpath: //button[text()='Sign Out']
18:16:19.849 INFO  manager.ListenerWD -- Location of element-->button
18:16:19.857 INFO  manager.ListenerWD -- Before click element-->buttontext -->Sign Out
18:16:19.888 INFO  tests.TestBase -- Before method finished logout
18:16:19.889 INFO  manager.TestNGListener -- Start test -->loginSuccessModelDPF
18:16:19.889 INFO  tests.TestBase -- Test data---> User{email='sonya@gmail.com', password='Ss12345$'}
18:16:19.889 INFO  manager.ListenerWD -- Before find element-->By.cssSelector: a[href='/login']
18:16:19.899 INFO  manager.ListenerWD -- After find element-->By.cssSelector: a[href='/login']
18:16:19.902 INFO  manager.ListenerWD -- Location of element-->a
18:16:19.908 INFO  manager.ListenerWD -- Before click element-->atext -->LOGIN
18:16:19.934 INFO  manager.ListenerWD -- After click element-->a
18:16:19.934 INFO  manager.HelperBase -- Open form by ckick on button with locator a[href='/login']
18:16:19.934 INFO  manager.ListenerWD -- Before find element-->By.name: email
18:16:19.942 INFO  manager.ListenerWD -- After find element-->By.name: email
18:16:19.946 INFO  manager.ListenerWD -- Location of element-->input
18:16:19.952 INFO  manager.ListenerWD -- Before click element-->inputtext -->
18:16:19.987 INFO  manager.ListenerWD -- After click element-->input
18:16:20.003 INFO  manager.ListenerWD -- sendKeys -->
18:16:20.005 INFO  manager.ListenerWD -- sendKeys -->input
18:16:20.023 INFO  manager.ListenerWD -- sendKeys -->
18:16:20.025 INFO  manager.ListenerWD -- sendKeys -->input
18:16:20.042 INFO  manager.ListenerWD -- sendKeys -->
18:16:20.044 INFO  manager.ListenerWD -- sendKeys -->input
18:16:20.060 INFO  manager.ListenerWD -- Before find element-->By.xpath: //input[@placeholder='Password']
18:16:20.069 INFO  manager.ListenerWD -- After find element-->By.xpath: //input[@placeholder='Password']
18:16:20.072 INFO  manager.ListenerWD -- Location of element-->input
18:16:20.078 INFO  manager.ListenerWD -- Before click element-->inputtext -->
18:16:20.110 INFO  manager.ListenerWD -- After click element-->input
18:16:20.127 INFO  manager.ListenerWD -- sendKeys -->
18:16:20.129 INFO  manager.ListenerWD -- sendKeys -->input
18:16:20.146 INFO  manager.ListenerWD -- sendKeys -->
18:16:20.149 INFO  manager.ListenerWD -- sendKeys -->input
18:16:20.165 INFO  manager.ListenerWD -- sendKeys -->
18:16:20.168 INFO  manager.ListenerWD -- sendKeys -->input
18:16:20.180 INFO  manager.ListenerWD -- Before find element-->By.xpath: //button[text()='Login']
18:16:20.189 INFO  manager.ListenerWD -- After find element-->By.xpath: //button[text()='Login']
18:16:20.192 INFO  manager.ListenerWD -- Location of element-->button
18:16:20.198 INFO  manager.ListenerWD -- Before click element-->buttontext -->Login
18:16:20.554 INFO  tests.TestBase -- Assert check is element button 'Sign out' present
18:16:20.554 INFO  manager.TestNGListener -- Success test -->loginSuccessModelDPF
18:16:20.554 INFO  tests.TestBase -- ==============================================
18:16:20.555 INFO  tests.TestBase -- Name of method (test)-->loginSuccessModelDPF
18:16:20.564 INFO  manager.ListenerWD -- Before find element-->By.xpath: //button[text()='Sign Out']
18:16:20.574 INFO  manager.ListenerWD -- After find element-->By.xpath: //button[text()='Sign Out']
18:16:20.577 INFO  manager.ListenerWD -- Location of element-->button
18:16:20.584 INFO  manager.ListenerWD -- Before click element-->buttontext -->Sign Out
18:16:20.616 INFO  tests.TestBase -- Before method finished logout
18:16:20.617 INFO  manager.TestNGListener -- Start test -->loginSuccessModelDPF
18:16:20.617 INFO  tests.TestBase -- Test data---> User{email='lolik@gmail.com', password='Lolik123!'}
18:16:20.617 INFO  manager.ListenerWD -- Before find element-->By.cssSelector: a[href='/login']
18:16:20.626 INFO  manager.ListenerWD -- After find element-->By.cssSelector: a[href='/login']
18:16:20.629 INFO  manager.ListenerWD -- Location of element-->a
18:16:20.636 INFO  manager.ListenerWD -- Before click element-->atext -->LOGIN
18:16:20.662 INFO  manager.ListenerWD -- After click element-->a
18:16:20.662 INFO  manager.HelperBase -- Open form by ckick on button with locator a[href='/login']
18:16:20.662 INFO  manager.ListenerWD -- Before find element-->By.name: email
18:16:20.672 INFO  manager.ListenerWD -- After find element-->By.name: email
18:16:20.676 INFO  manager.ListenerWD -- Location of element-->input
18:16:20.683 INFO  manager.ListenerWD -- Before click element-->inputtext -->
18:16:20.720 INFO  manager.ListenerWD -- After click element-->input
18:16:20.736 INFO  manager.ListenerWD -- sendKeys -->
18:16:20.740 INFO  manager.ListenerWD -- sendKeys -->input
18:16:20.758 INFO  manager.ListenerWD -- sendKeys -->
18:16:20.760 INFO  manager.ListenerWD -- sendKeys -->input
18:16:20.778 INFO  manager.ListenerWD -- sendKeys -->
18:16:20.781 INFO  manager.ListenerWD -- sendKeys -->input
18:16:20.799 INFO  manager.ListenerWD -- Before find element-->By.xpath: //input[@placeholder='Password']
18:16:20.808 INFO  manager.ListenerWD -- After find element-->By.xpath: //input[@placeholder='Password']
18:16:20.811 INFO  manager.ListenerWD -- Location of element-->input
18:16:20.818 INFO  manager.ListenerWD -- Before click element-->inputtext -->
18:16:20.853 INFO  manager.ListenerWD -- After click element-->input
18:16:20.869 INFO  manager.ListenerWD -- sendKeys -->
18:16:20.872 INFO  manager.ListenerWD -- sendKeys -->input
18:16:20.891 INFO  manager.ListenerWD -- sendKeys -->
18:16:20.893 INFO  manager.ListenerWD -- sendKeys -->input
18:16:20.910 INFO  manager.ListenerWD -- sendKeys -->
18:16:20.913 INFO  manager.ListenerWD -- sendKeys -->input
18:16:20.927 INFO  manager.ListenerWD -- Before find element-->By.xpath: //button[text()='Login']
18:16:20.936 INFO  manager.ListenerWD -- After find element-->By.xpath: //button[text()='Login']
18:16:20.940 INFO  manager.ListenerWD -- Location of element-->button
18:16:20.947 INFO  manager.ListenerWD -- Before click element-->buttontext -->Login
18:16:21.299 INFO  tests.TestBase -- Assert check is element button 'Sign out' present
18:16:21.300 INFO  manager.TestNGListener -- Success test -->loginSuccessModelDPF
18:16:21.300 INFO  tests.TestBase -- ==============================================
18:16:21.301 INFO  tests.TestBase -- Name of method (test)-->loginUnregisteredUser
18:16:21.311 INFO  manager.ListenerWD -- Before find element-->By.xpath: //button[text()='Sign Out']
18:16:21.320 INFO  manager.ListenerWD -- After find element-->By.xpath: //button[text()='Sign Out']
18:16:21.325 INFO  manager.ListenerWD -- Location of element-->button
18:16:21.331 INFO  manager.ListenerWD -- Before click element-->buttontext -->Sign Out
18:16:21.360 INFO  tests.TestBase -- Before method finished logout
18:16:21.361 INFO  manager.TestNGListener -- Start test -->loginUnregisteredUser
18:16:21.361 INFO  tests.TestBase -- Test data --> email:'loli_k@mail.ru & password: Lolik123!
18:16:21.361 INFO  manager.ListenerWD -- Before find element-->By.cssSelector: a[href='/login']
18:16:21.369 INFO  manager.ListenerWD -- After find element-->By.cssSelector: a[href='/login']
18:16:21.373 INFO  manager.ListenerWD -- Location of element-->a
18:16:21.379 INFO  manager.ListenerWD -- Before click element-->atext -->LOGIN
18:16:21.406 INFO  manager.ListenerWD -- After click element-->a
18:16:21.406 INFO  manager.HelperBase -- Open form by ckick on button with locator a[href='/login']
18:16:21.406 INFO  manager.ListenerWD -- Before find element-->By.name: email
18:16:21.414 INFO  manager.ListenerWD -- After find element-->By.name: email
18:16:21.417 INFO  manager.ListenerWD -- Location of element-->input
18:16:21.422 INFO  manager.ListenerWD -- Before click element-->inputtext -->
18:16:21.458 INFO  manager.ListenerWD -- After click element-->input
18:16:21.473 INFO  manager.ListenerWD -- sendKeys -->
18:16:21.475 INFO  manager.ListenerWD -- sendKeys -->input
18:16:21.493 INFO  manager.ListenerWD -- sendKeys -->
18:16:21.495 INFO  manager.ListenerWD -- sendKeys -->input
18:16:21.511 INFO  manager.ListenerWD -- sendKeys -->
18:16:21.514 INFO  manager.ListenerWD -- sendKeys -->input
18:16:21.528 INFO  manager.HelperBase -- type in input with locator By.name("email") 
18:16:21.529 INFO  manager.ListenerWD -- Before find element-->By.xpath: //input[@placeholder='Password']
18:16:21.537 INFO  manager.ListenerWD -- After find element-->By.xpath: //input[@placeholder='Password']
18:16:21.540 INFO  manager.ListenerWD -- Location of element-->input
18:16:21.547 INFO  manager.ListenerWD -- Before click element-->inputtext -->
18:16:21.583 INFO  manager.ListenerWD -- After click element-->input
18:16:21.600 INFO  manager.ListenerWD -- sendKeys -->
18:16:21.603 INFO  manager.ListenerWD -- sendKeys -->input
18:16:21.619 INFO  manager.ListenerWD -- sendKeys -->
18:16:21.622 INFO  manager.ListenerWD -- sendKeys -->input
18:16:21.639 INFO  manager.ListenerWD -- sendKeys -->
18:16:21.642 INFO  manager.ListenerWD -- sendKeys -->input
18:16:21.656 INFO  manager.ListenerWD -- Before find element-->By.xpath: //button[text()='Login']
18:16:21.664 INFO  manager.ListenerWD -- After find element-->By.xpath: //button[text()='Login']
18:16:21.667 INFO  manager.ListenerWD -- Location of element-->button
18:16:21.675 INFO  manager.ListenerWD -- Before click element-->buttontext -->Login
18:16:21.713 INFO  manager.ListenerWD -- Huston, we have a problem!
18:16:21.714 INFO  manager.ListenerWD -- Failed method:alert
18:16:21.714 INFO  manager.ListenerWD -- **********************
18:16:21.714 INFO  manager.ListenerWD -- Arguments:null
18:16:21.714 INFO  manager.ListenerWD -- **********************
18:16:21.714 INFO  manager.ListenerWD -- Exception:NoAlertPresentException
18:16:21.714 INFO  manager.ListenerWD -- **********************
18:16:21.714 INFO  manager.ListenerWD -- Messageno such alert
  (Session info: chrome=148.0.7778.179)
Build info: version: '4.26.0', revision: '8ccf0219d7'
System info: os.name: 'Windows 10', os.arch: 'amd64', os.version: '10.0', java.version: '17.0.12'
Driver info: org.openqa.selenium.chrome.ChromeDriver
Command: [a210308f6199e841a44a23ad56f6fc4b, getAlertText {}]
Capabilities {acceptInsecureCerts: false, browserName: chrome, browserVersion: 148.0.7778.179, chrome: {chromedriverVersion: 147.0.7727.57 (b4f28b5637d0..., userDataDir: C:\Users\Nina\AppData\Local...}, fedcm:accounts: true, goog:chromeOptions: {debuggerAddress: localhost:55366}, goog:processID: 26708, networkConnectionEnabled: false, pageLoadStrategy: normal, platformName: windows, proxy: Proxy(), se:cdp: ws://localhost:55366/devtoo..., se:cdpVersion: 148.0.7778.179, setWindowRect: true, strictFileInteractability: false, timeouts: {implicit: 0, pageLoad: 300000, script: 30000}, unhandledPromptBehavior: dismiss and notify, webauthn:extension:credBlob: true, webauthn:extension:largeBlob: true, webauthn:extension:minPinLength: true, webauthn:extension:prf: true, webauthn:virtualAuthenticators: true}
Session ID: a210308f6199e841a44a23ad56f6fc4b
18:16:21.714 INFO  manager.ListenerWD -- **********************
18:16:21.714 INFO  manager.ListenerWD -- Screen with error is --->src/test/screenshots/screen_1296.png
18:16:22.243 INFO  tests.TestBase -- Assert check is alert present with error test 'Wrong email or password' 
18:16:22.244 INFO  manager.TestNGListener -- Success test -->loginUnregisteredUser
18:16:22.244 INFO  tests.TestBase -- ==============================================
18:16:22.245 INFO  tests.TestBase -- Name of method (test)-->loginWrongEmail
18:16:27.293 INFO  manager.TestNGListener -- Start test -->loginWrongEmail
18:16:27.294 INFO  tests.TestBase -- Test data --> email:'lolikgmail.com & password: Lolik123!
18:16:27.294 INFO  manager.ListenerWD -- Before find element-->By.cssSelector: a[href='/login']
18:16:27.309 INFO  manager.ListenerWD -- After find element-->By.cssSelector: a[href='/login']
18:16:27.315 INFO  manager.ListenerWD -- Location of element-->a
18:16:27.325 INFO  manager.ListenerWD -- Before click element-->atext -->LOGIN
18:16:27.353 INFO  manager.ListenerWD -- After click element-->a
18:16:27.353 INFO  manager.HelperBase -- Open form by ckick on button with locator a[href='/login']
18:16:27.353 INFO  manager.ListenerWD -- Before find element-->By.name: email
18:16:27.363 INFO  manager.ListenerWD -- After find element-->By.name: email
18:16:27.366 INFO  manager.ListenerWD -- Location of element-->input
18:16:27.371 INFO  manager.ListenerWD -- Before click element-->inputtext -->
18:16:27.400 INFO  manager.ListenerWD -- After click element-->input
18:16:27.419 INFO  manager.ListenerWD -- sendKeys -->
18:16:27.422 INFO  manager.ListenerWD -- sendKeys -->input
18:16:27.447 INFO  manager.ListenerWD -- sendKeys -->
18:16:27.450 INFO  manager.ListenerWD -- sendKeys -->input
18:16:27.466 INFO  manager.ListenerWD -- sendKeys -->
18:16:27.470 INFO  manager.ListenerWD -- sendKeys -->input
18:16:27.483 INFO  manager.HelperBase -- type in input with locator By.name("email") 
18:16:27.484 INFO  manager.ListenerWD -- Before find element-->By.xpath: //input[@placeholder='Password']
18:16:27.491 INFO  manager.ListenerWD -- After find element-->By.xpath: //input[@placeholder='Password']
18:16:27.494 INFO  manager.ListenerWD -- Location of element-->input
18:16:27.500 INFO  manager.ListenerWD -- Before click element-->inputtext -->
18:16:27.529 INFO  manager.ListenerWD -- After click element-->input
18:16:27.546 INFO  manager.ListenerWD -- sendKeys -->
18:16:27.550 INFO  manager.ListenerWD -- sendKeys -->input
18:16:27.574 INFO  manager.ListenerWD -- sendKeys -->
18:16:27.576 INFO  manager.ListenerWD -- sendKeys -->input
18:16:27.592 INFO  manager.ListenerWD -- sendKeys -->
18:16:27.595 INFO  manager.ListenerWD -- sendKeys -->input
18:16:27.607 INFO  manager.ListenerWD -- Before find element-->By.xpath: //button[text()='Login']
18:16:27.615 INFO  manager.ListenerWD -- After find element-->By.xpath: //button[text()='Login']
18:16:27.618 INFO  manager.ListenerWD -- Location of element-->button
18:16:27.625 INFO  manager.ListenerWD -- Before click element-->buttontext -->Login
18:16:27.659 INFO  manager.ListenerWD -- Huston, we have a problem!
18:16:27.659 INFO  manager.ListenerWD -- Failed method:alert
18:16:27.659 INFO  manager.ListenerWD -- **********************
18:16:27.659 INFO  manager.ListenerWD -- Arguments:null
18:16:27.659 INFO  manager.ListenerWD -- **********************
18:16:27.659 INFO  manager.ListenerWD -- Exception:NoAlertPresentException
18:16:27.659 INFO  manager.ListenerWD -- **********************
18:16:27.659 INFO  manager.ListenerWD -- Messageno such alert
  (Session info: chrome=148.0.7778.179)
Build info: version: '4.26.0', revision: '8ccf0219d7'
System info: os.name: 'Windows 10', os.arch: 'amd64', os.version: '10.0', java.version: '17.0.12'
Driver info: org.openqa.selenium.chrome.ChromeDriver
Command: [a210308f6199e841a44a23ad56f6fc4b, getAlertText {}]
Capabilities {acceptInsecureCerts: false, browserName: chrome, browserVersion: 148.0.7778.179, chrome: {chromedriverVersion: 147.0.7727.57 (b4f28b5637d0..., userDataDir: C:\Users\Nina\AppData\Local...}, fedcm:accounts: true, goog:chromeOptions: {debuggerAddress: localhost:55366}, goog:processID: 26708, networkConnectionEnabled: false, pageLoadStrategy: normal, platformName: windows, proxy: Proxy(), se:cdp: ws://localhost:55366/devtoo..., se:cdpVersion: 148.0.7778.179, setWindowRect: true, strictFileInteractability: false, timeouts: {implicit: 0, pageLoad: 300000, script: 30000}, unhandledPromptBehavior: dismiss and notify, webauthn:extension:credBlob: true, webauthn:extension:largeBlob: true, webauthn:extension:minPinLength: true, webauthn:extension:prf: true, webauthn:virtualAuthenticators: true}
Session ID: a210308f6199e841a44a23ad56f6fc4b
18:16:27.659 INFO  manager.ListenerWD -- **********************
18:16:27.659 INFO  manager.ListenerWD -- Screen with error is --->src/test/screenshots/screen_1254.png
18:16:28.174 INFO  tests.TestBase -- Assert check is alert present with error test 'Wrong email or password' 
18:16:28.174 INFO  manager.TestNGListener -- Success test -->loginWrongEmail
18:16:28.175 INFO  tests.TestBase -- ==============================================
18:16:28.175 INFO  tests.TestBase -- Name of method (test)-->loginWrongPassword
18:16:33.234 INFO  manager.TestNGListener -- Start test -->loginWrongPassword
18:16:33.234 INFO  tests.TestBase -- Test data --> email:'lolik@gmail.com & password: Lolik123
18:16:33.234 INFO  manager.ListenerWD -- Before find element-->By.cssSelector: a[href='/login']
18:16:33.251 INFO  manager.ListenerWD -- After find element-->By.cssSelector: a[href='/login']
18:16:33.256 INFO  manager.ListenerWD -- Location of element-->a
18:16:33.263 INFO  manager.ListenerWD -- Before click element-->atext -->LOGIN
18:16:33.296 INFO  manager.ListenerWD -- After click element-->a
18:16:33.297 INFO  manager.HelperBase -- Open form by ckick on button with locator a[href='/login']
18:16:33.297 INFO  manager.ListenerWD -- Before find element-->By.name: email
18:16:33.305 INFO  manager.ListenerWD -- After find element-->By.name: email
18:16:33.307 INFO  manager.ListenerWD -- Location of element-->input
18:16:33.314 INFO  manager.ListenerWD -- Before click element-->inputtext -->
18:16:33.344 INFO  manager.ListenerWD -- After click element-->input
18:16:33.360 INFO  manager.ListenerWD -- sendKeys -->
18:16:33.363 INFO  manager.ListenerWD -- sendKeys -->input
18:16:33.387 INFO  manager.ListenerWD -- sendKeys -->
18:16:33.389 INFO  manager.ListenerWD -- sendKeys -->input
18:16:33.405 INFO  manager.ListenerWD -- sendKeys -->
18:16:33.408 INFO  manager.ListenerWD -- sendKeys -->input
18:16:33.423 INFO  manager.HelperBase -- type in input with locator By.name("email") 
18:16:33.423 INFO  manager.ListenerWD -- Before find element-->By.xpath: //input[@placeholder='Password']
18:16:33.432 INFO  manager.ListenerWD -- After find element-->By.xpath: //input[@placeholder='Password']
18:16:33.434 INFO  manager.ListenerWD -- Location of element-->input
18:16:33.440 INFO  manager.ListenerWD -- Before click element-->inputtext -->
18:16:33.469 INFO  manager.ListenerWD -- After click element-->input
18:16:33.485 INFO  manager.ListenerWD -- sendKeys -->
18:16:33.488 INFO  manager.ListenerWD -- sendKeys -->input
18:16:33.511 INFO  manager.ListenerWD -- sendKeys -->
18:16:33.514 INFO  manager.ListenerWD -- sendKeys -->input
18:16:33.530 INFO  manager.ListenerWD -- sendKeys -->
18:16:33.533 INFO  manager.ListenerWD -- sendKeys -->input
18:16:33.546 INFO  manager.ListenerWD -- Before find element-->By.xpath: //button[text()='Login']
18:16:33.554 INFO  manager.ListenerWD -- After find element-->By.xpath: //button[text()='Login']
18:16:33.556 INFO  manager.ListenerWD -- Location of element-->button
18:16:33.563 INFO  manager.ListenerWD -- Before click element-->buttontext -->Login
18:16:33.595 INFO  manager.ListenerWD -- Huston, we have a problem!
18:16:33.595 INFO  manager.ListenerWD -- Failed method:alert
18:16:33.595 INFO  manager.ListenerWD -- **********************
18:16:33.595 INFO  manager.ListenerWD -- Arguments:null
18:16:33.595 INFO  manager.ListenerWD -- **********************
18:16:33.595 INFO  manager.ListenerWD -- Exception:NoAlertPresentException
18:16:33.595 INFO  manager.ListenerWD -- **********************
18:16:33.595 INFO  manager.ListenerWD -- Messageno such alert
  (Session info: chrome=148.0.7778.179)
Build info: version: '4.26.0', revision: '8ccf0219d7'
System info: os.name: 'Windows 10', os.arch: 'amd64', os.version: '10.0', java.version: '17.0.12'
Driver info: org.openqa.selenium.chrome.ChromeDriver
Command: [a210308f6199e841a44a23ad56f6fc4b, getAlertText {}]
Capabilities {acceptInsecureCerts: false, browserName: chrome, browserVersion: 148.0.7778.179, chrome: {chromedriverVersion: 147.0.7727.57 (b4f28b5637d0..., userDataDir: C:\Users\Nina\AppData\Local...}, fedcm:accounts: true, goog:chromeOptions: {debuggerAddress: localhost:55366}, goog:processID: 26708, networkConnectionEnabled: false, pageLoadStrategy: normal, platformName: windows, proxy: Proxy(), se:cdp: ws://localhost:55366/devtoo..., se:cdpVersion: 148.0.7778.179, setWindowRect: true, strictFileInteractability: false, timeouts: {implicit: 0, pageLoad: 300000, script: 30000}, unhandledPromptBehavior: dismiss and notify, webauthn:extension:credBlob: true, webauthn:extension:largeBlob: true, webauthn:extension:minPinLength: true, webauthn:extension:prf: true, webauthn:virtualAuthenticators: true}
Session ID: a210308f6199e841a44a23ad56f6fc4b
18:16:33.595 INFO  manager.ListenerWD -- **********************
18:16:33.595 INFO  manager.ListenerWD -- Screen with error is --->src/test/screenshots/screen_1274.png
18:16:34.121 INFO  tests.TestBase -- Assert check is alert present with error test 'Wrong email or password' 
18:16:34.121 INFO  manager.TestNGListener -- Success test -->loginWrongPassword
18:16:34.122 INFO  tests.TestBase -- ==============================================
18:16:34.125 INFO  tests.TestBase -- Name of method (test)-->registrationExistsUser
18:16:39.162 INFO  manager.TestNGListener -- Start test -->registrationExistsUser
18:16:39.162 INFO  tests.TestBase -- Test data --> email:'margo@gmail.com & password: Mmar123456$
18:16:39.163 INFO  manager.ListenerWD -- Before find element-->By.cssSelector: a[href='/login']
18:16:39.173 INFO  manager.ListenerWD -- After find element-->By.cssSelector: a[href='/login']
18:16:39.178 INFO  manager.ListenerWD -- Location of element-->a
18:16:39.186 INFO  manager.ListenerWD -- Before click element-->atext -->LOGIN
18:16:39.220 INFO  manager.ListenerWD -- After click element-->a
18:16:39.220 INFO  manager.HelperBase -- Open form by ckick on button with locator a[href='/login']
18:16:39.220 INFO  manager.ListenerWD -- Before find element-->By.name: email
18:16:39.227 INFO  manager.ListenerWD -- After find element-->By.name: email
18:16:39.230 INFO  manager.ListenerWD -- Location of element-->input
18:16:39.236 INFO  manager.ListenerWD -- Before click element-->inputtext -->
18:16:39.265 INFO  manager.ListenerWD -- After click element-->input
18:16:39.283 INFO  manager.ListenerWD -- sendKeys -->
18:16:39.286 INFO  manager.ListenerWD -- sendKeys -->input
18:16:39.310 INFO  manager.ListenerWD -- sendKeys -->
18:16:39.313 INFO  manager.ListenerWD -- sendKeys -->input
18:16:39.329 INFO  manager.ListenerWD -- sendKeys -->
18:16:39.331 INFO  manager.ListenerWD -- sendKeys -->input
18:16:39.345 INFO  manager.ListenerWD -- Before find element-->By.xpath: //input[@placeholder='Password']
18:16:39.353 INFO  manager.ListenerWD -- After find element-->By.xpath: //input[@placeholder='Password']
18:16:39.356 INFO  manager.ListenerWD -- Location of element-->input
18:16:39.361 INFO  manager.ListenerWD -- Before click element-->inputtext -->
18:16:39.394 INFO  manager.ListenerWD -- After click element-->input
18:16:39.410 INFO  manager.ListenerWD -- sendKeys -->
18:16:39.413 INFO  manager.ListenerWD -- sendKeys -->input
18:16:39.440 INFO  manager.ListenerWD -- sendKeys -->
18:16:39.442 INFO  manager.ListenerWD -- sendKeys -->input
18:16:39.459 INFO  manager.ListenerWD -- sendKeys -->
18:16:39.462 INFO  manager.ListenerWD -- sendKeys -->input
18:16:39.477 INFO  manager.ListenerWD -- Before find element-->By.xpath: //button[text()='Registration']
18:16:39.488 INFO  manager.ListenerWD -- After find element-->By.xpath: //button[text()='Registration']
18:16:39.491 INFO  manager.ListenerWD -- Location of element-->button
18:16:39.499 INFO  manager.ListenerWD -- Before click element-->buttontext -->Registration
18:16:39.533 INFO  manager.ListenerWD -- Huston, we have a problem!
18:16:39.533 INFO  manager.ListenerWD -- Failed method:alert
18:16:39.533 INFO  manager.ListenerWD -- **********************
18:16:39.533 INFO  manager.ListenerWD -- Arguments:null
18:16:39.533 INFO  manager.ListenerWD -- **********************
18:16:39.533 INFO  manager.ListenerWD -- Exception:NoAlertPresentException
18:16:39.533 INFO  manager.ListenerWD -- **********************
18:16:39.533 INFO  manager.ListenerWD -- Messageno such alert
  (Session info: chrome=148.0.7778.179)
Build info: version: '4.26.0', revision: '8ccf0219d7'
System info: os.name: 'Windows 10', os.arch: 'amd64', os.version: '10.0', java.version: '17.0.12'
Driver info: org.openqa.selenium.chrome.ChromeDriver
Command: [a210308f6199e841a44a23ad56f6fc4b, getAlertText {}]
Capabilities {acceptInsecureCerts: false, browserName: chrome, browserVersion: 148.0.7778.179, chrome: {chromedriverVersion: 147.0.7727.57 (b4f28b5637d0..., userDataDir: C:\Users\Nina\AppData\Local...}, fedcm:accounts: true, goog:chromeOptions: {debuggerAddress: localhost:55366}, goog:processID: 26708, networkConnectionEnabled: false, pageLoadStrategy: normal, platformName: windows, proxy: Proxy(), se:cdp: ws://localhost:55366/devtoo..., se:cdpVersion: 148.0.7778.179, setWindowRect: true, strictFileInteractability: false, timeouts: {implicit: 0, pageLoad: 300000, script: 30000}, unhandledPromptBehavior: dismiss and notify, webauthn:extension:credBlob: true, webauthn:extension:largeBlob: true, webauthn:extension:minPinLength: true, webauthn:extension:prf: true, webauthn:virtualAuthenticators: true}
Session ID: a210308f6199e841a44a23ad56f6fc4b
18:16:39.533 INFO  manager.ListenerWD -- **********************
18:16:39.533 INFO  manager.ListenerWD -- Screen with error is --->src/test/screenshots/screen_1564.png
18:16:40.051 INFO  tests.TestBase -- Assert check is alert present with error test 'User already exist' 
18:16:40.052 INFO  manager.TestNGListener -- Success test -->registrationExistsUser
18:16:40.052 INFO  tests.TestBase -- ==============================================
18:16:40.053 INFO  tests.TestBase -- Name of method (test)-->registrationSuccess
18:16:45.112 INFO  manager.TestNGListener -- Start test -->registrationSuccess
18:16:45.113 INFO  tests.TestBase -- Start test with name 'registrationSuccess'
18:16:45.113 INFO  tests.TestBase -- Test data --> email:'mert1771@gmail.com & password: Mert123456!
18:16:45.113 INFO  manager.ListenerWD -- Before find element-->By.cssSelector: a[href='/login']
18:16:45.125 INFO  manager.ListenerWD -- After find element-->By.cssSelector: a[href='/login']
18:16:45.129 INFO  manager.ListenerWD -- Location of element-->a
18:16:45.137 INFO  manager.ListenerWD -- Before click element-->atext -->LOGIN
18:16:45.166 INFO  manager.ListenerWD -- After click element-->a
18:16:45.166 INFO  manager.HelperBase -- Open form by ckick on button with locator a[href='/login']
18:16:45.166 INFO  manager.ListenerWD -- Before find element-->By.name: email
18:16:45.175 INFO  manager.ListenerWD -- After find element-->By.name: email
18:16:45.178 INFO  manager.ListenerWD -- Location of element-->input
18:16:45.184 INFO  manager.ListenerWD -- Before click element-->inputtext -->
18:16:45.215 INFO  manager.ListenerWD -- After click element-->input
18:16:45.232 INFO  manager.ListenerWD -- sendKeys -->
18:16:45.235 INFO  manager.ListenerWD -- sendKeys -->input
18:16:45.259 INFO  manager.ListenerWD -- sendKeys -->
18:16:45.262 INFO  manager.ListenerWD -- sendKeys -->input
18:16:45.278 INFO  manager.ListenerWD -- sendKeys -->
18:16:45.281 INFO  manager.ListenerWD -- sendKeys -->input
18:16:45.298 INFO  manager.ListenerWD -- Before find element-->By.xpath: //input[@placeholder='Password']
18:16:45.306 INFO  manager.ListenerWD -- After find element-->By.xpath: //input[@placeholder='Password']
18:16:45.308 INFO  manager.ListenerWD -- Location of element-->input
18:16:45.315 INFO  manager.ListenerWD -- Before click element-->inputtext -->
18:16:45.342 INFO  manager.ListenerWD -- After click element-->input
18:16:45.359 INFO  manager.ListenerWD -- sendKeys -->
18:16:45.362 INFO  manager.ListenerWD -- sendKeys -->input
18:16:45.386 INFO  manager.ListenerWD -- sendKeys -->
18:16:45.389 INFO  manager.ListenerWD -- sendKeys -->input
18:16:45.405 INFO  manager.ListenerWD -- sendKeys -->
18:16:45.408 INFO  manager.ListenerWD -- sendKeys -->input
18:16:45.423 INFO  manager.ListenerWD -- Before find element-->By.xpath: //button[text()='Registration']
18:16:45.432 INFO  manager.ListenerWD -- After find element-->By.xpath: //button[text()='Registration']
18:16:45.435 INFO  manager.ListenerWD -- Location of element-->button
18:16:45.443 INFO  manager.ListenerWD -- Before click element-->buttontext -->Registration
18:16:45.791 INFO  tests.TestBase -- Assert check is element button 'Sign out' present
18:16:45.792 INFO  manager.ListenerWD -- Before find element-->By.cssSelector: .contact-page_message__2qafk>h1
18:16:45.996 INFO  manager.ListenerWD -- After find element-->By.cssSelector: .contact-page_message__2qafk>h1
18:16:46.000 INFO  manager.ListenerWD -- Location of element-->h1
18:16:46.007 INFO  tests.TestBase -- Assert check is message 'No contacts here'
18:16:46.007 INFO  manager.TestNGListener -- Success test -->registrationSuccess
18:16:46.008 INFO  tests.TestBase -- ==============================================
18:16:46.008 INFO  tests.TestBase -- Name of method (test)-->wrongEmailRegistration
18:16:46.018 INFO  manager.ListenerWD -- Before find element-->By.xpath: //button[text()='Sign Out']
18:16:46.025 INFO  manager.ListenerWD -- After find element-->By.xpath: //button[text()='Sign Out']
18:16:46.028 INFO  manager.ListenerWD -- Location of element-->button
18:16:46.035 INFO  manager.ListenerWD -- Before click element-->buttontext -->Sign Out
18:16:46.066 INFO  tests.TestBase -- Before method finished logout
18:16:46.066 INFO  manager.TestNGListener -- Start test -->wrongEmailRegistration
18:16:46.066 INFO  tests.TestBase -- Test data --> email:'mertgmail.com & password: Mert123456!
18:16:46.066 INFO  manager.ListenerWD -- Before find element-->By.cssSelector: a[href='/login']
18:16:46.075 INFO  manager.ListenerWD -- After find element-->By.cssSelector: a[href='/login']
18:16:46.078 INFO  manager.ListenerWD -- Location of element-->a
18:16:46.085 INFO  manager.ListenerWD -- Before click element-->atext -->LOGIN
18:16:46.115 INFO  manager.ListenerWD -- After click element-->a
18:16:46.115 INFO  manager.HelperBase -- Open form by ckick on button with locator a[href='/login']
18:16:46.115 INFO  manager.ListenerWD -- Before find element-->By.name: email
18:16:46.122 INFO  manager.ListenerWD -- After find element-->By.name: email
18:16:46.125 INFO  manager.ListenerWD -- Location of element-->input
18:16:46.131 INFO  manager.ListenerWD -- Before click element-->inputtext -->
18:16:46.165 INFO  manager.ListenerWD -- After click element-->input
18:16:46.181 INFO  manager.ListenerWD -- sendKeys -->
18:16:46.183 INFO  manager.ListenerWD -- sendKeys -->input
18:16:46.200 INFO  manager.ListenerWD -- sendKeys -->
18:16:46.203 INFO  manager.ListenerWD -- sendKeys -->input
18:16:46.220 INFO  manager.ListenerWD -- sendKeys -->
18:16:46.222 INFO  manager.ListenerWD -- sendKeys -->input
18:16:46.236 INFO  manager.ListenerWD -- Before find element-->By.xpath: //input[@placeholder='Password']
18:16:46.244 INFO  manager.ListenerWD -- After find element-->By.xpath: //input[@placeholder='Password']
18:16:46.247 INFO  manager.ListenerWD -- Location of element-->input
18:16:46.254 INFO  manager.ListenerWD -- Before click element-->inputtext -->
18:16:46.289 INFO  manager.ListenerWD -- After click element-->input
18:16:46.305 INFO  manager.ListenerWD -- sendKeys -->
18:16:46.307 INFO  manager.ListenerWD -- sendKeys -->input
18:16:46.326 INFO  manager.ListenerWD -- sendKeys -->
18:16:46.329 INFO  manager.ListenerWD -- sendKeys -->input
18:16:46.347 INFO  manager.ListenerWD -- sendKeys -->
18:16:46.350 INFO  manager.ListenerWD -- sendKeys -->input
18:16:46.364 INFO  manager.ListenerWD -- Before find element-->By.xpath: //button[text()='Registration']
18:16:46.372 INFO  manager.ListenerWD -- After find element-->By.xpath: //button[text()='Registration']
18:16:46.374 INFO  manager.ListenerWD -- Location of element-->button
18:16:46.382 INFO  manager.ListenerWD -- Before click element-->buttontext -->Registration
18:16:46.417 INFO  manager.ListenerWD -- Huston, we have a problem!
18:16:46.417 INFO  manager.ListenerWD -- Failed method:alert
18:16:46.417 INFO  manager.ListenerWD -- **********************
18:16:46.417 INFO  manager.ListenerWD -- Arguments:null
18:16:46.417 INFO  manager.ListenerWD -- **********************
18:16:46.417 INFO  manager.ListenerWD -- Exception:NoAlertPresentException
18:16:46.417 INFO  manager.ListenerWD -- **********************
18:16:46.417 INFO  manager.ListenerWD -- Messageno such alert
  (Session info: chrome=148.0.7778.179)
Build info: version: '4.26.0', revision: '8ccf0219d7'
System info: os.name: 'Windows 10', os.arch: 'amd64', os.version: '10.0', java.version: '17.0.12'
Driver info: org.openqa.selenium.chrome.ChromeDriver
Command: [a210308f6199e841a44a23ad56f6fc4b, getAlertText {}]
Capabilities {acceptInsecureCerts: false, browserName: chrome, browserVersion: 148.0.7778.179, chrome: {chromedriverVersion: 147.0.7727.57 (b4f28b5637d0..., userDataDir: C:\Users\Nina\AppData\Local...}, fedcm:accounts: true, goog:chromeOptions: {debuggerAddress: localhost:55366}, goog:processID: 26708, networkConnectionEnabled: false, pageLoadStrategy: normal, platformName: windows, proxy: Proxy(), se:cdp: ws://localhost:55366/devtoo..., se:cdpVersion: 148.0.7778.179, setWindowRect: true, strictFileInteractability: false, timeouts: {implicit: 0, pageLoad: 300000, script: 30000}, unhandledPromptBehavior: dismiss and notify, webauthn:extension:credBlob: true, webauthn:extension:largeBlob: true, webauthn:extension:minPinLength: true, webauthn:extension:prf: true, webauthn:virtualAuthenticators: true}
Session ID: a210308f6199e841a44a23ad56f6fc4b
18:16:46.417 INFO  manager.ListenerWD -- **********************
18:16:46.417 INFO  manager.ListenerWD -- Screen with error is --->src/test/screenshots/screen_1357.png
18:16:46.932 INFO  tests.TestBase -- Assert check is alert present with error test 'Wrong email or password' 
18:16:46.932 INFO  manager.ListenerWD -- Before find element-->By.xpath: //*[text()='Registration failed with code 400']
18:16:46.946 INFO  manager.ListenerWD -- After find element-->By.xpath: //*[text()='Registration failed with code 400']
18:16:46.949 INFO  manager.ListenerWD -- Location of element-->div
18:16:46.950 INFO  manager.TestNGListener -- Success test -->wrongEmailRegistration
18:16:46.950 INFO  tests.TestBase -- ==============================================
18:16:46.951 INFO  tests.TestBase -- Name of method (test)-->wrongPasswordRegistration
18:16:51.994 INFO  manager.TestNGListener -- Start test -->wrongPasswordRegistration
18:16:51.994 INFO  tests.TestBase -- Test data --> email:'mert@gmail.com & password: Mert123456
18:16:51.995 INFO  manager.ListenerWD -- Before find element-->By.cssSelector: a[href='/login']
18:16:52.008 INFO  manager.ListenerWD -- After find element-->By.cssSelector: a[href='/login']
18:16:52.012 INFO  manager.ListenerWD -- Location of element-->a
18:16:52.022 INFO  manager.ListenerWD -- Before click element-->atext -->LOGIN
18:16:52.054 INFO  manager.ListenerWD -- After click element-->a
18:16:52.054 INFO  manager.HelperBase -- Open form by ckick on button with locator a[href='/login']
18:16:52.054 INFO  manager.ListenerWD -- Before find element-->By.name: email
18:16:52.063 INFO  manager.ListenerWD -- After find element-->By.name: email
18:16:52.067 INFO  manager.ListenerWD -- Location of element-->input
18:16:52.073 INFO  manager.ListenerWD -- Before click element-->inputtext -->
18:16:52.098 INFO  manager.ListenerWD -- After click element-->input
18:16:52.114 INFO  manager.ListenerWD -- sendKeys -->
18:16:52.116 INFO  manager.ListenerWD -- sendKeys -->input
18:16:52.141 INFO  manager.ListenerWD -- sendKeys -->
18:16:52.143 INFO  manager.ListenerWD -- sendKeys -->input
18:16:52.158 INFO  manager.ListenerWD -- sendKeys -->
18:16:52.160 INFO  manager.ListenerWD -- sendKeys -->input
18:16:52.173 INFO  manager.ListenerWD -- Before find element-->By.xpath: //input[@placeholder='Password']
18:16:52.180 INFO  manager.ListenerWD -- After find element-->By.xpath: //input[@placeholder='Password']
18:16:52.183 INFO  manager.ListenerWD -- Location of element-->input
18:16:52.188 INFO  manager.ListenerWD -- Before click element-->inputtext -->
18:16:52.215 INFO  manager.ListenerWD -- After click element-->input
18:16:52.232 INFO  manager.ListenerWD -- sendKeys -->
18:16:52.234 INFO  manager.ListenerWD -- sendKeys -->input
18:16:52.258 INFO  manager.ListenerWD -- sendKeys -->
18:16:52.260 INFO  manager.ListenerWD -- sendKeys -->input
18:16:52.277 INFO  manager.ListenerWD -- sendKeys -->
18:16:52.279 INFO  manager.ListenerWD -- sendKeys -->input
18:16:52.292 INFO  manager.ListenerWD -- Before find element-->By.xpath: //button[text()='Registration']
18:16:52.299 INFO  manager.ListenerWD -- After find element-->By.xpath: //button[text()='Registration']
18:16:52.302 INFO  manager.ListenerWD -- Location of element-->button
18:16:52.308 INFO  manager.ListenerWD -- Before click element-->buttontext -->Registration
18:16:52.337 INFO  manager.ListenerWD -- Huston, we have a problem!
18:16:52.337 INFO  manager.ListenerWD -- Failed method:alert
18:16:52.337 INFO  manager.ListenerWD -- **********************
18:16:52.337 INFO  manager.ListenerWD -- Arguments:null
18:16:52.337 INFO  manager.ListenerWD -- **********************
18:16:52.337 INFO  manager.ListenerWD -- Exception:NoAlertPresentException
18:16:52.337 INFO  manager.ListenerWD -- **********************
18:16:52.337 INFO  manager.ListenerWD -- Messageno such alert
  (Session info: chrome=148.0.7778.179)
Build info: version: '4.26.0', revision: '8ccf0219d7'
System info: os.name: 'Windows 10', os.arch: 'amd64', os.version: '10.0', java.version: '17.0.12'
Driver info: org.openqa.selenium.chrome.ChromeDriver
Command: [a210308f6199e841a44a23ad56f6fc4b, getAlertText {}]
Capabilities {acceptInsecureCerts: false, browserName: chrome, browserVersion: 148.0.7778.179, chrome: {chromedriverVersion: 147.0.7727.57 (b4f28b5637d0..., userDataDir: C:\Users\Nina\AppData\Local...}, fedcm:accounts: true, goog:chromeOptions: {debuggerAddress: localhost:55366}, goog:processID: 26708, networkConnectionEnabled: false, pageLoadStrategy: normal, platformName: windows, proxy: Proxy(), se:cdp: ws://localhost:55366/devtoo..., se:cdpVersion: 148.0.7778.179, setWindowRect: true, strictFileInteractability: false, timeouts: {implicit: 0, pageLoad: 300000, script: 30000}, unhandledPromptBehavior: dismiss and notify, webauthn:extension:credBlob: true, webauthn:extension:largeBlob: true, webauthn:extension:minPinLength: true, webauthn:extension:prf: true, webauthn:virtualAuthenticators: true}
Session ID: a210308f6199e841a44a23ad56f6fc4b
18:16:52.337 INFO  manager.ListenerWD -- **********************
18:16:52.337 INFO  manager.ListenerWD -- Screen with error is --->src/test/screenshots/screen_1691.png
18:16:52.856 INFO  tests.TestBase -- Assert check is alert present with error test 'Wrong email or password' 
18:16:52.857 INFO  manager.ListenerWD -- Before find element-->By.xpath: //*[text()='Registration failed with code 400']
18:16:52.866 INFO  manager.ListenerWD -- After find element-->By.xpath: //*[text()='Registration failed with code 400']
18:16:52.869 INFO  manager.ListenerWD -- Location of element-->div
18:16:52.870 INFO  manager.TestNGListener -- Success test -->wrongPasswordRegistration
18:16:52.871 INFO  tests.TestBase -- ==============================================
18:16:52.871 INFO  manager.TestNGListener -- Stop testing  on date-->Thu Jun 04 18:16:52 IDT 2026
