23:14:17.412 INFO  manager.ApplicationManager -- Default Chrome Browser
23:14:18.556 INFO  manager.ListenerWD -- Navigate to -->https://telranedu.web.app/
23:14:19.488 INFO  manager.ApplicationManager -- The link --->https://telranedu.web.app/home
23:14:19.633 INFO  tests.TestBase -- Name of method (test) -->loginSuccess
23:14:25.027 INFO  tests.TestBase -- Start test with name 'loginSuccess'
23:14:25.027 INFO  tests.TestBase -- Test data ---> email: lolik@gmail.com & password: Lolik123!
23:14:25.027 INFO  manager.ListenerWD -- Before find element-->By.cssSelector: a[href='/login']
23:14:25.124 INFO  manager.ListenerWD -- After find element-->By.cssSelector: a[href='/login']
23:14:25.138 INFO  manager.ListenerWD -- Location of element-->a
23:14:25.154 INFO  manager.ListenerWD -- Before click element-->atext -->LOGIN
23:14:25.200 INFO  manager.ListenerWD -- After click element-->a
23:14:25.200 INFO  manager.HelperBase -- Open form by ckick on button with locator a[href='/login']
23:14:25.200 INFO  manager.ListenerWD -- Before find element-->By.name: email
23:14:25.239 INFO  manager.ListenerWD -- After find element-->By.name: email
23:14:25.258 INFO  manager.ListenerWD -- Location of element-->input
23:14:25.287 INFO  manager.ListenerWD -- Before click element-->inputtext -->
23:14:25.330 INFO  manager.ListenerWD -- After click element-->input
23:14:25.353 INFO  manager.ListenerWD -- sendKeys -->
23:14:25.374 INFO  manager.ListenerWD -- sendKeys -->input
23:14:25.414 INFO  manager.ListenerWD -- sendKeys -->
23:14:25.432 INFO  manager.ListenerWD -- sendKeys -->input
23:14:25.465 INFO  manager.ListenerWD -- sendKeys -->
23:14:25.469 INFO  manager.ListenerWD -- sendKeys -->input
23:14:25.489 INFO  manager.HelperBase -- type in input with locator By.name("email") 
23:14:25.489 INFO  manager.ListenerWD -- Before find element-->By.xpath: //input[@placeholder='Password']
23:14:25.543 INFO  manager.ListenerWD -- After find element-->By.xpath: //input[@placeholder='Password']
23:14:25.559 INFO  manager.ListenerWD -- Location of element-->input
23:14:25.559 INFO  manager.ListenerWD -- Before click element-->inputtext -->
23:14:25.602 INFO  manager.ListenerWD -- After click element-->input
23:14:25.617 INFO  manager.ListenerWD -- sendKeys -->
23:14:25.617 INFO  manager.ListenerWD -- sendKeys -->input
23:14:25.637 INFO  manager.ListenerWD -- sendKeys -->
23:14:25.640 INFO  manager.ListenerWD -- sendKeys -->input
23:14:25.658 INFO  manager.ListenerWD -- sendKeys -->
23:14:25.661 INFO  manager.ListenerWD -- sendKeys -->input
23:14:25.683 INFO  manager.ListenerWD -- Before find element-->By.xpath: //button[text()='Login']
23:14:25.699 INFO  manager.ListenerWD -- After find element-->By.xpath: //button[text()='Login']
23:14:25.747 INFO  manager.ListenerWD -- Location of element-->button
23:14:25.765 INFO  manager.ListenerWD -- Before click element-->buttontext -->Login
23:14:27.058 INFO  tests.TestBase -- Assert check is element button 'Sign out' present
23:14:27.075 INFO  tests.TestBase -- ==============================================
23:14:27.075 INFO  tests.TestBase -- Name of method (test) -->loginSuccess
23:14:27.122 INFO  manager.ListenerWD -- Before find element-->By.xpath: //button[text()='Sign Out']
23:14:27.170 INFO  manager.ListenerWD -- After find element-->By.xpath: //button[text()='Sign Out']
23:14:27.189 INFO  manager.ListenerWD -- Location of element-->button
23:14:27.236 INFO  manager.ListenerWD -- Before click element-->buttontext -->Sign Out
23:14:27.277 INFO  tests.TestBase -- Before method finished logout
23:14:27.282 INFO  tests.TestBase -- Start test with name 'loginSuccess'
23:14:27.282 INFO  tests.TestBase -- Test data ---> email: sonya@gmail.com & password: Ss12345$
23:14:27.282 INFO  manager.ListenerWD -- Before find element-->By.cssSelector: a[href='/login']
23:14:27.340 INFO  manager.ListenerWD -- After find element-->By.cssSelector: a[href='/login']
23:14:27.340 INFO  manager.ListenerWD -- Location of element-->a
23:14:27.373 INFO  manager.ListenerWD -- Before click element-->atext -->LOGIN
23:14:27.411 INFO  manager.ListenerWD -- After click element-->a
23:14:27.411 INFO  manager.HelperBase -- Open form by ckick on button with locator a[href='/login']
23:14:27.411 INFO  manager.ListenerWD -- Before find element-->By.name: email
23:14:27.470 INFO  manager.ListenerWD -- After find element-->By.name: email
23:14:27.482 INFO  manager.ListenerWD -- Location of element-->input
23:14:27.492 INFO  manager.ListenerWD -- Before click element-->inputtext -->
23:14:27.558 INFO  manager.ListenerWD -- After click element-->input
23:14:27.575 INFO  manager.ListenerWD -- sendKeys -->
23:14:27.581 INFO  manager.ListenerWD -- sendKeys -->input
23:14:27.760 INFO  manager.ListenerWD -- sendKeys -->
23:14:27.765 INFO  manager.ListenerWD -- sendKeys -->input
23:14:27.794 INFO  manager.ListenerWD -- sendKeys -->
23:14:27.799 INFO  manager.ListenerWD -- sendKeys -->input
23:14:27.827 INFO  manager.HelperBase -- type in input with locator By.name("email") 
23:14:27.827 INFO  manager.ListenerWD -- Before find element-->By.xpath: //input[@placeholder='Password']
23:14:27.852 INFO  manager.ListenerWD -- After find element-->By.xpath: //input[@placeholder='Password']
23:14:27.861 INFO  manager.ListenerWD -- Location of element-->input
23:14:27.877 INFO  manager.ListenerWD -- Before click element-->inputtext -->
23:14:27.926 INFO  manager.ListenerWD -- After click element-->input
23:14:27.955 INFO  manager.ListenerWD -- sendKeys -->
23:14:27.962 INFO  manager.ListenerWD -- sendKeys -->input
23:14:27.992 INFO  manager.ListenerWD -- sendKeys -->
23:14:27.997 INFO  manager.ListenerWD -- sendKeys -->input
23:14:28.028 INFO  manager.ListenerWD -- sendKeys -->
23:14:28.031 INFO  manager.ListenerWD -- sendKeys -->input
23:14:28.096 INFO  manager.ListenerWD -- Before find element-->By.xpath: //button[text()='Login']
23:14:28.128 INFO  manager.ListenerWD -- After find element-->By.xpath: //button[text()='Login']
23:14:28.130 INFO  manager.ListenerWD -- Location of element-->button
23:14:28.159 INFO  manager.ListenerWD -- Before click element-->buttontext -->Login
23:14:28.516 INFO  tests.TestBase -- Assert check is element button 'Sign out' present
23:14:28.532 INFO  tests.TestBase -- ==============================================
23:14:28.532 INFO  tests.TestBase -- Name of method (test) -->loginSuccess
23:14:28.580 INFO  manager.ListenerWD -- Before find element-->By.xpath: //button[text()='Sign Out']
23:14:28.620 INFO  manager.ListenerWD -- After find element-->By.xpath: //button[text()='Sign Out']
23:14:28.631 INFO  manager.ListenerWD -- Location of element-->button
23:14:28.631 INFO  manager.ListenerWD -- Before click element-->buttontext -->Sign Out
23:14:28.675 INFO  tests.TestBase -- Before method finished logout
23:14:28.677 INFO  tests.TestBase -- Start test with name 'loginSuccess'
23:14:28.678 INFO  tests.TestBase -- Test data ---> email: art276@art.com & password: $Art1$2$3456789
23:14:28.678 INFO  manager.ListenerWD -- Before find element-->By.cssSelector: a[href='/login']
23:14:28.726 INFO  manager.ListenerWD -- After find element-->By.cssSelector: a[href='/login']
23:14:28.726 INFO  manager.ListenerWD -- Location of element-->a
23:14:28.742 INFO  manager.ListenerWD -- Before click element-->atext -->LOGIN
23:14:28.814 INFO  manager.ListenerWD -- After click element-->a
23:14:28.814 INFO  manager.HelperBase -- Open form by ckick on button with locator a[href='/login']
23:14:28.815 INFO  manager.ListenerWD -- Before find element-->By.name: email
23:14:28.826 INFO  manager.ListenerWD -- After find element-->By.name: email
23:14:28.864 INFO  manager.ListenerWD -- Location of element-->input
23:14:28.883 INFO  manager.ListenerWD -- Before click element-->inputtext -->
23:14:28.936 INFO  manager.ListenerWD -- After click element-->input
23:14:28.962 INFO  manager.ListenerWD -- sendKeys -->
23:14:28.978 INFO  manager.ListenerWD -- sendKeys -->input
23:14:29.025 INFO  manager.ListenerWD -- sendKeys -->
23:14:29.025 INFO  manager.ListenerWD -- sendKeys -->input
23:14:29.073 INFO  manager.ListenerWD -- sendKeys -->
23:14:29.076 INFO  manager.ListenerWD -- sendKeys -->input
23:14:29.092 INFO  manager.HelperBase -- type in input with locator By.name("email") 
23:14:29.092 INFO  manager.ListenerWD -- Before find element-->By.xpath: //input[@placeholder='Password']
23:14:29.105 INFO  manager.ListenerWD -- After find element-->By.xpath: //input[@placeholder='Password']
23:14:29.110 INFO  manager.ListenerWD -- Location of element-->input
23:14:29.116 INFO  manager.ListenerWD -- Before click element-->inputtext -->
23:14:29.149 INFO  manager.ListenerWD -- After click element-->input
23:14:29.159 INFO  manager.ListenerWD -- sendKeys -->
23:14:29.164 INFO  manager.ListenerWD -- sendKeys -->input
23:14:29.186 INFO  manager.ListenerWD -- sendKeys -->
23:14:29.191 INFO  manager.ListenerWD -- sendKeys -->input
23:14:29.212 INFO  manager.ListenerWD -- sendKeys -->
23:14:29.217 INFO  manager.ListenerWD -- sendKeys -->input
23:14:29.234 INFO  manager.ListenerWD -- Before find element-->By.xpath: //button[text()='Login']
23:14:29.270 INFO  manager.ListenerWD -- After find element-->By.xpath: //button[text()='Login']
23:14:29.276 INFO  manager.ListenerWD -- Location of element-->button
23:14:29.299 INFO  manager.ListenerWD -- Before click element-->buttontext -->Login
23:14:29.691 INFO  tests.TestBase -- Assert check is element button 'Sign out' present
23:14:29.691 INFO  tests.TestBase -- ==============================================
23:14:29.707 INFO  tests.TestBase -- Name of method (test) -->loginSuccess1
23:14:29.723 INFO  manager.ListenerWD -- Before find element-->By.xpath: //button[text()='Sign Out']
23:14:29.755 INFO  manager.ListenerWD -- After find element-->By.xpath: //button[text()='Sign Out']
23:14:29.787 INFO  manager.ListenerWD -- Location of element-->button
23:14:29.806 INFO  manager.ListenerWD -- Before click element-->buttontext -->Sign Out
23:14:29.874 INFO  tests.TestBase -- Before method finished logout
23:14:29.880 INFO  manager.ListenerWD -- Before find element-->By.cssSelector: a[href='/login']
23:14:29.911 INFO  manager.ListenerWD -- After find element-->By.cssSelector: a[href='/login']
23:14:29.911 INFO  manager.ListenerWD -- Location of element-->a
23:14:29.958 INFO  manager.ListenerWD -- Before click element-->atext -->LOGIN
23:14:30.024 INFO  manager.ListenerWD -- After click element-->a
23:14:30.024 INFO  manager.HelperBase -- Open form by ckick on button with locator a[href='/login']
23:14:30.024 INFO  manager.ListenerWD -- Before find element-->By.name: email
23:14:30.050 INFO  manager.ListenerWD -- After find element-->By.name: email
23:14:30.059 INFO  manager.ListenerWD -- Location of element-->input
23:14:30.071 INFO  manager.ListenerWD -- Before click element-->inputtext -->
23:14:30.147 INFO  manager.ListenerWD -- After click element-->input
23:14:30.168 INFO  manager.ListenerWD -- sendKeys -->
23:14:30.168 INFO  manager.ListenerWD -- sendKeys -->input
23:14:30.214 INFO  manager.ListenerWD -- sendKeys -->
23:14:30.214 INFO  manager.ListenerWD -- sendKeys -->input
23:14:30.244 INFO  manager.ListenerWD -- sendKeys -->
23:14:30.245 INFO  manager.ListenerWD -- sendKeys -->input
23:14:30.268 INFO  manager.ListenerWD -- Before find element-->By.xpath: //input[@placeholder='Password']
23:14:30.286 INFO  manager.ListenerWD -- After find element-->By.xpath: //input[@placeholder='Password']
23:14:30.298 INFO  manager.ListenerWD -- Location of element-->input
23:14:30.310 INFO  manager.ListenerWD -- Before click element-->inputtext -->
23:14:30.358 INFO  manager.ListenerWD -- After click element-->input
23:14:30.386 INFO  manager.ListenerWD -- sendKeys -->
23:14:30.391 INFO  manager.ListenerWD -- sendKeys -->input
23:14:30.417 INFO  manager.ListenerWD -- sendKeys -->
23:14:30.422 INFO  manager.ListenerWD -- sendKeys -->input
23:14:30.449 INFO  manager.ListenerWD -- sendKeys -->
23:14:30.454 INFO  manager.ListenerWD -- sendKeys -->input
23:14:30.478 INFO  manager.ListenerWD -- Before find element-->By.xpath: //button[text()='Login']
23:14:30.498 INFO  manager.ListenerWD -- After find element-->By.xpath: //button[text()='Login']
23:14:30.504 INFO  manager.ListenerWD -- Location of element-->button
23:14:30.519 INFO  manager.ListenerWD -- Before click element-->buttontext -->Login
23:14:30.942 INFO  tests.TestBase -- ==============================================
23:14:30.958 INFO  tests.TestBase -- Name of method (test) -->loginSuccessModel
23:14:30.989 INFO  manager.ListenerWD -- Before find element-->By.xpath: //button[text()='Sign Out']
23:14:31.021 INFO  manager.ListenerWD -- After find element-->By.xpath: //button[text()='Sign Out']
23:14:31.037 INFO  manager.ListenerWD -- Location of element-->button
23:14:31.053 INFO  manager.ListenerWD -- Before click element-->buttontext -->Sign Out
23:14:31.102 INFO  tests.TestBase -- Before method finished logout
23:14:31.111 INFO  tests.TestBase -- Test data---> User{email='lolik@gmail.com', password='Lolik123!'}
23:14:31.112 INFO  manager.ListenerWD -- Before find element-->By.cssSelector: a[href='/login']
23:14:31.132 INFO  manager.ListenerWD -- After find element-->By.cssSelector: a[href='/login']
23:14:31.150 INFO  manager.ListenerWD -- Location of element-->a
23:14:31.163 INFO  manager.ListenerWD -- Before click element-->atext -->LOGIN
23:14:31.212 INFO  manager.ListenerWD -- After click element-->a
23:14:31.212 INFO  manager.HelperBase -- Open form by ckick on button with locator a[href='/login']
23:14:31.212 INFO  manager.ListenerWD -- Before find element-->By.name: email
23:14:31.234 INFO  manager.ListenerWD -- After find element-->By.name: email
23:14:31.237 INFO  manager.ListenerWD -- Location of element-->input
23:14:31.243 INFO  manager.ListenerWD -- Before click element-->inputtext -->
23:14:31.277 INFO  manager.ListenerWD -- After click element-->input
23:14:31.291 INFO  manager.ListenerWD -- sendKeys -->
23:14:31.294 INFO  manager.ListenerWD -- sendKeys -->input
23:14:31.310 INFO  manager.ListenerWD -- sendKeys -->
23:14:31.312 INFO  manager.ListenerWD -- sendKeys -->input
23:14:31.330 INFO  manager.ListenerWD -- sendKeys -->
23:14:31.332 INFO  manager.ListenerWD -- sendKeys -->input
23:14:31.348 INFO  manager.ListenerWD -- Before find element-->By.xpath: //input[@placeholder='Password']
23:14:31.361 INFO  manager.ListenerWD -- After find element-->By.xpath: //input[@placeholder='Password']
23:14:31.368 INFO  manager.ListenerWD -- Location of element-->input
23:14:31.374 INFO  manager.ListenerWD -- Before click element-->inputtext -->
23:14:31.402 INFO  manager.ListenerWD -- After click element-->input
23:14:31.418 INFO  manager.ListenerWD -- sendKeys -->
23:14:31.419 INFO  manager.ListenerWD -- sendKeys -->input
23:14:31.438 INFO  manager.ListenerWD -- sendKeys -->
23:14:31.440 INFO  manager.ListenerWD -- sendKeys -->input
23:14:31.457 INFO  manager.ListenerWD -- sendKeys -->
23:14:31.459 INFO  manager.ListenerWD -- sendKeys -->input
23:14:31.481 INFO  manager.ListenerWD -- Before find element-->By.xpath: //button[text()='Login']
23:14:31.504 INFO  manager.ListenerWD -- After find element-->By.xpath: //button[text()='Login']
23:14:31.516 INFO  manager.ListenerWD -- Location of element-->button
23:14:31.577 INFO  manager.ListenerWD -- Before click element-->buttontext -->Login
23:14:32.043 INFO  tests.TestBase -- Assert check is element button 'Sign out' present
23:14:32.056 INFO  tests.TestBase -- ==============================================
23:14:32.059 INFO  tests.TestBase -- Name of method (test) -->loginSuccessModel
23:14:32.110 INFO  manager.ListenerWD -- Before find element-->By.xpath: //button[text()='Sign Out']
23:14:32.138 INFO  manager.ListenerWD -- After find element-->By.xpath: //button[text()='Sign Out']
23:14:32.154 INFO  manager.ListenerWD -- Location of element-->button
23:14:32.170 INFO  manager.ListenerWD -- Before click element-->buttontext -->Sign Out
23:14:32.245 INFO  tests.TestBase -- Before method finished logout
23:14:32.251 INFO  tests.TestBase -- Test data---> User{email='sonya@gmail.com', password='Ss12345$'}
23:14:32.252 INFO  manager.ListenerWD -- Before find element-->By.cssSelector: a[href='/login']
23:14:32.272 INFO  manager.ListenerWD -- After find element-->By.cssSelector: a[href='/login']
23:14:32.288 INFO  manager.ListenerWD -- Location of element-->a
23:14:32.310 INFO  manager.ListenerWD -- Before click element-->atext -->LOGIN
23:14:32.364 INFO  manager.ListenerWD -- After click element-->a
23:14:32.364 INFO  manager.HelperBase -- Open form by ckick on button with locator a[href='/login']
23:14:32.364 INFO  manager.ListenerWD -- Before find element-->By.name: email
23:14:32.393 INFO  manager.ListenerWD -- After find element-->By.name: email
23:14:32.400 INFO  manager.ListenerWD -- Location of element-->input
23:14:32.415 INFO  manager.ListenerWD -- Before click element-->inputtext -->
23:14:32.465 INFO  manager.ListenerWD -- After click element-->input
23:14:32.486 INFO  manager.ListenerWD -- sendKeys -->
23:14:32.495 INFO  manager.ListenerWD -- sendKeys -->input
23:14:32.525 INFO  manager.ListenerWD -- sendKeys -->
23:14:32.529 INFO  manager.ListenerWD -- sendKeys -->input
23:14:32.559 INFO  manager.ListenerWD -- sendKeys -->
23:14:32.562 INFO  manager.ListenerWD -- sendKeys -->input
23:14:32.591 INFO  manager.ListenerWD -- Before find element-->By.xpath: //input[@placeholder='Password']
23:14:32.606 INFO  manager.ListenerWD -- After find element-->By.xpath: //input[@placeholder='Password']
23:14:32.611 INFO  manager.ListenerWD -- Location of element-->input
23:14:32.625 INFO  manager.ListenerWD -- Before click element-->inputtext -->
23:14:32.666 INFO  manager.ListenerWD -- After click element-->input
23:14:32.685 INFO  manager.ListenerWD -- sendKeys -->
23:14:32.685 INFO  manager.ListenerWD -- sendKeys -->input
23:14:32.705 INFO  manager.ListenerWD -- sendKeys -->
23:14:32.709 INFO  manager.ListenerWD -- sendKeys -->input
23:14:32.725 INFO  manager.ListenerWD -- sendKeys -->
23:14:32.728 INFO  manager.ListenerWD -- sendKeys -->input
23:14:32.745 INFO  manager.ListenerWD -- Before find element-->By.xpath: //button[text()='Login']
23:14:32.761 INFO  manager.ListenerWD -- After find element-->By.xpath: //button[text()='Login']
23:14:32.764 INFO  manager.ListenerWD -- Location of element-->button
23:14:32.778 INFO  manager.ListenerWD -- Before click element-->buttontext -->Login
23:14:33.092 INFO  tests.TestBase -- Assert check is element button 'Sign out' present
23:14:33.108 INFO  tests.TestBase -- ==============================================
23:14:33.111 INFO  tests.TestBase -- Name of method (test) -->loginSuccessModelDPF
23:14:33.139 INFO  manager.ListenerWD -- Before find element-->By.xpath: //button[text()='Sign Out']
23:14:33.177 INFO  manager.ListenerWD -- After find element-->By.xpath: //button[text()='Sign Out']
23:14:33.177 INFO  manager.ListenerWD -- Location of element-->button
23:14:33.186 INFO  manager.ListenerWD -- Before click element-->buttontext -->Sign Out
23:14:33.226 INFO  tests.TestBase -- Before method finished logout
23:14:33.228 INFO  tests.TestBase -- Test data---> User{email='lolik@gmail.com', password='Lolik123!'}
23:14:33.228 INFO  manager.ListenerWD -- Before find element-->By.cssSelector: a[href='/login']
23:14:33.253 INFO  manager.ListenerWD -- After find element-->By.cssSelector: a[href='/login']
23:14:33.269 INFO  manager.ListenerWD -- Location of element-->a
23:14:33.312 INFO  manager.ListenerWD -- Before click element-->atext -->LOGIN
23:14:33.386 INFO  manager.ListenerWD -- After click element-->a
23:14:33.386 INFO  manager.HelperBase -- Open form by ckick on button with locator a[href='/login']
23:14:33.386 INFO  manager.ListenerWD -- Before find element-->By.name: email
23:14:33.414 INFO  manager.ListenerWD -- After find element-->By.name: email
23:14:33.422 INFO  manager.ListenerWD -- Location of element-->input
23:14:33.437 INFO  manager.ListenerWD -- Before click element-->inputtext -->
23:14:33.469 INFO  manager.ListenerWD -- After click element-->input
23:14:33.489 INFO  manager.ListenerWD -- sendKeys -->
23:14:33.491 INFO  manager.ListenerWD -- sendKeys -->input
23:14:33.509 INFO  manager.ListenerWD -- sendKeys -->
23:14:33.512 INFO  manager.ListenerWD -- sendKeys -->input
23:14:33.538 INFO  manager.ListenerWD -- sendKeys -->
23:14:33.549 INFO  manager.ListenerWD -- sendKeys -->input
23:14:33.576 INFO  manager.ListenerWD -- Before find element-->By.xpath: //input[@placeholder='Password']
23:14:33.591 INFO  manager.ListenerWD -- After find element-->By.xpath: //input[@placeholder='Password']
23:14:33.595 INFO  manager.ListenerWD -- Location of element-->input
23:14:33.601 INFO  manager.ListenerWD -- Before click element-->inputtext -->
23:14:33.632 INFO  manager.ListenerWD -- After click element-->input
23:14:33.649 INFO  manager.ListenerWD -- sendKeys -->
23:14:33.649 INFO  manager.ListenerWD -- sendKeys -->input
23:14:33.662 INFO  manager.ListenerWD -- sendKeys -->
23:14:33.669 INFO  manager.ListenerWD -- sendKeys -->input
23:14:33.679 INFO  manager.ListenerWD -- sendKeys -->
23:14:33.686 INFO  manager.ListenerWD -- sendKeys -->input
23:14:33.699 INFO  manager.ListenerWD -- Before find element-->By.xpath: //button[text()='Login']
23:14:33.708 INFO  manager.ListenerWD -- After find element-->By.xpath: //button[text()='Login']
23:14:33.712 INFO  manager.ListenerWD -- Location of element-->button
23:14:33.715 INFO  manager.ListenerWD -- Before click element-->buttontext -->Login
23:14:34.089 INFO  tests.TestBase -- Assert check is element button 'Sign out' present
23:14:34.092 INFO  tests.TestBase -- ==============================================
23:14:34.092 INFO  tests.TestBase -- Name of method (test) -->loginSuccessModelDPF
23:14:34.123 INFO  manager.ListenerWD -- Before find element-->By.xpath: //button[text()='Sign Out']
23:14:34.171 INFO  manager.ListenerWD -- After find element-->By.xpath: //button[text()='Sign Out']
23:14:34.187 INFO  manager.ListenerWD -- Location of element-->button
23:14:34.213 INFO  manager.ListenerWD -- Before click element-->buttontext -->Sign Out
23:14:34.244 INFO  tests.TestBase -- Before method finished logout
23:14:34.252 INFO  tests.TestBase -- Test data---> User{email='sonya@gmail.com', password='Ss12345$'}
23:14:34.252 INFO  manager.ListenerWD -- Before find element-->By.cssSelector: a[href='/login']
23:14:34.281 INFO  manager.ListenerWD -- After find element-->By.cssSelector: a[href='/login']
23:14:34.288 INFO  manager.ListenerWD -- Location of element-->a
23:14:34.291 INFO  manager.ListenerWD -- Before click element-->atext -->LOGIN
23:14:34.351 INFO  manager.ListenerWD -- After click element-->a
23:14:34.351 INFO  manager.HelperBase -- Open form by ckick on button with locator a[href='/login']
23:14:34.351 INFO  manager.ListenerWD -- Before find element-->By.name: email
23:14:34.365 INFO  manager.ListenerWD -- After find element-->By.name: email
23:14:34.365 INFO  manager.ListenerWD -- Location of element-->input
23:14:34.435 INFO  manager.ListenerWD -- Before click element-->inputtext -->
23:14:34.603 INFO  manager.ListenerWD -- After click element-->input
23:14:34.626 INFO  manager.ListenerWD -- sendKeys -->
23:14:34.626 INFO  manager.ListenerWD -- sendKeys -->input
23:14:34.649 INFO  manager.ListenerWD -- sendKeys -->
23:14:34.651 INFO  manager.ListenerWD -- sendKeys -->input
23:14:34.661 INFO  manager.ListenerWD -- sendKeys -->
23:14:34.668 INFO  manager.ListenerWD -- sendKeys -->input
23:14:34.681 INFO  manager.ListenerWD -- Before find element-->By.xpath: //input[@placeholder='Password']
23:14:34.693 INFO  manager.ListenerWD -- After find element-->By.xpath: //input[@placeholder='Password']
23:14:34.716 INFO  manager.ListenerWD -- Location of element-->input
23:14:34.806 INFO  manager.ListenerWD -- Before click element-->inputtext -->
23:14:34.845 INFO  manager.ListenerWD -- After click element-->input
23:14:34.860 INFO  manager.ListenerWD -- sendKeys -->
23:14:34.870 INFO  manager.ListenerWD -- sendKeys -->input
23:14:34.889 INFO  manager.ListenerWD -- sendKeys -->
23:14:34.892 INFO  manager.ListenerWD -- sendKeys -->input
23:14:34.907 INFO  manager.ListenerWD -- sendKeys -->
23:14:34.909 INFO  manager.ListenerWD -- sendKeys -->input
23:14:34.929 INFO  manager.ListenerWD -- Before find element-->By.xpath: //button[text()='Login']
23:14:34.936 INFO  manager.ListenerWD -- After find element-->By.xpath: //button[text()='Login']
23:14:34.940 INFO  manager.ListenerWD -- Location of element-->button
23:14:34.950 INFO  manager.ListenerWD -- Before click element-->buttontext -->Login
23:14:35.359 INFO  tests.TestBase -- Assert check is element button 'Sign out' present
23:14:35.359 INFO  tests.TestBase -- ==============================================
23:14:35.359 INFO  tests.TestBase -- Name of method (test) -->loginSuccessModelDPF
23:14:35.390 INFO  manager.ListenerWD -- Before find element-->By.xpath: //button[text()='Sign Out']
23:14:35.396 INFO  manager.ListenerWD -- After find element-->By.xpath: //button[text()='Sign Out']
23:14:35.396 INFO  manager.ListenerWD -- Location of element-->button
23:14:35.406 INFO  manager.ListenerWD -- Before click element-->buttontext -->Sign Out
23:14:35.438 INFO  tests.TestBase -- Before method finished logout
23:14:35.446 INFO  tests.TestBase -- Test data---> User{email='lolik@gmail.com', password='Lolik123!'}
23:14:35.446 INFO  manager.ListenerWD -- Before find element-->By.cssSelector: a[href='/login']
23:14:35.481 INFO  manager.ListenerWD -- After find element-->By.cssSelector: a[href='/login']
23:14:35.497 INFO  manager.ListenerWD -- Location of element-->a
23:14:35.529 INFO  manager.ListenerWD -- Before click element-->atext -->LOGIN
23:14:35.590 INFO  manager.ListenerWD -- After click element-->a
23:14:35.590 INFO  manager.HelperBase -- Open form by ckick on button with locator a[href='/login']
23:14:35.590 INFO  manager.ListenerWD -- Before find element-->By.name: email
23:14:35.613 INFO  manager.ListenerWD -- After find element-->By.name: email
23:14:35.619 INFO  manager.ListenerWD -- Location of element-->input
23:14:35.625 INFO  manager.ListenerWD -- Before click element-->inputtext -->
23:14:35.663 INFO  manager.ListenerWD -- After click element-->input
23:14:35.673 INFO  manager.ListenerWD -- sendKeys -->
23:14:35.673 INFO  manager.ListenerWD -- sendKeys -->input
23:14:35.730 INFO  manager.ListenerWD -- sendKeys -->
23:14:35.732 INFO  manager.ListenerWD -- sendKeys -->input
23:14:35.748 INFO  manager.ListenerWD -- sendKeys -->
23:14:35.750 INFO  manager.ListenerWD -- sendKeys -->input
23:14:35.779 INFO  manager.ListenerWD -- Before find element-->By.xpath: //input[@placeholder='Password']
23:14:35.801 INFO  manager.ListenerWD -- After find element-->By.xpath: //input[@placeholder='Password']
23:14:35.861 INFO  manager.ListenerWD -- Location of element-->input
23:14:35.879 INFO  manager.ListenerWD -- Before click element-->inputtext -->
23:14:35.909 INFO  manager.ListenerWD -- After click element-->input
23:14:35.924 INFO  manager.ListenerWD -- sendKeys -->
23:14:35.925 INFO  manager.ListenerWD -- sendKeys -->input
23:14:35.941 INFO  manager.ListenerWD -- sendKeys -->
23:14:35.943 INFO  manager.ListenerWD -- sendKeys -->input
23:14:35.983 INFO  manager.ListenerWD -- sendKeys -->
23:14:35.987 INFO  manager.ListenerWD -- sendKeys -->input
23:14:36.010 INFO  manager.ListenerWD -- Before find element-->By.xpath: //button[text()='Login']
23:14:36.026 INFO  manager.ListenerWD -- After find element-->By.xpath: //button[text()='Login']
23:14:36.031 INFO  manager.ListenerWD -- Location of element-->button
23:14:36.040 INFO  manager.ListenerWD -- Before click element-->buttontext -->Login
23:14:36.491 INFO  tests.TestBase -- Assert check is element button 'Sign out' present
23:14:36.491 INFO  tests.TestBase -- ==============================================
23:14:36.491 INFO  tests.TestBase -- Name of method (test) -->loginUnregisteredUser
23:14:36.523 INFO  manager.ListenerWD -- Before find element-->By.xpath: //button[text()='Sign Out']
23:14:36.555 INFO  manager.ListenerWD -- After find element-->By.xpath: //button[text()='Sign Out']
23:14:36.571 INFO  manager.ListenerWD -- Location of element-->button
23:14:36.587 INFO  manager.ListenerWD -- Before click element-->buttontext -->Sign Out
23:14:36.658 INFO  tests.TestBase -- Before method finished logout
23:14:36.662 INFO  tests.TestBase -- Test data --> email:'loli_k@mail.ru & password: Lolik123!
23:14:36.662 INFO  manager.ListenerWD -- Before find element-->By.cssSelector: a[href='/login']
23:14:36.667 INFO  manager.ListenerWD -- After find element-->By.cssSelector: a[href='/login']
23:14:36.683 INFO  manager.ListenerWD -- Location of element-->a
23:14:36.699 INFO  manager.ListenerWD -- Before click element-->atext -->LOGIN
23:14:36.744 INFO  manager.ListenerWD -- After click element-->a
23:14:36.744 INFO  manager.HelperBase -- Open form by ckick on button with locator a[href='/login']
23:14:36.744 INFO  manager.ListenerWD -- Before find element-->By.name: email
23:14:36.764 INFO  manager.ListenerWD -- After find element-->By.name: email
23:14:36.767 INFO  manager.ListenerWD -- Location of element-->input
23:14:36.776 INFO  manager.ListenerWD -- Before click element-->inputtext -->
23:14:36.824 INFO  manager.ListenerWD -- After click element-->input
23:14:36.848 INFO  manager.ListenerWD -- sendKeys -->
23:14:36.851 INFO  manager.ListenerWD -- sendKeys -->input
23:14:36.868 INFO  manager.ListenerWD -- sendKeys -->
23:14:36.870 INFO  manager.ListenerWD -- sendKeys -->input
23:14:36.885 INFO  manager.ListenerWD -- sendKeys -->
23:14:36.887 INFO  manager.ListenerWD -- sendKeys -->input
23:14:36.903 INFO  manager.HelperBase -- type in input with locator By.name("email") 
23:14:36.903 INFO  manager.ListenerWD -- Before find element-->By.xpath: //input[@placeholder='Password']
23:14:36.912 INFO  manager.ListenerWD -- After find element-->By.xpath: //input[@placeholder='Password']
23:14:36.915 INFO  manager.ListenerWD -- Location of element-->input
23:14:36.920 INFO  manager.ListenerWD -- Before click element-->inputtext -->
23:14:36.954 INFO  manager.ListenerWD -- After click element-->input
23:14:36.970 INFO  manager.ListenerWD -- sendKeys -->
23:14:36.970 INFO  manager.ListenerWD -- sendKeys -->input
23:14:36.991 INFO  manager.ListenerWD -- sendKeys -->
23:14:36.993 INFO  manager.ListenerWD -- sendKeys -->input
23:14:37.011 INFO  manager.ListenerWD -- sendKeys -->
23:14:37.043 INFO  manager.ListenerWD -- sendKeys -->input
23:14:37.062 INFO  manager.ListenerWD -- Before find element-->By.xpath: //button[text()='Login']
23:14:37.071 INFO  manager.ListenerWD -- After find element-->By.xpath: //button[text()='Login']
23:14:37.074 INFO  manager.ListenerWD -- Location of element-->button
23:14:37.079 INFO  manager.ListenerWD -- Before click element-->buttontext -->Login
23:14:37.163 INFO  manager.ListenerWD -- Huston, we have a problem!
23:14:37.163 INFO  manager.ListenerWD -- Failed method:alert
23:14:37.163 INFO  manager.ListenerWD -- **********************
23:14:37.163 INFO  manager.ListenerWD -- Arguments:null
23:14:37.163 INFO  manager.ListenerWD -- **********************
23:14:37.163 INFO  manager.ListenerWD -- Exception:NoAlertPresentException
23:14:37.163 INFO  manager.ListenerWD -- **********************
23:14:37.163 INFO  manager.ListenerWD -- Messageno such alert
  (Session info: chrome=149.0.7827.103)
Build info: version: '4.26.0', revision: '8ccf0219d7'
System info: os.name: 'Windows 11', os.arch: 'amd64', os.version: '10.0', java.version: '21.0.10'
Driver info: org.openqa.selenium.chrome.ChromeDriver
Command: [8d0c9f722491caf3f2d10605425ebf13, getAlertText {}]
Capabilities {acceptInsecureCerts: false, browserName: chrome, browserVersion: 149.0.7827.103, chrome: {chromedriverVersion: 149.0.7827.55 (3188f8a607ae..., userDataDir: C:\Users\Nina\AppData\Local...}, fedcm:accounts: true, goog:chromeOptions: {debuggerAddress: localhost:59973}, goog:processID: 30440, networkConnectionEnabled: false, pageLoadStrategy: normal, platformName: windows, proxy: Proxy(), se:cdp: ws://localhost:59973/devtoo..., se:cdpVersion: 149.0.7827.103, setWindowRect: true, strictFileInteractability: false, timeouts: {implicit: 0, pageLoad: 300000, script: 30000}, unhandledPromptBehavior: dismiss and notify, webauthn:extension:credBlob: true, webauthn:extension:largeBlob: true, webauthn:extension:minPinLength: true, webauthn:extension:prf: true, webauthn:virtualAuthenticators: true}
Session ID: 8d0c9f722491caf3f2d10605425ebf13
23:14:37.163 INFO  manager.ListenerWD -- **********************
23:14:37.163 INFO  manager.ListenerWD -- Screen with error is --->src/test/screenshots/screen_1242.png
23:14:37.706 INFO  manager.ListenerWD -- Huston, we have a problem!
23:14:37.706 INFO  manager.ListenerWD -- Failed method:alert
23:14:37.706 INFO  manager.ListenerWD -- **********************
23:14:37.706 INFO  manager.ListenerWD -- Arguments:null
23:14:37.706 INFO  manager.ListenerWD -- **********************
23:14:37.706 INFO  manager.ListenerWD -- Exception:NoAlertPresentException
23:14:37.706 INFO  manager.ListenerWD -- **********************
23:14:37.706 INFO  manager.ListenerWD -- Messageno such alert
  (Session info: chrome=149.0.7827.103)
Build info: version: '4.26.0', revision: '8ccf0219d7'
System info: os.name: 'Windows 11', os.arch: 'amd64', os.version: '10.0', java.version: '21.0.10'
Driver info: org.openqa.selenium.chrome.ChromeDriver
Command: [8d0c9f722491caf3f2d10605425ebf13, getAlertText {}]
Capabilities {acceptInsecureCerts: false, browserName: chrome, browserVersion: 149.0.7827.103, chrome: {chromedriverVersion: 149.0.7827.55 (3188f8a607ae..., userDataDir: C:\Users\Nina\AppData\Local...}, fedcm:accounts: true, goog:chromeOptions: {debuggerAddress: localhost:59973}, goog:processID: 30440, networkConnectionEnabled: false, pageLoadStrategy: normal, platformName: windows, proxy: Proxy(), se:cdp: ws://localhost:59973/devtoo..., se:cdpVersion: 149.0.7827.103, setWindowRect: true, strictFileInteractability: false, timeouts: {implicit: 0, pageLoad: 300000, script: 30000}, unhandledPromptBehavior: dismiss and notify, webauthn:extension:credBlob: true, webauthn:extension:largeBlob: true, webauthn:extension:minPinLength: true, webauthn:extension:prf: true, webauthn:virtualAuthenticators: true}
Session ID: 8d0c9f722491caf3f2d10605425ebf13
23:14:37.706 INFO  manager.ListenerWD -- **********************
23:14:37.706 INFO  manager.ListenerWD -- Screen with error is --->src/test/screenshots/screen_1253.png
23:14:42.313 INFO  tests.TestBase -- Assert check is alert present with error test 'Wrong email or password' 
23:14:42.317 INFO  tests.TestBase -- ==============================================
23:14:42.321 INFO  tests.TestBase -- Name of method (test) -->loginWrongEmail
23:14:47.345 INFO  tests.TestBase -- Test data --> email:'lolikgmail.com & password: Lolik123!
23:14:47.345 INFO  manager.ListenerWD -- Before find element-->By.cssSelector: a[href='/login']
23:14:47.376 INFO  manager.ListenerWD -- After find element-->By.cssSelector: a[href='/login']
23:14:47.393 INFO  manager.ListenerWD -- Location of element-->a
23:14:47.411 INFO  manager.ListenerWD -- Before click element-->atext -->LOGIN
23:14:47.473 INFO  manager.ListenerWD -- After click element-->a
23:14:47.473 INFO  manager.HelperBase -- Open form by ckick on button with locator a[href='/login']
23:14:47.473 INFO  manager.ListenerWD -- Before find element-->By.name: email
23:14:47.482 INFO  manager.ListenerWD -- After find element-->By.name: email
23:14:47.485 INFO  manager.ListenerWD -- Location of element-->input
23:14:47.490 INFO  manager.ListenerWD -- Before click element-->inputtext -->
23:14:47.533 INFO  manager.ListenerWD -- After click element-->input
23:14:47.554 INFO  manager.ListenerWD -- sendKeys -->
23:14:47.556 INFO  manager.ListenerWD -- sendKeys -->input
23:14:47.575 INFO  manager.ListenerWD -- sendKeys -->
23:14:47.581 INFO  manager.ListenerWD -- sendKeys -->input
23:14:47.593 INFO  manager.ListenerWD -- sendKeys -->
23:14:47.593 INFO  manager.ListenerWD -- sendKeys -->input
23:14:47.611 INFO  manager.HelperBase -- type in input with locator By.name("email") 
23:14:47.611 INFO  manager.ListenerWD -- Before find element-->By.xpath: //input[@placeholder='Password']
23:14:47.620 INFO  manager.ListenerWD -- After find element-->By.xpath: //input[@placeholder='Password']
23:14:47.623 INFO  manager.ListenerWD -- Location of element-->input
23:14:47.628 INFO  manager.ListenerWD -- Before click element-->inputtext -->
23:14:47.656 INFO  manager.ListenerWD -- After click element-->input
23:14:47.666 INFO  manager.ListenerWD -- sendKeys -->
23:14:47.673 INFO  manager.ListenerWD -- sendKeys -->input
23:14:47.697 INFO  manager.ListenerWD -- sendKeys -->
23:14:47.697 INFO  manager.ListenerWD -- sendKeys -->input
23:14:47.714 INFO  manager.ListenerWD -- sendKeys -->
23:14:47.740 INFO  manager.ListenerWD -- sendKeys -->input
23:14:47.759 INFO  manager.ListenerWD -- Before find element-->By.xpath: //button[text()='Login']
23:14:47.770 INFO  manager.ListenerWD -- After find element-->By.xpath: //button[text()='Login']
23:14:47.773 INFO  manager.ListenerWD -- Location of element-->button
23:14:47.825 INFO  manager.ListenerWD -- Before click element-->buttontext -->Login
23:14:47.915 INFO  manager.ListenerWD -- Huston, we have a problem!
23:14:47.915 INFO  manager.ListenerWD -- Failed method:alert
23:14:47.915 INFO  manager.ListenerWD -- **********************
23:14:47.915 INFO  manager.ListenerWD -- Arguments:null
23:14:47.915 INFO  manager.ListenerWD -- **********************
23:14:47.915 INFO  manager.ListenerWD -- Exception:NoAlertPresentException
23:14:47.915 INFO  manager.ListenerWD -- **********************
23:14:47.915 INFO  manager.ListenerWD -- Messageno such alert
  (Session info: chrome=149.0.7827.103)
Build info: version: '4.26.0', revision: '8ccf0219d7'
System info: os.name: 'Windows 11', os.arch: 'amd64', os.version: '10.0', java.version: '21.0.10'
Driver info: org.openqa.selenium.chrome.ChromeDriver
Command: [8d0c9f722491caf3f2d10605425ebf13, getAlertText {}]
Capabilities {acceptInsecureCerts: false, browserName: chrome, browserVersion: 149.0.7827.103, chrome: {chromedriverVersion: 149.0.7827.55 (3188f8a607ae..., userDataDir: C:\Users\Nina\AppData\Local...}, fedcm:accounts: true, goog:chromeOptions: {debuggerAddress: localhost:59973}, goog:processID: 30440, networkConnectionEnabled: false, pageLoadStrategy: normal, platformName: windows, proxy: Proxy(), se:cdp: ws://localhost:59973/devtoo..., se:cdpVersion: 149.0.7827.103, setWindowRect: true, strictFileInteractability: false, timeouts: {implicit: 0, pageLoad: 300000, script: 30000}, unhandledPromptBehavior: dismiss and notify, webauthn:extension:credBlob: true, webauthn:extension:largeBlob: true, webauthn:extension:minPinLength: true, webauthn:extension:prf: true, webauthn:virtualAuthenticators: true}
Session ID: 8d0c9f722491caf3f2d10605425ebf13
23:14:47.915 INFO  manager.ListenerWD -- **********************
23:14:47.915 INFO  manager.ListenerWD -- Screen with error is --->src/test/screenshots/screen_1716.png
23:14:48.466 INFO  tests.TestBase -- Assert check is alert present with error test 'Wrong email or password' 
23:14:48.468 INFO  tests.TestBase -- ==============================================
23:14:48.476 INFO  tests.TestBase -- Name of method (test) -->loginWrongPassword
23:14:53.513 INFO  tests.TestBase -- Test data --> email:'lolik@gmail.com & password: Lolik123
23:14:53.513 INFO  manager.ListenerWD -- Before find element-->By.cssSelector: a[href='/login']
23:14:53.536 INFO  manager.ListenerWD -- After find element-->By.cssSelector: a[href='/login']
23:14:53.550 INFO  manager.ListenerWD -- Location of element-->a
23:14:53.566 INFO  manager.ListenerWD -- Before click element-->atext -->LOGIN
23:14:53.643 INFO  manager.ListenerWD -- After click element-->a
23:14:53.643 INFO  manager.HelperBase -- Open form by ckick on button with locator a[href='/login']
23:14:53.643 INFO  manager.ListenerWD -- Before find element-->By.name: email
23:14:53.653 INFO  manager.ListenerWD -- After find element-->By.name: email
23:14:53.669 INFO  manager.ListenerWD -- Location of element-->input
23:14:53.723 INFO  manager.ListenerWD -- Before click element-->inputtext -->
23:14:53.779 INFO  manager.ListenerWD -- After click element-->input
23:14:53.808 INFO  manager.ListenerWD -- sendKeys -->
23:14:53.818 INFO  manager.ListenerWD -- sendKeys -->input
23:14:53.841 INFO  manager.ListenerWD -- sendKeys -->
23:14:53.844 INFO  manager.ListenerWD -- sendKeys -->input
23:14:53.862 INFO  manager.ListenerWD -- sendKeys -->
23:14:53.864 INFO  manager.ListenerWD -- sendKeys -->input
23:14:53.885 INFO  manager.HelperBase -- type in input with locator By.name("email") 
23:14:53.885 INFO  manager.ListenerWD -- Before find element-->By.xpath: //input[@placeholder='Password']
23:14:53.896 INFO  manager.ListenerWD -- After find element-->By.xpath: //input[@placeholder='Password']
23:14:53.902 INFO  manager.ListenerWD -- Location of element-->input
23:14:53.902 INFO  manager.ListenerWD -- Before click element-->inputtext -->
23:14:53.935 INFO  manager.ListenerWD -- After click element-->input
23:14:53.947 INFO  manager.ListenerWD -- sendKeys -->
23:14:53.950 INFO  manager.ListenerWD -- sendKeys -->input
23:14:53.975 INFO  manager.ListenerWD -- sendKeys -->
23:14:53.977 INFO  manager.ListenerWD -- sendKeys -->input
23:14:53.993 INFO  manager.ListenerWD -- sendKeys -->
23:14:53.998 INFO  manager.ListenerWD -- sendKeys -->input
23:14:54.017 INFO  manager.ListenerWD -- Before find element-->By.xpath: //button[text()='Login']
23:14:54.041 INFO  manager.ListenerWD -- After find element-->By.xpath: //button[text()='Login']
23:14:54.053 INFO  manager.ListenerWD -- Location of element-->button
23:14:54.078 INFO  manager.ListenerWD -- Before click element-->buttontext -->Login
23:14:54.150 INFO  manager.ListenerWD -- Huston, we have a problem!
23:14:54.150 INFO  manager.ListenerWD -- Failed method:alert
23:14:54.150 INFO  manager.ListenerWD -- **********************
23:14:54.150 INFO  manager.ListenerWD -- Arguments:null
23:14:54.150 INFO  manager.ListenerWD -- **********************
23:14:54.150 INFO  manager.ListenerWD -- Exception:NoAlertPresentException
23:14:54.150 INFO  manager.ListenerWD -- **********************
23:14:54.150 INFO  manager.ListenerWD -- Messageno such alert
  (Session info: chrome=149.0.7827.103)
Build info: version: '4.26.0', revision: '8ccf0219d7'
System info: os.name: 'Windows 11', os.arch: 'amd64', os.version: '10.0', java.version: '21.0.10'
Driver info: org.openqa.selenium.chrome.ChromeDriver
Command: [8d0c9f722491caf3f2d10605425ebf13, getAlertText {}]
Capabilities {acceptInsecureCerts: false, browserName: chrome, browserVersion: 149.0.7827.103, chrome: {chromedriverVersion: 149.0.7827.55 (3188f8a607ae..., userDataDir: C:\Users\Nina\AppData\Local...}, fedcm:accounts: true, goog:chromeOptions: {debuggerAddress: localhost:59973}, goog:processID: 30440, networkConnectionEnabled: false, pageLoadStrategy: normal, platformName: windows, proxy: Proxy(), se:cdp: ws://localhost:59973/devtoo..., se:cdpVersion: 149.0.7827.103, setWindowRect: true, strictFileInteractability: false, timeouts: {implicit: 0, pageLoad: 300000, script: 30000}, unhandledPromptBehavior: dismiss and notify, webauthn:extension:credBlob: true, webauthn:extension:largeBlob: true, webauthn:extension:minPinLength: true, webauthn:extension:prf: true, webauthn:virtualAuthenticators: true}
Session ID: 8d0c9f722491caf3f2d10605425ebf13
23:14:54.150 INFO  manager.ListenerWD -- **********************
23:14:54.150 INFO  manager.ListenerWD -- Screen with error is --->src/test/screenshots/screen_1541.png
23:14:54.721 INFO  tests.TestBase -- Assert check is alert present with error test 'Wrong email or password' 
23:14:54.726 INFO  tests.TestBase -- ==============================================
