17:09:31.002 INFO  manager.ApplicationManager -- All tests runs in Chrome Browser
17:09:31.223 INFO  manager.ListenerWD -- Navigate to -->https://telranedu.web.app/
17:09:32.009 INFO  manager.ApplicationManager -- The link --->https://telranedu.web.app/home
17:09:32.022 INFO  manager.TestNGListener -- Start testing  on date-->Sun Jun 07 17:09:32 IDT 2026
17:09:32.043 INFO  tests.TestBase -- Name of method (test)-->loginSuccess
17:09:37.078 INFO  manager.TestNGListener -- Start test -->loginSuccess
17:09:37.079 INFO  tests.TestBase -- Start test with name 'loginSuccess'
17:09:37.079 INFO  tests.TestBase -- Test data ---> email: lolik@gmail.com & password: Lolik123!
17:09:37.079 INFO  manager.ListenerWD -- Before find element-->By.cssSelector: a[href='/login']
17:09:37.099 INFO  manager.ListenerWD -- After find element-->By.cssSelector: a[href='/login']
17:09:37.106 INFO  manager.ListenerWD -- Location of element-->a
17:09:37.116 INFO  manager.ListenerWD -- Before click element-->atext -->LOGIN
17:09:37.161 INFO  manager.ListenerWD -- After click element-->a
17:09:37.162 INFO  manager.HelperBase -- Open form by ckick on button with locator a[href='/login']
17:09:37.162 INFO  manager.ListenerWD -- Before find element-->By.name: email
17:09:37.194 INFO  manager.ListenerWD -- After find element-->By.name: email
17:09:37.200 INFO  manager.ListenerWD -- Location of element-->input
17:09:37.213 INFO  manager.ListenerWD -- Before click element-->inputtext -->
17:09:37.255 INFO  manager.ListenerWD -- After click element-->input
17:09:37.280 INFO  manager.ListenerWD -- sendKeys -->
17:09:37.285 INFO  manager.ListenerWD -- sendKeys -->input
17:09:37.312 INFO  manager.ListenerWD -- sendKeys -->
17:09:37.314 INFO  manager.ListenerWD -- sendKeys -->input
17:09:37.335 INFO  manager.ListenerWD -- sendKeys -->
17:09:37.339 INFO  manager.ListenerWD -- sendKeys -->input
17:09:37.358 INFO  manager.HelperBase -- type in input with locator By.name("email") 
17:09:37.359 INFO  manager.ListenerWD -- Before find element-->By.xpath: //input[@placeholder='Password']
17:09:37.373 INFO  manager.ListenerWD -- After find element-->By.xpath: //input[@placeholder='Password']
17:09:37.376 INFO  manager.ListenerWD -- Location of element-->input
17:09:37.384 INFO  manager.ListenerWD -- Before click element-->inputtext -->
17:09:37.416 INFO  manager.ListenerWD -- After click element-->input
17:09:37.431 INFO  manager.ListenerWD -- sendKeys -->
17:09:37.435 INFO  manager.ListenerWD -- sendKeys -->input
17:09:37.452 INFO  manager.ListenerWD -- sendKeys -->
17:09:37.455 INFO  manager.ListenerWD -- sendKeys -->input
17:09:37.472 INFO  manager.ListenerWD -- sendKeys -->
17:09:37.474 INFO  manager.ListenerWD -- sendKeys -->input
17:09:37.489 INFO  manager.ListenerWD -- Before find element-->By.xpath: //button[text()='Login']
17:09:37.501 INFO  manager.ListenerWD -- After find element-->By.xpath: //button[text()='Login']
17:09:37.504 INFO  manager.ListenerWD -- Location of element-->button
17:09:37.511 INFO  manager.ListenerWD -- Before click element-->buttontext -->Login
17:09:38.935 INFO  tests.TestBase -- Assert check is element button 'Sign out' present
17:09:38.936 INFO  manager.TestNGListener -- Success test -->loginSuccess
17:09:38.937 INFO  tests.TestBase -- ==============================================
17:09:38.937 INFO  tests.TestBase -- Name of method (test)-->loginSuccess
17:09:38.946 INFO  manager.ListenerWD -- Before find element-->By.xpath: //button[text()='Sign Out']
17:09:38.957 INFO  manager.ListenerWD -- After find element-->By.xpath: //button[text()='Sign Out']
17:09:38.961 INFO  manager.ListenerWD -- Location of element-->button
17:09:38.967 INFO  manager.ListenerWD -- Before click element-->buttontext -->Sign Out
17:09:39.000 INFO  tests.TestBase -- Before method finished logout
17:09:39.002 INFO  manager.TestNGListener -- Start test -->loginSuccess
17:09:39.002 INFO  tests.TestBase -- Start test with name 'loginSuccess'
17:09:39.002 INFO  tests.TestBase -- Test data ---> email: sonya@gmail.com & password: Ss12345$
17:09:39.004 INFO  manager.ListenerWD -- Before find element-->By.cssSelector: a[href='/login']
17:09:39.015 INFO  manager.ListenerWD -- After find element-->By.cssSelector: a[href='/login']
17:09:39.022 INFO  manager.ListenerWD -- Location of element-->a
17:09:39.030 INFO  manager.ListenerWD -- Before click element-->atext -->LOGIN
17:09:39.058 INFO  manager.ListenerWD -- After click element-->a
17:09:39.058 INFO  manager.HelperBase -- Open form by ckick on button with locator a[href='/login']
17:09:39.059 INFO  manager.ListenerWD -- Before find element-->By.name: email
17:09:39.070 INFO  manager.ListenerWD -- After find element-->By.name: email
17:09:39.073 INFO  manager.ListenerWD -- Location of element-->input
17:09:39.079 INFO  manager.ListenerWD -- Before click element-->inputtext -->
17:09:39.112 INFO  manager.ListenerWD -- After click element-->input
17:09:39.129 INFO  manager.ListenerWD -- sendKeys -->
17:09:39.132 INFO  manager.ListenerWD -- sendKeys -->input
17:09:39.149 INFO  manager.ListenerWD -- sendKeys -->
17:09:39.151 INFO  manager.ListenerWD -- sendKeys -->input
17:09:39.171 INFO  manager.ListenerWD -- sendKeys -->
17:09:39.173 INFO  manager.ListenerWD -- sendKeys -->input
17:09:39.189 INFO  manager.HelperBase -- type in input with locator By.name("email") 
17:09:39.190 INFO  manager.ListenerWD -- Before find element-->By.xpath: //input[@placeholder='Password']
17:09:39.199 INFO  manager.ListenerWD -- After find element-->By.xpath: //input[@placeholder='Password']
17:09:39.204 INFO  manager.ListenerWD -- Location of element-->input
17:09:39.214 INFO  manager.ListenerWD -- Before click element-->inputtext -->
17:09:39.248 INFO  manager.ListenerWD -- After click element-->input
17:09:39.264 INFO  manager.ListenerWD -- sendKeys -->
17:09:39.267 INFO  manager.ListenerWD -- sendKeys -->input
17:09:39.285 INFO  manager.ListenerWD -- sendKeys -->
17:09:39.288 INFO  manager.ListenerWD -- sendKeys -->input
17:09:39.304 INFO  manager.ListenerWD -- sendKeys -->
17:09:39.308 INFO  manager.ListenerWD -- sendKeys -->input
17:09:39.322 INFO  manager.ListenerWD -- Before find element-->By.xpath: //button[text()='Login']
17:09:39.329 INFO  manager.ListenerWD -- After find element-->By.xpath: //button[text()='Login']
17:09:39.332 INFO  manager.ListenerWD -- Location of element-->button
17:09:39.337 INFO  manager.ListenerWD -- Before click element-->buttontext -->Login
17:09:39.622 INFO  tests.TestBase -- Assert check is element button 'Sign out' present
17:09:39.622 INFO  manager.TestNGListener -- Success test -->loginSuccess
17:09:39.623 INFO  tests.TestBase -- ==============================================
17:09:39.623 INFO  tests.TestBase -- Name of method (test)-->loginSuccess
17:09:39.632 INFO  manager.ListenerWD -- Before find element-->By.xpath: //button[text()='Sign Out']
17:09:39.641 INFO  manager.ListenerWD -- After find element-->By.xpath: //button[text()='Sign Out']
17:09:39.647 INFO  manager.ListenerWD -- Location of element-->button
17:09:39.659 INFO  manager.ListenerWD -- Before click element-->buttontext -->Sign Out
17:09:39.692 INFO  tests.TestBase -- Before method finished logout
17:09:39.692 INFO  manager.TestNGListener -- Start test -->loginSuccess
17:09:39.692 INFO  tests.TestBase -- Start test with name 'loginSuccess'
17:09:39.692 INFO  tests.TestBase -- Test data ---> email: art276@art.com & password: $Art1$2$3456789
17:09:39.693 INFO  manager.ListenerWD -- Before find element-->By.cssSelector: a[href='/login']
17:09:39.701 INFO  manager.ListenerWD -- After find element-->By.cssSelector: a[href='/login']
17:09:39.704 INFO  manager.ListenerWD -- Location of element-->a
17:09:39.712 INFO  manager.ListenerWD -- Before click element-->atext -->LOGIN
17:09:39.738 INFO  manager.ListenerWD -- After click element-->a
17:09:39.739 INFO  manager.HelperBase -- Open form by ckick on button with locator a[href='/login']
17:09:39.739 INFO  manager.ListenerWD -- Before find element-->By.name: email
17:09:39.746 INFO  manager.ListenerWD -- After find element-->By.name: email
17:09:39.749 INFO  manager.ListenerWD -- Location of element-->input
17:09:39.755 INFO  manager.ListenerWD -- Before click element-->inputtext -->
17:09:39.788 INFO  manager.ListenerWD -- After click element-->input
17:09:39.803 INFO  manager.ListenerWD -- sendKeys -->
17:09:39.806 INFO  manager.ListenerWD -- sendKeys -->input
17:09:39.822 INFO  manager.ListenerWD -- sendKeys -->
17:09:39.824 INFO  manager.ListenerWD -- sendKeys -->input
17:09:39.839 INFO  manager.ListenerWD -- sendKeys -->
17:09:39.841 INFO  manager.ListenerWD -- sendKeys -->input
17:09:39.856 INFO  manager.HelperBase -- type in input with locator By.name("email") 
17:09:39.856 INFO  manager.ListenerWD -- Before find element-->By.xpath: //input[@placeholder='Password']
17:09:39.863 INFO  manager.ListenerWD -- After find element-->By.xpath: //input[@placeholder='Password']
17:09:39.866 INFO  manager.ListenerWD -- Location of element-->input
17:09:39.872 INFO  manager.ListenerWD -- Before click element-->inputtext -->
17:09:39.902 INFO  manager.ListenerWD -- After click element-->input
17:09:39.917 INFO  manager.ListenerWD -- sendKeys -->
17:09:39.919 INFO  manager.ListenerWD -- sendKeys -->input
17:09:39.934 INFO  manager.ListenerWD -- sendKeys -->
17:09:39.937 INFO  manager.ListenerWD -- sendKeys -->input
17:09:39.951 INFO  manager.ListenerWD -- sendKeys -->
17:09:39.954 INFO  manager.ListenerWD -- sendKeys -->input
17:09:39.969 INFO  manager.ListenerWD -- Before find element-->By.xpath: //button[text()='Login']
17:09:39.977 INFO  manager.ListenerWD -- After find element-->By.xpath: //button[text()='Login']
17:09:39.980 INFO  manager.ListenerWD -- Location of element-->button
17:09:39.986 INFO  manager.ListenerWD -- Before click element-->buttontext -->Login
17:09:40.270 INFO  tests.TestBase -- Assert check is element button 'Sign out' present
17:09:40.270 INFO  manager.TestNGListener -- Success test -->loginSuccess
17:09:40.271 INFO  tests.TestBase -- ==============================================
17:09:40.272 INFO  tests.TestBase -- Name of method (test)-->loginSuccess1
17:09:40.283 INFO  manager.ListenerWD -- Before find element-->By.xpath: //button[text()='Sign Out']
17:09:40.291 INFO  manager.ListenerWD -- After find element-->By.xpath: //button[text()='Sign Out']
17:09:40.295 INFO  manager.ListenerWD -- Location of element-->button
17:09:40.306 INFO  manager.ListenerWD -- Before click element-->buttontext -->Sign Out
17:09:40.340 INFO  tests.TestBase -- Before method finished logout
17:09:40.341 INFO  manager.TestNGListener -- Start test -->loginSuccess1
17:09:40.341 INFO  manager.ListenerWD -- Before find element-->By.cssSelector: a[href='/login']
17:09:40.351 INFO  manager.ListenerWD -- After find element-->By.cssSelector: a[href='/login']
17:09:40.354 INFO  manager.ListenerWD -- Location of element-->a
17:09:40.361 INFO  manager.ListenerWD -- Before click element-->atext -->LOGIN
17:09:40.389 INFO  manager.ListenerWD -- After click element-->a
17:09:40.389 INFO  manager.HelperBase -- Open form by ckick on button with locator a[href='/login']
17:09:40.389 INFO  manager.ListenerWD -- Before find element-->By.name: email
17:09:40.398 INFO  manager.ListenerWD -- After find element-->By.name: email
17:09:40.401 INFO  manager.ListenerWD -- Location of element-->input
17:09:40.409 INFO  manager.ListenerWD -- Before click element-->inputtext -->
17:09:40.443 INFO  manager.ListenerWD -- After click element-->input
17:09:40.461 INFO  manager.ListenerWD -- sendKeys -->
17:09:40.464 INFO  manager.ListenerWD -- sendKeys -->input
17:09:40.481 INFO  manager.ListenerWD -- sendKeys -->
17:09:40.484 INFO  manager.ListenerWD -- sendKeys -->input
17:09:40.501 INFO  manager.ListenerWD -- sendKeys -->
17:09:40.504 INFO  manager.ListenerWD -- sendKeys -->input
17:09:40.517 INFO  manager.ListenerWD -- Before find element-->By.xpath: //input[@placeholder='Password']
17:09:40.525 INFO  manager.ListenerWD -- After find element-->By.xpath: //input[@placeholder='Password']
17:09:40.527 INFO  manager.ListenerWD -- Location of element-->input
17:09:40.534 INFO  manager.ListenerWD -- Before click element-->inputtext -->
17:09:40.572 INFO  manager.ListenerWD -- After click element-->input
17:09:40.589 INFO  manager.ListenerWD -- sendKeys -->
17:09:40.592 INFO  manager.ListenerWD -- sendKeys -->input
17:09:40.610 INFO  manager.ListenerWD -- sendKeys -->
17:09:40.612 INFO  manager.ListenerWD -- sendKeys -->input
17:09:40.627 INFO  manager.ListenerWD -- sendKeys -->
17:09:40.629 INFO  manager.ListenerWD -- sendKeys -->input
17:09:40.642 INFO  manager.ListenerWD -- Before find element-->By.xpath: //button[text()='Login']
17:09:40.649 INFO  manager.ListenerWD -- After find element-->By.xpath: //button[text()='Login']
17:09:40.652 INFO  manager.ListenerWD -- Location of element-->button
17:09:40.659 INFO  manager.ListenerWD -- Before click element-->buttontext -->Login
17:09:40.938 INFO  manager.TestNGListener -- Success test -->loginSuccess1
17:09:40.939 INFO  tests.TestBase -- ==============================================
17:09:40.941 INFO  tests.TestBase -- Name of method (test)-->loginSuccessModel
17:09:40.950 INFO  manager.ListenerWD -- Before find element-->By.xpath: //button[text()='Sign Out']
17:09:40.958 INFO  manager.ListenerWD -- After find element-->By.xpath: //button[text()='Sign Out']
17:09:40.961 INFO  manager.ListenerWD -- Location of element-->button
17:09:40.968 INFO  manager.ListenerWD -- Before click element-->buttontext -->Sign Out
17:09:41.000 INFO  tests.TestBase -- Before method finished logout
17:09:41.001 INFO  manager.TestNGListener -- Start test -->loginSuccessModel
17:09:41.002 INFO  tests.TestBase -- Test data---> User{email='lolik@gmail.com', password='Lolik123!'}
17:09:41.002 INFO  manager.ListenerWD -- Before find element-->By.cssSelector: a[href='/login']
17:09:41.011 INFO  manager.ListenerWD -- After find element-->By.cssSelector: a[href='/login']
17:09:41.013 INFO  manager.ListenerWD -- Location of element-->a
17:09:41.021 INFO  manager.ListenerWD -- Before click element-->atext -->LOGIN
17:09:41.048 INFO  manager.ListenerWD -- After click element-->a
17:09:41.048 INFO  manager.HelperBase -- Open form by ckick on button with locator a[href='/login']
17:09:41.048 INFO  manager.ListenerWD -- Before find element-->By.name: email
17:09:41.057 INFO  manager.ListenerWD -- After find element-->By.name: email
17:09:41.059 INFO  manager.ListenerWD -- Location of element-->input
17:09:41.065 INFO  manager.ListenerWD -- Before click element-->inputtext -->
17:09:41.096 INFO  manager.ListenerWD -- After click element-->input
17:09:41.112 INFO  manager.ListenerWD -- sendKeys -->
17:09:41.114 INFO  manager.ListenerWD -- sendKeys -->input
17:09:41.129 INFO  manager.ListenerWD -- sendKeys -->
17:09:41.131 INFO  manager.ListenerWD -- sendKeys -->input
17:09:41.146 INFO  manager.ListenerWD -- sendKeys -->
17:09:41.149 INFO  manager.ListenerWD -- sendKeys -->input
17:09:41.163 INFO  manager.ListenerWD -- Before find element-->By.xpath: //input[@placeholder='Password']
17:09:41.170 INFO  manager.ListenerWD -- After find element-->By.xpath: //input[@placeholder='Password']
17:09:41.174 INFO  manager.ListenerWD -- Location of element-->input
17:09:41.179 INFO  manager.ListenerWD -- Before click element-->inputtext -->
17:09:41.219 INFO  manager.ListenerWD -- After click element-->input
17:09:41.234 INFO  manager.ListenerWD -- sendKeys -->
17:09:41.237 INFO  manager.ListenerWD -- sendKeys -->input
17:09:41.253 INFO  manager.ListenerWD -- sendKeys -->
17:09:41.257 INFO  manager.ListenerWD -- sendKeys -->input
17:09:41.272 INFO  manager.ListenerWD -- sendKeys -->
17:09:41.276 INFO  manager.ListenerWD -- sendKeys -->input
17:09:41.290 INFO  manager.ListenerWD -- Before find element-->By.xpath: //button[text()='Login']
17:09:41.297 INFO  manager.ListenerWD -- After find element-->By.xpath: //button[text()='Login']
17:09:41.301 INFO  manager.ListenerWD -- Location of element-->button
17:09:41.308 INFO  manager.ListenerWD -- Before click element-->buttontext -->Login
17:09:41.602 INFO  tests.TestBase -- Assert check is element button 'Sign out' present
17:09:41.602 INFO  manager.TestNGListener -- Success test -->loginSuccessModel
17:09:41.602 INFO  tests.TestBase -- ==============================================
17:09:41.602 INFO  tests.TestBase -- Name of method (test)-->loginSuccessModel
17:09:41.610 INFO  manager.ListenerWD -- Before find element-->By.xpath: //button[text()='Sign Out']
17:09:41.617 INFO  manager.ListenerWD -- After find element-->By.xpath: //button[text()='Sign Out']
17:09:41.620 INFO  manager.ListenerWD -- Location of element-->button
17:09:41.626 INFO  manager.ListenerWD -- Before click element-->buttontext -->Sign Out
17:09:41.656 INFO  tests.TestBase -- Before method finished logout
17:09:41.656 INFO  manager.TestNGListener -- Start test -->loginSuccessModel
17:09:41.657 INFO  tests.TestBase -- Test data---> User{email='sonya@gmail.com', password='Ss12345$'}
17:09:41.657 INFO  manager.ListenerWD -- Before find element-->By.cssSelector: a[href='/login']
17:09:41.665 INFO  manager.ListenerWD -- After find element-->By.cssSelector: a[href='/login']
17:09:41.667 INFO  manager.ListenerWD -- Location of element-->a
17:09:41.672 INFO  manager.ListenerWD -- Before click element-->atext -->LOGIN
17:09:41.696 INFO  manager.ListenerWD -- After click element-->a
17:09:41.696 INFO  manager.HelperBase -- Open form by ckick on button with locator a[href='/login']
17:09:41.696 INFO  manager.ListenerWD -- Before find element-->By.name: email
17:09:41.702 INFO  manager.ListenerWD -- After find element-->By.name: email
17:09:41.707 INFO  manager.ListenerWD -- Location of element-->input
17:09:41.711 INFO  manager.ListenerWD -- Before click element-->inputtext -->
17:09:41.742 INFO  manager.ListenerWD -- After click element-->input
17:09:41.757 INFO  manager.ListenerWD -- sendKeys -->
17:09:41.759 INFO  manager.ListenerWD -- sendKeys -->input
17:09:41.773 INFO  manager.ListenerWD -- sendKeys -->
17:09:41.774 INFO  manager.ListenerWD -- sendKeys -->input
17:09:41.789 INFO  manager.ListenerWD -- sendKeys -->
17:09:41.791 INFO  manager.ListenerWD -- sendKeys -->input
17:09:41.805 INFO  manager.ListenerWD -- Before find element-->By.xpath: //input[@placeholder='Password']
17:09:41.811 INFO  manager.ListenerWD -- After find element-->By.xpath: //input[@placeholder='Password']
17:09:41.813 INFO  manager.ListenerWD -- Location of element-->input
17:09:41.819 INFO  manager.ListenerWD -- Before click element-->inputtext -->
17:09:41.849 INFO  manager.ListenerWD -- After click element-->input
17:09:41.863 INFO  manager.ListenerWD -- sendKeys -->
17:09:41.865 INFO  manager.ListenerWD -- sendKeys -->input
17:09:41.879 INFO  manager.ListenerWD -- sendKeys -->
17:09:41.881 INFO  manager.ListenerWD -- sendKeys -->input
17:09:41.895 INFO  manager.ListenerWD -- sendKeys -->
17:09:41.898 INFO  manager.ListenerWD -- sendKeys -->input
17:09:41.910 INFO  manager.ListenerWD -- Before find element-->By.xpath: //button[text()='Login']
17:09:41.917 INFO  manager.ListenerWD -- After find element-->By.xpath: //button[text()='Login']
17:09:41.921 INFO  manager.ListenerWD -- Location of element-->button
17:09:41.927 INFO  manager.ListenerWD -- Before click element-->buttontext -->Login
17:09:42.211 INFO  tests.TestBase -- Assert check is element button 'Sign out' present
17:09:42.211 INFO  manager.TestNGListener -- Success test -->loginSuccessModel
17:09:42.211 INFO  tests.TestBase -- ==============================================
17:09:42.212 INFO  tests.TestBase -- Name of method (test)-->loginSuccessModelDPF
17:09:42.220 INFO  manager.ListenerWD -- Before find element-->By.xpath: //button[text()='Sign Out']
17:09:42.226 INFO  manager.ListenerWD -- After find element-->By.xpath: //button[text()='Sign Out']
17:09:42.228 INFO  manager.ListenerWD -- Location of element-->button
17:09:42.234 INFO  manager.ListenerWD -- Before click element-->buttontext -->Sign Out
17:09:42.262 INFO  tests.TestBase -- Before method finished logout
17:09:42.263 INFO  manager.TestNGListener -- Start test -->loginSuccessModelDPF
17:09:42.263 INFO  tests.TestBase -- Test data---> User{email='lolik@gmail.com', password='Lolik123!'}
17:09:42.263 INFO  manager.ListenerWD -- Before find element-->By.cssSelector: a[href='/login']
17:09:42.270 INFO  manager.ListenerWD -- After find element-->By.cssSelector: a[href='/login']
17:09:42.272 INFO  manager.ListenerWD -- Location of element-->a
17:09:42.277 INFO  manager.ListenerWD -- Before click element-->atext -->LOGIN
17:09:42.301 INFO  manager.ListenerWD -- After click element-->a
17:09:42.302 INFO  manager.HelperBase -- Open form by ckick on button with locator a[href='/login']
17:09:42.302 INFO  manager.ListenerWD -- Before find element-->By.name: email
17:09:42.307 INFO  manager.ListenerWD -- After find element-->By.name: email
17:09:42.309 INFO  manager.ListenerWD -- Location of element-->input
17:09:42.316 INFO  manager.ListenerWD -- Before click element-->inputtext -->
17:09:42.345 INFO  manager.ListenerWD -- After click element-->input
17:09:42.360 INFO  manager.ListenerWD -- sendKeys -->
17:09:42.362 INFO  manager.ListenerWD -- sendKeys -->input
17:09:42.378 INFO  manager.ListenerWD -- sendKeys -->
17:09:42.380 INFO  manager.ListenerWD -- sendKeys -->input
17:09:42.395 INFO  manager.ListenerWD -- sendKeys -->
17:09:42.397 INFO  manager.ListenerWD -- sendKeys -->input
17:09:42.410 INFO  manager.ListenerWD -- Before find element-->By.xpath: //input[@placeholder='Password']
17:09:42.415 INFO  manager.ListenerWD -- After find element-->By.xpath: //input[@placeholder='Password']
17:09:42.417 INFO  manager.ListenerWD -- Location of element-->input
17:09:42.423 INFO  manager.ListenerWD -- Before click element-->inputtext -->
17:09:42.455 INFO  manager.ListenerWD -- After click element-->input
17:09:42.469 INFO  manager.ListenerWD -- sendKeys -->
17:09:42.471 INFO  manager.ListenerWD -- sendKeys -->input
17:09:42.485 INFO  manager.ListenerWD -- sendKeys -->
17:09:42.487 INFO  manager.ListenerWD -- sendKeys -->input
17:09:42.501 INFO  manager.ListenerWD -- sendKeys -->
17:09:42.503 INFO  manager.ListenerWD -- sendKeys -->input
17:09:42.515 INFO  manager.ListenerWD -- Before find element-->By.xpath: //button[text()='Login']
17:09:42.521 INFO  manager.ListenerWD -- After find element-->By.xpath: //button[text()='Login']
17:09:42.523 INFO  manager.ListenerWD -- Location of element-->button
17:09:42.529 INFO  manager.ListenerWD -- Before click element-->buttontext -->Login
17:09:42.862 INFO  tests.TestBase -- Assert check is element button 'Sign out' present
17:09:42.862 INFO  manager.TestNGListener -- Success test -->loginSuccessModelDPF
17:09:42.863 INFO  tests.TestBase -- ==============================================
17:09:42.863 INFO  tests.TestBase -- Name of method (test)-->loginSuccessModelDPF
17:09:42.869 INFO  manager.ListenerWD -- Before find element-->By.xpath: //button[text()='Sign Out']
17:09:42.877 INFO  manager.ListenerWD -- After find element-->By.xpath: //button[text()='Sign Out']
17:09:42.881 INFO  manager.ListenerWD -- Location of element-->button
17:09:42.887 INFO  manager.ListenerWD -- Before click element-->buttontext -->Sign Out
17:09:42.918 INFO  tests.TestBase -- Before method finished logout
17:09:42.919 INFO  manager.TestNGListener -- Start test -->loginSuccessModelDPF
17:09:42.919 INFO  tests.TestBase -- Test data---> User{email='sonya@gmail.com', password='Ss12345$'}
17:09:42.919 INFO  manager.ListenerWD -- Before find element-->By.cssSelector: a[href='/login']
17:09:42.927 INFO  manager.ListenerWD -- After find element-->By.cssSelector: a[href='/login']
17:09:42.932 INFO  manager.ListenerWD -- Location of element-->a
17:09:42.940 INFO  manager.ListenerWD -- Before click element-->atext -->LOGIN
17:09:42.971 INFO  manager.ListenerWD -- After click element-->a
17:09:42.971 INFO  manager.HelperBase -- Open form by ckick on button with locator a[href='/login']
17:09:42.971 INFO  manager.ListenerWD -- Before find element-->By.name: email
17:09:42.977 INFO  manager.ListenerWD -- After find element-->By.name: email
17:09:42.980 INFO  manager.ListenerWD -- Location of element-->input
17:09:42.985 INFO  manager.ListenerWD -- Before click element-->inputtext -->
17:09:43.022 INFO  manager.ListenerWD -- After click element-->input
17:09:43.041 INFO  manager.ListenerWD -- sendKeys -->
17:09:43.043 INFO  manager.ListenerWD -- sendKeys -->input
17:09:43.059 INFO  manager.ListenerWD -- sendKeys -->
17:09:43.061 INFO  manager.ListenerWD -- sendKeys -->input
17:09:43.077 INFO  manager.ListenerWD -- sendKeys -->
17:09:43.079 INFO  manager.ListenerWD -- sendKeys -->input
17:09:43.091 INFO  manager.ListenerWD -- Before find element-->By.xpath: //input[@placeholder='Password']
17:09:43.098 INFO  manager.ListenerWD -- After find element-->By.xpath: //input[@placeholder='Password']
17:09:43.100 INFO  manager.ListenerWD -- Location of element-->input
17:09:43.106 INFO  manager.ListenerWD -- Before click element-->inputtext -->
17:09:43.139 INFO  manager.ListenerWD -- After click element-->input
17:09:43.154 INFO  manager.ListenerWD -- sendKeys -->
17:09:43.157 INFO  manager.ListenerWD -- sendKeys -->input
17:09:43.170 INFO  manager.ListenerWD -- sendKeys -->
17:09:43.174 INFO  manager.ListenerWD -- sendKeys -->input
17:09:43.189 INFO  manager.ListenerWD -- sendKeys -->
17:09:43.191 INFO  manager.ListenerWD -- sendKeys -->input
17:09:43.206 INFO  manager.ListenerWD -- Before find element-->By.xpath: //button[text()='Login']
17:09:43.212 INFO  manager.ListenerWD -- After find element-->By.xpath: //button[text()='Login']
17:09:43.216 INFO  manager.ListenerWD -- Location of element-->button
17:09:43.223 INFO  manager.ListenerWD -- Before click element-->buttontext -->Login
17:09:43.509 INFO  tests.TestBase -- Assert check is element button 'Sign out' present
17:09:43.510 INFO  manager.TestNGListener -- Success test -->loginSuccessModelDPF
17:09:43.510 INFO  tests.TestBase -- ==============================================
17:09:43.511 INFO  tests.TestBase -- Name of method (test)-->loginSuccessModelDPF
17:09:43.517 INFO  manager.ListenerWD -- Before find element-->By.xpath: //button[text()='Sign Out']
17:09:43.524 INFO  manager.ListenerWD -- After find element-->By.xpath: //button[text()='Sign Out']
17:09:43.527 INFO  manager.ListenerWD -- Location of element-->button
17:09:43.532 INFO  manager.ListenerWD -- Before click element-->buttontext -->Sign Out
17:09:43.560 INFO  tests.TestBase -- Before method finished logout
17:09:43.560 INFO  manager.TestNGListener -- Start test -->loginSuccessModelDPF
17:09:43.560 INFO  tests.TestBase -- Test data---> User{email='lolik@gmail.com', password='Lolik123!'}
17:09:43.560 INFO  manager.ListenerWD -- Before find element-->By.cssSelector: a[href='/login']
17:09:43.568 INFO  manager.ListenerWD -- After find element-->By.cssSelector: a[href='/login']
17:09:43.572 INFO  manager.ListenerWD -- Location of element-->a
17:09:43.578 INFO  manager.ListenerWD -- Before click element-->atext -->LOGIN
17:09:43.606 INFO  manager.ListenerWD -- After click element-->a
17:09:43.606 INFO  manager.HelperBase -- Open form by ckick on button with locator a[href='/login']
17:09:43.607 INFO  manager.ListenerWD -- Before find element-->By.name: email
17:09:43.614 INFO  manager.ListenerWD -- After find element-->By.name: email
17:09:43.617 INFO  manager.ListenerWD -- Location of element-->input
17:09:43.623 INFO  manager.ListenerWD -- Before click element-->inputtext -->
17:09:43.660 INFO  manager.ListenerWD -- After click element-->input
17:09:43.675 INFO  manager.ListenerWD -- sendKeys -->
17:09:43.678 INFO  manager.ListenerWD -- sendKeys -->input
17:09:43.693 INFO  manager.ListenerWD -- sendKeys -->
17:09:43.696 INFO  manager.ListenerWD -- sendKeys -->input
17:09:43.711 INFO  manager.ListenerWD -- sendKeys -->
17:09:43.712 INFO  manager.ListenerWD -- sendKeys -->input
17:09:43.728 INFO  manager.ListenerWD -- Before find element-->By.xpath: //input[@placeholder='Password']
17:09:43.734 INFO  manager.ListenerWD -- After find element-->By.xpath: //input[@placeholder='Password']
17:09:43.738 INFO  manager.ListenerWD -- Location of element-->input
17:09:43.744 INFO  manager.ListenerWD -- Before click element-->inputtext -->
17:09:43.775 INFO  manager.ListenerWD -- After click element-->input
17:09:43.790 INFO  manager.ListenerWD -- sendKeys -->
17:09:43.792 INFO  manager.ListenerWD -- sendKeys -->input
17:09:43.807 INFO  manager.ListenerWD -- sendKeys -->
17:09:43.809 INFO  manager.ListenerWD -- sendKeys -->input
17:09:43.826 INFO  manager.ListenerWD -- sendKeys -->
17:09:43.829 INFO  manager.ListenerWD -- sendKeys -->input
17:09:43.843 INFO  manager.ListenerWD -- Before find element-->By.xpath: //button[text()='Login']
17:09:43.850 INFO  manager.ListenerWD -- After find element-->By.xpath: //button[text()='Login']
17:09:43.852 INFO  manager.ListenerWD -- Location of element-->button
17:09:43.859 INFO  manager.ListenerWD -- Before click element-->buttontext -->Login
17:09:44.197 INFO  tests.TestBase -- Assert check is element button 'Sign out' present
17:09:44.198 INFO  manager.TestNGListener -- Success test -->loginSuccessModelDPF
17:09:44.198 INFO  tests.TestBase -- ==============================================
17:09:44.198 INFO  tests.TestBase -- Name of method (test)-->loginUnregisteredUser
17:09:44.206 INFO  manager.ListenerWD -- Before find element-->By.xpath: //button[text()='Sign Out']
17:09:44.212 INFO  manager.ListenerWD -- After find element-->By.xpath: //button[text()='Sign Out']
17:09:44.215 INFO  manager.ListenerWD -- Location of element-->button
17:09:44.222 INFO  manager.ListenerWD -- Before click element-->buttontext -->Sign Out
17:09:44.252 INFO  tests.TestBase -- Before method finished logout
17:09:44.252 INFO  manager.TestNGListener -- Start test -->loginUnregisteredUser
17:09:44.253 INFO  tests.TestBase -- Test data --> email:'loli_k@mail.ru & password: Lolik123!
17:09:44.253 INFO  manager.ListenerWD -- Before find element-->By.cssSelector: a[href='/login']
17:09:44.259 INFO  manager.ListenerWD -- After find element-->By.cssSelector: a[href='/login']
17:09:44.262 INFO  manager.ListenerWD -- Location of element-->a
17:09:44.268 INFO  manager.ListenerWD -- Before click element-->atext -->LOGIN
17:09:44.295 INFO  manager.ListenerWD -- After click element-->a
17:09:44.295 INFO  manager.HelperBase -- Open form by ckick on button with locator a[href='/login']
17:09:44.295 INFO  manager.ListenerWD -- Before find element-->By.name: email
17:09:44.302 INFO  manager.ListenerWD -- After find element-->By.name: email
17:09:44.304 INFO  manager.ListenerWD -- Location of element-->input
17:09:44.309 INFO  manager.ListenerWD -- Before click element-->inputtext -->
17:09:44.342 INFO  manager.ListenerWD -- After click element-->input
17:09:44.357 INFO  manager.ListenerWD -- sendKeys -->
17:09:44.359 INFO  manager.ListenerWD -- sendKeys -->input
17:09:44.373 INFO  manager.ListenerWD -- sendKeys -->
17:09:44.376 INFO  manager.ListenerWD -- sendKeys -->input
17:09:44.390 INFO  manager.ListenerWD -- sendKeys -->
17:09:44.392 INFO  manager.ListenerWD -- sendKeys -->input
17:09:44.405 INFO  manager.HelperBase -- type in input with locator By.name("email") 
17:09:44.405 INFO  manager.ListenerWD -- Before find element-->By.xpath: //input[@placeholder='Password']
17:09:44.411 INFO  manager.ListenerWD -- After find element-->By.xpath: //input[@placeholder='Password']
17:09:44.413 INFO  manager.ListenerWD -- Location of element-->input
17:09:44.419 INFO  manager.ListenerWD -- Before click element-->inputtext -->
17:09:44.452 INFO  manager.ListenerWD -- After click element-->input
17:09:44.465 INFO  manager.ListenerWD -- sendKeys -->
17:09:44.468 INFO  manager.ListenerWD -- sendKeys -->input
17:09:44.482 INFO  manager.ListenerWD -- sendKeys -->
17:09:44.484 INFO  manager.ListenerWD -- sendKeys -->input
17:09:44.500 INFO  manager.ListenerWD -- sendKeys -->
17:09:44.504 INFO  manager.ListenerWD -- sendKeys -->input
17:09:44.519 INFO  manager.ListenerWD -- Before find element-->By.xpath: //button[text()='Login']
17:09:44.526 INFO  manager.ListenerWD -- After find element-->By.xpath: //button[text()='Login']
17:09:44.529 INFO  manager.ListenerWD -- Location of element-->button
17:09:44.536 INFO  manager.ListenerWD -- Before click element-->buttontext -->Login
17:09:44.570 INFO  manager.ListenerWD -- Huston, we have a problem!
17:09:44.570 INFO  manager.ListenerWD -- Failed method:alert
17:09:44.570 INFO  manager.ListenerWD -- **********************
17:09:44.571 INFO  manager.ListenerWD -- Arguments:null
17:09:44.571 INFO  manager.ListenerWD -- **********************
17:09:44.571 INFO  manager.ListenerWD -- Exception:NoAlertPresentException
17:09:44.571 INFO  manager.ListenerWD -- **********************
17:09:44.571 INFO  manager.ListenerWD -- Messageno such alert
  (Session info: chrome=148.0.7778.217)
Build info: version: '4.26.0', revision: '8ccf0219d7'
System info: os.name: 'Windows 11', os.arch: 'amd64', os.version: '10.0', java.version: '17.0.12'
Driver info: org.openqa.selenium.chrome.ChromeDriver
Command: [68eae42f9446d1bd6b3df0acee3a8726, getAlertText {}]
Capabilities {acceptInsecureCerts: false, browserName: chrome, browserVersion: 148.0.7778.217, chrome: {chromedriverVersion: 147.0.7727.57 (b4f28b5637d0..., userDataDir: C:\Users\Nina\AppData\Local...}, fedcm:accounts: true, goog:chromeOptions: {debuggerAddress: localhost:49172}, goog:processID: 25212, networkConnectionEnabled: false, pageLoadStrategy: normal, platformName: windows, proxy: Proxy(), se:cdp: ws://localhost:49172/devtoo..., se:cdpVersion: 148.0.7778.217, setWindowRect: true, strictFileInteractability: false, timeouts: {implicit: 0, pageLoad: 300000, script: 30000}, unhandledPromptBehavior: dismiss and notify, webauthn:extension:credBlob: true, webauthn:extension:largeBlob: true, webauthn:extension:minPinLength: true, webauthn:extension:prf: true, webauthn:virtualAuthenticators: true}
Session ID: 68eae42f9446d1bd6b3df0acee3a8726
17:09:44.571 INFO  manager.ListenerWD -- **********************
17:09:44.571 INFO  manager.ListenerWD -- Screen with error is --->src/test/screenshots/screen_1153.png
17:09:45.081 INFO  tests.TestBase -- Assert check is alert present with error test 'Wrong email or password' 
17:09:45.082 INFO  manager.TestNGListener -- Success test -->loginUnregisteredUser
17:09:45.082 INFO  tests.TestBase -- ==============================================
17:09:45.082 INFO  tests.TestBase -- Name of method (test)-->loginWrongEmail
17:09:50.128 INFO  manager.TestNGListener -- Start test -->loginWrongEmail
17:09:50.128 INFO  tests.TestBase -- Test data --> email:'lolikgmail.com & password: Lolik123!
17:09:50.128 INFO  manager.ListenerWD -- Before find element-->By.cssSelector: a[href='/login']
17:09:50.134 INFO  manager.ListenerWD -- After find element-->By.cssSelector: a[href='/login']
17:09:50.136 INFO  manager.ListenerWD -- Location of element-->a
17:09:50.141 INFO  manager.ListenerWD -- Before click element-->atext -->LOGIN
17:09:50.166 INFO  manager.ListenerWD -- After click element-->a
17:09:50.166 INFO  manager.HelperBase -- Open form by ckick on button with locator a[href='/login']
17:09:50.166 INFO  manager.ListenerWD -- Before find element-->By.name: email
17:09:50.172 INFO  manager.ListenerWD -- After find element-->By.name: email
17:09:50.175 INFO  manager.ListenerWD -- Location of element-->input
17:09:50.179 INFO  manager.ListenerWD -- Before click element-->inputtext -->
17:09:50.205 INFO  manager.ListenerWD -- After click element-->input
17:09:50.224 INFO  manager.ListenerWD -- sendKeys -->
17:09:50.226 INFO  manager.ListenerWD -- sendKeys -->input
17:09:50.249 INFO  manager.ListenerWD -- sendKeys -->
17:09:50.251 INFO  manager.ListenerWD -- sendKeys -->input
17:09:50.265 INFO  manager.ListenerWD -- sendKeys -->
17:09:50.267 INFO  manager.ListenerWD -- sendKeys -->input
17:09:50.280 INFO  manager.HelperBase -- type in input with locator By.name("email") 
17:09:50.280 INFO  manager.ListenerWD -- Before find element-->By.xpath: //input[@placeholder='Password']
17:09:50.285 INFO  manager.ListenerWD -- After find element-->By.xpath: //input[@placeholder='Password']
17:09:50.288 INFO  manager.ListenerWD -- Location of element-->input
17:09:50.293 INFO  manager.ListenerWD -- Before click element-->inputtext -->
17:09:50.319 INFO  manager.ListenerWD -- After click element-->input
17:09:50.334 INFO  manager.ListenerWD -- sendKeys -->
17:09:50.337 INFO  manager.ListenerWD -- sendKeys -->input
17:09:50.355 INFO  manager.ListenerWD -- sendKeys -->
17:09:50.357 INFO  manager.ListenerWD -- sendKeys -->input
17:09:50.370 INFO  manager.ListenerWD -- sendKeys -->
17:09:50.372 INFO  manager.ListenerWD -- sendKeys -->input
17:09:50.384 INFO  manager.ListenerWD -- Before find element-->By.xpath: //button[text()='Login']
17:09:50.389 INFO  manager.ListenerWD -- After find element-->By.xpath: //button[text()='Login']
17:09:50.393 INFO  manager.ListenerWD -- Location of element-->button
17:09:50.398 INFO  manager.ListenerWD -- Before click element-->buttontext -->Login
17:09:50.424 INFO  manager.ListenerWD -- Huston, we have a problem!
17:09:50.424 INFO  manager.ListenerWD -- Failed method:alert
17:09:50.424 INFO  manager.ListenerWD -- **********************
17:09:50.424 INFO  manager.ListenerWD -- Arguments:null
17:09:50.424 INFO  manager.ListenerWD -- **********************
17:09:50.424 INFO  manager.ListenerWD -- Exception:NoAlertPresentException
17:09:50.424 INFO  manager.ListenerWD -- **********************
17:09:50.424 INFO  manager.ListenerWD -- Messageno such alert
  (Session info: chrome=148.0.7778.217)
Build info: version: '4.26.0', revision: '8ccf0219d7'
System info: os.name: 'Windows 11', os.arch: 'amd64', os.version: '10.0', java.version: '17.0.12'
Driver info: org.openqa.selenium.chrome.ChromeDriver
Command: [68eae42f9446d1bd6b3df0acee3a8726, getAlertText {}]
Capabilities {acceptInsecureCerts: false, browserName: chrome, browserVersion: 148.0.7778.217, chrome: {chromedriverVersion: 147.0.7727.57 (b4f28b5637d0..., userDataDir: C:\Users\Nina\AppData\Local...}, fedcm:accounts: true, goog:chromeOptions: {debuggerAddress: localhost:49172}, goog:processID: 25212, networkConnectionEnabled: false, pageLoadStrategy: normal, platformName: windows, proxy: Proxy(), se:cdp: ws://localhost:49172/devtoo..., se:cdpVersion: 148.0.7778.217, setWindowRect: true, strictFileInteractability: false, timeouts: {implicit: 0, pageLoad: 300000, script: 30000}, unhandledPromptBehavior: dismiss and notify, webauthn:extension:credBlob: true, webauthn:extension:largeBlob: true, webauthn:extension:minPinLength: true, webauthn:extension:prf: true, webauthn:virtualAuthenticators: true}
Session ID: 68eae42f9446d1bd6b3df0acee3a8726
17:09:50.424 INFO  manager.ListenerWD -- **********************
17:09:50.424 INFO  manager.ListenerWD -- Screen with error is --->src/test/screenshots/screen_1544.png
17:09:50.941 INFO  tests.TestBase -- Assert check is alert present with error test 'Wrong email or password' 
17:09:50.941 INFO  manager.TestNGListener -- Success test -->loginWrongEmail
17:09:50.942 INFO  tests.TestBase -- ==============================================
17:09:50.942 INFO  tests.TestBase -- Name of method (test)-->loginWrongPassword
17:09:56.001 INFO  manager.TestNGListener -- Start test -->loginWrongPassword
17:09:56.001 INFO  tests.TestBase -- Test data --> email:'lolik@gmail.com & password: Lolik123
17:09:56.001 INFO  manager.ListenerWD -- Before find element-->By.cssSelector: a[href='/login']
17:09:56.007 INFO  manager.ListenerWD -- After find element-->By.cssSelector: a[href='/login']
17:09:56.009 INFO  manager.ListenerWD -- Location of element-->a
17:09:56.017 INFO  manager.ListenerWD -- Before click element-->atext -->LOGIN
17:09:56.047 INFO  manager.ListenerWD -- After click element-->a
17:09:56.047 INFO  manager.HelperBase -- Open form by ckick on button with locator a[href='/login']
17:09:56.047 INFO  manager.ListenerWD -- Before find element-->By.name: email
17:09:56.055 INFO  manager.ListenerWD -- After find element-->By.name: email
17:09:56.058 INFO  manager.ListenerWD -- Location of element-->input
17:09:56.065 INFO  manager.ListenerWD -- Before click element-->inputtext -->
17:09:56.094 INFO  manager.ListenerWD -- After click element-->input
17:09:56.113 INFO  manager.ListenerWD -- sendKeys -->
17:09:56.115 INFO  manager.ListenerWD -- sendKeys -->input
17:09:56.138 INFO  manager.ListenerWD -- sendKeys -->
17:09:56.140 INFO  manager.ListenerWD -- sendKeys -->input
17:09:56.156 INFO  manager.ListenerWD -- sendKeys -->
17:09:56.159 INFO  manager.ListenerWD -- sendKeys -->input
17:09:56.172 INFO  manager.HelperBase -- type in input with locator By.name("email") 
17:09:56.173 INFO  manager.ListenerWD -- Before find element-->By.xpath: //input[@placeholder='Password']
17:09:56.178 INFO  manager.ListenerWD -- After find element-->By.xpath: //input[@placeholder='Password']
17:09:56.181 INFO  manager.ListenerWD -- Location of element-->input
17:09:56.186 INFO  manager.ListenerWD -- Before click element-->inputtext -->
17:09:56.212 INFO  manager.ListenerWD -- After click element-->input
17:09:56.225 INFO  manager.ListenerWD -- sendKeys -->
17:09:56.227 INFO  manager.ListenerWD -- sendKeys -->input
17:09:56.249 INFO  manager.ListenerWD -- sendKeys -->
17:09:56.252 INFO  manager.ListenerWD -- sendKeys -->input
17:09:56.266 INFO  manager.ListenerWD -- sendKeys -->
17:09:56.269 INFO  manager.ListenerWD -- sendKeys -->input
17:09:56.282 INFO  manager.ListenerWD -- Before find element-->By.xpath: //button[text()='Login']
17:09:56.288 INFO  manager.ListenerWD -- After find element-->By.xpath: //button[text()='Login']
17:09:56.290 INFO  manager.ListenerWD -- Location of element-->button
17:09:56.296 INFO  manager.ListenerWD -- Before click element-->buttontext -->Login
17:09:56.325 INFO  manager.ListenerWD -- Huston, we have a problem!
17:09:56.325 INFO  manager.ListenerWD -- Failed method:alert
17:09:56.325 INFO  manager.ListenerWD -- **********************
17:09:56.325 INFO  manager.ListenerWD -- Arguments:null
17:09:56.325 INFO  manager.ListenerWD -- **********************
17:09:56.325 INFO  manager.ListenerWD -- Exception:NoAlertPresentException
17:09:56.325 INFO  manager.ListenerWD -- **********************
17:09:56.325 INFO  manager.ListenerWD -- Messageno such alert
  (Session info: chrome=148.0.7778.217)
Build info: version: '4.26.0', revision: '8ccf0219d7'
System info: os.name: 'Windows 11', os.arch: 'amd64', os.version: '10.0', java.version: '17.0.12'
Driver info: org.openqa.selenium.chrome.ChromeDriver
Command: [68eae42f9446d1bd6b3df0acee3a8726, getAlertText {}]
Capabilities {acceptInsecureCerts: false, browserName: chrome, browserVersion: 148.0.7778.217, chrome: {chromedriverVersion: 147.0.7727.57 (b4f28b5637d0..., userDataDir: C:\Users\Nina\AppData\Local...}, fedcm:accounts: true, goog:chromeOptions: {debuggerAddress: localhost:49172}, goog:processID: 25212, networkConnectionEnabled: false, pageLoadStrategy: normal, platformName: windows, proxy: Proxy(), se:cdp: ws://localhost:49172/devtoo..., se:cdpVersion: 148.0.7778.217, setWindowRect: true, strictFileInteractability: false, timeouts: {implicit: 0, pageLoad: 300000, script: 30000}, unhandledPromptBehavior: dismiss and notify, webauthn:extension:credBlob: true, webauthn:extension:largeBlob: true, webauthn:extension:minPinLength: true, webauthn:extension:prf: true, webauthn:virtualAuthenticators: true}
Session ID: 68eae42f9446d1bd6b3df0acee3a8726
17:09:56.325 INFO  manager.ListenerWD -- **********************
17:09:56.325 INFO  manager.ListenerWD -- Screen with error is --->src/test/screenshots/screen_1558.png
17:09:56.846 INFO  tests.TestBase -- Assert check is alert present with error test 'Wrong email or password' 
17:09:56.846 INFO  manager.TestNGListener -- Success test -->loginWrongPassword
17:09:56.846 INFO  tests.TestBase -- ==============================================
17:09:56.848 INFO  manager.TestNGListener -- Stop testing  on date-->Sun Jun 07 17:09:56 IDT 2026
