18:03:27.553 INFO  manager.ApplicationManager -- All tests runs in Chrome browser
18:03:28.801 INFO  manager.ApplicationManager -- All tests runs in Chrome Browser
18:03:29.009 INFO  manager.ListenerWD -- Navigate to -->https://telranedu.web.app/
18:03:29.410 INFO  manager.ApplicationManager -- The link --->https://telranedu.web.app/home
18:03:29.420 INFO  manager.TestNGListener -- Start testing  on date-->Wed Jun 10 18:03:29 IDT 2026
18:03:29.435 INFO  tests.TestBase -- Name of method (test)-->wrongEmailRegistration
18:03:34.483 INFO  manager.TestNGListener -- Start test -->wrongEmailRegistration
18:03:34.484 INFO  tests.TestBase -- Test data --> email:'mertgmail.com & password: Mert123456!
18:03:34.485 INFO  manager.ListenerWD -- Before find element-->By.cssSelector: a[href='/login']
18:03:34.535 INFO  manager.ListenerWD -- After find element-->By.cssSelector: a[href='/login']
18:03:34.548 INFO  manager.ListenerWD -- Location of element-->a
18:03:34.569 INFO  manager.ListenerWD -- Before click element-->atext -->LOGIN
18:03:34.638 INFO  manager.ListenerWD -- After click element-->a
18:03:34.638 INFO  manager.HelperBase -- Open form by ckick on button with locator a[href='/login']
18:03:34.639 INFO  manager.ListenerWD -- Before find element-->By.name: email
18:03:34.672 INFO  manager.ListenerWD -- After find element-->By.name: email
18:03:34.680 INFO  manager.ListenerWD -- Location of element-->input
18:03:34.693 INFO  manager.ListenerWD -- Before click element-->inputtext -->
18:03:34.751 INFO  manager.ListenerWD -- After click element-->input
18:03:34.787 INFO  manager.ListenerWD -- sendKeys -->
18:03:34.792 INFO  manager.ListenerWD -- sendKeys -->input
18:03:34.829 INFO  manager.ListenerWD -- sendKeys -->
18:03:34.835 INFO  manager.ListenerWD -- sendKeys -->input
18:03:34.862 INFO  manager.ListenerWD -- sendKeys -->
18:03:34.867 INFO  manager.ListenerWD -- sendKeys -->input
18:03:34.898 INFO  manager.ListenerWD -- Before find element-->By.xpath: //input[@placeholder='Password']
18:03:34.929 INFO  manager.ListenerWD -- After find element-->By.xpath: //input[@placeholder='Password']
18:03:34.938 INFO  manager.ListenerWD -- Location of element-->input
18:03:34.958 INFO  manager.ListenerWD -- Before click element-->inputtext -->
18:03:35.031 INFO  manager.ListenerWD -- After click element-->input
18:03:35.075 INFO  manager.ListenerWD -- sendKeys -->
18:03:35.086 INFO  manager.ListenerWD -- sendKeys -->input
18:03:35.124 INFO  manager.ListenerWD -- sendKeys -->
18:03:35.131 INFO  manager.ListenerWD -- sendKeys -->input
18:03:35.149 INFO  manager.ListenerWD -- sendKeys -->
18:03:35.175 INFO  manager.ListenerWD -- sendKeys -->input
18:03:35.264 INFO  manager.ListenerWD -- Before find element-->By.xpath: //button[text()='Registration']
18:03:35.297 INFO  manager.ListenerWD -- After find element-->By.xpath: //button[text()='Registration']
18:03:35.305 INFO  manager.ListenerWD -- Location of element-->button
18:03:35.324 INFO  manager.ListenerWD -- Before click element-->buttontext -->Registration
18:03:35.440 INFO  manager.ListenerWD -- Huston, we have a problem!
18:03:35.440 INFO  manager.ListenerWD -- Failed method:alert
18:03:35.441 INFO  manager.ListenerWD -- **********************
18:03:35.441 INFO  manager.ListenerWD -- Arguments:null
18:03:35.441 INFO  manager.ListenerWD -- **********************
18:03:35.441 INFO  manager.ListenerWD -- Exception:NoAlertPresentException
18:03:35.441 INFO  manager.ListenerWD -- **********************
18:03:35.442 INFO  manager.ListenerWD -- Messageno such alert
  (Session info: chrome=148.0.7778.217)
Build info: version: '4.26.0', revision: '8ccf0219d7'
System info: os.name: 'Windows 11', os.arch: 'amd64', os.version: '10.0', java.version: '21.0.10'
Driver info: org.openqa.selenium.chrome.ChromeDriver
Command: [709032aa4b537041b84808f62d38156d, getAlertText {}]
Capabilities {acceptInsecureCerts: false, browserName: chrome, browserVersion: 148.0.7778.217, chrome: {chromedriverVersion: 147.0.7727.57 (b4f28b5637d0..., userDataDir: C:\Users\Nina\AppData\Local...}, fedcm:accounts: true, goog:chromeOptions: {debuggerAddress: localhost:54118}, goog:processID: 29632, networkConnectionEnabled: false, pageLoadStrategy: normal, platformName: windows, proxy: Proxy(), se:cdp: ws://localhost:54118/devtoo..., se:cdpVersion: 148.0.7778.217, setWindowRect: true, strictFileInteractability: false, timeouts: {implicit: 0, pageLoad: 300000, script: 30000}, unhandledPromptBehavior: dismiss and notify, webauthn:extension:credBlob: true, webauthn:extension:largeBlob: true, webauthn:extension:minPinLength: true, webauthn:extension:prf: true, webauthn:virtualAuthenticators: true}
Session ID: 709032aa4b537041b84808f62d38156d
18:03:35.442 INFO  manager.ListenerWD -- **********************
18:03:35.442 INFO  manager.ListenerWD -- Screen with error is --->src/test/screenshots/screen_1268.png
18:03:35.982 INFO  manager.ListenerWD -- Huston, we have a problem!
18:03:35.983 INFO  manager.ListenerWD -- Failed method:alert
18:03:35.983 INFO  manager.ListenerWD -- **********************
18:03:35.984 INFO  manager.ListenerWD -- Arguments:null
18:03:35.984 INFO  manager.ListenerWD -- **********************
18:03:35.984 INFO  manager.ListenerWD -- Exception:NoAlertPresentException
18:03:35.985 INFO  manager.ListenerWD -- **********************
18:03:35.985 INFO  manager.ListenerWD -- Messageno such alert
  (Session info: chrome=148.0.7778.217)
Build info: version: '4.26.0', revision: '8ccf0219d7'
System info: os.name: 'Windows 11', os.arch: 'amd64', os.version: '10.0', java.version: '21.0.10'
Driver info: org.openqa.selenium.chrome.ChromeDriver
Command: [709032aa4b537041b84808f62d38156d, getAlertText {}]
Capabilities {acceptInsecureCerts: false, browserName: chrome, browserVersion: 148.0.7778.217, chrome: {chromedriverVersion: 147.0.7727.57 (b4f28b5637d0..., userDataDir: C:\Users\Nina\AppData\Local...}, fedcm:accounts: true, goog:chromeOptions: {debuggerAddress: localhost:54118}, goog:processID: 29632, networkConnectionEnabled: false, pageLoadStrategy: normal, platformName: windows, proxy: Proxy(), se:cdp: ws://localhost:54118/devtoo..., se:cdpVersion: 148.0.7778.217, setWindowRect: true, strictFileInteractability: false, timeouts: {implicit: 0, pageLoad: 300000, script: 30000}, unhandledPromptBehavior: dismiss and notify, webauthn:extension:credBlob: true, webauthn:extension:largeBlob: true, webauthn:extension:minPinLength: true, webauthn:extension:prf: true, webauthn:virtualAuthenticators: true}
Session ID: 709032aa4b537041b84808f62d38156d
18:03:35.986 INFO  manager.ListenerWD -- **********************
18:03:35.987 INFO  manager.ListenerWD -- Screen with error is --->src/test/screenshots/screen_1268.png
18:03:36.516 INFO  manager.ListenerWD -- Huston, we have a problem!
18:03:36.516 INFO  manager.ListenerWD -- Failed method:alert
18:03:36.517 INFO  manager.ListenerWD -- **********************
18:03:36.517 INFO  manager.ListenerWD -- Arguments:null
18:03:36.517 INFO  manager.ListenerWD -- **********************
18:03:36.517 INFO  manager.ListenerWD -- Exception:NoAlertPresentException
18:03:36.517 INFO  manager.ListenerWD -- **********************
18:03:36.518 INFO  manager.ListenerWD -- Messageno such alert
  (Session info: chrome=148.0.7778.217)
Build info: version: '4.26.0', revision: '8ccf0219d7'
System info: os.name: 'Windows 11', os.arch: 'amd64', os.version: '10.0', java.version: '21.0.10'
Driver info: org.openqa.selenium.chrome.ChromeDriver
Command: [709032aa4b537041b84808f62d38156d, getAlertText {}]
Capabilities {acceptInsecureCerts: false, browserName: chrome, browserVersion: 148.0.7778.217, chrome: {chromedriverVersion: 147.0.7727.57 (b4f28b5637d0..., userDataDir: C:\Users\Nina\AppData\Local...}, fedcm:accounts: true, goog:chromeOptions: {debuggerAddress: localhost:54118}, goog:processID: 29632, networkConnectionEnabled: false, pageLoadStrategy: normal, platformName: windows, proxy: Proxy(), se:cdp: ws://localhost:54118/devtoo..., se:cdpVersion: 148.0.7778.217, setWindowRect: true, strictFileInteractability: false, timeouts: {implicit: 0, pageLoad: 300000, script: 30000}, unhandledPromptBehavior: dismiss and notify, webauthn:extension:credBlob: true, webauthn:extension:largeBlob: true, webauthn:extension:minPinLength: true, webauthn:extension:prf: true, webauthn:virtualAuthenticators: true}
Session ID: 709032aa4b537041b84808f62d38156d
18:03:36.518 INFO  manager.ListenerWD -- **********************
18:03:36.519 INFO  manager.ListenerWD -- Screen with error is --->src/test/screenshots/screen_1893.png
18:03:37.065 INFO  tests.TestBase -- Assert check is alert present with error test 'Wrong email or password' 
18:03:37.065 INFO  manager.ListenerWD -- Before find element-->By.xpath: //*[text()='Registration failed with code 400']
18:03:37.091 INFO  manager.ListenerWD -- After find element-->By.xpath: //*[text()='Registration failed with code 400']
18:03:37.097 INFO  manager.ListenerWD -- Location of element-->div
18:03:37.100 INFO  manager.TestNGListener -- Success test -->wrongEmailRegistration
18:03:37.101 INFO  tests.TestBase -- ==============================================
18:03:37.108 INFO  tests.TestBase -- Name of method (test)-->removeFirstContact
18:03:42.132 INFO  manager.ListenerWD -- Before find element-->By.cssSelector: a[href='/login']
18:03:42.169 INFO  manager.ListenerWD -- After find element-->By.cssSelector: a[href='/login']
18:03:42.177 INFO  manager.ListenerWD -- Location of element-->a
18:03:42.197 INFO  manager.ListenerWD -- Before click element-->atext -->LOGIN
18:03:42.277 INFO  manager.ListenerWD -- After click element-->a
18:03:42.277 INFO  manager.HelperBase -- Open form by ckick on button with locator a[href='/login']
18:03:42.277 INFO  manager.ListenerWD -- Before find element-->By.name: email
18:03:42.300 INFO  manager.ListenerWD -- After find element-->By.name: email
18:03:42.307 INFO  manager.ListenerWD -- Location of element-->input
18:03:42.320 INFO  manager.ListenerWD -- Before click element-->inputtext -->
18:03:42.379 INFO  manager.ListenerWD -- After click element-->input
18:03:42.428 INFO  manager.ListenerWD -- sendKeys -->
18:03:42.433 INFO  manager.ListenerWD -- sendKeys -->input
18:03:42.525 INFO  manager.ListenerWD -- sendKeys -->
18:03:42.620 INFO  manager.ListenerWD -- sendKeys -->input
18:03:42.752 INFO  manager.ListenerWD -- sendKeys -->
18:03:42.798 INFO  manager.ListenerWD -- sendKeys -->input
18:03:42.855 INFO  manager.ListenerWD -- Before find element-->By.xpath: //input[@placeholder='Password']
18:03:42.900 INFO  manager.ListenerWD -- After find element-->By.xpath: //input[@placeholder='Password']
18:03:42.917 INFO  manager.ListenerWD -- Location of element-->input
18:03:42.940 INFO  manager.ListenerWD -- Before click element-->inputtext -->
18:03:42.994 INFO  manager.ListenerWD -- After click element-->input
18:03:43.028 INFO  manager.ListenerWD -- sendKeys -->
18:03:43.034 INFO  manager.ListenerWD -- sendKeys -->input
18:03:43.075 INFO  manager.ListenerWD -- sendKeys -->
18:03:43.080 INFO  manager.ListenerWD -- sendKeys -->input
18:03:43.109 INFO  manager.ListenerWD -- sendKeys -->
18:03:43.117 INFO  manager.ListenerWD -- sendKeys -->input
18:03:43.155 INFO  manager.ListenerWD -- Before find element-->By.xpath: //button[text()='Login']
18:03:43.182 INFO  manager.ListenerWD -- After find element-->By.xpath: //button[text()='Login']
18:03:43.189 INFO  manager.ListenerWD -- Location of element-->button
18:03:43.205 INFO  manager.ListenerWD -- Before click element-->buttontext -->Login
18:03:46.807 INFO  manager.TestNGListener -- Start test -->removeFirstContact
18:03:46.846 INFO  manager.HelperBase -- Number of Contacts before remove is-->3
18:03:46.846 INFO  manager.ListenerWD -- Before find element-->By.cssSelector: .contact-item_card__2SOIM
18:03:46.870 INFO  manager.ListenerWD -- After find element-->By.cssSelector: .contact-item_card__2SOIM
18:03:46.879 INFO  manager.ListenerWD -- Location of element-->div
18:03:46.895 INFO  manager.ListenerWD -- Before click element-->divtext -->Harry
555667771101
18:03:46.991 INFO  manager.ListenerWD -- After click element-->div
18:03:46.991 INFO  manager.ListenerWD -- Before find element-->By.xpath: //button[text()='Remove']
18:03:47.013 INFO  manager.ListenerWD -- After find element-->By.xpath: //button[text()='Remove']
18:03:47.021 INFO  manager.ListenerWD -- Location of element-->button
18:03:47.038 INFO  manager.ListenerWD -- Before click element-->buttontext -->Remove
18:03:47.112 INFO  manager.ListenerWD -- After click element-->button
18:03:48.136 INFO  manager.HelperBase -- Number of Contacts after remove is-->2
18:03:48.137 INFO  manager.TestNGListener -- Success test -->removeFirstContact
18:03:48.137 INFO  tests.TestBase -- ==============================================
18:03:48.138 INFO  manager.TestNGListener -- Stop testing  on date-->Wed Jun 10 18:03:48 IDT 2026
