17:13:42.428 INFO  manager.ApplicationManager -- All tests runs in Chrome Browser
17:13:42.612 INFO  manager.ListenerWD -- Navigate to -->https://telranedu.web.app/
17:13:43.023 INFO  manager.ApplicationManager -- The link --->https://telranedu.web.app/home
17:13:43.033 INFO  manager.TestNGListener -- Start testing  on date-->Wed Jun 03 17:13:43 IDT 2026
17:13:43.042 INFO  tests.TestBase -- test data---> email: lolik@gmail.com & password: Lolik123!
17:13:48.049 INFO  manager.ListenerWD -- Before find element-->By.cssSelector: a[href='/login']
17:13:48.070 INFO  manager.ListenerWD -- After find element-->By.cssSelector: a[href='/login']
17:13:48.076 INFO  manager.ListenerWD -- Location of element-->a
17:13:48.091 INFO  manager.ListenerWD -- Before click element-->atext -->LOGIN
17:13:48.131 INFO  manager.ListenerWD -- After click element-->a
17:13:48.131 INFO  manager.HelperBase -- Open form by ckick on button with locator a[href='/login']
17:13:48.132 INFO  manager.ListenerWD -- Before find element-->By.name: email
17:13:48.150 INFO  manager.ListenerWD -- After find element-->By.name: email
17:13:48.153 INFO  manager.ListenerWD -- Location of element-->input
17:13:48.161 INFO  manager.ListenerWD -- Before click element-->inputtext -->
17:13:48.191 INFO  manager.ListenerWD -- After click element-->input
17:13:48.210 INFO  manager.ListenerWD -- sendKeys -->
17:13:48.213 INFO  manager.ListenerWD -- sendKeys -->input
17:13:48.233 INFO  manager.ListenerWD -- sendKeys -->
17:13:48.236 INFO  manager.ListenerWD -- sendKeys -->input
17:13:48.251 INFO  manager.ListenerWD -- sendKeys -->
17:13:48.254 INFO  manager.ListenerWD -- sendKeys -->input
17:13:48.270 INFO  manager.ListenerWD -- Before find element-->By.xpath: //input[@placeholder='Password']
17:13:48.284 INFO  manager.ListenerWD -- After find element-->By.xpath: //input[@placeholder='Password']
17:13:48.287 INFO  manager.ListenerWD -- Location of element-->input
17:13:48.293 INFO  manager.ListenerWD -- Before click element-->inputtext -->
17:13:48.325 INFO  manager.ListenerWD -- After click element-->input
17:13:48.340 INFO  manager.ListenerWD -- sendKeys -->
17:13:48.343 INFO  manager.ListenerWD -- sendKeys -->input
17:13:48.357 INFO  manager.ListenerWD -- sendKeys -->
17:13:48.360 INFO  manager.ListenerWD -- sendKeys -->input
17:13:48.375 INFO  manager.ListenerWD -- sendKeys -->
17:13:48.377 INFO  manager.ListenerWD -- sendKeys -->input
17:13:48.390 INFO  manager.ListenerWD -- Before find element-->By.xpath: //button[text()='Login']
17:13:48.400 INFO  manager.ListenerWD -- After find element-->By.xpath: //button[text()='Login']
17:13:48.403 INFO  manager.ListenerWD -- Location of element-->button
17:13:48.411 INFO  manager.ListenerWD -- Before click element-->buttontext -->Login
17:13:48.443 INFO  tests.TestBase -- User logged in successfully
17:13:48.455 INFO  tests.TestBase -- Name of method (test)-->addNewContactSuccessAllFieldsCSV
17:13:48.456 INFO  manager.TestNGListener -- Start test -->addNewContactSuccessAllFieldsCSV
17:13:48.460 INFO  manager.ListenerWD -- Before find element-->By.cssSelector: a[href='/add']
17:13:49.847 INFO  manager.ListenerWD -- After find element-->By.cssSelector: a[href='/add']
17:13:49.855 INFO  manager.ListenerWD -- Location of element-->a
17:13:49.866 INFO  manager.ListenerWD -- Before click element-->atext -->ADD
17:13:49.898 INFO  manager.ListenerWD -- After click element-->a
17:13:49.898 INFO  manager.ListenerWD -- Before find element-->By.cssSelector: [placeholder='Name']
17:13:49.914 INFO  manager.ListenerWD -- After find element-->By.cssSelector: [placeholder='Name']
17:13:49.919 INFO  manager.ListenerWD -- Location of element-->input
17:13:49.926 INFO  manager.ListenerWD -- Before click element-->inputtext -->
17:13:49.956 INFO  manager.ListenerWD -- After click element-->input
17:13:49.973 INFO  manager.ListenerWD -- sendKeys -->
17:13:49.976 INFO  manager.ListenerWD -- sendKeys -->input
17:13:49.994 INFO  manager.ListenerWD -- sendKeys -->
17:13:49.998 INFO  manager.ListenerWD -- sendKeys -->input
17:13:50.016 INFO  manager.ListenerWD -- sendKeys -->
17:13:50.019 INFO  manager.ListenerWD -- sendKeys -->input
17:13:50.033 INFO  manager.ListenerWD -- Before find element-->By.cssSelector: [placeholder='Last Name']
17:13:50.046 INFO  manager.ListenerWD -- After find element-->By.cssSelector: [placeholder='Last Name']
17:13:50.050 INFO  manager.ListenerWD -- Location of element-->input
17:13:50.058 INFO  manager.ListenerWD -- Before click element-->inputtext -->
17:13:50.089 INFO  manager.ListenerWD -- After click element-->input
17:13:50.106 INFO  manager.ListenerWD -- sendKeys -->
17:13:50.109 INFO  manager.ListenerWD -- sendKeys -->input
17:13:50.126 INFO  manager.ListenerWD -- sendKeys -->
17:13:50.130 INFO  manager.ListenerWD -- sendKeys -->input
17:13:50.148 INFO  manager.ListenerWD -- sendKeys -->
17:13:50.151 INFO  manager.ListenerWD -- sendKeys -->input
17:13:50.165 INFO  manager.ListenerWD -- Before find element-->By.cssSelector: [placeholder='Phone']
17:13:50.179 INFO  manager.ListenerWD -- After find element-->By.cssSelector: [placeholder='Phone']
17:13:50.182 INFO  manager.ListenerWD -- Location of element-->input
17:13:50.189 INFO  manager.ListenerWD -- Before click element-->inputtext -->
17:13:50.219 INFO  manager.ListenerWD -- After click element-->input
17:13:50.238 INFO  manager.ListenerWD -- sendKeys -->
17:13:50.240 INFO  manager.ListenerWD -- sendKeys -->input
17:13:50.259 INFO  manager.ListenerWD -- sendKeys -->
17:13:50.262 INFO  manager.ListenerWD -- sendKeys -->input
17:13:50.279 INFO  manager.ListenerWD -- sendKeys -->
17:13:50.282 INFO  manager.ListenerWD -- sendKeys -->input
17:13:50.300 INFO  manager.ListenerWD -- Before find element-->By.cssSelector: [placeholder='email']
17:13:50.316 INFO  manager.ListenerWD -- After find element-->By.cssSelector: [placeholder='email']
17:13:50.321 INFO  manager.ListenerWD -- Location of element-->input
17:13:50.328 INFO  manager.ListenerWD -- Before click element-->inputtext -->
17:13:50.358 INFO  manager.ListenerWD -- After click element-->input
17:13:50.376 INFO  manager.ListenerWD -- sendKeys -->
17:13:50.379 INFO  manager.ListenerWD -- sendKeys -->input
17:13:50.397 INFO  manager.ListenerWD -- sendKeys -->
17:13:50.401 INFO  manager.ListenerWD -- sendKeys -->input
17:13:50.419 INFO  manager.ListenerWD -- sendKeys -->
17:13:50.422 INFO  manager.ListenerWD -- sendKeys -->input
17:13:50.437 INFO  manager.ListenerWD -- Before find element-->By.cssSelector: [placeholder='Address']
17:13:50.450 INFO  manager.ListenerWD -- After find element-->By.cssSelector: [placeholder='Address']
17:13:50.454 INFO  manager.ListenerWD -- Location of element-->input
17:13:50.462 INFO  manager.ListenerWD -- Before click element-->inputtext -->
17:13:50.491 INFO  manager.ListenerWD -- After click element-->input
17:13:50.508 INFO  manager.ListenerWD -- sendKeys -->
17:13:50.511 INFO  manager.ListenerWD -- sendKeys -->input
17:13:50.528 INFO  manager.ListenerWD -- sendKeys -->
17:13:50.531 INFO  manager.ListenerWD -- sendKeys -->input
17:13:50.548 INFO  manager.ListenerWD -- sendKeys -->
17:13:50.552 INFO  manager.ListenerWD -- sendKeys -->input
17:13:50.565 INFO  manager.ListenerWD -- Before find element-->By.cssSelector: [placeholder = 'description']
17:13:50.577 INFO  manager.ListenerWD -- After find element-->By.cssSelector: [placeholder = 'description']
17:13:50.582 INFO  manager.ListenerWD -- Location of element-->input
17:13:50.591 INFO  manager.ListenerWD -- Before click element-->inputtext -->
17:13:50.634 INFO  manager.ListenerWD -- After click element-->input
17:13:50.652 INFO  manager.ListenerWD -- sendKeys -->
17:13:50.655 INFO  manager.ListenerWD -- sendKeys -->input
17:13:50.673 INFO  manager.ListenerWD -- sendKeys -->
17:13:50.676 INFO  manager.ListenerWD -- sendKeys -->input
17:13:50.692 INFO  manager.ListenerWD -- sendKeys -->
17:13:50.695 INFO  manager.ListenerWD -- sendKeys -->input
17:13:50.911 INFO  manager.ListenerWD -- Before find element-->By.cssSelector: .add_form__2rsm2>button
17:13:50.926 INFO  manager.ListenerWD -- After find element-->By.cssSelector: .add_form__2rsm2>button
17:13:50.931 INFO  manager.ListenerWD -- Location of element-->button
17:13:50.939 INFO  manager.ListenerWD -- Before click element-->buttontext -->Save
17:13:50.966 INFO  manager.ListenerWD -- After click element-->button
17:13:51.299 INFO  manager.TestNGListener -- Failure test -->addNewContactSuccessAllFieldsCSV
17:13:51.300 INFO  tests.TestBase -- ==============================================
17:13:51.301 INFO  tests.TestBase -- Name of method (test)-->addNewContactSuccessAllFieldsCSV
17:13:51.301 INFO  manager.TestNGListener -- Start test -->addNewContactSuccessAllFieldsCSV
17:13:51.301 INFO  manager.ListenerWD -- Before find element-->By.cssSelector: a[href='/add']
17:13:51.306 INFO  manager.ListenerWD -- Huston, we have a problem!
17:13:51.307 INFO  manager.ListenerWD -- Failed method:findElement
17:13:51.307 INFO  manager.ListenerWD -- **********************
17:13:51.307 INFO  manager.ListenerWD -- Arguments:[By.cssSelector: a[href='/add']]
17:13:51.307 INFO  manager.ListenerWD -- **********************
17:13:51.307 INFO  manager.ListenerWD -- Exception:UnhandledAlertException
17:13:51.307 INFO  manager.ListenerWD -- **********************
17:13:51.308 INFO  manager.ListenerWD -- Messageunexpected alert open: {Alert text : Email not valid: должно иметь формат адреса электронной почты Phone not valid: Phone number must contain only digits! And length min 10, max 15!}
  (Session info: chrome=148.0.7778.179): Email not valid: должно иметь формат адреса электронной почты Phone not valid: Phone number must contain only digits! And length min 10, max 15!
Build info: version: '4.26.0', revision: '8ccf0219d7'
System info: os.name: 'Windows 10', os.arch: 'amd64', os.version: '10.0', java.version: '17.0.12'
Driver info: org.openqa.selenium.chrome.ChromeDriver
Command: [c6cdc101d58a1911f6e5cb26686674b3, findElement {value=a[href='/add'], using=css selector}]
Capabilities {acceptInsecureCerts: false, browserName: chrome, browserVersion: 148.0.7778.179, chrome: {chromedriverVersion: 147.0.7727.57 (b4f28b5637d0..., userDataDir: C:\Users\Nina\AppData\Local...}, fedcm:accounts: true, goog:chromeOptions: {debuggerAddress: localhost:49864}, goog:processID: 9472, networkConnectionEnabled: false, pageLoadStrategy: normal, platformName: windows, proxy: Proxy(), se:cdp: ws://localhost:49864/devtoo..., se:cdpVersion: 148.0.7778.179, setWindowRect: true, strictFileInteractability: false, timeouts: {implicit: 0, pageLoad: 300000, script: 30000}, unhandledPromptBehavior: dismiss and notify, webauthn:extension:credBlob: true, webauthn:extension:largeBlob: true, webauthn:extension:minPinLength: true, webauthn:extension:prf: true, webauthn:virtualAuthenticators: true}
Session ID: c6cdc101d58a1911f6e5cb26686674b3
17:13:51.308 INFO  manager.ListenerWD -- **********************
17:13:51.308 INFO  manager.ListenerWD -- Screen with error is --->src/test/screenshots/screen_1568.png
17:13:51.561 INFO  manager.TestNGListener -- Failure test -->addNewContactSuccessAllFieldsCSV
17:13:51.562 INFO  tests.TestBase -- ==============================================
17:13:51.563 INFO  tests.TestBase -- Name of method (test)-->addNewContactSuccessAllFieldsCSV
17:13:51.563 INFO  manager.TestNGListener -- Start test -->addNewContactSuccessAllFieldsCSV
17:13:51.563 INFO  manager.ListenerWD -- Before find element-->By.cssSelector: a[href='/add']
17:13:51.576 INFO  manager.ListenerWD -- After find element-->By.cssSelector: a[href='/add']
17:13:51.581 INFO  manager.ListenerWD -- Location of element-->a
17:13:51.592 INFO  manager.ListenerWD -- Before click element-->atext -->ADD
17:13:51.625 INFO  manager.ListenerWD -- After click element-->a
17:13:51.626 INFO  manager.ListenerWD -- Before find element-->By.cssSelector: [placeholder='Name']
17:13:51.638 INFO  manager.ListenerWD -- After find element-->By.cssSelector: [placeholder='Name']
17:13:51.644 INFO  manager.ListenerWD -- Location of element-->input
17:13:51.653 INFO  manager.ListenerWD -- Before click element-->inputtext -->
17:13:51.684 INFO  manager.ListenerWD -- After click element-->input
17:13:51.704 INFO  manager.ListenerWD -- sendKeys -->
17:13:51.707 INFO  manager.ListenerWD -- sendKeys -->input
17:13:51.736 INFO  manager.ListenerWD -- sendKeys -->
17:13:51.739 INFO  manager.ListenerWD -- sendKeys -->input
17:13:51.755 INFO  manager.ListenerWD -- sendKeys -->
17:13:51.758 INFO  manager.ListenerWD -- sendKeys -->input
17:13:51.772 INFO  manager.ListenerWD -- Before find element-->By.cssSelector: [placeholder='Last Name']
17:13:51.783 INFO  manager.ListenerWD -- After find element-->By.cssSelector: [placeholder='Last Name']
17:13:51.786 INFO  manager.ListenerWD -- Location of element-->input
17:13:51.792 INFO  manager.ListenerWD -- Before click element-->inputtext -->
17:13:51.823 INFO  manager.ListenerWD -- After click element-->input
17:13:51.842 INFO  manager.ListenerWD -- sendKeys -->
17:13:51.844 INFO  manager.ListenerWD -- sendKeys -->input
17:13:51.870 INFO  manager.ListenerWD -- sendKeys -->
17:13:51.873 INFO  manager.ListenerWD -- sendKeys -->input
17:13:51.889 INFO  manager.ListenerWD -- sendKeys -->
17:13:51.893 INFO  manager.ListenerWD -- sendKeys -->input
17:13:51.906 INFO  manager.ListenerWD -- Before find element-->By.cssSelector: [placeholder='Phone']
17:13:51.916 INFO  manager.ListenerWD -- After find element-->By.cssSelector: [placeholder='Phone']
17:13:51.920 INFO  manager.ListenerWD -- Location of element-->input
17:13:51.928 INFO  manager.ListenerWD -- Before click element-->inputtext -->
17:13:51.954 INFO  manager.ListenerWD -- After click element-->input
17:13:51.973 INFO  manager.ListenerWD -- sendKeys -->
17:13:51.976 INFO  manager.ListenerWD -- sendKeys -->input
17:13:52.000 INFO  manager.ListenerWD -- sendKeys -->
17:13:52.003 INFO  manager.ListenerWD -- sendKeys -->input
17:13:52.019 INFO  manager.ListenerWD -- sendKeys -->
17:13:52.022 INFO  manager.ListenerWD -- sendKeys -->input
17:13:52.038 INFO  manager.ListenerWD -- Before find element-->By.cssSelector: [placeholder='email']
17:13:52.049 INFO  manager.ListenerWD -- After find element-->By.cssSelector: [placeholder='email']
17:13:52.052 INFO  manager.ListenerWD -- Location of element-->input
17:13:52.058 INFO  manager.ListenerWD -- Before click element-->inputtext -->
17:13:52.086 INFO  manager.ListenerWD -- After click element-->input
17:13:52.103 INFO  manager.ListenerWD -- sendKeys -->
17:13:52.105 INFO  manager.ListenerWD -- sendKeys -->input
17:13:52.131 INFO  manager.ListenerWD -- sendKeys -->
17:13:52.134 INFO  manager.ListenerWD -- sendKeys -->input
17:13:52.152 INFO  manager.ListenerWD -- sendKeys -->
17:13:52.154 INFO  manager.ListenerWD -- sendKeys -->input
17:13:52.168 INFO  manager.ListenerWD -- Before find element-->By.cssSelector: [placeholder='Address']
17:13:52.178 INFO  manager.ListenerWD -- After find element-->By.cssSelector: [placeholder='Address']
17:13:52.181 INFO  manager.ListenerWD -- Location of element-->input
17:13:52.191 INFO  manager.ListenerWD -- Before click element-->inputtext -->
17:13:52.220 INFO  manager.ListenerWD -- After click element-->input
17:13:52.237 INFO  manager.ListenerWD -- sendKeys -->
17:13:52.240 INFO  manager.ListenerWD -- sendKeys -->input
17:13:52.266 INFO  manager.ListenerWD -- sendKeys -->
17:13:52.270 INFO  manager.ListenerWD -- sendKeys -->input
17:13:52.288 INFO  manager.ListenerWD -- sendKeys -->
17:13:52.291 INFO  manager.ListenerWD -- sendKeys -->input
17:13:52.303 INFO  manager.ListenerWD -- Before find element-->By.cssSelector: [placeholder = 'description']
17:13:52.313 INFO  manager.ListenerWD -- After find element-->By.cssSelector: [placeholder = 'description']
17:13:52.317 INFO  manager.ListenerWD -- Location of element-->input
17:13:52.324 INFO  manager.ListenerWD -- Before click element-->inputtext -->
17:13:52.351 INFO  manager.ListenerWD -- After click element-->input
17:13:52.369 INFO  manager.ListenerWD -- sendKeys -->
17:13:52.373 INFO  manager.ListenerWD -- sendKeys -->input
17:13:52.398 INFO  manager.ListenerWD -- sendKeys -->
17:13:52.401 INFO  manager.ListenerWD -- sendKeys -->input
17:13:52.418 INFO  manager.ListenerWD -- sendKeys -->
17:13:52.421 INFO  manager.ListenerWD -- sendKeys -->input
17:13:52.610 INFO  manager.ListenerWD -- Before find element-->By.cssSelector: .add_form__2rsm2>button
17:13:52.621 INFO  manager.ListenerWD -- After find element-->By.cssSelector: .add_form__2rsm2>button
17:13:52.624 INFO  manager.ListenerWD -- Location of element-->button
17:13:52.631 INFO  manager.ListenerWD -- Before click element-->buttontext -->Save
17:13:52.658 INFO  manager.ListenerWD -- After click element-->button
17:13:52.918 INFO  manager.TestNGListener -- Failure test -->addNewContactSuccessAllFieldsCSV
17:13:52.919 INFO  tests.TestBase -- ==============================================
17:13:52.924 INFO  manager.TestNGListener -- Stop testing  on date-->Wed Jun 03 17:13:52 IDT 2026
