19:08:22.438 INFO  manager.ApplicationManager -- All tests runs in Chrome Browser
19:08:22.652 INFO  manager.ListenerWD -- Navigate to -->https://telranedu.web.app/
19:08:23.236 INFO  manager.ApplicationManager -- The link --->https://telranedu.web.app/home
19:08:23.248 INFO  manager.TestNGListener -- Start testing  on date-->Sun May 31 19:08:23 IDT 2026
19:08:23.269 INFO  tests.TestBase -- Name of method (test)-->loginSuccess
19:08:28.325 INFO  manager.TestNGListener -- Start test -->loginSuccess
19:08:28.325 INFO  tests.TestBase -- Start test with name 'loginSuccess'
19:08:28.326 INFO  tests.TestBase -- Yest data ---> emil:lolik@gmail.com &password:Lolik123!
19:08:28.326 INFO  manager.ListenerWD -- Before find element-->By.cssSelector: a[href='/login']
19:08:28.347 INFO  manager.ListenerWD -- After find element-->By.cssSelector: a[href='/login']
19:08:28.353 INFO  manager.ListenerWD -- Location of element-->a
19:08:28.365 INFO  manager.ListenerWD -- Before click element-->atext -->LOGIN
19:08:28.403 INFO  manager.ListenerWD -- After click element-->a
19:08:28.403 INFO  manager.HelperBase -- Open form by ckick on button with locator a[href='/login']
19:08:28.403 INFO  manager.ListenerWD -- Before find element-->By.name: email
19:08:28.419 INFO  manager.ListenerWD -- After find element-->By.name: email
19:08:28.424 INFO  manager.ListenerWD -- Location of element-->input
19:08:28.431 INFO  manager.ListenerWD -- Before click element-->inputtext -->
19:08:28.466 INFO  manager.ListenerWD -- After click element-->input
19:08:28.486 INFO  manager.ListenerWD -- sendKeys -->
19:08:28.489 INFO  manager.ListenerWD -- sendKeys -->input
19:08:28.512 INFO  manager.ListenerWD -- sendKeys -->
19:08:28.516 INFO  manager.ListenerWD -- sendKeys -->input
19:08:28.531 INFO  manager.ListenerWD -- sendKeys -->
19:08:28.534 INFO  manager.ListenerWD -- sendKeys -->input
19:08:28.550 INFO  manager.HelperBase -- type in input with locator By.name("email") 
19:08:28.550 INFO  manager.ListenerWD -- Before find element-->By.xpath: //input[@placeholder='Password']
19:08:28.563 INFO  manager.ListenerWD -- After find element-->By.xpath: //input[@placeholder='Password']
19:08:28.569 INFO  manager.ListenerWD -- Location of element-->input
19:08:28.576 INFO  manager.ListenerWD -- Before click element-->inputtext -->
19:08:28.607 INFO  manager.ListenerWD -- After click element-->input
19:08:28.625 INFO  manager.ListenerWD -- sendKeys -->
19:08:28.628 INFO  manager.ListenerWD -- sendKeys -->input
19:08:28.643 INFO  manager.ListenerWD -- sendKeys -->
19:08:28.646 INFO  manager.ListenerWD -- sendKeys -->input
19:08:28.661 INFO  manager.ListenerWD -- sendKeys -->
19:08:28.664 INFO  manager.ListenerWD -- sendKeys -->input
19:08:28.678 INFO  manager.ListenerWD -- Before find element-->By.xpath: //button[text()='Login']
19:08:28.689 INFO  manager.ListenerWD -- After find element-->By.xpath: //button[text()='Login']
19:08:28.692 INFO  manager.ListenerWD -- Location of element-->button
19:08:28.700 INFO  manager.ListenerWD -- Before click element-->buttontext -->Login
19:08:30.247 INFO  manager.TestNGListener -- Failure test -->loginSuccess
19:08:30.248 INFO  tests.TestBase -- ==============================================
19:08:30.248 INFO  tests.TestBase -- Name of method (test)-->loginSuccess
19:08:30.253 INFO  manager.ListenerWD -- Huston, we have a problem!
19:08:30.253 INFO  manager.ListenerWD -- Failed method:findElements
19:08:30.253 INFO  manager.ListenerWD -- **********************
19:08:30.254 INFO  manager.ListenerWD -- Arguments:[By.xpath: //button[text()='Sign Out']]
19:08:30.254 INFO  manager.ListenerWD -- **********************
19:08:30.254 INFO  manager.ListenerWD -- Exception:UnhandledAlertException
19:08:30.254 INFO  manager.ListenerWD -- **********************
19:08:30.254 INFO  manager.ListenerWD -- Messageunexpected alert open: {Alert text : Wrong email or password}
  (Session info: chrome=148.0.7778.179): Wrong email or password
Build info: version: '4.16.1', revision: '9b4c83354e'
System info: os.name: 'Windows 10', os.arch: 'amd64', os.version: '10.0', java.version: '17.0.12'
Driver info: org.openqa.selenium.chrome.ChromeDriver
Command: [51308bfa665da0aa25e2c3acf6aa5940, findElements {using=xpath, value=//button[text()='Sign Out']}]
Capabilities {acceptInsecureCerts: false, browserName: chrome, browserVersion: 148.0.7778.179, chrome: {chromedriverVersion: 147.0.7727.57 (b4f28b5637d0..., userDataDir: C:\Users\Nina\AppData\Local...}, fedcm:accounts: true, goog:chromeOptions: {debuggerAddress: localhost:56989}, goog:processID: 46308, networkConnectionEnabled: false, pageLoadStrategy: normal, platformName: windows, proxy: Proxy(), se:cdp: ws://localhost:56989/devtoo..., se:cdpVersion: 148.0.7778.179, setWindowRect: true, strictFileInteractability: false, timeouts: {implicit: 0, pageLoad: 300000, script: 30000}, unhandledPromptBehavior: dismiss and notify, webauthn:extension:credBlob: true, webauthn:extension:largeBlob: true, webauthn:extension:minPinLength: true, webauthn:extension:prf: true, webauthn:virtualAuthenticators: true}
Session ID: 51308bfa665da0aa25e2c3acf6aa5940
19:08:30.254 INFO  manager.ListenerWD -- **********************
19:08:30.254 INFO  manager.ListenerWD -- Screen with error is --->src/test/screenshots/screen_1744.png
19:08:30.515 INFO  manager.TestNGListener -- Start test -->loginSuccess
19:08:30.515 INFO  manager.TestNGListener -- Skipped test -->loginSuccess
19:08:30.517 INFO  manager.TestNGListener -- Start test -->loginSuccess
19:08:30.517 INFO  manager.TestNGListener -- Skipped test -->loginSuccess
19:08:30.521 INFO  manager.TestNGListener -- Stop testing  on date-->Sun May 31 19:08:30 IDT 2026
