14:51:25.207 INFO  manager.ApplicationManager -- All tests runs in Chrome Browser
14:51:25.434 INFO  manager.ListenerWD -- Navigate to -->https://telranedu.web.app/
14:51:26.162 INFO  manager.ApplicationManager -- The link --->https://telranedu.web.app/home
14:51:26.189 INFO  tests.TestBase -- Name of method (test)-->loginSuccess
14:51:31.206 INFO  tests.TestBase -- Start test with name 'loginSuccess'
14:51:31.206 INFO  tests.TestBase -- Test data --> email:'lolik@gmail.com & password: Lolik123!
14:51:31.207 INFO  manager.ListenerWD -- Before find element-->By.cssSelector: a[href='/login']
14:51:31.227 INFO  manager.ListenerWD -- After find element-->By.cssSelector: a[href='/login']
14:51:31.232 INFO  manager.ListenerWD -- Location of element-->a
14:51:31.245 INFO  manager.ListenerWD -- Before click element-->atext -->LOGIN
14:51:31.288 INFO  manager.ListenerWD -- After click element-->a
14:51:31.288 INFO  manager.HelperBase -- Open form by ckick on button with locator a[href='/login']
14:51:31.288 INFO  manager.ListenerWD -- Before find element-->By.name: email
14:51:31.302 INFO  manager.ListenerWD -- After find element-->By.name: email
14:51:31.306 INFO  manager.ListenerWD -- Location of element-->input
14:51:31.313 INFO  manager.ListenerWD -- Before click element-->inputtext -->
14:51:31.345 INFO  manager.ListenerWD -- After click element-->input
14:51:31.364 INFO  manager.ListenerWD -- sendKeys -->
14:51:31.367 INFO  manager.ListenerWD -- sendKeys -->input
14:51:31.388 INFO  manager.ListenerWD -- sendKeys -->
14:51:31.391 INFO  manager.ListenerWD -- sendKeys -->input
14:51:31.405 INFO  manager.ListenerWD -- sendKeys -->
14:51:31.409 INFO  manager.ListenerWD -- sendKeys -->input
14:51:31.425 INFO  manager.HelperBase -- type in input with locator By.name("email") 
14:51:31.425 INFO  manager.ListenerWD -- Before find element-->By.xpath: //input[@placeholder='Password']
14:51:31.438 INFO  manager.ListenerWD -- After find element-->By.xpath: //input[@placeholder='Password']
14:51:31.441 INFO  manager.ListenerWD -- Location of element-->input
14:51:31.448 INFO  manager.ListenerWD -- Before click element-->inputtext -->
14:51:31.478 INFO  manager.ListenerWD -- After click element-->input
14:51:31.494 INFO  manager.ListenerWD -- sendKeys -->
14:51:31.496 INFO  manager.ListenerWD -- sendKeys -->input
14:51:31.510 INFO  manager.ListenerWD -- sendKeys -->
14:51:31.512 INFO  manager.ListenerWD -- sendKeys -->input
14:51:31.528 INFO  manager.ListenerWD -- sendKeys -->
14:51:31.531 INFO  manager.ListenerWD -- sendKeys -->input
14:51:31.544 INFO  manager.ListenerWD -- Before find element-->By.xpath: //button[text()='Login']
14:51:31.554 INFO  manager.ListenerWD -- After find element-->By.xpath: //button[text()='Login']
14:51:31.557 INFO  manager.ListenerWD -- Location of element-->button
14:51:31.563 INFO  manager.ListenerWD -- Before click element-->buttontext -->Login
14:51:32.546 INFO  tests.TestBase -- Assert check is element button 'Sign out' present
14:51:32.548 INFO  tests.TestBase -- ==============================================
14:51:32.551 INFO  tests.TestBase -- Name of method (test)-->loginSuccess1
14:51:32.564 INFO  manager.ListenerWD -- Before find element-->By.xpath: //button[text()='Sign Out']
14:51:32.577 INFO  manager.ListenerWD -- After find element-->By.xpath: //button[text()='Sign Out']
14:51:32.581 INFO  manager.ListenerWD -- Location of element-->button
14:51:32.593 INFO  manager.ListenerWD -- Before click element-->buttontext -->Sign Out
14:51:32.627 INFO  tests.TestBase -- Before method finished logout
14:51:32.630 INFO  manager.ListenerWD -- Before find element-->By.cssSelector: a[href='/login']
14:51:32.640 INFO  manager.ListenerWD -- After find element-->By.cssSelector: a[href='/login']
14:51:32.644 INFO  manager.ListenerWD -- Location of element-->a
14:51:32.650 INFO  manager.ListenerWD -- Before click element-->atext -->LOGIN
14:51:32.677 INFO  manager.ListenerWD -- After click element-->a
14:51:32.677 INFO  manager.HelperBase -- Open form by ckick on button with locator a[href='/login']
14:51:32.677 INFO  manager.ListenerWD -- Before find element-->By.name: email
14:51:32.686 INFO  manager.ListenerWD -- After find element-->By.name: email
14:51:32.690 INFO  manager.ListenerWD -- Location of element-->input
14:51:32.696 INFO  manager.ListenerWD -- Before click element-->inputtext -->
14:51:32.728 INFO  manager.ListenerWD -- After click element-->input
14:51:32.743 INFO  manager.ListenerWD -- sendKeys -->
14:51:32.745 INFO  manager.ListenerWD -- sendKeys -->input
14:51:32.764 INFO  manager.ListenerWD -- sendKeys -->
14:51:32.767 INFO  manager.ListenerWD -- sendKeys -->input
14:51:32.783 INFO  manager.ListenerWD -- sendKeys -->
14:51:32.785 INFO  manager.ListenerWD -- sendKeys -->input
14:51:32.801 INFO  manager.ListenerWD -- Before find element-->By.xpath: //input[@placeholder='Password']
14:51:32.808 INFO  manager.ListenerWD -- After find element-->By.xpath: //input[@placeholder='Password']
14:51:32.812 INFO  manager.ListenerWD -- Location of element-->input
14:51:32.819 INFO  manager.ListenerWD -- Before click element-->inputtext -->
14:51:32.852 INFO  manager.ListenerWD -- After click element-->input
14:51:32.867 INFO  manager.ListenerWD -- sendKeys -->
14:51:32.869 INFO  manager.ListenerWD -- sendKeys -->input
14:51:32.884 INFO  manager.ListenerWD -- sendKeys -->
14:51:32.886 INFO  manager.ListenerWD -- sendKeys -->input
14:51:32.902 INFO  manager.ListenerWD -- sendKeys -->
14:51:32.904 INFO  manager.ListenerWD -- sendKeys -->input
14:51:32.917 INFO  manager.ListenerWD -- Before find element-->By.xpath: //button[text()='Login']
14:51:32.924 INFO  manager.ListenerWD -- After find element-->By.xpath: //button[text()='Login']
14:51:32.928 INFO  manager.ListenerWD -- Location of element-->button
14:51:32.935 INFO  manager.ListenerWD -- Before click element-->buttontext -->Login
14:51:33.233 INFO  tests.TestBase -- ==============================================
14:51:33.234 INFO  tests.TestBase -- Name of method (test)-->loginSuccessModel
14:51:33.247 INFO  manager.ListenerWD -- Before find element-->By.xpath: //button[text()='Sign Out']
14:51:33.254 INFO  manager.ListenerWD -- After find element-->By.xpath: //button[text()='Sign Out']
14:51:33.257 INFO  manager.ListenerWD -- Location of element-->button
14:51:33.264 INFO  manager.ListenerWD -- Before click element-->buttontext -->Sign Out
14:51:33.294 INFO  tests.TestBase -- Before method finished logout
14:51:33.294 INFO  tests.TestBase -- Test data --> email:'lolik@gmail.com & password: Lolik123!
14:51:33.295 INFO  manager.ListenerWD -- Before find element-->By.cssSelector: a[href='/login']
14:51:33.303 INFO  manager.ListenerWD -- After find element-->By.cssSelector: a[href='/login']
14:51:33.308 INFO  manager.ListenerWD -- Location of element-->a
14:51:33.313 INFO  manager.ListenerWD -- Before click element-->atext -->LOGIN
14:51:33.340 INFO  manager.ListenerWD -- After click element-->a
14:51:33.340 INFO  manager.HelperBase -- Open form by ckick on button with locator a[href='/login']
14:51:33.340 INFO  manager.ListenerWD -- Before find element-->By.name: email
14:51:33.346 INFO  manager.ListenerWD -- After find element-->By.name: email
14:51:33.348 INFO  manager.ListenerWD -- Location of element-->input
14:51:33.354 INFO  manager.ListenerWD -- Before click element-->inputtext -->
14:51:33.384 INFO  manager.ListenerWD -- After click element-->input
14:51:33.404 INFO  manager.ListenerWD -- sendKeys -->
14:51:33.406 INFO  manager.ListenerWD -- sendKeys -->input
14:51:33.421 INFO  manager.ListenerWD -- sendKeys -->
14:51:33.423 INFO  manager.ListenerWD -- sendKeys -->input
14:51:33.437 INFO  manager.ListenerWD -- sendKeys -->
14:51:33.439 INFO  manager.ListenerWD -- sendKeys -->input
14:51:33.450 INFO  manager.HelperBase -- type in input with locator By.name("email") 
14:51:33.451 INFO  manager.ListenerWD -- Before find element-->By.xpath: //input[@placeholder='Password']
14:51:33.457 INFO  manager.ListenerWD -- After find element-->By.xpath: //input[@placeholder='Password']
14:51:33.459 INFO  manager.ListenerWD -- Location of element-->input
14:51:33.464 INFO  manager.ListenerWD -- Before click element-->inputtext -->
14:51:33.500 INFO  manager.ListenerWD -- After click element-->input
14:51:33.515 INFO  manager.ListenerWD -- sendKeys -->
14:51:33.517 INFO  manager.ListenerWD -- sendKeys -->input
14:51:33.532 INFO  manager.ListenerWD -- sendKeys -->
14:51:33.535 INFO  manager.ListenerWD -- sendKeys -->input
14:51:33.550 INFO  manager.ListenerWD -- sendKeys -->
14:51:33.553 INFO  manager.ListenerWD -- sendKeys -->input
14:51:33.566 INFO  manager.ListenerWD -- Before find element-->By.xpath: //button[text()='Login']
14:51:33.572 INFO  manager.ListenerWD -- After find element-->By.xpath: //button[text()='Login']
14:51:33.575 INFO  manager.ListenerWD -- Location of element-->button
14:51:33.580 INFO  manager.ListenerWD -- Before click element-->buttontext -->Login
14:51:33.867 INFO  tests.TestBase -- ==============================================
14:51:33.867 INFO  tests.TestBase -- Name of method (test)-->loginUnregisteredUser
14:51:33.875 INFO  manager.ListenerWD -- Before find element-->By.xpath: //button[text()='Sign Out']
14:51:33.881 INFO  manager.ListenerWD -- After find element-->By.xpath: //button[text()='Sign Out']
14:51:33.883 INFO  manager.ListenerWD -- Location of element-->button
14:51:33.889 INFO  manager.ListenerWD -- Before click element-->buttontext -->Sign Out
14:51:33.915 INFO  tests.TestBase -- Before method finished logout
14:51:33.915 INFO  tests.TestBase -- Test data --> email:'loli_k@mail.ru & password: Lolik123!
14:51:33.916 INFO  manager.ListenerWD -- Before find element-->By.cssSelector: a[href='/login']
14:51:33.925 INFO  manager.ListenerWD -- After find element-->By.cssSelector: a[href='/login']
14:51:33.929 INFO  manager.ListenerWD -- Location of element-->a
14:51:33.936 INFO  manager.ListenerWD -- Before click element-->atext -->LOGIN
14:51:33.960 INFO  manager.ListenerWD -- After click element-->a
14:51:33.960 INFO  manager.HelperBase -- Open form by ckick on button with locator a[href='/login']
14:51:33.960 INFO  manager.ListenerWD -- Before find element-->By.name: email
14:51:33.968 INFO  manager.ListenerWD -- After find element-->By.name: email
14:51:33.970 INFO  manager.ListenerWD -- Location of element-->input
14:51:33.976 INFO  manager.ListenerWD -- Before click element-->inputtext -->
14:51:34.006 INFO  manager.ListenerWD -- After click element-->input
14:51:34.020 INFO  manager.ListenerWD -- sendKeys -->
14:51:34.022 INFO  manager.ListenerWD -- sendKeys -->input
14:51:34.036 INFO  manager.ListenerWD -- sendKeys -->
14:51:34.038 INFO  manager.ListenerWD -- sendKeys -->input
14:51:34.054 INFO  manager.ListenerWD -- sendKeys -->
14:51:34.056 INFO  manager.ListenerWD -- sendKeys -->input
14:51:34.071 INFO  manager.HelperBase -- type in input with locator By.name("email") 
14:51:34.072 INFO  manager.ListenerWD -- Before find element-->By.xpath: //input[@placeholder='Password']
14:51:34.078 INFO  manager.ListenerWD -- After find element-->By.xpath: //input[@placeholder='Password']
14:51:34.080 INFO  manager.ListenerWD -- Location of element-->input
14:51:34.086 INFO  manager.ListenerWD -- Before click element-->inputtext -->
14:51:34.117 INFO  manager.ListenerWD -- After click element-->input
14:51:34.131 INFO  manager.ListenerWD -- sendKeys -->
14:51:34.134 INFO  manager.ListenerWD -- sendKeys -->input
14:51:34.148 INFO  manager.ListenerWD -- sendKeys -->
14:51:34.151 INFO  manager.ListenerWD -- sendKeys -->input
14:51:34.167 INFO  manager.ListenerWD -- sendKeys -->
14:51:34.169 INFO  manager.ListenerWD -- sendKeys -->input
14:51:34.181 INFO  manager.ListenerWD -- Before find element-->By.xpath: //button[text()='Login']
14:51:34.187 INFO  manager.ListenerWD -- After find element-->By.xpath: //button[text()='Login']
14:51:34.189 INFO  manager.ListenerWD -- Location of element-->button
14:51:34.195 INFO  manager.ListenerWD -- Before click element-->buttontext -->Login
14:51:34.743 INFO  tests.TestBase -- Assert check is alert present with error test 'Wrong email or password' 
14:51:34.744 INFO  tests.TestBase -- ==============================================
14:51:34.745 INFO  tests.TestBase -- Name of method (test)-->loginWrongEmail
14:51:39.785 INFO  tests.TestBase -- Test data --> email:'lolikgmail.com & password: Lolik123!
14:51:39.785 INFO  manager.ListenerWD -- Before find element-->By.cssSelector: a[href='/login']
14:51:39.794 INFO  manager.ListenerWD -- After find element-->By.cssSelector: a[href='/login']
14:51:39.797 INFO  manager.ListenerWD -- Location of element-->a
14:51:39.803 INFO  manager.ListenerWD -- Before click element-->atext -->LOGIN
14:51:39.832 INFO  manager.ListenerWD -- After click element-->a
14:51:39.832 INFO  manager.HelperBase -- Open form by ckick on button with locator a[href='/login']
14:51:39.832 INFO  manager.ListenerWD -- Before find element-->By.name: email
14:51:39.841 INFO  manager.ListenerWD -- After find element-->By.name: email
14:51:39.845 INFO  manager.ListenerWD -- Location of element-->input
14:51:39.852 INFO  manager.ListenerWD -- Before click element-->inputtext -->
14:51:39.882 INFO  manager.ListenerWD -- After click element-->input
14:51:39.899 INFO  manager.ListenerWD -- sendKeys -->
14:51:39.902 INFO  manager.ListenerWD -- sendKeys -->input
14:51:39.928 INFO  manager.ListenerWD -- sendKeys -->
14:51:39.930 INFO  manager.ListenerWD -- sendKeys -->input
14:51:39.947 INFO  manager.ListenerWD -- sendKeys -->
14:51:39.950 INFO  manager.ListenerWD -- sendKeys -->input
14:51:39.964 INFO  manager.HelperBase -- type in input with locator By.name("email") 
14:51:39.964 INFO  manager.ListenerWD -- Before find element-->By.xpath: //input[@placeholder='Password']
14:51:39.973 INFO  manager.ListenerWD -- After find element-->By.xpath: //input[@placeholder='Password']
14:51:39.976 INFO  manager.ListenerWD -- Location of element-->input
14:51:39.982 INFO  manager.ListenerWD -- Before click element-->inputtext -->
14:51:40.013 INFO  manager.ListenerWD -- After click element-->input
14:51:40.035 INFO  manager.ListenerWD -- sendKeys -->
14:51:40.039 INFO  manager.ListenerWD -- sendKeys -->input
14:51:40.063 INFO  manager.ListenerWD -- sendKeys -->
14:51:40.067 INFO  manager.ListenerWD -- sendKeys -->input
14:51:40.085 INFO  manager.ListenerWD -- sendKeys -->
14:51:40.088 INFO  manager.ListenerWD -- sendKeys -->input
14:51:40.102 INFO  manager.ListenerWD -- Before find element-->By.xpath: //button[text()='Login']
14:51:40.111 INFO  manager.ListenerWD -- After find element-->By.xpath: //button[text()='Login']
14:51:40.115 INFO  manager.ListenerWD -- Location of element-->button
14:51:40.123 INFO  manager.ListenerWD -- Before click element-->buttontext -->Login
14:51:40.687 INFO  tests.TestBase -- Assert check is alert present with error test 'Wrong email or password' 
14:51:40.689 INFO  tests.TestBase -- ==============================================
14:51:40.690 INFO  tests.TestBase -- Name of method (test)-->loginWrongPassword
14:51:45.732 INFO  tests.TestBase -- Test data --> email:'lolik@gmail.com & password: Lolik123
14:51:45.733 INFO  manager.ListenerWD -- Before find element-->By.cssSelector: a[href='/login']
14:51:45.747 INFO  manager.ListenerWD -- After find element-->By.cssSelector: a[href='/login']
14:51:45.751 INFO  manager.ListenerWD -- Location of element-->a
14:51:45.758 INFO  manager.ListenerWD -- Before click element-->atext -->LOGIN
14:51:45.789 INFO  manager.ListenerWD -- After click element-->a
14:51:45.789 INFO  manager.HelperBase -- Open form by ckick on button with locator a[href='/login']
14:51:45.789 INFO  manager.ListenerWD -- Before find element-->By.name: email
14:51:45.798 INFO  manager.ListenerWD -- After find element-->By.name: email
14:51:45.801 INFO  manager.ListenerWD -- Location of element-->input
14:51:45.808 INFO  manager.ListenerWD -- Before click element-->inputtext -->
14:51:45.837 INFO  manager.ListenerWD -- After click element-->input
14:51:45.854 INFO  manager.ListenerWD -- sendKeys -->
14:51:45.857 INFO  manager.ListenerWD -- sendKeys -->input
14:51:45.883 INFO  manager.ListenerWD -- sendKeys -->
14:51:45.885 INFO  manager.ListenerWD -- sendKeys -->input
14:51:45.902 INFO  manager.ListenerWD -- sendKeys -->
14:51:45.904 INFO  manager.ListenerWD -- sendKeys -->input
14:51:45.918 INFO  manager.HelperBase -- type in input with locator By.name("email") 
14:51:45.918 INFO  manager.ListenerWD -- Before find element-->By.xpath: //input[@placeholder='Password']
14:51:45.927 INFO  manager.ListenerWD -- After find element-->By.xpath: //input[@placeholder='Password']
14:51:45.930 INFO  manager.ListenerWD -- Location of element-->input
14:51:45.937 INFO  manager.ListenerWD -- Before click element-->inputtext -->
14:51:45.965 INFO  manager.ListenerWD -- After click element-->input
14:51:45.983 INFO  manager.ListenerWD -- sendKeys -->
14:51:45.986 INFO  manager.ListenerWD -- sendKeys -->input
14:51:46.011 INFO  manager.ListenerWD -- sendKeys -->
14:51:46.013 INFO  manager.ListenerWD -- sendKeys -->input
14:51:46.028 INFO  manager.ListenerWD -- sendKeys -->
14:51:46.030 INFO  manager.ListenerWD -- sendKeys -->input
14:51:46.043 INFO  manager.ListenerWD -- Before find element-->By.xpath: //button[text()='Login']
14:51:46.051 INFO  manager.ListenerWD -- After find element-->By.xpath: //button[text()='Login']
14:51:46.054 INFO  manager.ListenerWD -- Location of element-->button
14:51:46.060 INFO  manager.ListenerWD -- Before click element-->buttontext -->Login
14:51:46.620 INFO  tests.TestBase -- Assert check is alert present with error test 'Wrong email or password' 
14:51:46.621 INFO  tests.TestBase -- ==============================================
