18:34:24.335 INFO  manager.ApplicationManager -- All tests runs in Chrome browser
18:34:28.250 INFO  manager.ApplicationManager -- All tests runs in Chrome Browser
18:34:28.804 INFO  manager.ListenerWD -- Navigate to -->https://telranedu.web.app/
18:34:29.822 INFO  manager.ApplicationManager -- The link --->https://telranedu.web.app/home
18:34:29.864 INFO  manager.TestNGListener -- Start testing  on date-->Mon Jun 08 18:34:29 IDT 2026
18:34:29.907 INFO  tests.TestBase -- Name of method (test)-->wrongEmailRegistration
18:34:34.931 INFO  manager.TestNGListener -- Start test -->wrongEmailRegistration
18:34:34.932 INFO  tests.TestBase -- Test data --> email:'mertgmail.com & password: Mert123456!
18:34:34.939 INFO  manager.ListenerWD -- Before find element-->By.cssSelector: a[href='/login']
18:34:35.012 INFO  manager.ListenerWD -- After find element-->By.cssSelector: a[href='/login']
18:34:35.034 INFO  manager.ListenerWD -- Location of element-->a
18:34:35.048 INFO  manager.ListenerWD -- Before click element-->atext -->LOGIN
18:34:35.092 INFO  manager.ListenerWD -- After click element-->a
18:34:35.092 INFO  manager.HelperBase -- Open form by ckick on button with locator a[href='/login']
18:34:35.092 INFO  manager.ListenerWD -- Before find element-->By.name: email
18:34:35.150 INFO  manager.ListenerWD -- After find element-->By.name: email
18:34:35.158 INFO  manager.ListenerWD -- Location of element-->input
18:34:35.167 INFO  manager.ListenerWD -- Before click element-->inputtext -->
18:34:35.202 INFO  manager.ListenerWD -- After click element-->input
18:34:35.227 INFO  manager.ListenerWD -- sendKeys -->
18:34:35.230 INFO  manager.ListenerWD -- sendKeys -->input
18:34:35.259 INFO  manager.ListenerWD -- sendKeys -->
18:34:35.262 INFO  manager.ListenerWD -- sendKeys -->input
18:34:35.280 INFO  manager.ListenerWD -- sendKeys -->
18:34:35.284 INFO  manager.ListenerWD -- sendKeys -->input
18:34:35.304 INFO  manager.ListenerWD -- Before find element-->By.xpath: //input[@placeholder='Password']
18:34:35.343 INFO  manager.ListenerWD -- After find element-->By.xpath: //input[@placeholder='Password']
18:34:35.351 INFO  manager.ListenerWD -- Location of element-->input
18:34:35.361 INFO  manager.ListenerWD -- Before click element-->inputtext -->
18:34:35.427 INFO  manager.ListenerWD -- After click element-->input
18:34:35.455 INFO  manager.ListenerWD -- sendKeys -->
18:34:35.457 INFO  manager.ListenerWD -- sendKeys -->input
18:34:35.473 INFO  manager.ListenerWD -- sendKeys -->
18:34:35.475 INFO  manager.ListenerWD -- sendKeys -->input
18:34:35.492 INFO  manager.ListenerWD -- sendKeys -->
18:34:35.495 INFO  manager.ListenerWD -- sendKeys -->input
18:34:35.511 INFO  manager.ListenerWD -- Before find element-->By.xpath: //button[text()='Registration']
18:34:35.522 INFO  manager.ListenerWD -- After find element-->By.xpath: //button[text()='Registration']
18:34:35.577 INFO  manager.ListenerWD -- Location of element-->button
18:34:35.587 INFO  manager.ListenerWD -- Before click element-->buttontext -->Registration
18:34:35.673 INFO  manager.ListenerWD -- Huston, we have a problem!
18:34:35.675 INFO  manager.ListenerWD -- Failed method:alert
18:34:35.676 INFO  manager.ListenerWD -- **********************
18:34:35.676 INFO  manager.ListenerWD -- Arguments:null
18:34:35.677 INFO  manager.ListenerWD -- **********************
18:34:35.677 INFO  manager.ListenerWD -- Exception:NoAlertPresentException
18:34:35.678 INFO  manager.ListenerWD -- **********************
18:34:35.679 INFO  manager.ListenerWD -- Messageno such alert
  (Session info: chrome=148.0.7778.217)
Build info: version: '4.26.0', revision: '8ccf0219d7'
System info: os.name: 'Windows 11', os.arch: 'amd64', os.version: '10.0', java.version: '17.0.12'
Driver info: org.openqa.selenium.chrome.ChromeDriver
Command: [93be2a9b598f6fe983d90af2c7040e97, getAlertText {}]
Capabilities {acceptInsecureCerts: false, browserName: chrome, browserVersion: 148.0.7778.217, chrome: {chromedriverVersion: 147.0.7727.57 (b4f28b5637d0..., userDataDir: C:\Users\Nina\AppData\Local...}, fedcm:accounts: true, goog:chromeOptions: {debuggerAddress: localhost:53250}, goog:processID: 29324, networkConnectionEnabled: false, pageLoadStrategy: normal, platformName: windows, proxy: Proxy(), se:cdp: ws://localhost:53250/devtoo..., se:cdpVersion: 148.0.7778.217, setWindowRect: true, strictFileInteractability: false, timeouts: {implicit: 0, pageLoad: 300000, script: 30000}, unhandledPromptBehavior: dismiss and notify, webauthn:extension:credBlob: true, webauthn:extension:largeBlob: true, webauthn:extension:minPinLength: true, webauthn:extension:prf: true, webauthn:virtualAuthenticators: true}
Session ID: 93be2a9b598f6fe983d90af2c7040e97
18:34:35.679 INFO  manager.ListenerWD -- **********************
18:34:35.680 INFO  manager.ListenerWD -- Screen with error is --->src/test/screenshots/screen_1867.png
18:34:36.260 INFO  manager.ListenerWD -- Huston, we have a problem!
18:34:36.260 INFO  manager.ListenerWD -- Failed method:alert
18:34:36.260 INFO  manager.ListenerWD -- **********************
18:34:36.260 INFO  manager.ListenerWD -- Arguments:null
18:34:36.260 INFO  manager.ListenerWD -- **********************
18:34:36.260 INFO  manager.ListenerWD -- Exception:NoAlertPresentException
18:34:36.261 INFO  manager.ListenerWD -- **********************
18:34:36.261 INFO  manager.ListenerWD -- Messageno such alert
  (Session info: chrome=148.0.7778.217)
Build info: version: '4.26.0', revision: '8ccf0219d7'
System info: os.name: 'Windows 11', os.arch: 'amd64', os.version: '10.0', java.version: '17.0.12'
Driver info: org.openqa.selenium.chrome.ChromeDriver
Command: [93be2a9b598f6fe983d90af2c7040e97, getAlertText {}]
Capabilities {acceptInsecureCerts: false, browserName: chrome, browserVersion: 148.0.7778.217, chrome: {chromedriverVersion: 147.0.7727.57 (b4f28b5637d0..., userDataDir: C:\Users\Nina\AppData\Local...}, fedcm:accounts: true, goog:chromeOptions: {debuggerAddress: localhost:53250}, goog:processID: 29324, networkConnectionEnabled: false, pageLoadStrategy: normal, platformName: windows, proxy: Proxy(), se:cdp: ws://localhost:53250/devtoo..., se:cdpVersion: 148.0.7778.217, setWindowRect: true, strictFileInteractability: false, timeouts: {implicit: 0, pageLoad: 300000, script: 30000}, unhandledPromptBehavior: dismiss and notify, webauthn:extension:credBlob: true, webauthn:extension:largeBlob: true, webauthn:extension:minPinLength: true, webauthn:extension:prf: true, webauthn:virtualAuthenticators: true}
Session ID: 93be2a9b598f6fe983d90af2c7040e97
18:34:36.261 INFO  manager.ListenerWD -- **********************
18:34:36.261 INFO  manager.ListenerWD -- Screen with error is --->src/test/screenshots/screen_1399.png
18:34:36.821 INFO  tests.TestBase -- Assert check is alert present with error test 'Wrong email or password' 
18:34:36.821 INFO  manager.ListenerWD -- Before find element-->By.xpath: //*[text()='Registration failed with code 400']
18:34:36.887 INFO  manager.ListenerWD -- After find element-->By.xpath: //*[text()='Registration failed with code 400']
18:34:36.893 INFO  manager.ListenerWD -- Location of element-->div
18:34:36.895 INFO  manager.TestNGListener -- Success test -->wrongEmailRegistration
18:34:36.895 INFO  tests.TestBase -- ==============================================
18:34:36.898 INFO  tests.TestBase -- Name of method (test)-->removeFirstContact
18:34:41.966 INFO  manager.ListenerWD -- Before find element-->By.cssSelector: a[href='/login']
18:34:41.976 INFO  manager.ListenerWD -- After find element-->By.cssSelector: a[href='/login']
18:34:42.004 INFO  manager.ListenerWD -- Location of element-->a
18:34:42.016 INFO  manager.ListenerWD -- Before click element-->atext -->LOGIN
18:34:42.047 INFO  manager.ListenerWD -- After click element-->a
18:34:42.048 INFO  manager.HelperBase -- Open form by ckick on button with locator a[href='/login']
18:34:42.048 INFO  manager.ListenerWD -- Before find element-->By.name: email
18:34:42.058 INFO  manager.ListenerWD -- After find element-->By.name: email
18:34:42.075 INFO  manager.ListenerWD -- Location of element-->input
18:34:42.129 INFO  manager.ListenerWD -- Before click element-->inputtext -->
18:34:42.241 INFO  manager.ListenerWD -- After click element-->input
18:34:42.262 INFO  manager.ListenerWD -- sendKeys -->
18:34:42.264 INFO  manager.ListenerWD -- sendKeys -->input
18:34:42.306 INFO  manager.ListenerWD -- sendKeys -->
18:34:42.322 INFO  manager.ListenerWD -- sendKeys -->input
18:34:42.365 INFO  manager.ListenerWD -- sendKeys -->
18:34:42.371 INFO  manager.ListenerWD -- sendKeys -->input
18:34:42.429 INFO  manager.ListenerWD -- Before find element-->By.xpath: //input[@placeholder='Password']
18:34:42.447 INFO  manager.ListenerWD -- After find element-->By.xpath: //input[@placeholder='Password']
18:34:42.454 INFO  manager.ListenerWD -- Location of element-->input
18:34:42.467 INFO  manager.ListenerWD -- Before click element-->inputtext -->
18:34:42.518 INFO  manager.ListenerWD -- After click element-->input
18:34:42.549 INFO  manager.ListenerWD -- sendKeys -->
18:34:42.557 INFO  manager.ListenerWD -- sendKeys -->input
18:34:42.603 INFO  manager.ListenerWD -- sendKeys -->
18:34:42.610 INFO  manager.ListenerWD -- sendKeys -->input
18:34:42.632 INFO  manager.ListenerWD -- sendKeys -->
18:34:42.634 INFO  manager.ListenerWD -- sendKeys -->input
18:34:42.649 INFO  manager.ListenerWD -- Before find element-->By.xpath: //button[text()='Login']
18:34:42.657 INFO  manager.ListenerWD -- After find element-->By.xpath: //button[text()='Login']
18:34:42.662 INFO  manager.ListenerWD -- Location of element-->button
18:34:42.669 INFO  manager.ListenerWD -- Before click element-->buttontext -->Login
18:34:44.152 INFO  manager.ListenerWD -- Before find element-->By.cssSelector: a[href='/add']
18:34:44.186 INFO  manager.ListenerWD -- After find element-->By.cssSelector: a[href='/add']
18:34:44.199 INFO  manager.ListenerWD -- Location of element-->a
18:34:44.208 INFO  manager.ListenerWD -- Before click element-->atext -->ADD
18:34:44.265 INFO  manager.ListenerWD -- After click element-->a
18:34:44.265 INFO  manager.ListenerWD -- Before find element-->By.cssSelector: [placeholder='Name']
18:34:44.308 INFO  manager.ListenerWD -- After find element-->By.cssSelector: [placeholder='Name']
18:34:44.328 INFO  manager.ListenerWD -- Location of element-->input
18:34:44.341 INFO  manager.ListenerWD -- Before click element-->inputtext -->
18:34:44.389 INFO  manager.ListenerWD -- After click element-->input
18:34:44.416 INFO  manager.ListenerWD -- sendKeys -->
18:34:44.421 INFO  manager.ListenerWD -- sendKeys -->input
18:34:44.444 INFO  manager.ListenerWD -- sendKeys -->
18:34:44.449 INFO  manager.ListenerWD -- sendKeys -->input
18:34:44.473 INFO  manager.ListenerWD -- sendKeys -->
18:34:44.475 INFO  manager.ListenerWD -- sendKeys -->input
18:34:44.488 INFO  manager.ListenerWD -- Before find element-->By.cssSelector: [placeholder='Last Name']
18:34:44.498 INFO  manager.ListenerWD -- After find element-->By.cssSelector: [placeholder='Last Name']
18:34:44.522 INFO  manager.ListenerWD -- Location of element-->input
18:34:44.528 INFO  manager.ListenerWD -- Before click element-->inputtext -->
18:34:44.555 INFO  manager.ListenerWD -- After click element-->input
18:34:44.573 INFO  manager.ListenerWD -- sendKeys -->
18:34:44.575 INFO  manager.ListenerWD -- sendKeys -->input
18:34:44.593 INFO  manager.ListenerWD -- sendKeys -->
18:34:44.595 INFO  manager.ListenerWD -- sendKeys -->input
18:34:44.610 INFO  manager.ListenerWD -- sendKeys -->
18:34:44.613 INFO  manager.ListenerWD -- sendKeys -->input
18:34:44.635 INFO  manager.ListenerWD -- Before find element-->By.cssSelector: [placeholder='Phone']
18:34:44.651 INFO  manager.ListenerWD -- After find element-->By.cssSelector: [placeholder='Phone']
18:34:44.656 INFO  manager.ListenerWD -- Location of element-->input
18:34:44.677 INFO  manager.ListenerWD -- Before click element-->inputtext -->
18:34:44.735 INFO  manager.ListenerWD -- After click element-->input
18:34:44.763 INFO  manager.ListenerWD -- sendKeys -->
18:34:44.769 INFO  manager.ListenerWD -- sendKeys -->input
18:34:44.788 INFO  manager.ListenerWD -- sendKeys -->
18:34:44.791 INFO  manager.ListenerWD -- sendKeys -->input
18:34:44.806 INFO  manager.ListenerWD -- sendKeys -->
18:34:44.808 INFO  manager.ListenerWD -- sendKeys -->input
18:34:44.823 INFO  manager.ListenerWD -- Before find element-->By.cssSelector: [placeholder='email']
18:34:44.832 INFO  manager.ListenerWD -- After find element-->By.cssSelector: [placeholder='email']
18:34:44.835 INFO  manager.ListenerWD -- Location of element-->input
18:34:44.841 INFO  manager.ListenerWD -- Before click element-->inputtext -->
18:34:44.868 INFO  manager.ListenerWD -- After click element-->input
18:34:44.883 INFO  manager.ListenerWD -- sendKeys -->
18:34:44.885 INFO  manager.ListenerWD -- sendKeys -->input
18:34:44.899 INFO  manager.ListenerWD -- sendKeys -->
18:34:44.902 INFO  manager.ListenerWD -- sendKeys -->input
18:34:44.918 INFO  manager.ListenerWD -- sendKeys -->
18:34:44.921 INFO  manager.ListenerWD -- sendKeys -->input
18:34:44.940 INFO  manager.ListenerWD -- Before find element-->By.cssSelector: [placeholder='Address']
18:34:44.950 INFO  manager.ListenerWD -- After find element-->By.cssSelector: [placeholder='Address']
18:34:44.953 INFO  manager.ListenerWD -- Location of element-->input
18:34:44.962 INFO  manager.ListenerWD -- Before click element-->inputtext -->
18:34:45.003 INFO  manager.ListenerWD -- After click element-->input
18:34:45.020 INFO  manager.ListenerWD -- sendKeys -->
18:34:45.022 INFO  manager.ListenerWD -- sendKeys -->input
18:34:45.038 INFO  manager.ListenerWD -- sendKeys -->
18:34:45.041 INFO  manager.ListenerWD -- sendKeys -->input
18:34:45.061 INFO  manager.ListenerWD -- sendKeys -->
18:34:45.075 INFO  manager.ListenerWD -- sendKeys -->input
18:34:45.141 INFO  manager.ListenerWD -- Before find element-->By.cssSelector: [placeholder = 'description']
18:34:45.173 INFO  manager.ListenerWD -- After find element-->By.cssSelector: [placeholder = 'description']
18:34:45.184 INFO  manager.ListenerWD -- Location of element-->input
18:34:45.204 INFO  manager.ListenerWD -- Before click element-->inputtext -->
18:34:45.250 INFO  manager.ListenerWD -- After click element-->input
18:34:45.273 INFO  manager.ListenerWD -- sendKeys -->
18:34:45.275 INFO  manager.ListenerWD -- sendKeys -->input
18:34:45.294 INFO  manager.ListenerWD -- sendKeys -->
18:34:45.301 INFO  manager.ListenerWD -- sendKeys -->input
18:34:45.319 INFO  manager.ListenerWD -- sendKeys -->
18:34:45.322 INFO  manager.ListenerWD -- sendKeys -->input
18:34:45.341 INFO  manager.ListenerWD -- Before find element-->By.cssSelector: .add_form__2rsm2>button
18:34:45.362 INFO  manager.ListenerWD -- After find element-->By.cssSelector: .add_form__2rsm2>button
18:34:45.370 INFO  manager.ListenerWD -- Location of element-->button
18:34:45.392 INFO  manager.ListenerWD -- Before click element-->buttontext -->Save
18:34:45.437 INFO  manager.ListenerWD -- After click element-->button
18:34:45.946 INFO  manager.ListenerWD -- Before find element-->By.cssSelector: a[href='/add']
18:34:45.956 INFO  manager.ListenerWD -- After find element-->By.cssSelector: a[href='/add']
18:34:45.959 INFO  manager.ListenerWD -- Location of element-->a
18:34:46.001 INFO  manager.ListenerWD -- Before click element-->atext -->ADD
18:34:46.036 INFO  manager.ListenerWD -- After click element-->a
18:34:46.036 INFO  manager.ListenerWD -- Before find element-->By.cssSelector: [placeholder='Name']
18:34:46.060 INFO  manager.ListenerWD -- After find element-->By.cssSelector: [placeholder='Name']
18:34:46.102 INFO  manager.ListenerWD -- Location of element-->input
18:34:46.112 INFO  manager.ListenerWD -- Before click element-->inputtext -->
18:34:46.197 INFO  manager.ListenerWD -- After click element-->input
18:34:46.213 INFO  manager.ListenerWD -- sendKeys -->
18:34:46.216 INFO  manager.ListenerWD -- sendKeys -->input
18:34:46.231 INFO  manager.ListenerWD -- sendKeys -->
18:34:46.235 INFO  manager.ListenerWD -- sendKeys -->input
18:34:46.250 INFO  manager.ListenerWD -- sendKeys -->
18:34:46.252 INFO  manager.ListenerWD -- sendKeys -->input
18:34:46.265 INFO  manager.ListenerWD -- Before find element-->By.cssSelector: [placeholder='Last Name']
18:34:46.272 INFO  manager.ListenerWD -- After find element-->By.cssSelector: [placeholder='Last Name']
18:34:46.275 INFO  manager.ListenerWD -- Location of element-->input
18:34:46.281 INFO  manager.ListenerWD -- Before click element-->inputtext -->
18:34:46.307 INFO  manager.ListenerWD -- After click element-->input
18:34:46.323 INFO  manager.ListenerWD -- sendKeys -->
18:34:46.326 INFO  manager.ListenerWD -- sendKeys -->input
18:34:46.343 INFO  manager.ListenerWD -- sendKeys -->
18:34:46.345 INFO  manager.ListenerWD -- sendKeys -->input
18:34:46.359 INFO  manager.ListenerWD -- sendKeys -->
18:34:46.362 INFO  manager.ListenerWD -- sendKeys -->input
18:34:46.376 INFO  manager.ListenerWD -- Before find element-->By.cssSelector: [placeholder='Phone']
18:34:46.384 INFO  manager.ListenerWD -- After find element-->By.cssSelector: [placeholder='Phone']
18:34:46.386 INFO  manager.ListenerWD -- Location of element-->input
18:34:46.397 INFO  manager.ListenerWD -- Before click element-->inputtext -->
18:34:46.426 INFO  manager.ListenerWD -- After click element-->input
18:34:46.445 INFO  manager.ListenerWD -- sendKeys -->
18:34:46.447 INFO  manager.ListenerWD -- sendKeys -->input
18:34:46.533 INFO  manager.ListenerWD -- sendKeys -->
18:34:46.543 INFO  manager.ListenerWD -- sendKeys -->input
18:34:46.580 INFO  manager.ListenerWD -- sendKeys -->
18:34:46.582 INFO  manager.ListenerWD -- sendKeys -->input
18:34:46.597 INFO  manager.ListenerWD -- Before find element-->By.cssSelector: [placeholder='email']
18:34:46.606 INFO  manager.ListenerWD -- After find element-->By.cssSelector: [placeholder='email']
18:34:46.607 INFO  manager.ListenerWD -- Location of element-->input
18:34:46.613 INFO  manager.ListenerWD -- Before click element-->inputtext -->
18:34:46.637 INFO  manager.ListenerWD -- After click element-->input
18:34:46.651 INFO  manager.ListenerWD -- sendKeys -->
18:34:46.654 INFO  manager.ListenerWD -- sendKeys -->input
18:34:46.668 INFO  manager.ListenerWD -- sendKeys -->
18:34:46.672 INFO  manager.ListenerWD -- sendKeys -->input
18:34:46.686 INFO  manager.ListenerWD -- sendKeys -->
18:34:46.689 INFO  manager.ListenerWD -- sendKeys -->input
18:34:46.709 INFO  manager.ListenerWD -- Before find element-->By.cssSelector: [placeholder='Address']
18:34:46.716 INFO  manager.ListenerWD -- After find element-->By.cssSelector: [placeholder='Address']
18:34:46.741 INFO  manager.ListenerWD -- Location of element-->input
18:34:46.757 INFO  manager.ListenerWD -- Before click element-->inputtext -->
18:34:46.801 INFO  manager.ListenerWD -- After click element-->input
18:34:46.828 INFO  manager.ListenerWD -- sendKeys -->
18:34:46.832 INFO  manager.ListenerWD -- sendKeys -->input
18:34:46.856 INFO  manager.ListenerWD -- sendKeys -->
18:34:46.859 INFO  manager.ListenerWD -- sendKeys -->input
18:34:46.894 INFO  manager.ListenerWD -- sendKeys -->
18:34:46.899 INFO  manager.ListenerWD -- sendKeys -->input
18:34:46.931 INFO  manager.ListenerWD -- Before find element-->By.cssSelector: [placeholder = 'description']
18:34:46.936 INFO  manager.ListenerWD -- After find element-->By.cssSelector: [placeholder = 'description']
18:34:46.946 INFO  manager.ListenerWD -- Location of element-->input
18:34:46.962 INFO  manager.ListenerWD -- Before click element-->inputtext -->
18:34:47.008 INFO  manager.ListenerWD -- After click element-->input
18:34:47.033 INFO  manager.ListenerWD -- sendKeys -->
18:34:47.036 INFO  manager.ListenerWD -- sendKeys -->input
18:34:47.050 INFO  manager.ListenerWD -- sendKeys -->
18:34:47.052 INFO  manager.ListenerWD -- sendKeys -->input
18:34:47.066 INFO  manager.ListenerWD -- sendKeys -->
18:34:47.067 INFO  manager.ListenerWD -- sendKeys -->input
18:34:47.080 INFO  manager.ListenerWD -- Before find element-->By.cssSelector: .add_form__2rsm2>button
18:34:47.101 INFO  manager.ListenerWD -- After find element-->By.cssSelector: .add_form__2rsm2>button
18:34:47.107 INFO  manager.ListenerWD -- Location of element-->button
18:34:47.112 INFO  manager.ListenerWD -- Before click element-->buttontext -->Save
18:34:47.134 INFO  manager.ListenerWD -- After click element-->button
18:34:47.645 INFO  manager.ListenerWD -- Before find element-->By.cssSelector: a[href='/add']
18:34:47.676 INFO  manager.ListenerWD -- After find element-->By.cssSelector: a[href='/add']
18:34:47.702 INFO  manager.ListenerWD -- Location of element-->a
18:34:47.726 INFO  manager.ListenerWD -- Before click element-->atext -->ADD
18:34:47.757 INFO  manager.ListenerWD -- After click element-->a
18:34:47.757 INFO  manager.ListenerWD -- Before find element-->By.cssSelector: [placeholder='Name']
18:34:47.784 INFO  manager.ListenerWD -- After find element-->By.cssSelector: [placeholder='Name']
18:34:47.803 INFO  manager.ListenerWD -- Location of element-->input
18:34:47.810 INFO  manager.ListenerWD -- Before click element-->inputtext -->
18:34:47.837 INFO  manager.ListenerWD -- After click element-->input
18:34:47.860 INFO  manager.ListenerWD -- sendKeys -->
18:34:47.867 INFO  manager.ListenerWD -- sendKeys -->input
18:34:47.882 INFO  manager.ListenerWD -- sendKeys -->
18:34:47.884 INFO  manager.ListenerWD -- sendKeys -->input
18:34:47.899 INFO  manager.ListenerWD -- sendKeys -->
18:34:47.901 INFO  manager.ListenerWD -- sendKeys -->input
18:34:47.913 INFO  manager.ListenerWD -- Before find element-->By.cssSelector: [placeholder='Last Name']
18:34:47.920 INFO  manager.ListenerWD -- After find element-->By.cssSelector: [placeholder='Last Name']
18:34:47.922 INFO  manager.ListenerWD -- Location of element-->input
18:34:47.928 INFO  manager.ListenerWD -- Before click element-->inputtext -->
18:34:47.960 INFO  manager.ListenerWD -- After click element-->input
18:34:47.974 INFO  manager.ListenerWD -- sendKeys -->
18:34:47.976 INFO  manager.ListenerWD -- sendKeys -->input
18:34:47.990 INFO  manager.ListenerWD -- sendKeys -->
18:34:47.992 INFO  manager.ListenerWD -- sendKeys -->input
18:34:48.006 INFO  manager.ListenerWD -- sendKeys -->
18:34:48.009 INFO  manager.ListenerWD -- sendKeys -->input
18:34:48.020 INFO  manager.ListenerWD -- Before find element-->By.cssSelector: [placeholder='Phone']
18:34:48.027 INFO  manager.ListenerWD -- After find element-->By.cssSelector: [placeholder='Phone']
18:34:48.029 INFO  manager.ListenerWD -- Location of element-->input
18:34:48.056 INFO  manager.ListenerWD -- Before click element-->inputtext -->
18:34:48.135 INFO  manager.ListenerWD -- After click element-->input
18:34:48.160 INFO  manager.ListenerWD -- sendKeys -->
18:34:48.167 INFO  manager.ListenerWD -- sendKeys -->input
18:34:48.200 INFO  manager.ListenerWD -- sendKeys -->
18:34:48.205 INFO  manager.ListenerWD -- sendKeys -->input
18:34:48.220 INFO  manager.ListenerWD -- sendKeys -->
18:34:48.231 INFO  manager.ListenerWD -- sendKeys -->input
18:34:48.275 INFO  manager.ListenerWD -- Before find element-->By.cssSelector: [placeholder='email']
18:34:48.291 INFO  manager.ListenerWD -- After find element-->By.cssSelector: [placeholder='email']
18:34:48.298 INFO  manager.ListenerWD -- Location of element-->input
18:34:48.311 INFO  manager.ListenerWD -- Before click element-->inputtext -->
18:34:48.360 INFO  manager.ListenerWD -- After click element-->input
18:34:48.379 INFO  manager.ListenerWD -- sendKeys -->
18:34:48.399 INFO  manager.ListenerWD -- sendKeys -->input
18:34:48.448 INFO  manager.ListenerWD -- sendKeys -->
18:34:48.455 INFO  manager.ListenerWD -- sendKeys -->input
18:34:48.487 INFO  manager.ListenerWD -- sendKeys -->
18:34:48.500 INFO  manager.ListenerWD -- sendKeys -->input
18:34:48.530 INFO  manager.ListenerWD -- Before find element-->By.cssSelector: [placeholder='Address']
18:34:48.537 INFO  manager.ListenerWD -- After find element-->By.cssSelector: [placeholder='Address']
18:34:48.539 INFO  manager.ListenerWD -- Location of element-->input
18:34:48.545 INFO  manager.ListenerWD -- Before click element-->inputtext -->
18:34:48.572 INFO  manager.ListenerWD -- After click element-->input
18:34:48.593 INFO  manager.ListenerWD -- sendKeys -->
18:34:48.595 INFO  manager.ListenerWD -- sendKeys -->input
18:34:48.611 INFO  manager.ListenerWD -- sendKeys -->
18:34:48.612 INFO  manager.ListenerWD -- sendKeys -->input
18:34:48.627 INFO  manager.ListenerWD -- sendKeys -->
18:34:48.630 INFO  manager.ListenerWD -- sendKeys -->input
18:34:48.643 INFO  manager.ListenerWD -- Before find element-->By.cssSelector: [placeholder = 'description']
18:34:48.671 INFO  manager.ListenerWD -- After find element-->By.cssSelector: [placeholder = 'description']
18:34:48.679 INFO  manager.ListenerWD -- Location of element-->input
18:34:48.689 INFO  manager.ListenerWD -- Before click element-->inputtext -->
18:34:48.716 INFO  manager.ListenerWD -- After click element-->input
18:34:48.736 INFO  manager.ListenerWD -- sendKeys -->
18:34:48.753 INFO  manager.ListenerWD -- sendKeys -->input
18:34:48.770 INFO  manager.ListenerWD -- sendKeys -->
18:34:48.772 INFO  manager.ListenerWD -- sendKeys -->input
18:34:48.794 INFO  manager.ListenerWD -- sendKeys -->
18:34:48.797 INFO  manager.ListenerWD -- sendKeys -->input
18:34:48.809 INFO  manager.ListenerWD -- Before find element-->By.cssSelector: .add_form__2rsm2>button
18:34:48.815 INFO  manager.ListenerWD -- After find element-->By.cssSelector: .add_form__2rsm2>button
18:34:48.818 INFO  manager.ListenerWD -- Location of element-->button
18:34:48.823 INFO  manager.ListenerWD -- Before click element-->buttontext -->Save
18:34:48.847 INFO  manager.ListenerWD -- After click element-->button
18:34:49.356 INFO  manager.TestNGListener -- Start test -->removeFirstContact
18:34:49.409 INFO  manager.HelperBase -- Number of Contacts before remove is-->5
18:34:49.409 INFO  manager.ListenerWD -- Before find element-->By.cssSelector: .contact-item_card__2SOIM
18:34:49.440 INFO  manager.ListenerWD -- After find element-->By.cssSelector: .contact-item_card__2SOIM
18:34:49.451 INFO  manager.ListenerWD -- Location of element-->div
18:34:49.467 INFO  manager.ListenerWD -- Before click element-->divtext -->Harry
555667771182
18:34:49.510 INFO  manager.ListenerWD -- After click element-->div
18:34:49.510 INFO  manager.ListenerWD -- Before find element-->By.xpath: //button[text()='Remove']
18:34:49.522 INFO  manager.ListenerWD -- After find element-->By.xpath: //button[text()='Remove']
18:34:49.525 INFO  manager.ListenerWD -- Location of element-->button
18:34:49.531 INFO  manager.ListenerWD -- Before click element-->buttontext -->Remove
18:34:49.571 INFO  manager.ListenerWD -- After click element-->button
18:34:50.626 INFO  manager.HelperBase -- Number of Contacts after remove is-->4
18:34:50.627 INFO  manager.TestNGListener -- Success test -->removeFirstContact
18:34:50.629 INFO  tests.TestBase -- ==============================================
18:34:50.632 INFO  manager.TestNGListener -- Stop testing  on date-->Mon Jun 08 18:34:50 IDT 2026
