19:38:29.049 INFO  manager.ApplicationManager -- All tests runs in Chrome Browser
19:38:29.247 INFO  manager.ListenerWD -- Navigate to -->https://telranedu.web.app/
19:38:30.083 INFO  manager.ApplicationManager -- The link --->https://telranedu.web.app/home
19:38:30.097 INFO  manager.TestNGListener -- Start testing  on date-->Sun May 31 19:38:30 IDT 2026
19:38:30.108 INFO  tests.TestBase -- test data---> email: lolik@gmail.com & password: Lolik123!
19:38:35.157 INFO  manager.ListenerWD -- Before find element-->By.cssSelector: a[href='/login']
19:38:35.175 INFO  manager.ListenerWD -- After find element-->By.cssSelector: a[href='/login']
19:38:35.179 INFO  manager.ListenerWD -- Location of element-->a
19:38:35.190 INFO  manager.ListenerWD -- Before click element-->atext -->LOGIN
19:38:35.228 INFO  manager.ListenerWD -- After click element-->a
19:38:35.228 INFO  manager.HelperBase -- Open form by ckick on button with locator a[href='/login']
19:38:35.228 INFO  manager.ListenerWD -- Before find element-->By.name: email
19:38:35.241 INFO  manager.ListenerWD -- After find element-->By.name: email
19:38:35.245 INFO  manager.ListenerWD -- Location of element-->input
19:38:35.253 INFO  manager.ListenerWD -- Before click element-->inputtext -->
19:38:35.283 INFO  manager.ListenerWD -- After click element-->input
19:38:35.302 INFO  manager.ListenerWD -- sendKeys -->
19:38:35.305 INFO  manager.ListenerWD -- sendKeys -->input
19:38:35.324 INFO  manager.ListenerWD -- sendKeys -->
19:38:35.327 INFO  manager.ListenerWD -- sendKeys -->input
19:38:35.342 INFO  manager.ListenerWD -- sendKeys -->
19:38:35.345 INFO  manager.ListenerWD -- sendKeys -->input
19:38:35.360 INFO  manager.ListenerWD -- Before find element-->By.xpath: //input[@placeholder='Password']
19:38:35.372 INFO  manager.ListenerWD -- After find element-->By.xpath: //input[@placeholder='Password']
19:38:35.375 INFO  manager.ListenerWD -- Location of element-->input
19:38:35.381 INFO  manager.ListenerWD -- Before click element-->inputtext -->
19:38:35.413 INFO  manager.ListenerWD -- After click element-->input
19:38:35.431 INFO  manager.ListenerWD -- sendKeys -->
19:38:35.434 INFO  manager.ListenerWD -- sendKeys -->input
19:38:35.450 INFO  manager.ListenerWD -- sendKeys -->
19:38:35.452 INFO  manager.ListenerWD -- sendKeys -->input
19:38:35.469 INFO  manager.ListenerWD -- sendKeys -->
19:38:35.471 INFO  manager.ListenerWD -- sendKeys -->input
19:38:35.485 INFO  manager.ListenerWD -- Before find element-->By.xpath: //button[text()='Login']
19:38:35.496 INFO  manager.ListenerWD -- After find element-->By.xpath: //button[text()='Login']
19:38:35.499 INFO  manager.ListenerWD -- Location of element-->button
19:38:35.505 INFO  manager.ListenerWD -- Before click element-->buttontext -->Login
19:38:35.536 INFO  tests.TestBase -- User logged in successfully
19:38:35.544 INFO  tests.TestBase -- Name of method (test)-->addNewContactSuccessAllFields
19:38:35.545 INFO  manager.TestNGListener -- Start test -->addNewContactSuccessAllFields
19:38:35.548 INFO  tests.TestBase -- Test data --> name: Tony, lastName:Molly, phone: 343434342315email: molly2315@gmail.com, address: Haifa, description: all fields
19:38:35.548 INFO  manager.ListenerWD -- Before find element-->By.cssSelector: a[href='/add']
19:38:36.934 INFO  manager.ListenerWD -- After find element-->By.cssSelector: a[href='/add']
19:38:36.939 INFO  manager.ListenerWD -- Location of element-->a
19:38:36.947 INFO  manager.ListenerWD -- Before click element-->atext -->ADD
19:38:36.984 INFO  manager.ListenerWD -- After click element-->a
19:38:36.984 INFO  manager.ListenerWD -- Before find element-->By.cssSelector: [placeholder='Name']
19:38:37.000 INFO  manager.ListenerWD -- After find element-->By.cssSelector: [placeholder='Name']
19:38:37.003 INFO  manager.ListenerWD -- Location of element-->input
19:38:37.010 INFO  manager.ListenerWD -- Before click element-->inputtext -->
19:38:37.043 INFO  manager.ListenerWD -- After click element-->input
19:38:37.060 INFO  manager.ListenerWD -- sendKeys -->
19:38:37.064 INFO  manager.ListenerWD -- sendKeys -->input
19:38:37.081 INFO  manager.ListenerWD -- sendKeys -->
19:38:37.084 INFO  manager.ListenerWD -- sendKeys -->input
19:38:37.101 INFO  manager.ListenerWD -- sendKeys -->
19:38:37.103 INFO  manager.ListenerWD -- sendKeys -->input
19:38:37.118 INFO  manager.ListenerWD -- Before find element-->By.cssSelector: [placeholder='Last Name']
19:38:37.131 INFO  manager.ListenerWD -- After find element-->By.cssSelector: [placeholder='Last Name']
19:38:37.134 INFO  manager.ListenerWD -- Location of element-->input
19:38:37.142 INFO  manager.ListenerWD -- Before click element-->inputtext -->
19:38:37.170 INFO  manager.ListenerWD -- After click element-->input
19:38:37.186 INFO  manager.ListenerWD -- sendKeys -->
19:38:37.188 INFO  manager.ListenerWD -- sendKeys -->input
19:38:37.205 INFO  manager.ListenerWD -- sendKeys -->
19:38:37.208 INFO  manager.ListenerWD -- sendKeys -->input
19:38:37.225 INFO  manager.ListenerWD -- sendKeys -->
19:38:37.228 INFO  manager.ListenerWD -- sendKeys -->input
19:38:37.242 INFO  manager.ListenerWD -- Before find element-->By.cssSelector: [placeholder='Phone']
19:38:37.256 INFO  manager.ListenerWD -- After find element-->By.cssSelector: [placeholder='Phone']
19:38:37.260 INFO  manager.ListenerWD -- Location of element-->input
19:38:37.266 INFO  manager.ListenerWD -- Before click element-->inputtext -->
19:38:37.297 INFO  manager.ListenerWD -- After click element-->input
19:38:37.313 INFO  manager.ListenerWD -- sendKeys -->
19:38:37.316 INFO  manager.ListenerWD -- sendKeys -->input
19:38:37.334 INFO  manager.ListenerWD -- sendKeys -->
19:38:37.337 INFO  manager.ListenerWD -- sendKeys -->input
19:38:37.355 INFO  manager.ListenerWD -- sendKeys -->
19:38:37.359 INFO  manager.ListenerWD -- sendKeys -->input
19:38:37.374 INFO  manager.ListenerWD -- Before find element-->By.cssSelector: [placeholder='email']
19:38:37.388 INFO  manager.ListenerWD -- After find element-->By.cssSelector: [placeholder='email']
19:38:37.393 INFO  manager.ListenerWD -- Location of element-->input
19:38:37.400 INFO  manager.ListenerWD -- Before click element-->inputtext -->
19:38:37.432 INFO  manager.ListenerWD -- After click element-->input
19:38:37.460 INFO  manager.ListenerWD -- sendKeys -->
19:38:37.463 INFO  manager.ListenerWD -- sendKeys -->input
19:38:37.482 INFO  manager.ListenerWD -- sendKeys -->
19:38:37.486 INFO  manager.ListenerWD -- sendKeys -->input
19:38:37.504 INFO  manager.ListenerWD -- sendKeys -->
19:38:37.507 INFO  manager.ListenerWD -- sendKeys -->input
19:38:37.523 INFO  manager.ListenerWD -- Before find element-->By.cssSelector: [placeholder='Address']
19:38:37.535 INFO  manager.ListenerWD -- After find element-->By.cssSelector: [placeholder='Address']
19:38:37.543 INFO  manager.ListenerWD -- Location of element-->input
19:38:37.553 INFO  manager.ListenerWD -- Before click element-->inputtext -->
19:38:37.582 INFO  manager.ListenerWD -- After click element-->input
19:38:37.599 INFO  manager.ListenerWD -- sendKeys -->
19:38:37.602 INFO  manager.ListenerWD -- sendKeys -->input
19:38:37.619 INFO  manager.ListenerWD -- sendKeys -->
19:38:37.622 INFO  manager.ListenerWD -- sendKeys -->input
19:38:37.638 INFO  manager.ListenerWD -- sendKeys -->
19:38:37.640 INFO  manager.ListenerWD -- sendKeys -->input
19:38:37.654 INFO  manager.ListenerWD -- Before find element-->By.cssSelector: [placeholder = 'description']
19:38:37.666 INFO  manager.ListenerWD -- After find element-->By.cssSelector: [placeholder = 'description']
19:38:37.669 INFO  manager.ListenerWD -- Location of element-->input
19:38:37.676 INFO  manager.ListenerWD -- Before click element-->inputtext -->
19:38:37.704 INFO  manager.ListenerWD -- After click element-->input
19:38:37.719 INFO  manager.ListenerWD -- sendKeys -->
19:38:37.722 INFO  manager.ListenerWD -- sendKeys -->input
19:38:37.740 INFO  manager.ListenerWD -- sendKeys -->
19:38:37.743 INFO  manager.ListenerWD -- sendKeys -->input
19:38:37.761 INFO  manager.ListenerWD -- sendKeys -->
19:38:37.765 INFO  manager.ListenerWD -- sendKeys -->input
19:38:38.003 INFO  manager.ListenerWD -- Before find element-->By.cssSelector: .add_form__2rsm2>button
19:38:38.016 INFO  manager.ListenerWD -- After find element-->By.cssSelector: .add_form__2rsm2>button
19:38:38.020 INFO  manager.ListenerWD -- Location of element-->button
19:38:38.028 INFO  manager.ListenerWD -- Before click element-->buttontext -->Save
19:38:38.060 INFO  manager.ListenerWD -- After click element-->button
19:38:38.676 INFO  tests.TestBase -- Assert check is add contact by name
19:38:38.713 INFO  tests.TestBase -- Assert check is add contact by phone
19:38:38.715 INFO  manager.TestNGListener -- Success test -->addNewContactSuccessAllFields
19:38:38.716 INFO  tests.TestBase -- ==============================================
19:38:38.716 INFO  tests.TestBase -- Name of method (test)-->addNewContactSuccessAllFields
19:38:38.717 INFO  manager.TestNGListener -- Start test -->addNewContactSuccessAllFields
19:38:38.717 INFO  tests.TestBase -- Test data --> name: Tony, lastName:Molly, phone: 343434342318email: molly2318@gmail.com, address: Haifa, description: all fields
19:38:38.717 INFO  manager.ListenerWD -- Before find element-->By.cssSelector: a[href='/add']
19:38:38.727 INFO  manager.ListenerWD -- After find element-->By.cssSelector: a[href='/add']
19:38:38.730 INFO  manager.ListenerWD -- Location of element-->a
19:38:38.736 INFO  manager.ListenerWD -- Before click element-->atext -->ADD
19:38:38.767 INFO  manager.ListenerWD -- After click element-->a
19:38:38.768 INFO  manager.ListenerWD -- Before find element-->By.cssSelector: [placeholder='Name']
19:38:38.778 INFO  manager.ListenerWD -- After find element-->By.cssSelector: [placeholder='Name']
19:38:38.781 INFO  manager.ListenerWD -- Location of element-->input
19:38:38.787 INFO  manager.ListenerWD -- Before click element-->inputtext -->
19:38:38.815 INFO  manager.ListenerWD -- After click element-->input
19:38:38.831 INFO  manager.ListenerWD -- sendKeys -->
19:38:38.834 INFO  manager.ListenerWD -- sendKeys -->input
19:38:38.851 INFO  manager.ListenerWD -- sendKeys -->
19:38:38.855 INFO  manager.ListenerWD -- sendKeys -->input
19:38:38.873 INFO  manager.ListenerWD -- sendKeys -->
19:38:38.876 INFO  manager.ListenerWD -- sendKeys -->input
19:38:38.887 INFO  manager.ListenerWD -- Before find element-->By.cssSelector: [placeholder='Last Name']
19:38:38.898 INFO  manager.ListenerWD -- After find element-->By.cssSelector: [placeholder='Last Name']
19:38:38.900 INFO  manager.ListenerWD -- Location of element-->input
19:38:38.907 INFO  manager.ListenerWD -- Before click element-->inputtext -->
19:38:38.933 INFO  manager.ListenerWD -- After click element-->input
19:38:38.949 INFO  manager.ListenerWD -- sendKeys -->
19:38:38.951 INFO  manager.ListenerWD -- sendKeys -->input
19:38:38.967 INFO  manager.ListenerWD -- sendKeys -->
19:38:38.970 INFO  manager.ListenerWD -- sendKeys -->input
19:38:38.987 INFO  manager.ListenerWD -- sendKeys -->
19:38:38.989 INFO  manager.ListenerWD -- sendKeys -->input
19:38:39.003 INFO  manager.ListenerWD -- Before find element-->By.cssSelector: [placeholder='Phone']
19:38:39.021 INFO  manager.ListenerWD -- After find element-->By.cssSelector: [placeholder='Phone']
19:38:39.028 INFO  manager.ListenerWD -- Location of element-->input
19:38:39.041 INFO  manager.ListenerWD -- Before click element-->inputtext -->
19:38:39.074 INFO  manager.ListenerWD -- After click element-->input
19:38:39.091 INFO  manager.ListenerWD -- sendKeys -->
19:38:39.095 INFO  manager.ListenerWD -- sendKeys -->input
19:38:39.115 INFO  manager.ListenerWD -- sendKeys -->
19:38:39.118 INFO  manager.ListenerWD -- sendKeys -->input
19:38:39.137 INFO  manager.ListenerWD -- sendKeys -->
19:38:39.141 INFO  manager.ListenerWD -- sendKeys -->input
19:38:39.158 INFO  manager.ListenerWD -- Before find element-->By.cssSelector: [placeholder='email']
19:38:39.168 INFO  manager.ListenerWD -- After find element-->By.cssSelector: [placeholder='email']
19:38:39.171 INFO  manager.ListenerWD -- Location of element-->input
19:38:39.176 INFO  manager.ListenerWD -- Before click element-->inputtext -->
19:38:39.203 INFO  manager.ListenerWD -- After click element-->input
19:38:39.219 INFO  manager.ListenerWD -- sendKeys -->
19:38:39.222 INFO  manager.ListenerWD -- sendKeys -->input
19:38:39.244 INFO  manager.ListenerWD -- sendKeys -->
19:38:39.246 INFO  manager.ListenerWD -- sendKeys -->input
19:38:39.262 INFO  manager.ListenerWD -- sendKeys -->
19:38:39.265 INFO  manager.ListenerWD -- sendKeys -->input
19:38:39.279 INFO  manager.ListenerWD -- Before find element-->By.cssSelector: [placeholder='Address']
19:38:39.289 INFO  manager.ListenerWD -- After find element-->By.cssSelector: [placeholder='Address']
19:38:39.292 INFO  manager.ListenerWD -- Location of element-->input
19:38:39.298 INFO  manager.ListenerWD -- Before click element-->inputtext -->
19:38:39.326 INFO  manager.ListenerWD -- After click element-->input
19:38:39.343 INFO  manager.ListenerWD -- sendKeys -->
19:38:39.346 INFO  manager.ListenerWD -- sendKeys -->input
19:38:39.363 INFO  manager.ListenerWD -- sendKeys -->
19:38:39.366 INFO  manager.ListenerWD -- sendKeys -->input
19:38:39.383 INFO  manager.ListenerWD -- sendKeys -->
19:38:39.386 INFO  manager.ListenerWD -- sendKeys -->input
19:38:39.401 INFO  manager.ListenerWD -- Before find element-->By.cssSelector: [placeholder = 'description']
19:38:39.411 INFO  manager.ListenerWD -- After find element-->By.cssSelector: [placeholder = 'description']
19:38:39.415 INFO  manager.ListenerWD -- Location of element-->input
19:38:39.422 INFO  manager.ListenerWD -- Before click element-->inputtext -->
19:38:39.449 INFO  manager.ListenerWD -- After click element-->input
19:38:39.465 INFO  manager.ListenerWD -- sendKeys -->
19:38:39.468 INFO  manager.ListenerWD -- sendKeys -->input
19:38:39.486 INFO  manager.ListenerWD -- sendKeys -->
19:38:39.489 INFO  manager.ListenerWD -- sendKeys -->input
19:38:39.674 INFO  manager.ListenerWD -- Before find element-->By.cssSelector: .add_form__2rsm2>button
19:38:39.685 INFO  manager.ListenerWD -- After find element-->By.cssSelector: .add_form__2rsm2>button
19:38:39.688 INFO  manager.ListenerWD -- Location of element-->button
19:38:39.695 INFO  manager.ListenerWD -- Before click element-->buttontext -->Save
19:38:39.721 INFO  manager.ListenerWD -- After click element-->button
19:38:40.138 INFO  tests.TestBase -- Assert check is add contact by name
19:38:40.180 INFO  tests.TestBase -- Assert check is add contact by phone
19:38:40.181 INFO  manager.TestNGListener -- Success test -->addNewContactSuccessAllFields
19:38:40.181 INFO  tests.TestBase -- ==============================================
19:38:40.184 INFO  manager.TestNGListener -- Stop testing  on date-->Sun May 31 19:38:40 IDT 2026
