23:16:45.301 INFO  manager.ApplicationManager -- Default Chrome Browser
23:16:45.694 INFO  manager.ListenerWD -- Navigate to -->https://telranedu.web.app/
23:16:46.417 INFO  manager.ApplicationManager -- The link --->https://telranedu.web.app/home
23:16:46.467 INFO  tests.TestBase -- Name of method (test) -->loginSuccess
23:16:51.623 INFO  tests.TestBase -- Start test with name 'loginSuccess'
23:16:51.623 INFO  tests.TestBase -- Test data ---> email: lolik@gmail.com & password: Lolik123!
23:16:51.623 INFO  manager.ListenerWD -- Before find element-->By.cssSelector: a[href='/login']
23:16:51.648 INFO  manager.ListenerWD -- After find element-->By.cssSelector: a[href='/login']
23:16:51.654 INFO  manager.ListenerWD -- Location of element-->a
23:16:51.666 INFO  manager.ListenerWD -- Before click element-->atext -->LOGIN
23:16:51.707 INFO  manager.ListenerWD -- After click element-->a
23:16:51.707 INFO  manager.HelperBase -- Open form by ckick on button with locator a[href='/login']
23:16:51.707 INFO  manager.ListenerWD -- Before find element-->By.name: email
23:16:51.730 INFO  manager.ListenerWD -- After find element-->By.name: email
23:16:51.733 INFO  manager.ListenerWD -- Location of element-->input
23:16:51.741 INFO  manager.ListenerWD -- Before click element-->inputtext -->
23:16:51.772 INFO  manager.ListenerWD -- After click element-->input
23:16:51.794 INFO  manager.ListenerWD -- sendKeys -->
23:16:51.797 INFO  manager.ListenerWD -- sendKeys -->input
23:16:51.821 INFO  manager.ListenerWD -- sendKeys -->
23:16:51.825 INFO  manager.ListenerWD -- sendKeys -->input
23:16:51.843 INFO  manager.ListenerWD -- sendKeys -->
23:16:51.847 INFO  manager.ListenerWD -- sendKeys -->input
23:16:51.864 INFO  manager.HelperBase -- type in input with locator By.name("email") 
23:16:51.865 INFO  manager.ListenerWD -- Before find element-->By.xpath: //input[@placeholder='Password']
23:16:51.880 INFO  manager.ListenerWD -- After find element-->By.xpath: //input[@placeholder='Password']
23:16:51.885 INFO  manager.ListenerWD -- Location of element-->input
23:16:51.892 INFO  manager.ListenerWD -- Before click element-->inputtext -->
23:16:51.925 INFO  manager.ListenerWD -- After click element-->input
23:16:51.941 INFO  manager.ListenerWD -- sendKeys -->
23:16:51.944 INFO  manager.ListenerWD -- sendKeys -->input
23:16:51.961 INFO  manager.ListenerWD -- sendKeys -->
23:16:51.965 INFO  manager.ListenerWD -- sendKeys -->input
23:16:51.982 INFO  manager.ListenerWD -- sendKeys -->
23:16:51.985 INFO  manager.ListenerWD -- sendKeys -->input
23:16:51.998 INFO  manager.ListenerWD -- Before find element-->By.xpath: //button[text()='Login']
23:16:52.013 INFO  manager.ListenerWD -- After find element-->By.xpath: //button[text()='Login']
23:16:52.017 INFO  manager.ListenerWD -- Location of element-->button
23:16:52.023 INFO  manager.ListenerWD -- Before click element-->buttontext -->Login
23:16:53.585 INFO  tests.TestBase -- Assert check is element button 'Sign out' present
23:16:53.595 INFO  tests.TestBase -- ==============================================
23:16:53.596 INFO  tests.TestBase -- Name of method (test) -->loginSuccess
23:16:53.610 INFO  manager.ListenerWD -- Before find element-->By.xpath: //button[text()='Sign Out']
23:16:53.624 INFO  manager.ListenerWD -- After find element-->By.xpath: //button[text()='Sign Out']
23:16:53.628 INFO  manager.ListenerWD -- Location of element-->button
23:16:53.633 INFO  manager.ListenerWD -- Before click element-->buttontext -->Sign Out
23:16:53.667 INFO  tests.TestBase -- Before method finished logout
23:16:53.671 INFO  tests.TestBase -- Start test with name 'loginSuccess'
23:16:53.671 INFO  tests.TestBase -- Test data ---> email: sonya@gmail.com & password: Ss12345$
23:16:53.671 INFO  manager.ListenerWD -- Before find element-->By.cssSelector: a[href='/login']
23:16:53.684 INFO  manager.ListenerWD -- After find element-->By.cssSelector: a[href='/login']
23:16:53.687 INFO  manager.ListenerWD -- Location of element-->a
23:16:53.695 INFO  manager.ListenerWD -- Before click element-->atext -->LOGIN
23:16:53.722 INFO  manager.ListenerWD -- After click element-->a
23:16:53.723 INFO  manager.HelperBase -- Open form by ckick on button with locator a[href='/login']
23:16:53.723 INFO  manager.ListenerWD -- Before find element-->By.name: email
23:16:53.736 INFO  manager.ListenerWD -- After find element-->By.name: email
23:16:53.739 INFO  manager.ListenerWD -- Location of element-->input
23:16:53.747 INFO  manager.ListenerWD -- Before click element-->inputtext -->
23:16:53.779 INFO  manager.ListenerWD -- After click element-->input
23:16:53.796 INFO  manager.ListenerWD -- sendKeys -->
23:16:53.799 INFO  manager.ListenerWD -- sendKeys -->input
23:16:53.816 INFO  manager.ListenerWD -- sendKeys -->
23:16:53.818 INFO  manager.ListenerWD -- sendKeys -->input
23:16:53.835 INFO  manager.ListenerWD -- sendKeys -->
23:16:53.838 INFO  manager.ListenerWD -- sendKeys -->input
23:16:53.853 INFO  manager.HelperBase -- type in input with locator By.name("email") 
23:16:53.854 INFO  manager.ListenerWD -- Before find element-->By.xpath: //input[@placeholder='Password']
23:16:53.868 INFO  manager.ListenerWD -- After find element-->By.xpath: //input[@placeholder='Password']
23:16:53.879 INFO  manager.ListenerWD -- Location of element-->input
23:16:53.888 INFO  manager.ListenerWD -- Before click element-->inputtext -->
23:16:53.914 INFO  manager.ListenerWD -- After click element-->input
23:16:53.928 INFO  manager.ListenerWD -- sendKeys -->
23:16:53.931 INFO  manager.ListenerWD -- sendKeys -->input
23:16:53.948 INFO  manager.ListenerWD -- sendKeys -->
23:16:53.950 INFO  manager.ListenerWD -- sendKeys -->input
23:16:53.969 INFO  manager.ListenerWD -- sendKeys -->
23:16:53.973 INFO  manager.ListenerWD -- sendKeys -->input
23:16:53.986 INFO  manager.ListenerWD -- Before find element-->By.xpath: //button[text()='Login']
23:16:53.997 INFO  manager.ListenerWD -- After find element-->By.xpath: //button[text()='Login']
23:16:54.002 INFO  manager.ListenerWD -- Location of element-->button
23:16:54.009 INFO  manager.ListenerWD -- Before click element-->buttontext -->Login
23:16:54.360 INFO  tests.TestBase -- Assert check is element button 'Sign out' present
23:16:54.362 INFO  tests.TestBase -- ==============================================
23:16:54.362 INFO  tests.TestBase -- Name of method (test) -->loginSuccess
23:16:54.374 INFO  manager.ListenerWD -- Before find element-->By.xpath: //button[text()='Sign Out']
23:16:54.384 INFO  manager.ListenerWD -- After find element-->By.xpath: //button[text()='Sign Out']
23:16:54.387 INFO  manager.ListenerWD -- Location of element-->button
23:16:54.394 INFO  manager.ListenerWD -- Before click element-->buttontext -->Sign Out
23:16:54.423 INFO  tests.TestBase -- Before method finished logout
23:16:54.425 INFO  tests.TestBase -- Start test with name 'loginSuccess'
23:16:54.425 INFO  tests.TestBase -- Test data ---> email: art276@art.com & password: $Art1$2$3456789
23:16:54.426 INFO  manager.ListenerWD -- Before find element-->By.cssSelector: a[href='/login']
23:16:54.438 INFO  manager.ListenerWD -- After find element-->By.cssSelector: a[href='/login']
23:16:54.441 INFO  manager.ListenerWD -- Location of element-->a
23:16:54.447 INFO  manager.ListenerWD -- Before click element-->atext -->LOGIN
23:16:54.472 INFO  manager.ListenerWD -- After click element-->a
23:16:54.472 INFO  manager.HelperBase -- Open form by ckick on button with locator a[href='/login']
23:16:54.472 INFO  manager.ListenerWD -- Before find element-->By.name: email
23:16:54.482 INFO  manager.ListenerWD -- After find element-->By.name: email
23:16:54.486 INFO  manager.ListenerWD -- Location of element-->input
23:16:54.492 INFO  manager.ListenerWD -- Before click element-->inputtext -->
23:16:54.523 INFO  manager.ListenerWD -- After click element-->input
23:16:54.538 INFO  manager.ListenerWD -- sendKeys -->
23:16:54.541 INFO  manager.ListenerWD -- sendKeys -->input
23:16:54.557 INFO  manager.ListenerWD -- sendKeys -->
23:16:54.561 INFO  manager.ListenerWD -- sendKeys -->input
23:16:54.575 INFO  manager.ListenerWD -- sendKeys -->
23:16:54.578 INFO  manager.ListenerWD -- sendKeys -->input
23:16:54.591 INFO  manager.HelperBase -- type in input with locator By.name("email") 
23:16:54.592 INFO  manager.ListenerWD -- Before find element-->By.xpath: //input[@placeholder='Password']
23:16:54.602 INFO  manager.ListenerWD -- After find element-->By.xpath: //input[@placeholder='Password']
23:16:54.604 INFO  manager.ListenerWD -- Location of element-->input
23:16:54.610 INFO  manager.ListenerWD -- Before click element-->inputtext -->
23:16:54.633 INFO  manager.ListenerWD -- After click element-->input
23:16:54.646 INFO  manager.ListenerWD -- sendKeys -->
23:16:54.648 INFO  manager.ListenerWD -- sendKeys -->input
23:16:54.662 INFO  manager.ListenerWD -- sendKeys -->
23:16:54.664 INFO  manager.ListenerWD -- sendKeys -->input
23:16:54.679 INFO  manager.ListenerWD -- sendKeys -->
23:16:54.681 INFO  manager.ListenerWD -- sendKeys -->input
23:16:54.698 INFO  manager.ListenerWD -- Before find element-->By.xpath: //button[text()='Login']
23:16:54.711 INFO  manager.ListenerWD -- After find element-->By.xpath: //button[text()='Login']
23:16:54.713 INFO  manager.ListenerWD -- Location of element-->button
23:16:54.718 INFO  manager.ListenerWD -- Before click element-->buttontext -->Login
23:16:55.069 INFO  tests.TestBase -- Assert check is element button 'Sign out' present
23:16:55.070 INFO  tests.TestBase -- ==============================================
23:16:55.073 INFO  tests.TestBase -- Name of method (test) -->loginSuccess1
23:16:55.085 INFO  manager.ListenerWD -- Before find element-->By.xpath: //button[text()='Sign Out']
23:16:55.093 INFO  manager.ListenerWD -- After find element-->By.xpath: //button[text()='Sign Out']
23:16:55.096 INFO  manager.ListenerWD -- Location of element-->button
23:16:55.101 INFO  manager.ListenerWD -- Before click element-->buttontext -->Sign Out
23:16:55.129 INFO  tests.TestBase -- Before method finished logout
23:16:55.131 INFO  manager.ListenerWD -- Before find element-->By.cssSelector: a[href='/login']
23:16:55.142 INFO  manager.ListenerWD -- After find element-->By.cssSelector: a[href='/login']
23:16:55.145 INFO  manager.ListenerWD -- Location of element-->a
23:16:55.151 INFO  manager.ListenerWD -- Before click element-->atext -->LOGIN
23:16:55.192 INFO  manager.ListenerWD -- After click element-->a
23:16:55.192 INFO  manager.HelperBase -- Open form by ckick on button with locator a[href='/login']
23:16:55.192 INFO  manager.ListenerWD -- Before find element-->By.name: email
23:16:55.201 INFO  manager.ListenerWD -- After find element-->By.name: email
23:16:55.205 INFO  manager.ListenerWD -- Location of element-->input
23:16:55.211 INFO  manager.ListenerWD -- Before click element-->inputtext -->
23:16:55.242 INFO  manager.ListenerWD -- After click element-->input
23:16:55.256 INFO  manager.ListenerWD -- sendKeys -->
23:16:55.258 INFO  manager.ListenerWD -- sendKeys -->input
23:16:55.273 INFO  manager.ListenerWD -- sendKeys -->
23:16:55.275 INFO  manager.ListenerWD -- sendKeys -->input
23:16:55.291 INFO  manager.ListenerWD -- sendKeys -->
23:16:55.294 INFO  manager.ListenerWD -- sendKeys -->input
23:16:55.308 INFO  manager.ListenerWD -- Before find element-->By.xpath: //input[@placeholder='Password']
23:16:55.317 INFO  manager.ListenerWD -- After find element-->By.xpath: //input[@placeholder='Password']
23:16:55.319 INFO  manager.ListenerWD -- Location of element-->input
23:16:55.326 INFO  manager.ListenerWD -- Before click element-->inputtext -->
23:16:55.351 INFO  manager.ListenerWD -- After click element-->input
23:16:55.367 INFO  manager.ListenerWD -- sendKeys -->
23:16:55.369 INFO  manager.ListenerWD -- sendKeys -->input
23:16:55.383 INFO  manager.ListenerWD -- sendKeys -->
23:16:55.386 INFO  manager.ListenerWD -- sendKeys -->input
23:16:55.400 INFO  manager.ListenerWD -- sendKeys -->
23:16:55.403 INFO  manager.ListenerWD -- sendKeys -->input
23:16:55.416 INFO  manager.ListenerWD -- Before find element-->By.xpath: //button[text()='Login']
23:16:55.424 INFO  manager.ListenerWD -- After find element-->By.xpath: //button[text()='Login']
23:16:55.427 INFO  manager.ListenerWD -- Location of element-->button
23:16:55.433 INFO  manager.ListenerWD -- Before click element-->buttontext -->Login
23:16:55.786 INFO  tests.TestBase -- ==============================================
23:16:55.788 INFO  tests.TestBase -- Name of method (test) -->loginSuccessModel
23:16:55.798 INFO  manager.ListenerWD -- Before find element-->By.xpath: //button[text()='Sign Out']
23:16:55.808 INFO  manager.ListenerWD -- After find element-->By.xpath: //button[text()='Sign Out']
23:16:55.811 INFO  manager.ListenerWD -- Location of element-->button
23:16:55.817 INFO  manager.ListenerWD -- Before click element-->buttontext -->Sign Out
23:16:55.843 INFO  tests.TestBase -- Before method finished logout
23:16:55.845 INFO  tests.TestBase -- Test data---> User{email='lolik@gmail.com', password='Lolik123!'}
23:16:55.845 INFO  manager.ListenerWD -- Before find element-->By.cssSelector: a[href='/login']
23:16:55.858 INFO  manager.ListenerWD -- After find element-->By.cssSelector: a[href='/login']
23:16:55.861 INFO  manager.ListenerWD -- Location of element-->a
23:16:55.868 INFO  manager.ListenerWD -- Before click element-->atext -->LOGIN
23:16:55.895 INFO  manager.ListenerWD -- After click element-->a
23:16:55.895 INFO  manager.HelperBase -- Open form by ckick on button with locator a[href='/login']
23:16:55.895 INFO  manager.ListenerWD -- Before find element-->By.name: email
23:16:55.904 INFO  manager.ListenerWD -- After find element-->By.name: email
23:16:55.907 INFO  manager.ListenerWD -- Location of element-->input
23:16:55.913 INFO  manager.ListenerWD -- Before click element-->inputtext -->
23:16:55.943 INFO  manager.ListenerWD -- After click element-->input
23:16:55.956 INFO  manager.ListenerWD -- sendKeys -->
23:16:55.959 INFO  manager.ListenerWD -- sendKeys -->input
23:16:55.972 INFO  manager.ListenerWD -- sendKeys -->
23:16:55.975 INFO  manager.ListenerWD -- sendKeys -->input
23:16:55.989 INFO  manager.ListenerWD -- sendKeys -->
23:16:55.991 INFO  manager.ListenerWD -- sendKeys -->input
23:16:56.007 INFO  manager.ListenerWD -- Before find element-->By.xpath: //input[@placeholder='Password']
23:16:56.015 INFO  manager.ListenerWD -- After find element-->By.xpath: //input[@placeholder='Password']
23:16:56.020 INFO  manager.ListenerWD -- Location of element-->input
23:16:56.025 INFO  manager.ListenerWD -- Before click element-->inputtext -->
23:16:56.049 INFO  manager.ListenerWD -- After click element-->input
23:16:56.064 INFO  manager.ListenerWD -- sendKeys -->
23:16:56.066 INFO  manager.ListenerWD -- sendKeys -->input
23:16:56.081 INFO  manager.ListenerWD -- sendKeys -->
23:16:56.083 INFO  manager.ListenerWD -- sendKeys -->input
23:16:56.098 INFO  manager.ListenerWD -- sendKeys -->
23:16:56.101 INFO  manager.ListenerWD -- sendKeys -->input
23:16:56.114 INFO  manager.ListenerWD -- Before find element-->By.xpath: //button[text()='Login']
23:16:56.125 INFO  manager.ListenerWD -- After find element-->By.xpath: //button[text()='Login']
23:16:56.130 INFO  manager.ListenerWD -- Location of element-->button
23:16:56.140 INFO  manager.ListenerWD -- Before click element-->buttontext -->Login
23:16:56.484 INFO  tests.TestBase -- Assert check is element button 'Sign out' present
23:16:56.487 INFO  tests.TestBase -- ==============================================
23:16:56.488 INFO  tests.TestBase -- Name of method (test) -->loginSuccessModel
23:16:56.496 INFO  manager.ListenerWD -- Before find element-->By.xpath: //button[text()='Sign Out']
23:16:56.505 INFO  manager.ListenerWD -- After find element-->By.xpath: //button[text()='Sign Out']
23:16:56.508 INFO  manager.ListenerWD -- Location of element-->button
23:16:56.513 INFO  manager.ListenerWD -- Before click element-->buttontext -->Sign Out
23:16:56.541 INFO  tests.TestBase -- Before method finished logout
23:16:56.542 INFO  tests.TestBase -- Test data---> User{email='sonya@gmail.com', password='Ss12345$'}
23:16:56.542 INFO  manager.ListenerWD -- Before find element-->By.cssSelector: a[href='/login']
23:16:56.553 INFO  manager.ListenerWD -- After find element-->By.cssSelector: a[href='/login']
23:16:56.556 INFO  manager.ListenerWD -- Location of element-->a
23:16:56.561 INFO  manager.ListenerWD -- Before click element-->atext -->LOGIN
23:16:56.583 INFO  manager.ListenerWD -- After click element-->a
23:16:56.583 INFO  manager.HelperBase -- Open form by ckick on button with locator a[href='/login']
23:16:56.584 INFO  manager.ListenerWD -- Before find element-->By.name: email
23:16:56.592 INFO  manager.ListenerWD -- After find element-->By.name: email
23:16:56.595 INFO  manager.ListenerWD -- Location of element-->input
23:16:56.601 INFO  manager.ListenerWD -- Before click element-->inputtext -->
23:16:56.635 INFO  manager.ListenerWD -- After click element-->input
23:16:56.649 INFO  manager.ListenerWD -- sendKeys -->
23:16:56.652 INFO  manager.ListenerWD -- sendKeys -->input
23:16:56.665 INFO  manager.ListenerWD -- sendKeys -->
23:16:56.668 INFO  manager.ListenerWD -- sendKeys -->input
23:16:56.681 INFO  manager.ListenerWD -- sendKeys -->
23:16:56.685 INFO  manager.ListenerWD -- sendKeys -->input
23:16:56.698 INFO  manager.ListenerWD -- Before find element-->By.xpath: //input[@placeholder='Password']
23:16:56.709 INFO  manager.ListenerWD -- After find element-->By.xpath: //input[@placeholder='Password']
23:16:56.711 INFO  manager.ListenerWD -- Location of element-->input
23:16:56.717 INFO  manager.ListenerWD -- Before click element-->inputtext -->
23:16:56.741 INFO  manager.ListenerWD -- After click element-->input
23:16:56.754 INFO  manager.ListenerWD -- sendKeys -->
23:16:56.756 INFO  manager.ListenerWD -- sendKeys -->input
23:16:56.770 INFO  manager.ListenerWD -- sendKeys -->
23:16:56.772 INFO  manager.ListenerWD -- sendKeys -->input
23:16:56.786 INFO  manager.ListenerWD -- sendKeys -->
23:16:56.789 INFO  manager.ListenerWD -- sendKeys -->input
23:16:56.801 INFO  manager.ListenerWD -- Before find element-->By.xpath: //button[text()='Login']
23:16:56.810 INFO  manager.ListenerWD -- After find element-->By.xpath: //button[text()='Login']
23:16:56.812 INFO  manager.ListenerWD -- Location of element-->button
23:16:56.818 INFO  manager.ListenerWD -- Before click element-->buttontext -->Login
23:16:57.155 INFO  tests.TestBase -- Assert check is element button 'Sign out' present
23:16:57.158 INFO  tests.TestBase -- ==============================================
23:16:57.160 INFO  tests.TestBase -- Name of method (test) -->loginSuccessModelDPF
23:16:57.170 INFO  manager.ListenerWD -- Before find element-->By.xpath: //button[text()='Sign Out']
23:16:57.180 INFO  manager.ListenerWD -- After find element-->By.xpath: //button[text()='Sign Out']
23:16:57.183 INFO  manager.ListenerWD -- Location of element-->button
23:16:57.188 INFO  manager.ListenerWD -- Before click element-->buttontext -->Sign Out
23:16:57.220 INFO  tests.TestBase -- Before method finished logout
23:16:57.223 INFO  tests.TestBase -- Test data---> User{email='lolik@gmail.com', password='Lolik123!'}
23:16:57.223 INFO  manager.ListenerWD -- Before find element-->By.cssSelector: a[href='/login']
23:16:57.235 INFO  manager.ListenerWD -- After find element-->By.cssSelector: a[href='/login']
23:16:57.239 INFO  manager.ListenerWD -- Location of element-->a
23:16:57.249 INFO  manager.ListenerWD -- Before click element-->atext -->LOGIN
23:16:57.280 INFO  manager.ListenerWD -- After click element-->a
23:16:57.280 INFO  manager.HelperBase -- Open form by ckick on button with locator a[href='/login']
23:16:57.280 INFO  manager.ListenerWD -- Before find element-->By.name: email
23:16:57.289 INFO  manager.ListenerWD -- After find element-->By.name: email
23:16:57.295 INFO  manager.ListenerWD -- Location of element-->input
23:16:57.300 INFO  manager.ListenerWD -- Before click element-->inputtext -->
23:16:57.334 INFO  manager.ListenerWD -- After click element-->input
23:16:57.349 INFO  manager.ListenerWD -- sendKeys -->
23:16:57.352 INFO  manager.ListenerWD -- sendKeys -->input
23:16:57.373 INFO  manager.ListenerWD -- sendKeys -->
23:16:57.378 INFO  manager.ListenerWD -- sendKeys -->input
23:16:57.400 INFO  manager.ListenerWD -- sendKeys -->
23:16:57.403 INFO  manager.ListenerWD -- sendKeys -->input
23:16:57.422 INFO  manager.ListenerWD -- Before find element-->By.xpath: //input[@placeholder='Password']
23:16:57.435 INFO  manager.ListenerWD -- After find element-->By.xpath: //input[@placeholder='Password']
23:16:57.439 INFO  manager.ListenerWD -- Location of element-->input
23:16:57.449 INFO  manager.ListenerWD -- Before click element-->inputtext -->
23:16:57.481 INFO  manager.ListenerWD -- After click element-->input
23:16:57.498 INFO  manager.ListenerWD -- sendKeys -->
23:16:57.501 INFO  manager.ListenerWD -- sendKeys -->input
23:16:57.521 INFO  manager.ListenerWD -- sendKeys -->
23:16:57.524 INFO  manager.ListenerWD -- sendKeys -->input
23:16:57.542 INFO  manager.ListenerWD -- sendKeys -->
23:16:57.544 INFO  manager.ListenerWD -- sendKeys -->input
23:16:57.557 INFO  manager.ListenerWD -- Before find element-->By.xpath: //button[text()='Login']
23:16:57.565 INFO  manager.ListenerWD -- After find element-->By.xpath: //button[text()='Login']
23:16:57.568 INFO  manager.ListenerWD -- Location of element-->button
23:16:57.574 INFO  manager.ListenerWD -- Before click element-->buttontext -->Login
23:16:57.975 INFO  tests.TestBase -- Assert check is element button 'Sign out' present
23:16:57.977 INFO  tests.TestBase -- ==============================================
23:16:57.978 INFO  tests.TestBase -- Name of method (test) -->loginSuccessModelDPF
23:16:57.989 INFO  manager.ListenerWD -- Before find element-->By.xpath: //button[text()='Sign Out']
23:16:57.998 INFO  manager.ListenerWD -- After find element-->By.xpath: //button[text()='Sign Out']
23:16:58.001 INFO  manager.ListenerWD -- Location of element-->button
23:16:58.009 INFO  manager.ListenerWD -- Before click element-->buttontext -->Sign Out
23:16:58.046 INFO  tests.TestBase -- Before method finished logout
23:16:58.048 INFO  tests.TestBase -- Test data---> User{email='sonya@gmail.com', password='Ss12345$'}
23:16:58.048 INFO  manager.ListenerWD -- Before find element-->By.cssSelector: a[href='/login']
23:16:58.062 INFO  manager.ListenerWD -- After find element-->By.cssSelector: a[href='/login']
23:16:58.065 INFO  manager.ListenerWD -- Location of element-->a
23:16:58.071 INFO  manager.ListenerWD -- Before click element-->atext -->LOGIN
23:16:58.100 INFO  manager.ListenerWD -- After click element-->a
23:16:58.100 INFO  manager.HelperBase -- Open form by ckick on button with locator a[href='/login']
23:16:58.100 INFO  manager.ListenerWD -- Before find element-->By.name: email
23:16:58.112 INFO  manager.ListenerWD -- After find element-->By.name: email
23:16:58.116 INFO  manager.ListenerWD -- Location of element-->input
23:16:58.124 INFO  manager.ListenerWD -- Before click element-->inputtext -->
23:16:58.167 INFO  manager.ListenerWD -- After click element-->input
23:16:58.186 INFO  manager.ListenerWD -- sendKeys -->
23:16:58.188 INFO  manager.ListenerWD -- sendKeys -->input
23:16:58.203 INFO  manager.ListenerWD -- sendKeys -->
23:16:58.207 INFO  manager.ListenerWD -- sendKeys -->input
23:16:58.225 INFO  manager.ListenerWD -- sendKeys -->
23:16:58.228 INFO  manager.ListenerWD -- sendKeys -->input
23:16:58.245 INFO  manager.ListenerWD -- Before find element-->By.xpath: //input[@placeholder='Password']
23:16:58.256 INFO  manager.ListenerWD -- After find element-->By.xpath: //input[@placeholder='Password']
23:16:58.260 INFO  manager.ListenerWD -- Location of element-->input
23:16:58.268 INFO  manager.ListenerWD -- Before click element-->inputtext -->
23:16:58.294 INFO  manager.ListenerWD -- After click element-->input
23:16:58.311 INFO  manager.ListenerWD -- sendKeys -->
23:16:58.314 INFO  manager.ListenerWD -- sendKeys -->input
23:16:58.333 INFO  manager.ListenerWD -- sendKeys -->
23:16:58.336 INFO  manager.ListenerWD -- sendKeys -->input
23:16:58.355 INFO  manager.ListenerWD -- sendKeys -->
23:16:58.358 INFO  manager.ListenerWD -- sendKeys -->input
23:16:58.374 INFO  manager.ListenerWD -- Before find element-->By.xpath: //button[text()='Login']
23:16:58.385 INFO  manager.ListenerWD -- After find element-->By.xpath: //button[text()='Login']
23:16:58.389 INFO  manager.ListenerWD -- Location of element-->button
23:16:58.396 INFO  manager.ListenerWD -- Before click element-->buttontext -->Login
23:16:58.747 INFO  tests.TestBase -- Assert check is element button 'Sign out' present
23:16:58.748 INFO  tests.TestBase -- ==============================================
23:16:58.749 INFO  tests.TestBase -- Name of method (test) -->loginSuccessModelDPF
23:16:58.758 INFO  manager.ListenerWD -- Before find element-->By.xpath: //button[text()='Sign Out']
23:16:58.767 INFO  manager.ListenerWD -- After find element-->By.xpath: //button[text()='Sign Out']
23:16:58.771 INFO  manager.ListenerWD -- Location of element-->button
23:16:58.777 INFO  manager.ListenerWD -- Before click element-->buttontext -->Sign Out
23:16:58.808 INFO  tests.TestBase -- Before method finished logout
23:16:58.810 INFO  tests.TestBase -- Test data---> User{email='lolik@gmail.com', password='Lolik123!'}
23:16:58.810 INFO  manager.ListenerWD -- Before find element-->By.cssSelector: a[href='/login']
23:16:58.821 INFO  manager.ListenerWD -- After find element-->By.cssSelector: a[href='/login']
23:16:58.824 INFO  manager.ListenerWD -- Location of element-->a
23:16:58.831 INFO  manager.ListenerWD -- Before click element-->atext -->LOGIN
23:16:58.858 INFO  manager.ListenerWD -- After click element-->a
23:16:58.858 INFO  manager.HelperBase -- Open form by ckick on button with locator a[href='/login']
23:16:58.858 INFO  manager.ListenerWD -- Before find element-->By.name: email
23:16:58.868 INFO  manager.ListenerWD -- After find element-->By.name: email
23:16:58.870 INFO  manager.ListenerWD -- Location of element-->input
23:16:58.875 INFO  manager.ListenerWD -- Before click element-->inputtext -->
23:16:58.907 INFO  manager.ListenerWD -- After click element-->input
23:16:58.922 INFO  manager.ListenerWD -- sendKeys -->
23:16:58.924 INFO  manager.ListenerWD -- sendKeys -->input
23:16:58.938 INFO  manager.ListenerWD -- sendKeys -->
23:16:58.939 INFO  manager.ListenerWD -- sendKeys -->input
23:16:58.955 INFO  manager.ListenerWD -- sendKeys -->
23:16:58.957 INFO  manager.ListenerWD -- sendKeys -->input
23:16:58.971 INFO  manager.ListenerWD -- Before find element-->By.xpath: //input[@placeholder='Password']
23:16:58.979 INFO  manager.ListenerWD -- After find element-->By.xpath: //input[@placeholder='Password']
23:16:58.981 INFO  manager.ListenerWD -- Location of element-->input
23:16:58.987 INFO  manager.ListenerWD -- Before click element-->inputtext -->
23:16:59.011 INFO  manager.ListenerWD -- After click element-->input
23:16:59.025 INFO  manager.ListenerWD -- sendKeys -->
23:16:59.027 INFO  manager.ListenerWD -- sendKeys -->input
23:16:59.041 INFO  manager.ListenerWD -- sendKeys -->
23:16:59.043 INFO  manager.ListenerWD -- sendKeys -->input
23:16:59.057 INFO  manager.ListenerWD -- sendKeys -->
23:16:59.059 INFO  manager.ListenerWD -- sendKeys -->input
23:16:59.072 INFO  manager.ListenerWD -- Before find element-->By.xpath: //button[text()='Login']
23:16:59.082 INFO  manager.ListenerWD -- After find element-->By.xpath: //button[text()='Login']
23:16:59.086 INFO  manager.ListenerWD -- Location of element-->button
23:16:59.094 INFO  manager.ListenerWD -- Before click element-->buttontext -->Login
23:16:59.451 INFO  tests.TestBase -- Assert check is element button 'Sign out' present
23:16:59.452 INFO  tests.TestBase -- ==============================================
23:16:59.453 INFO  tests.TestBase -- Name of method (test) -->loginUnregisteredUser
23:16:59.463 INFO  manager.ListenerWD -- Before find element-->By.xpath: //button[text()='Sign Out']
23:16:59.472 INFO  manager.ListenerWD -- After find element-->By.xpath: //button[text()='Sign Out']
23:16:59.474 INFO  manager.ListenerWD -- Location of element-->button
23:16:59.479 INFO  manager.ListenerWD -- Before click element-->buttontext -->Sign Out
23:16:59.508 INFO  tests.TestBase -- Before method finished logout
23:16:59.511 INFO  tests.TestBase -- Test data --> email:'loli_k@mail.ru & password: Lolik123!
23:16:59.511 INFO  manager.ListenerWD -- Before find element-->By.cssSelector: a[href='/login']
23:16:59.520 INFO  manager.ListenerWD -- After find element-->By.cssSelector: a[href='/login']
23:16:59.522 INFO  manager.ListenerWD -- Location of element-->a
23:16:59.528 INFO  manager.ListenerWD -- Before click element-->atext -->LOGIN
23:16:59.552 INFO  manager.ListenerWD -- After click element-->a
23:16:59.552 INFO  manager.HelperBase -- Open form by ckick on button with locator a[href='/login']
23:16:59.552 INFO  manager.ListenerWD -- Before find element-->By.name: email
23:16:59.561 INFO  manager.ListenerWD -- After find element-->By.name: email
23:16:59.564 INFO  manager.ListenerWD -- Location of element-->input
23:16:59.571 INFO  manager.ListenerWD -- Before click element-->inputtext -->
23:16:59.612 INFO  manager.ListenerWD -- After click element-->input
23:16:59.627 INFO  manager.ListenerWD -- sendKeys -->
23:16:59.629 INFO  manager.ListenerWD -- sendKeys -->input
23:16:59.644 INFO  manager.ListenerWD -- sendKeys -->
23:16:59.647 INFO  manager.ListenerWD -- sendKeys -->input
23:16:59.661 INFO  manager.ListenerWD -- sendKeys -->
23:16:59.664 INFO  manager.ListenerWD -- sendKeys -->input
23:16:59.678 INFO  manager.HelperBase -- type in input with locator By.name("email") 
23:16:59.678 INFO  manager.ListenerWD -- Before find element-->By.xpath: //input[@placeholder='Password']
23:16:59.687 INFO  manager.ListenerWD -- After find element-->By.xpath: //input[@placeholder='Password']
23:16:59.692 INFO  manager.ListenerWD -- Location of element-->input
23:16:59.700 INFO  manager.ListenerWD -- Before click element-->inputtext -->
23:16:59.723 INFO  manager.ListenerWD -- After click element-->input
23:16:59.737 INFO  manager.ListenerWD -- sendKeys -->
23:16:59.739 INFO  manager.ListenerWD -- sendKeys -->input
23:16:59.753 INFO  manager.ListenerWD -- sendKeys -->
23:16:59.755 INFO  manager.ListenerWD -- sendKeys -->input
23:16:59.773 INFO  manager.ListenerWD -- sendKeys -->
23:16:59.777 INFO  manager.ListenerWD -- sendKeys -->input
23:16:59.790 INFO  manager.ListenerWD -- Before find element-->By.xpath: //button[text()='Login']
23:16:59.799 INFO  manager.ListenerWD -- After find element-->By.xpath: //button[text()='Login']
23:16:59.802 INFO  manager.ListenerWD -- Location of element-->button
23:16:59.807 INFO  manager.ListenerWD -- Before click element-->buttontext -->Login
23:16:59.842 INFO  manager.ListenerWD -- Huston, we have a problem!
23:16:59.842 INFO  manager.ListenerWD -- Failed method:alert
23:16:59.842 INFO  manager.ListenerWD -- **********************
23:16:59.842 INFO  manager.ListenerWD -- Arguments:null
23:16:59.842 INFO  manager.ListenerWD -- **********************
23:16:59.842 INFO  manager.ListenerWD -- Exception:NoAlertPresentException
23:16:59.842 INFO  manager.ListenerWD -- **********************
23:16:59.842 INFO  manager.ListenerWD -- Messageno such alert
  (Session info: chrome=149.0.7827.103)
Build info: version: '4.26.0', revision: '8ccf0219d7'
System info: os.name: 'Windows 11', os.arch: 'amd64', os.version: '10.0', java.version: '21.0.10'
Driver info: org.openqa.selenium.chrome.ChromeDriver
Command: [fe904d316ff41fa4f0fdf2d2a7835b01, getAlertText {}]
Capabilities {acceptInsecureCerts: false, browserName: chrome, browserVersion: 149.0.7827.103, chrome: {chromedriverVersion: 149.0.7827.55 (3188f8a607ae..., userDataDir: C:\Users\Nina\AppData\Local...}, fedcm:accounts: true, goog:chromeOptions: {debuggerAddress: localhost:49725}, goog:processID: 17152, networkConnectionEnabled: false, pageLoadStrategy: normal, platformName: windows, proxy: Proxy(), se:cdp: ws://localhost:49725/devtoo..., se:cdpVersion: 149.0.7827.103, setWindowRect: true, strictFileInteractability: false, timeouts: {implicit: 0, pageLoad: 300000, script: 30000}, unhandledPromptBehavior: dismiss and notify, webauthn:extension:credBlob: true, webauthn:extension:largeBlob: true, webauthn:extension:minPinLength: true, webauthn:extension:prf: true, webauthn:virtualAuthenticators: true}
Session ID: fe904d316ff41fa4f0fdf2d2a7835b01
23:16:59.842 INFO  manager.ListenerWD -- **********************
23:16:59.842 INFO  manager.ListenerWD -- Screen with error is --->src/test/screenshots/screen_1703.png
23:17:00.354 INFO  manager.ListenerWD -- Huston, we have a problem!
23:17:00.354 INFO  manager.ListenerWD -- Failed method:alert
23:17:00.354 INFO  manager.ListenerWD -- **********************
23:17:00.354 INFO  manager.ListenerWD -- Arguments:null
23:17:00.354 INFO  manager.ListenerWD -- **********************
23:17:00.354 INFO  manager.ListenerWD -- Exception:NoAlertPresentException
23:17:00.354 INFO  manager.ListenerWD -- **********************
23:17:00.354 INFO  manager.ListenerWD -- Messageno such alert
  (Session info: chrome=149.0.7827.103)
Build info: version: '4.26.0', revision: '8ccf0219d7'
System info: os.name: 'Windows 11', os.arch: 'amd64', os.version: '10.0', java.version: '21.0.10'
Driver info: org.openqa.selenium.chrome.ChromeDriver
Command: [fe904d316ff41fa4f0fdf2d2a7835b01, getAlertText {}]
Capabilities {acceptInsecureCerts: false, browserName: chrome, browserVersion: 149.0.7827.103, chrome: {chromedriverVersion: 149.0.7827.55 (3188f8a607ae..., userDataDir: C:\Users\Nina\AppData\Local...}, fedcm:accounts: true, goog:chromeOptions: {debuggerAddress: localhost:49725}, goog:processID: 17152, networkConnectionEnabled: false, pageLoadStrategy: normal, platformName: windows, proxy: Proxy(), se:cdp: ws://localhost:49725/devtoo..., se:cdpVersion: 149.0.7827.103, setWindowRect: true, strictFileInteractability: false, timeouts: {implicit: 0, pageLoad: 300000, script: 30000}, unhandledPromptBehavior: dismiss and notify, webauthn:extension:credBlob: true, webauthn:extension:largeBlob: true, webauthn:extension:minPinLength: true, webauthn:extension:prf: true, webauthn:virtualAuthenticators: true}
Session ID: fe904d316ff41fa4f0fdf2d2a7835b01
23:17:00.355 INFO  manager.ListenerWD -- **********************
23:17:00.355 INFO  manager.ListenerWD -- Screen with error is --->src/test/screenshots/screen_1690.png
23:17:00.884 INFO  tests.TestBase -- Assert check is alert present with error test 'Wrong email or password' 
23:17:00.886 INFO  tests.TestBase -- ==============================================
23:17:00.886 INFO  tests.TestBase -- Name of method (test) -->loginWrongEmail
23:17:05.942 INFO  tests.TestBase -- Test data --> email:'lolikgmail.com & password: Lolik123!
23:17:05.942 INFO  manager.ListenerWD -- Before find element-->By.cssSelector: a[href='/login']
23:17:05.954 INFO  manager.ListenerWD -- After find element-->By.cssSelector: a[href='/login']
23:17:05.958 INFO  manager.ListenerWD -- Location of element-->a
23:17:05.964 INFO  manager.ListenerWD -- Before click element-->atext -->LOGIN
23:17:05.991 INFO  manager.ListenerWD -- After click element-->a
23:17:05.991 INFO  manager.HelperBase -- Open form by ckick on button with locator a[href='/login']
23:17:05.991 INFO  manager.ListenerWD -- Before find element-->By.name: email
23:17:06.002 INFO  manager.ListenerWD -- After find element-->By.name: email
23:17:06.007 INFO  manager.ListenerWD -- Location of element-->input
23:17:06.012 INFO  manager.ListenerWD -- Before click element-->inputtext -->
23:17:06.039 INFO  manager.ListenerWD -- After click element-->input
23:17:06.054 INFO  manager.ListenerWD -- sendKeys -->
23:17:06.057 INFO  manager.ListenerWD -- sendKeys -->input
23:17:06.078 INFO  manager.ListenerWD -- sendKeys -->
23:17:06.080 INFO  manager.ListenerWD -- sendKeys -->input
23:17:06.094 INFO  manager.ListenerWD -- sendKeys -->
23:17:06.096 INFO  manager.ListenerWD -- sendKeys -->input
23:17:06.109 INFO  manager.HelperBase -- type in input with locator By.name("email") 
23:17:06.109 INFO  manager.ListenerWD -- Before find element-->By.xpath: //input[@placeholder='Password']
23:17:06.117 INFO  manager.ListenerWD -- After find element-->By.xpath: //input[@placeholder='Password']
23:17:06.120 INFO  manager.ListenerWD -- Location of element-->input
23:17:06.126 INFO  manager.ListenerWD -- Before click element-->inputtext -->
23:17:06.155 INFO  manager.ListenerWD -- After click element-->input
23:17:06.170 INFO  manager.ListenerWD -- sendKeys -->
23:17:06.172 INFO  manager.ListenerWD -- sendKeys -->input
23:17:06.194 INFO  manager.ListenerWD -- sendKeys -->
23:17:06.196 INFO  manager.ListenerWD -- sendKeys -->input
23:17:06.210 INFO  manager.ListenerWD -- sendKeys -->
23:17:06.213 INFO  manager.ListenerWD -- sendKeys -->input
23:17:06.225 INFO  manager.ListenerWD -- Before find element-->By.xpath: //button[text()='Login']
23:17:06.232 INFO  manager.ListenerWD -- After find element-->By.xpath: //button[text()='Login']
23:17:06.235 INFO  manager.ListenerWD -- Location of element-->button
23:17:06.241 INFO  manager.ListenerWD -- Before click element-->buttontext -->Login
23:17:06.270 INFO  manager.ListenerWD -- Huston, we have a problem!
23:17:06.270 INFO  manager.ListenerWD -- Failed method:alert
23:17:06.270 INFO  manager.ListenerWD -- **********************
23:17:06.270 INFO  manager.ListenerWD -- Arguments:null
23:17:06.270 INFO  manager.ListenerWD -- **********************
23:17:06.270 INFO  manager.ListenerWD -- Exception:NoAlertPresentException
23:17:06.270 INFO  manager.ListenerWD -- **********************
23:17:06.270 INFO  manager.ListenerWD -- Messageno such alert
  (Session info: chrome=149.0.7827.103)
Build info: version: '4.26.0', revision: '8ccf0219d7'
System info: os.name: 'Windows 11', os.arch: 'amd64', os.version: '10.0', java.version: '21.0.10'
Driver info: org.openqa.selenium.chrome.ChromeDriver
Command: [fe904d316ff41fa4f0fdf2d2a7835b01, getAlertText {}]
Capabilities {acceptInsecureCerts: false, browserName: chrome, browserVersion: 149.0.7827.103, chrome: {chromedriverVersion: 149.0.7827.55 (3188f8a607ae..., userDataDir: C:\Users\Nina\AppData\Local...}, fedcm:accounts: true, goog:chromeOptions: {debuggerAddress: localhost:49725}, goog:processID: 17152, networkConnectionEnabled: false, pageLoadStrategy: normal, platformName: windows, proxy: Proxy(), se:cdp: ws://localhost:49725/devtoo..., se:cdpVersion: 149.0.7827.103, setWindowRect: true, strictFileInteractability: false, timeouts: {implicit: 0, pageLoad: 300000, script: 30000}, unhandledPromptBehavior: dismiss and notify, webauthn:extension:credBlob: true, webauthn:extension:largeBlob: true, webauthn:extension:minPinLength: true, webauthn:extension:prf: true, webauthn:virtualAuthenticators: true}
Session ID: fe904d316ff41fa4f0fdf2d2a7835b01
23:17:06.270 INFO  manager.ListenerWD -- **********************
23:17:06.270 INFO  manager.ListenerWD -- Screen with error is --->src/test/screenshots/screen_1485.png
23:17:06.791 INFO  manager.ListenerWD -- Huston, we have a problem!
23:17:06.791 INFO  manager.ListenerWD -- Failed method:alert
23:17:06.791 INFO  manager.ListenerWD -- **********************
23:17:06.791 INFO  manager.ListenerWD -- Arguments:null
23:17:06.791 INFO  manager.ListenerWD -- **********************
23:17:06.791 INFO  manager.ListenerWD -- Exception:NoAlertPresentException
23:17:06.791 INFO  manager.ListenerWD -- **********************
23:17:06.791 INFO  manager.ListenerWD -- Messageno such alert
  (Session info: chrome=149.0.7827.103)
Build info: version: '4.26.0', revision: '8ccf0219d7'
System info: os.name: 'Windows 11', os.arch: 'amd64', os.version: '10.0', java.version: '21.0.10'
Driver info: org.openqa.selenium.chrome.ChromeDriver
Command: [fe904d316ff41fa4f0fdf2d2a7835b01, getAlertText {}]
Capabilities {acceptInsecureCerts: false, browserName: chrome, browserVersion: 149.0.7827.103, chrome: {chromedriverVersion: 149.0.7827.55 (3188f8a607ae..., userDataDir: C:\Users\Nina\AppData\Local...}, fedcm:accounts: true, goog:chromeOptions: {debuggerAddress: localhost:49725}, goog:processID: 17152, networkConnectionEnabled: false, pageLoadStrategy: normal, platformName: windows, proxy: Proxy(), se:cdp: ws://localhost:49725/devtoo..., se:cdpVersion: 149.0.7827.103, setWindowRect: true, strictFileInteractability: false, timeouts: {implicit: 0, pageLoad: 300000, script: 30000}, unhandledPromptBehavior: dismiss and notify, webauthn:extension:credBlob: true, webauthn:extension:largeBlob: true, webauthn:extension:minPinLength: true, webauthn:extension:prf: true, webauthn:virtualAuthenticators: true}
Session ID: fe904d316ff41fa4f0fdf2d2a7835b01
23:17:06.791 INFO  manager.ListenerWD -- **********************
23:17:06.791 INFO  manager.ListenerWD -- Screen with error is --->src/test/screenshots/screen_1079.png
23:17:07.308 INFO  tests.TestBase -- Assert check is alert present with error test 'Wrong email or password' 
23:17:07.310 INFO  tests.TestBase -- ==============================================
23:17:07.311 INFO  tests.TestBase -- Name of method (test) -->loginWrongPassword
23:17:12.321 INFO  tests.TestBase -- Test data --> email:'lolik@gmail.com & password: Lolik123
23:17:12.321 INFO  manager.ListenerWD -- Before find element-->By.cssSelector: a[href='/login']
23:17:12.330 INFO  manager.ListenerWD -- After find element-->By.cssSelector: a[href='/login']
23:17:12.332 INFO  manager.ListenerWD -- Location of element-->a
23:17:12.337 INFO  manager.ListenerWD -- Before click element-->atext -->LOGIN
23:17:12.359 INFO  manager.ListenerWD -- After click element-->a
23:17:12.359 INFO  manager.HelperBase -- Open form by ckick on button with locator a[href='/login']
23:17:12.360 INFO  manager.ListenerWD -- Before find element-->By.name: email
23:17:12.367 INFO  manager.ListenerWD -- After find element-->By.name: email
23:17:12.370 INFO  manager.ListenerWD -- Location of element-->input
23:17:12.375 INFO  manager.ListenerWD -- Before click element-->inputtext -->
23:17:12.400 INFO  manager.ListenerWD -- After click element-->input
23:17:12.413 INFO  manager.ListenerWD -- sendKeys -->
23:17:12.415 INFO  manager.ListenerWD -- sendKeys -->input
23:17:12.435 INFO  manager.ListenerWD -- sendKeys -->
23:17:12.437 INFO  manager.ListenerWD -- sendKeys -->input
23:17:12.455 INFO  manager.ListenerWD -- sendKeys -->
23:17:12.457 INFO  manager.ListenerWD -- sendKeys -->input
23:17:12.472 INFO  manager.HelperBase -- type in input with locator By.name("email") 
23:17:12.472 INFO  manager.ListenerWD -- Before find element-->By.xpath: //input[@placeholder='Password']
23:17:12.480 INFO  manager.ListenerWD -- After find element-->By.xpath: //input[@placeholder='Password']
23:17:12.482 INFO  manager.ListenerWD -- Location of element-->input
23:17:12.487 INFO  manager.ListenerWD -- Before click element-->inputtext -->
23:17:12.509 INFO  manager.ListenerWD -- After click element-->input
23:17:12.523 INFO  manager.ListenerWD -- sendKeys -->
23:17:12.525 INFO  manager.ListenerWD -- sendKeys -->input
23:17:12.544 INFO  manager.ListenerWD -- sendKeys -->
23:17:12.546 INFO  manager.ListenerWD -- sendKeys -->input
23:17:12.560 INFO  manager.ListenerWD -- sendKeys -->
23:17:12.562 INFO  manager.ListenerWD -- sendKeys -->input
23:17:12.573 INFO  manager.ListenerWD -- Before find element-->By.xpath: //button[text()='Login']
23:17:12.581 INFO  manager.ListenerWD -- After find element-->By.xpath: //button[text()='Login']
23:17:12.583 INFO  manager.ListenerWD -- Location of element-->button
23:17:12.588 INFO  manager.ListenerWD -- Before click element-->buttontext -->Login
23:17:12.617 INFO  manager.ListenerWD -- Huston, we have a problem!
23:17:12.617 INFO  manager.ListenerWD -- Failed method:alert
23:17:12.617 INFO  manager.ListenerWD -- **********************
23:17:12.617 INFO  manager.ListenerWD -- Arguments:null
23:17:12.617 INFO  manager.ListenerWD -- **********************
23:17:12.617 INFO  manager.ListenerWD -- Exception:NoAlertPresentException
23:17:12.617 INFO  manager.ListenerWD -- **********************
23:17:12.617 INFO  manager.ListenerWD -- Messageno such alert
  (Session info: chrome=149.0.7827.103)
Build info: version: '4.26.0', revision: '8ccf0219d7'
System info: os.name: 'Windows 11', os.arch: 'amd64', os.version: '10.0', java.version: '21.0.10'
Driver info: org.openqa.selenium.chrome.ChromeDriver
Command: [fe904d316ff41fa4f0fdf2d2a7835b01, getAlertText {}]
Capabilities {acceptInsecureCerts: false, browserName: chrome, browserVersion: 149.0.7827.103, chrome: {chromedriverVersion: 149.0.7827.55 (3188f8a607ae..., userDataDir: C:\Users\Nina\AppData\Local...}, fedcm:accounts: true, goog:chromeOptions: {debuggerAddress: localhost:49725}, goog:processID: 17152, networkConnectionEnabled: false, pageLoadStrategy: normal, platformName: windows, proxy: Proxy(), se:cdp: ws://localhost:49725/devtoo..., se:cdpVersion: 149.0.7827.103, setWindowRect: true, strictFileInteractability: false, timeouts: {implicit: 0, pageLoad: 300000, script: 30000}, unhandledPromptBehavior: dismiss and notify, webauthn:extension:credBlob: true, webauthn:extension:largeBlob: true, webauthn:extension:minPinLength: true, webauthn:extension:prf: true, webauthn:virtualAuthenticators: true}
Session ID: fe904d316ff41fa4f0fdf2d2a7835b01
23:17:12.617 INFO  manager.ListenerWD -- **********************
23:17:12.617 INFO  manager.ListenerWD -- Screen with error is --->src/test/screenshots/screen_1394.png
23:17:13.145 INFO  tests.TestBase -- Assert check is alert present with error test 'Wrong email or password' 
23:17:13.146 INFO  tests.TestBase -- ==============================================
