17:10:12.587 INFO  manager.ApplicationManager -- All tests runs in Chrome Browser
17:10:12.792 INFO  manager.ListenerWD -- Navigate to -->https://telranedu.web.app/
17:10:13.359 INFO  manager.ApplicationManager -- The link --->https://telranedu.web.app/home
17:10:13.368 INFO  manager.TestNGListener -- Start testing  on date-->Wed Jun 03 17:10:13 IDT 2026
17:10:13.377 INFO  tests.TestBase -- test data---> email: lolik@gmail.com & password: Lolik123!
17:10:18.424 INFO  manager.ListenerWD -- Before find element-->By.cssSelector: a[href='/login']
17:10:18.449 INFO  manager.ListenerWD -- After find element-->By.cssSelector: a[href='/login']
17:10:18.456 INFO  manager.ListenerWD -- Location of element-->a
17:10:18.472 INFO  manager.ListenerWD -- Before click element-->atext -->LOGIN
17:10:18.504 INFO  manager.ListenerWD -- After click element-->a
17:10:18.505 INFO  manager.HelperBase -- Open form by ckick on button with locator a[href='/login']
17:10:18.505 INFO  manager.ListenerWD -- Before find element-->By.name: email
17:10:18.519 INFO  manager.ListenerWD -- After find element-->By.name: email
17:10:18.523 INFO  manager.ListenerWD -- Location of element-->input
17:10:18.531 INFO  manager.ListenerWD -- Before click element-->inputtext -->
17:10:18.561 INFO  manager.ListenerWD -- After click element-->input
17:10:18.581 INFO  manager.ListenerWD -- sendKeys -->
17:10:18.584 INFO  manager.ListenerWD -- sendKeys -->input
17:10:18.604 INFO  manager.ListenerWD -- sendKeys -->
17:10:18.607 INFO  manager.ListenerWD -- sendKeys -->input
17:10:18.623 INFO  manager.ListenerWD -- sendKeys -->
17:10:18.625 INFO  manager.ListenerWD -- sendKeys -->input
17:10:18.640 INFO  manager.ListenerWD -- Before find element-->By.xpath: //input[@placeholder='Password']
17:10:18.654 INFO  manager.ListenerWD -- After find element-->By.xpath: //input[@placeholder='Password']
17:10:18.657 INFO  manager.ListenerWD -- Location of element-->input
17:10:18.665 INFO  manager.ListenerWD -- Before click element-->inputtext -->
17:10:18.690 INFO  manager.ListenerWD -- After click element-->input
17:10:18.705 INFO  manager.ListenerWD -- sendKeys -->
17:10:18.708 INFO  manager.ListenerWD -- sendKeys -->input
17:10:18.721 INFO  manager.ListenerWD -- sendKeys -->
17:10:18.725 INFO  manager.ListenerWD -- sendKeys -->input
17:10:18.742 INFO  manager.ListenerWD -- sendKeys -->
17:10:18.744 INFO  manager.ListenerWD -- sendKeys -->input
17:10:18.757 INFO  manager.ListenerWD -- Before find element-->By.xpath: //button[text()='Login']
17:10:18.768 INFO  manager.ListenerWD -- After find element-->By.xpath: //button[text()='Login']
17:10:18.771 INFO  manager.ListenerWD -- Location of element-->button
17:10:18.777 INFO  manager.ListenerWD -- Before click element-->buttontext -->Login
17:10:18.810 INFO  tests.TestBase -- User logged in successfully
17:10:18.820 INFO  tests.TestBase -- Name of method (test)-->addNewContactSuccessAllFieldsCSV
17:10:18.821 INFO  manager.TestNGListener -- Start test -->addNewContactSuccessAllFieldsCSV
17:10:18.824 INFO  manager.ListenerWD -- Before find element-->By.cssSelector: a[href='/add']
17:10:20.215 INFO  manager.ListenerWD -- After find element-->By.cssSelector: a[href='/add']
17:10:20.219 INFO  manager.ListenerWD -- Location of element-->a
17:10:20.228 INFO  manager.ListenerWD -- Before click element-->atext -->ADD
17:10:20.264 INFO  manager.ListenerWD -- After click element-->a
17:10:20.265 INFO  manager.ListenerWD -- Before find element-->By.cssSelector: [placeholder='Name']
17:10:20.275 INFO  manager.ListenerWD -- After find element-->By.cssSelector: [placeholder='Name']
17:10:20.278 INFO  manager.ListenerWD -- Location of element-->input
17:10:20.284 INFO  manager.ListenerWD -- Before click element-->inputtext -->
17:10:20.311 INFO  manager.ListenerWD -- After click element-->input
17:10:20.327 INFO  manager.ListenerWD -- sendKeys -->
17:10:20.330 INFO  manager.ListenerWD -- sendKeys -->input
17:10:20.346 INFO  manager.ListenerWD -- sendKeys -->
17:10:20.349 INFO  manager.ListenerWD -- sendKeys -->input
17:10:20.365 INFO  manager.ListenerWD -- sendKeys -->
17:10:20.367 INFO  manager.ListenerWD -- sendKeys -->input
17:10:20.379 INFO  manager.ListenerWD -- Before find element-->By.cssSelector: [placeholder='Last Name']
17:10:20.389 INFO  manager.ListenerWD -- After find element-->By.cssSelector: [placeholder='Last Name']
17:10:20.392 INFO  manager.ListenerWD -- Location of element-->input
17:10:20.398 INFO  manager.ListenerWD -- Before click element-->inputtext -->
17:10:20.422 INFO  manager.ListenerWD -- After click element-->input
17:10:20.437 INFO  manager.ListenerWD -- sendKeys -->
17:10:20.439 INFO  manager.ListenerWD -- sendKeys -->input
17:10:20.452 INFO  manager.ListenerWD -- sendKeys -->
17:10:20.455 INFO  manager.ListenerWD -- sendKeys -->input
17:10:20.470 INFO  manager.ListenerWD -- sendKeys -->
17:10:20.472 INFO  manager.ListenerWD -- sendKeys -->input
17:10:20.484 INFO  manager.ListenerWD -- Before find element-->By.cssSelector: [placeholder='Phone']
17:10:20.494 INFO  manager.ListenerWD -- After find element-->By.cssSelector: [placeholder='Phone']
17:10:20.498 INFO  manager.ListenerWD -- Location of element-->input
17:10:20.503 INFO  manager.ListenerWD -- Before click element-->inputtext -->
17:10:20.528 INFO  manager.ListenerWD -- After click element-->input
17:10:20.542 INFO  manager.ListenerWD -- sendKeys -->
17:10:20.545 INFO  manager.ListenerWD -- sendKeys -->input
17:10:20.559 INFO  manager.ListenerWD -- sendKeys -->
17:10:20.561 INFO  manager.ListenerWD -- sendKeys -->input
17:10:20.577 INFO  manager.ListenerWD -- sendKeys -->
17:10:20.579 INFO  manager.ListenerWD -- sendKeys -->input
17:10:20.593 INFO  manager.ListenerWD -- Before find element-->By.cssSelector: [placeholder='email']
17:10:20.603 INFO  manager.ListenerWD -- After find element-->By.cssSelector: [placeholder='email']
17:10:20.607 INFO  manager.ListenerWD -- Location of element-->input
17:10:20.614 INFO  manager.ListenerWD -- Before click element-->inputtext -->
17:10:20.639 INFO  manager.ListenerWD -- After click element-->input
17:10:20.655 INFO  manager.ListenerWD -- sendKeys -->
17:10:20.658 INFO  manager.ListenerWD -- sendKeys -->input
17:10:20.673 INFO  manager.ListenerWD -- sendKeys -->
17:10:20.676 INFO  manager.ListenerWD -- sendKeys -->input
17:10:20.692 INFO  manager.ListenerWD -- sendKeys -->
17:10:20.694 INFO  manager.ListenerWD -- sendKeys -->input
17:10:20.707 INFO  manager.ListenerWD -- Before find element-->By.cssSelector: [placeholder='Address']
17:10:20.716 INFO  manager.ListenerWD -- After find element-->By.cssSelector: [placeholder='Address']
17:10:20.720 INFO  manager.ListenerWD -- Location of element-->input
17:10:20.728 INFO  manager.ListenerWD -- Before click element-->inputtext -->
17:10:20.754 INFO  manager.ListenerWD -- After click element-->input
17:10:20.769 INFO  manager.ListenerWD -- sendKeys -->
17:10:20.772 INFO  manager.ListenerWD -- sendKeys -->input
17:10:20.785 INFO  manager.ListenerWD -- sendKeys -->
17:10:20.789 INFO  manager.ListenerWD -- sendKeys -->input
17:10:20.803 INFO  manager.ListenerWD -- sendKeys -->
17:10:20.805 INFO  manager.ListenerWD -- sendKeys -->input
17:10:20.817 INFO  manager.ListenerWD -- Before find element-->By.cssSelector: [placeholder = 'description']
17:10:20.825 INFO  manager.ListenerWD -- After find element-->By.cssSelector: [placeholder = 'description']
17:10:20.827 INFO  manager.ListenerWD -- Location of element-->input
17:10:20.832 INFO  manager.ListenerWD -- Before click element-->inputtext -->
17:10:20.857 INFO  manager.ListenerWD -- After click element-->input
17:10:20.871 INFO  manager.ListenerWD -- sendKeys -->
17:10:20.874 INFO  manager.ListenerWD -- sendKeys -->input
17:10:20.888 INFO  manager.ListenerWD -- sendKeys -->
17:10:20.891 INFO  manager.ListenerWD -- sendKeys -->input
17:10:20.906 INFO  manager.ListenerWD -- sendKeys -->
17:10:20.909 INFO  manager.ListenerWD -- sendKeys -->input
17:10:21.113 INFO  manager.ListenerWD -- Before find element-->By.cssSelector: .add_form__2rsm2>button
17:10:21.123 INFO  manager.ListenerWD -- After find element-->By.cssSelector: .add_form__2rsm2>button
17:10:21.126 INFO  manager.ListenerWD -- Location of element-->button
17:10:21.134 INFO  manager.ListenerWD -- Before click element-->buttontext -->Save
17:10:21.157 INFO  manager.ListenerWD -- After click element-->button
17:10:21.479 INFO  manager.TestNGListener -- Failure test -->addNewContactSuccessAllFieldsCSV
17:10:21.479 INFO  tests.TestBase -- ==============================================
17:10:21.480 INFO  tests.TestBase -- Name of method (test)-->addNewContactSuccessAllFieldsCSV
17:10:21.480 INFO  manager.TestNGListener -- Start test -->addNewContactSuccessAllFieldsCSV
17:10:21.480 INFO  manager.ListenerWD -- Before find element-->By.cssSelector: a[href='/add']
17:10:21.484 INFO  manager.ListenerWD -- Huston, we have a problem!
17:10:21.485 INFO  manager.ListenerWD -- Failed method:findElement
17:10:21.485 INFO  manager.ListenerWD -- **********************
17:10:21.485 INFO  manager.ListenerWD -- Arguments:[By.cssSelector: a[href='/add']]
17:10:21.485 INFO  manager.ListenerWD -- **********************
17:10:21.485 INFO  manager.ListenerWD -- Exception:UnhandledAlertException
17:10:21.485 INFO  manager.ListenerWD -- **********************
17:10:21.486 INFO  manager.ListenerWD -- Messageunexpected alert open: {Alert text : Email not valid: должно иметь формат адреса электронной почты}
  (Session info: chrome=148.0.7778.179): Email not valid: должно иметь формат адреса электронной почты
Build info: version: '4.26.0', revision: '8ccf0219d7'
System info: os.name: 'Windows 10', os.arch: 'amd64', os.version: '10.0', java.version: '17.0.12'
Driver info: org.openqa.selenium.chrome.ChromeDriver
Command: [d340bc03718071f5bb6a34f38a54434b, findElement {using=css selector, value=a[href='/add']}]
Capabilities {acceptInsecureCerts: false, browserName: chrome, browserVersion: 148.0.7778.179, chrome: {chromedriverVersion: 147.0.7727.57 (b4f28b5637d0..., userDataDir: C:\Users\Nina\AppData\Local...}, fedcm:accounts: true, goog:chromeOptions: {debuggerAddress: localhost:49814}, goog:processID: 22812, networkConnectionEnabled: false, pageLoadStrategy: normal, platformName: windows, proxy: Proxy(), se:cdp: ws://localhost:49814/devtoo..., se:cdpVersion: 148.0.7778.179, setWindowRect: true, strictFileInteractability: false, timeouts: {implicit: 0, pageLoad: 300000, script: 30000}, unhandledPromptBehavior: dismiss and notify, webauthn:extension:credBlob: true, webauthn:extension:largeBlob: true, webauthn:extension:minPinLength: true, webauthn:extension:prf: true, webauthn:virtualAuthenticators: true}
Session ID: d340bc03718071f5bb6a34f38a54434b
17:10:21.486 INFO  manager.ListenerWD -- **********************
17:10:21.486 INFO  manager.ListenerWD -- Screen with error is --->src/test/screenshots/screen_1894.png
17:10:21.698 INFO  manager.TestNGListener -- Failure test -->addNewContactSuccessAllFieldsCSV
17:10:21.698 INFO  tests.TestBase -- ==============================================
17:10:21.699 INFO  tests.TestBase -- Name of method (test)-->addNewContactSuccessAllFieldsCSV
17:10:21.699 INFO  manager.TestNGListener -- Start test -->addNewContactSuccessAllFieldsCSV
17:10:21.699 INFO  manager.ListenerWD -- Before find element-->By.cssSelector: a[href='/add']
17:10:21.710 INFO  manager.ListenerWD -- After find element-->By.cssSelector: a[href='/add']
17:10:21.715 INFO  manager.ListenerWD -- Location of element-->a
17:10:21.723 INFO  manager.ListenerWD -- Before click element-->atext -->ADD
17:10:21.751 INFO  manager.ListenerWD -- After click element-->a
17:10:21.752 INFO  manager.ListenerWD -- Before find element-->By.cssSelector: [placeholder='Name']
17:10:21.760 INFO  manager.ListenerWD -- After find element-->By.cssSelector: [placeholder='Name']
17:10:21.764 INFO  manager.ListenerWD -- Location of element-->input
17:10:21.770 INFO  manager.ListenerWD -- Before click element-->inputtext -->
17:10:21.801 INFO  manager.ListenerWD -- After click element-->input
17:10:21.817 INFO  manager.ListenerWD -- sendKeys -->
17:10:21.824 INFO  manager.ListenerWD -- sendKeys -->input
17:10:21.850 INFO  manager.ListenerWD -- sendKeys -->
17:10:21.853 INFO  manager.ListenerWD -- sendKeys -->input
17:10:21.866 INFO  manager.ListenerWD -- sendKeys -->
17:10:21.869 INFO  manager.ListenerWD -- sendKeys -->input
17:10:21.880 INFO  manager.ListenerWD -- Before find element-->By.cssSelector: [placeholder='Last Name']
17:10:21.886 INFO  manager.ListenerWD -- After find element-->By.cssSelector: [placeholder='Last Name']
17:10:21.889 INFO  manager.ListenerWD -- Location of element-->input
17:10:21.895 INFO  manager.ListenerWD -- Before click element-->inputtext -->
17:10:21.918 INFO  manager.ListenerWD -- After click element-->input
17:10:21.933 INFO  manager.ListenerWD -- sendKeys -->
17:10:21.935 INFO  manager.ListenerWD -- sendKeys -->input
17:10:21.957 INFO  manager.ListenerWD -- sendKeys -->
17:10:21.960 INFO  manager.ListenerWD -- sendKeys -->input
17:10:21.974 INFO  manager.ListenerWD -- sendKeys -->
17:10:21.977 INFO  manager.ListenerWD -- sendKeys -->input
17:10:21.989 INFO  manager.ListenerWD -- Before find element-->By.cssSelector: [placeholder='Phone']
17:10:21.996 INFO  manager.ListenerWD -- After find element-->By.cssSelector: [placeholder='Phone']
17:10:21.999 INFO  manager.ListenerWD -- Location of element-->input
17:10:22.004 INFO  manager.ListenerWD -- Before click element-->inputtext -->
17:10:22.027 INFO  manager.ListenerWD -- After click element-->input
17:10:22.040 INFO  manager.ListenerWD -- sendKeys -->
17:10:22.044 INFO  manager.ListenerWD -- sendKeys -->input
17:10:22.063 INFO  manager.ListenerWD -- sendKeys -->
17:10:22.066 INFO  manager.ListenerWD -- sendKeys -->input
17:10:22.079 INFO  manager.ListenerWD -- sendKeys -->
17:10:22.082 INFO  manager.ListenerWD -- sendKeys -->input
17:10:22.094 INFO  manager.ListenerWD -- Before find element-->By.cssSelector: [placeholder='email']
17:10:22.101 INFO  manager.ListenerWD -- After find element-->By.cssSelector: [placeholder='email']
17:10:22.103 INFO  manager.ListenerWD -- Location of element-->input
17:10:22.109 INFO  manager.ListenerWD -- Before click element-->inputtext -->
17:10:22.131 INFO  manager.ListenerWD -- After click element-->input
17:10:22.146 INFO  manager.ListenerWD -- sendKeys -->
17:10:22.148 INFO  manager.ListenerWD -- sendKeys -->input
17:10:22.170 INFO  manager.ListenerWD -- sendKeys -->
17:10:22.171 INFO  manager.ListenerWD -- sendKeys -->input
17:10:22.185 INFO  manager.ListenerWD -- sendKeys -->
17:10:22.187 INFO  manager.ListenerWD -- sendKeys -->input
17:10:22.199 INFO  manager.ListenerWD -- Before find element-->By.cssSelector: [placeholder='Address']
17:10:22.206 INFO  manager.ListenerWD -- After find element-->By.cssSelector: [placeholder='Address']
17:10:22.209 INFO  manager.ListenerWD -- Location of element-->input
17:10:22.214 INFO  manager.ListenerWD -- Before click element-->inputtext -->
17:10:22.244 INFO  manager.ListenerWD -- After click element-->input
17:10:22.262 INFO  manager.ListenerWD -- sendKeys -->
17:10:22.265 INFO  manager.ListenerWD -- sendKeys -->input
17:10:22.291 INFO  manager.ListenerWD -- sendKeys -->
17:10:22.294 INFO  manager.ListenerWD -- sendKeys -->input
17:10:22.311 INFO  manager.ListenerWD -- sendKeys -->
17:10:22.314 INFO  manager.ListenerWD -- sendKeys -->input
17:10:22.327 INFO  manager.ListenerWD -- Before find element-->By.cssSelector: [placeholder = 'description']
17:10:22.338 INFO  manager.ListenerWD -- After find element-->By.cssSelector: [placeholder = 'description']
17:10:22.341 INFO  manager.ListenerWD -- Location of element-->input
17:10:22.349 INFO  manager.ListenerWD -- Before click element-->inputtext -->
17:10:22.378 INFO  manager.ListenerWD -- After click element-->input
17:10:22.396 INFO  manager.ListenerWD -- sendKeys -->
17:10:22.399 INFO  manager.ListenerWD -- sendKeys -->input
17:10:22.424 INFO  manager.ListenerWD -- sendKeys -->
17:10:22.427 INFO  manager.ListenerWD -- sendKeys -->input
17:10:22.444 INFO  manager.ListenerWD -- sendKeys -->
17:10:22.447 INFO  manager.ListenerWD -- sendKeys -->input
17:10:22.634 INFO  manager.ListenerWD -- Before find element-->By.cssSelector: .add_form__2rsm2>button
17:10:22.648 INFO  manager.ListenerWD -- After find element-->By.cssSelector: .add_form__2rsm2>button
17:10:22.651 INFO  manager.ListenerWD -- Location of element-->button
17:10:22.658 INFO  manager.ListenerWD -- Before click element-->buttontext -->Save
17:10:22.683 INFO  manager.ListenerWD -- After click element-->button
17:10:23.125 INFO  tests.TestBase -- Assert check is add contact by name
17:10:23.160 INFO  tests.TestBase -- Assert check is add contact by phone
17:10:23.160 INFO  manager.TestNGListener -- Success test -->addNewContactSuccessAllFieldsCSV
17:10:23.161 INFO  tests.TestBase -- ==============================================
17:10:23.163 INFO  manager.TestNGListener -- Stop testing  on date-->Wed Jun 03 17:10:23 IDT 2026
