12:36:29.566 INFO  manager.ApplicationManager -- All tests runs in Chrome browser
12:36:30.744 INFO  manager.ApplicationManager -- All tests runs in Chrome Browser
12:36:30.951 INFO  manager.ListenerWD -- Navigate to -->https://telranedu.web.app/
12:36:31.661 INFO  manager.ApplicationManager -- The link --->https://telranedu.web.app/home
12:36:31.671 INFO  manager.TestNGListener -- Start testing  on date-->Mon Jun 08 12:36:31 IDT 2026
12:36:31.683 INFO  tests.TestBase -- Name of method (test)-->wrongEmailRegistration
12:36:36.695 INFO  manager.TestNGListener -- Start test -->wrongEmailRegistration
12:36:36.695 INFO  tests.TestBase -- Test data --> email:'mertgmail.com & password: Mert123456!
12:36:36.695 INFO  manager.ListenerWD -- Before find element-->By.cssSelector: a[href='/login']
12:36:36.720 INFO  manager.ListenerWD -- After find element-->By.cssSelector: a[href='/login']
12:36:36.724 INFO  manager.ListenerWD -- Location of element-->a
12:36:36.724 INFO  manager.ListenerWD -- Before click element-->atext -->LOGIN
12:36:36.771 INFO  manager.ListenerWD -- After click element-->a
12:36:36.772 INFO  manager.HelperBase -- Open form by ckick on button with locator a[href='/login']
12:36:36.772 INFO  manager.ListenerWD -- Before find element-->By.name: email
12:36:36.792 INFO  manager.ListenerWD -- After find element-->By.name: email
12:36:36.794 INFO  manager.ListenerWD -- Location of element-->input
12:36:36.803 INFO  manager.ListenerWD -- Before click element-->inputtext -->
12:36:36.838 INFO  manager.ListenerWD -- After click element-->input
12:36:36.853 INFO  manager.ListenerWD -- sendKeys -->
12:36:36.853 INFO  manager.ListenerWD -- sendKeys -->input
12:36:36.879 INFO  manager.ListenerWD -- sendKeys -->
12:36:36.882 INFO  manager.ListenerWD -- sendKeys -->input
12:36:36.900 INFO  manager.ListenerWD -- sendKeys -->
12:36:36.903 INFO  manager.ListenerWD -- sendKeys -->input
12:36:36.927 INFO  manager.ListenerWD -- Before find element-->By.xpath: //input[@placeholder='Password']
12:36:36.938 INFO  manager.ListenerWD -- After find element-->By.xpath: //input[@placeholder='Password']
12:36:36.941 INFO  manager.ListenerWD -- Location of element-->input
12:36:36.943 INFO  manager.ListenerWD -- Before click element-->inputtext -->
12:36:36.976 INFO  manager.ListenerWD -- After click element-->input
12:36:36.989 INFO  manager.ListenerWD -- sendKeys -->
12:36:36.991 INFO  manager.ListenerWD -- sendKeys -->input
12:36:37.006 INFO  manager.ListenerWD -- sendKeys -->
12:36:37.009 INFO  manager.ListenerWD -- sendKeys -->input
12:36:37.024 INFO  manager.ListenerWD -- sendKeys -->
12:36:37.027 INFO  manager.ListenerWD -- sendKeys -->input
12:36:37.041 INFO  manager.ListenerWD -- Before find element-->By.xpath: //button[text()='Registration']
12:36:37.051 INFO  manager.ListenerWD -- After find element-->By.xpath: //button[text()='Registration']
12:36:37.054 INFO  manager.ListenerWD -- Location of element-->button
12:36:37.058 INFO  manager.ListenerWD -- Before click element-->buttontext -->Registration
12:36:37.102 INFO  manager.ListenerWD -- Huston, we have a problem!
12:36:37.102 INFO  manager.ListenerWD -- Failed method:alert
12:36:37.102 INFO  manager.ListenerWD -- **********************
12:36:37.102 INFO  manager.ListenerWD -- Arguments:null
12:36:37.102 INFO  manager.ListenerWD -- **********************
12:36:37.102 INFO  manager.ListenerWD -- Exception:NoAlertPresentException
12:36:37.102 INFO  manager.ListenerWD -- **********************
12:36:37.102 INFO  manager.ListenerWD -- Messageno such alert
  (Session info: chrome=148.0.7778.217)
Build info: version: '4.26.0', revision: '8ccf0219d7'
System info: os.name: 'Windows 11', os.arch: 'amd64', os.version: '10.0', java.version: '17.0.12'
Driver info: org.openqa.selenium.chrome.ChromeDriver
Command: [ff45200d8c31d54f07d788fe1c4adbe8, getAlertText {}]
Capabilities {acceptInsecureCerts: false, browserName: chrome, browserVersion: 148.0.7778.217, chrome: {chromedriverVersion: 147.0.7727.57 (b4f28b5637d0..., userDataDir: C:\Users\Nina\AppData\Local...}, fedcm:accounts: true, goog:chromeOptions: {debuggerAddress: localhost:64981}, goog:processID: 22312, networkConnectionEnabled: false, pageLoadStrategy: normal, platformName: windows, proxy: Proxy(), se:cdp: ws://localhost:64981/devtoo..., se:cdpVersion: 148.0.7778.217, setWindowRect: true, strictFileInteractability: false, timeouts: {implicit: 0, pageLoad: 300000, script: 30000}, unhandledPromptBehavior: dismiss and notify, webauthn:extension:credBlob: true, webauthn:extension:largeBlob: true, webauthn:extension:minPinLength: true, webauthn:extension:prf: true, webauthn:virtualAuthenticators: true}
Session ID: ff45200d8c31d54f07d788fe1c4adbe8
12:36:37.102 INFO  manager.ListenerWD -- **********************
12:36:37.102 INFO  manager.ListenerWD -- Screen with error is --->src/test/screenshots/screen_1844.png
12:36:37.625 INFO  manager.ListenerWD -- Huston, we have a problem!
12:36:37.627 INFO  manager.ListenerWD -- Failed method:alert
12:36:37.627 INFO  manager.ListenerWD -- **********************
12:36:37.627 INFO  manager.ListenerWD -- Arguments:null
12:36:37.627 INFO  manager.ListenerWD -- **********************
12:36:37.627 INFO  manager.ListenerWD -- Exception:NoAlertPresentException
12:36:37.627 INFO  manager.ListenerWD -- **********************
12:36:37.627 INFO  manager.ListenerWD -- Messageno such alert
  (Session info: chrome=148.0.7778.217)
Build info: version: '4.26.0', revision: '8ccf0219d7'
System info: os.name: 'Windows 11', os.arch: 'amd64', os.version: '10.0', java.version: '17.0.12'
Driver info: org.openqa.selenium.chrome.ChromeDriver
Command: [ff45200d8c31d54f07d788fe1c4adbe8, getAlertText {}]
Capabilities {acceptInsecureCerts: false, browserName: chrome, browserVersion: 148.0.7778.217, chrome: {chromedriverVersion: 147.0.7727.57 (b4f28b5637d0..., userDataDir: C:\Users\Nina\AppData\Local...}, fedcm:accounts: true, goog:chromeOptions: {debuggerAddress: localhost:64981}, goog:processID: 22312, networkConnectionEnabled: false, pageLoadStrategy: normal, platformName: windows, proxy: Proxy(), se:cdp: ws://localhost:64981/devtoo..., se:cdpVersion: 148.0.7778.217, setWindowRect: true, strictFileInteractability: false, timeouts: {implicit: 0, pageLoad: 300000, script: 30000}, unhandledPromptBehavior: dismiss and notify, webauthn:extension:credBlob: true, webauthn:extension:largeBlob: true, webauthn:extension:minPinLength: true, webauthn:extension:prf: true, webauthn:virtualAuthenticators: true}
Session ID: ff45200d8c31d54f07d788fe1c4adbe8
12:36:37.627 INFO  manager.ListenerWD -- **********************
12:36:37.627 INFO  manager.ListenerWD -- Screen with error is --->src/test/screenshots/screen_1078.png
12:36:38.152 INFO  manager.ListenerWD -- Huston, we have a problem!
12:36:38.152 INFO  manager.ListenerWD -- Failed method:alert
12:36:38.152 INFO  manager.ListenerWD -- **********************
12:36:38.152 INFO  manager.ListenerWD -- Arguments:null
12:36:38.152 INFO  manager.ListenerWD -- **********************
12:36:38.152 INFO  manager.ListenerWD -- Exception:NoAlertPresentException
12:36:38.152 INFO  manager.ListenerWD -- **********************
12:36:38.152 INFO  manager.ListenerWD -- Messageno such alert
  (Session info: chrome=148.0.7778.217)
Build info: version: '4.26.0', revision: '8ccf0219d7'
System info: os.name: 'Windows 11', os.arch: 'amd64', os.version: '10.0', java.version: '17.0.12'
Driver info: org.openqa.selenium.chrome.ChromeDriver
Command: [ff45200d8c31d54f07d788fe1c4adbe8, getAlertText {}]
Capabilities {acceptInsecureCerts: false, browserName: chrome, browserVersion: 148.0.7778.217, chrome: {chromedriverVersion: 147.0.7727.57 (b4f28b5637d0..., userDataDir: C:\Users\Nina\AppData\Local...}, fedcm:accounts: true, goog:chromeOptions: {debuggerAddress: localhost:64981}, goog:processID: 22312, networkConnectionEnabled: false, pageLoadStrategy: normal, platformName: windows, proxy: Proxy(), se:cdp: ws://localhost:64981/devtoo..., se:cdpVersion: 148.0.7778.217, setWindowRect: true, strictFileInteractability: false, timeouts: {implicit: 0, pageLoad: 300000, script: 30000}, unhandledPromptBehavior: dismiss and notify, webauthn:extension:credBlob: true, webauthn:extension:largeBlob: true, webauthn:extension:minPinLength: true, webauthn:extension:prf: true, webauthn:virtualAuthenticators: true}
Session ID: ff45200d8c31d54f07d788fe1c4adbe8
12:36:38.152 INFO  manager.ListenerWD -- **********************
12:36:38.152 INFO  manager.ListenerWD -- Screen with error is --->src/test/screenshots/screen_1847.png
12:36:38.684 INFO  tests.TestBase -- Assert check is alert present with error test 'Wrong email or password' 
12:36:38.685 INFO  manager.ListenerWD -- Before find element-->By.xpath: //*[text()='Registration failed with code 400']
12:36:38.697 INFO  manager.ListenerWD -- After find element-->By.xpath: //*[text()='Registration failed with code 400']
12:36:38.706 INFO  manager.ListenerWD -- Location of element-->div
12:36:38.707 INFO  manager.TestNGListener -- Success test -->wrongEmailRegistration
12:36:38.707 INFO  tests.TestBase -- ==============================================
12:36:38.707 INFO  tests.TestBase -- Name of method (test)-->removeFirstContact
12:36:43.759 INFO  manager.ListenerWD -- Before find element-->By.cssSelector: a[href='/login']
12:36:43.775 INFO  manager.ListenerWD -- After find element-->By.cssSelector: a[href='/login']
12:36:43.779 INFO  manager.ListenerWD -- Location of element-->a
12:36:43.789 INFO  manager.ListenerWD -- Before click element-->atext -->LOGIN
12:36:43.819 INFO  manager.ListenerWD -- After click element-->a
12:36:43.819 INFO  manager.HelperBase -- Open form by ckick on button with locator a[href='/login']
12:36:43.820 INFO  manager.ListenerWD -- Before find element-->By.name: email
12:36:43.829 INFO  manager.ListenerWD -- After find element-->By.name: email
12:36:43.833 INFO  manager.ListenerWD -- Location of element-->input
12:36:43.836 INFO  manager.ListenerWD -- Before click element-->inputtext -->
12:36:43.870 INFO  manager.ListenerWD -- After click element-->input
12:36:43.890 INFO  manager.ListenerWD -- sendKeys -->
12:36:43.892 INFO  manager.ListenerWD -- sendKeys -->input
12:36:43.917 INFO  manager.ListenerWD -- sendKeys -->
12:36:43.920 INFO  manager.ListenerWD -- sendKeys -->input
12:36:43.936 INFO  manager.ListenerWD -- sendKeys -->
12:36:43.938 INFO  manager.ListenerWD -- sendKeys -->input
12:36:43.953 INFO  manager.ListenerWD -- Before find element-->By.xpath: //input[@placeholder='Password']
12:36:43.961 INFO  manager.ListenerWD -- After find element-->By.xpath: //input[@placeholder='Password']
12:36:43.964 INFO  manager.ListenerWD -- Location of element-->input
12:36:43.972 INFO  manager.ListenerWD -- Before click element-->inputtext -->
12:36:43.998 INFO  manager.ListenerWD -- After click element-->input
12:36:44.009 INFO  manager.ListenerWD -- sendKeys -->
12:36:44.015 INFO  manager.ListenerWD -- sendKeys -->input
12:36:44.033 INFO  manager.ListenerWD -- sendKeys -->
12:36:44.039 INFO  manager.ListenerWD -- sendKeys -->input
12:36:44.051 INFO  manager.ListenerWD -- sendKeys -->
12:36:44.055 INFO  manager.ListenerWD -- sendKeys -->input
12:36:44.067 INFO  manager.ListenerWD -- Before find element-->By.xpath: //button[text()='Login']
12:36:44.077 INFO  manager.ListenerWD -- After find element-->By.xpath: //button[text()='Login']
12:36:44.080 INFO  manager.ListenerWD -- Location of element-->button
12:36:44.085 INFO  manager.ListenerWD -- Before click element-->buttontext -->Login
12:36:44.946 INFO  manager.TestNGListener -- Start test -->removeFirstContact
12:36:44.957 INFO  manager.HelperBase -- Number of Contacts before remove is-->4
12:36:44.957 INFO  manager.ListenerWD -- Before find element-->By.cssSelector: .contact-item_card__2SOIM
12:36:44.972 INFO  manager.ListenerWD -- After find element-->By.cssSelector: .contact-item_card__2SOIM
12:36:44.976 INFO  manager.ListenerWD -- Location of element-->div
12:36:44.979 INFO  manager.ListenerWD -- Before click element-->divtext -->Harry
555667771062
12:36:45.010 INFO  manager.ListenerWD -- After click element-->div
12:36:45.010 INFO  manager.ListenerWD -- Before find element-->By.xpath: //button[text()='Remove']
12:36:45.019 INFO  manager.ListenerWD -- After find element-->By.xpath: //button[text()='Remove']
12:36:45.023 INFO  manager.ListenerWD -- Location of element-->button
12:36:45.029 INFO  manager.ListenerWD -- Before click element-->buttontext -->Remove
12:36:45.055 INFO  manager.ListenerWD -- After click element-->button
12:36:46.083 INFO  manager.HelperBase -- Number of Contacts after remove is-->3
12:36:46.083 INFO  manager.TestNGListener -- Success test -->removeFirstContact
12:36:46.085 INFO  tests.TestBase -- ==============================================
12:36:46.085 INFO  manager.TestNGListener -- Stop testing  on date-->Mon Jun 08 12:36:46 IDT 2026
