18:08:47.103 INFO  manager.ApplicationManager -- All tests runs in Chrome browser
18:08:48.277 INFO  manager.ApplicationManager -- All tests runs in Chrome Browser
18:08:48.486 INFO  manager.ListenerWD -- Navigate to -->https://telranedu.web.app/
18:08:49.145 INFO  manager.ApplicationManager -- The link --->https://telranedu.web.app/home
18:08:49.155 INFO  manager.TestNGListener -- Start testing  on date-->Wed Jun 10 18:08:49 IDT 2026
18:08:49.171 INFO  tests.TestBase -- Name of method (test)-->wrongEmailRegistration
18:08:54.220 INFO  manager.TestNGListener -- Start test -->wrongEmailRegistration
18:08:54.221 INFO  tests.TestBase -- Test data --> email:'mertgmail.com & password: Mert123456!
18:08:54.221 INFO  manager.ListenerWD -- Before find element-->By.cssSelector: a[href='/login']
18:08:54.241 INFO  manager.ListenerWD -- After find element-->By.cssSelector: a[href='/login']
18:08:54.265 INFO  manager.ListenerWD -- Location of element-->a
18:08:54.292 INFO  manager.ListenerWD -- Before click element-->atext -->LOGIN
18:08:54.365 INFO  manager.ListenerWD -- After click element-->a
18:08:54.366 INFO  manager.HelperBase -- Open form by ckick on button with locator a[href='/login']
18:08:54.366 INFO  manager.ListenerWD -- Before find element-->By.name: email
18:08:54.407 INFO  manager.ListenerWD -- After find element-->By.name: email
18:08:54.414 INFO  manager.ListenerWD -- Location of element-->input
18:08:54.431 INFO  manager.ListenerWD -- Before click element-->inputtext -->
18:08:54.482 INFO  manager.ListenerWD -- After click element-->input
18:08:54.502 INFO  manager.ListenerWD -- sendKeys -->
18:08:54.505 INFO  manager.ListenerWD -- sendKeys -->input
18:08:54.536 INFO  manager.ListenerWD -- sendKeys -->
18:08:54.539 INFO  manager.ListenerWD -- sendKeys -->input
18:08:54.558 INFO  manager.ListenerWD -- sendKeys -->
18:08:54.561 INFO  manager.ListenerWD -- sendKeys -->input
18:08:54.580 INFO  manager.ListenerWD -- Before find element-->By.xpath: //input[@placeholder='Password']
18:08:54.629 INFO  manager.ListenerWD -- After find element-->By.xpath: //input[@placeholder='Password']
18:08:54.653 INFO  manager.ListenerWD -- Location of element-->input
18:08:54.669 INFO  manager.ListenerWD -- Before click element-->inputtext -->
18:08:54.702 INFO  manager.ListenerWD -- After click element-->input
18:08:54.718 INFO  manager.ListenerWD -- sendKeys -->
18:08:54.722 INFO  manager.ListenerWD -- sendKeys -->input
18:08:54.738 INFO  manager.ListenerWD -- sendKeys -->
18:08:54.742 INFO  manager.ListenerWD -- sendKeys -->input
18:08:54.759 INFO  manager.ListenerWD -- sendKeys -->
18:08:54.762 INFO  manager.ListenerWD -- sendKeys -->input
18:08:54.777 INFO  manager.ListenerWD -- Before find element-->By.xpath: //button[text()='Registration']
18:08:54.810 INFO  manager.ListenerWD -- After find element-->By.xpath: //button[text()='Registration']
18:08:54.819 INFO  manager.ListenerWD -- Location of element-->button
18:08:54.826 INFO  manager.ListenerWD -- Before click element-->buttontext -->Registration
18:08:54.947 INFO  manager.ListenerWD -- Huston, we have a problem!
18:08:54.948 INFO  manager.ListenerWD -- Failed method:alert
18:08:54.949 INFO  manager.ListenerWD -- **********************
18:08:54.950 INFO  manager.ListenerWD -- Arguments:null
18:08:54.951 INFO  manager.ListenerWD -- **********************
18:08:54.952 INFO  manager.ListenerWD -- Exception:NoAlertPresentException
18:08:54.953 INFO  manager.ListenerWD -- **********************
18:08:54.955 INFO  manager.ListenerWD -- Messageno such alert
  (Session info: chrome=148.0.7778.217)
Build info: version: '4.26.0', revision: '8ccf0219d7'
System info: os.name: 'Windows 11', os.arch: 'amd64', os.version: '10.0', java.version: '21.0.10'
Driver info: org.openqa.selenium.chrome.ChromeDriver
Command: [9c16aae58bb0063fda445627ec256ea7, getAlertText {}]
Capabilities {acceptInsecureCerts: false, browserName: chrome, browserVersion: 148.0.7778.217, chrome: {chromedriverVersion: 147.0.7727.57 (b4f28b5637d0..., userDataDir: C:\Users\Nina\AppData\Local...}, fedcm:accounts: true, goog:chromeOptions: {debuggerAddress: localhost:64115}, goog:processID: 31232, networkConnectionEnabled: false, pageLoadStrategy: normal, platformName: windows, proxy: Proxy(), se:cdp: ws://localhost:64115/devtoo..., se:cdpVersion: 148.0.7778.217, setWindowRect: true, strictFileInteractability: false, timeouts: {implicit: 0, pageLoad: 300000, script: 30000}, unhandledPromptBehavior: dismiss and notify, webauthn:extension:credBlob: true, webauthn:extension:largeBlob: true, webauthn:extension:minPinLength: true, webauthn:extension:prf: true, webauthn:virtualAuthenticators: true}
Session ID: 9c16aae58bb0063fda445627ec256ea7
18:08:54.957 INFO  manager.ListenerWD -- **********************
18:08:54.958 INFO  manager.ListenerWD -- Screen with error is --->src/test/screenshots/screen_1744.png
18:08:55.548 INFO  manager.ListenerWD -- Huston, we have a problem!
18:08:55.549 INFO  manager.ListenerWD -- Failed method:alert
18:08:55.549 INFO  manager.ListenerWD -- **********************
18:08:55.549 INFO  manager.ListenerWD -- Arguments:null
18:08:55.550 INFO  manager.ListenerWD -- **********************
18:08:55.550 INFO  manager.ListenerWD -- Exception:NoAlertPresentException
18:08:55.550 INFO  manager.ListenerWD -- **********************
18:08:55.551 INFO  manager.ListenerWD -- Messageno such alert
  (Session info: chrome=148.0.7778.217)
Build info: version: '4.26.0', revision: '8ccf0219d7'
System info: os.name: 'Windows 11', os.arch: 'amd64', os.version: '10.0', java.version: '21.0.10'
Driver info: org.openqa.selenium.chrome.ChromeDriver
Command: [9c16aae58bb0063fda445627ec256ea7, getAlertText {}]
Capabilities {acceptInsecureCerts: false, browserName: chrome, browserVersion: 148.0.7778.217, chrome: {chromedriverVersion: 147.0.7727.57 (b4f28b5637d0..., userDataDir: C:\Users\Nina\AppData\Local...}, fedcm:accounts: true, goog:chromeOptions: {debuggerAddress: localhost:64115}, goog:processID: 31232, networkConnectionEnabled: false, pageLoadStrategy: normal, platformName: windows, proxy: Proxy(), se:cdp: ws://localhost:64115/devtoo..., se:cdpVersion: 148.0.7778.217, setWindowRect: true, strictFileInteractability: false, timeouts: {implicit: 0, pageLoad: 300000, script: 30000}, unhandledPromptBehavior: dismiss and notify, webauthn:extension:credBlob: true, webauthn:extension:largeBlob: true, webauthn:extension:minPinLength: true, webauthn:extension:prf: true, webauthn:virtualAuthenticators: true}
Session ID: 9c16aae58bb0063fda445627ec256ea7
18:08:55.552 INFO  manager.ListenerWD -- **********************
18:08:55.553 INFO  manager.ListenerWD -- Screen with error is --->src/test/screenshots/screen_1796.png
18:08:56.091 INFO  manager.ListenerWD -- Huston, we have a problem!
18:08:56.091 INFO  manager.ListenerWD -- Failed method:alert
18:08:56.091 INFO  manager.ListenerWD -- **********************
18:08:56.091 INFO  manager.ListenerWD -- Arguments:null
18:08:56.092 INFO  manager.ListenerWD -- **********************
18:08:56.092 INFO  manager.ListenerWD -- Exception:NoAlertPresentException
18:08:56.092 INFO  manager.ListenerWD -- **********************
18:08:56.092 INFO  manager.ListenerWD -- Messageno such alert
  (Session info: chrome=148.0.7778.217)
Build info: version: '4.26.0', revision: '8ccf0219d7'
System info: os.name: 'Windows 11', os.arch: 'amd64', os.version: '10.0', java.version: '21.0.10'
Driver info: org.openqa.selenium.chrome.ChromeDriver
Command: [9c16aae58bb0063fda445627ec256ea7, getAlertText {}]
Capabilities {acceptInsecureCerts: false, browserName: chrome, browserVersion: 148.0.7778.217, chrome: {chromedriverVersion: 147.0.7727.57 (b4f28b5637d0..., userDataDir: C:\Users\Nina\AppData\Local...}, fedcm:accounts: true, goog:chromeOptions: {debuggerAddress: localhost:64115}, goog:processID: 31232, networkConnectionEnabled: false, pageLoadStrategy: normal, platformName: windows, proxy: Proxy(), se:cdp: ws://localhost:64115/devtoo..., se:cdpVersion: 148.0.7778.217, setWindowRect: true, strictFileInteractability: false, timeouts: {implicit: 0, pageLoad: 300000, script: 30000}, unhandledPromptBehavior: dismiss and notify, webauthn:extension:credBlob: true, webauthn:extension:largeBlob: true, webauthn:extension:minPinLength: true, webauthn:extension:prf: true, webauthn:virtualAuthenticators: true}
Session ID: 9c16aae58bb0063fda445627ec256ea7
18:08:56.093 INFO  manager.ListenerWD -- **********************
18:08:56.093 INFO  manager.ListenerWD -- Screen with error is --->src/test/screenshots/screen_1307.png
18:08:56.645 INFO  tests.TestBase -- Assert check is alert present with error test 'Wrong email or password' 
18:08:56.648 INFO  manager.ListenerWD -- Before find element-->By.xpath: //*[text()='Registration failed with code 400']
18:08:56.671 INFO  manager.ListenerWD -- After find element-->By.xpath: //*[text()='Registration failed with code 400']
18:08:56.678 INFO  manager.ListenerWD -- Location of element-->div
18:08:56.681 INFO  manager.TestNGListener -- Success test -->wrongEmailRegistration
18:08:56.682 INFO  tests.TestBase -- ==============================================
18:08:56.690 INFO  tests.TestBase -- Name of method (test)-->removeFirstContact
18:09:01.725 INFO  manager.ListenerWD -- Before find element-->By.cssSelector: a[href='/login']
18:09:01.748 INFO  manager.ListenerWD -- After find element-->By.cssSelector: a[href='/login']
18:09:01.754 INFO  manager.ListenerWD -- Location of element-->a
18:09:01.769 INFO  manager.ListenerWD -- Before click element-->atext -->LOGIN
18:09:01.817 INFO  manager.ListenerWD -- After click element-->a
18:09:01.817 INFO  manager.HelperBase -- Open form by ckick on button with locator a[href='/login']
18:09:01.818 INFO  manager.ListenerWD -- Before find element-->By.name: email
18:09:01.838 INFO  manager.ListenerWD -- After find element-->By.name: email
18:09:01.845 INFO  manager.ListenerWD -- Location of element-->input
18:09:01.854 INFO  manager.ListenerWD -- Before click element-->inputtext -->
18:09:01.899 INFO  manager.ListenerWD -- After click element-->input
18:09:01.942 INFO  manager.ListenerWD -- sendKeys -->
18:09:01.950 INFO  manager.ListenerWD -- sendKeys -->input
18:09:01.979 INFO  manager.ListenerWD -- sendKeys -->
18:09:01.987 INFO  manager.ListenerWD -- sendKeys -->input
18:09:02.004 INFO  manager.ListenerWD -- sendKeys -->
18:09:02.006 INFO  manager.ListenerWD -- sendKeys -->input
18:09:02.030 INFO  manager.ListenerWD -- Before find element-->By.xpath: //input[@placeholder='Password']
18:09:02.040 INFO  manager.ListenerWD -- After find element-->By.xpath: //input[@placeholder='Password']
18:09:02.043 INFO  manager.ListenerWD -- Location of element-->input
18:09:02.123 INFO  manager.ListenerWD -- Before click element-->inputtext -->
18:09:02.154 INFO  manager.ListenerWD -- After click element-->input
18:09:02.172 INFO  manager.ListenerWD -- sendKeys -->
18:09:02.175 INFO  manager.ListenerWD -- sendKeys -->input
18:09:02.199 INFO  manager.ListenerWD -- sendKeys -->
18:09:02.202 INFO  manager.ListenerWD -- sendKeys -->input
18:09:02.219 INFO  manager.ListenerWD -- sendKeys -->
18:09:02.221 INFO  manager.ListenerWD -- sendKeys -->input
18:09:02.236 INFO  manager.ListenerWD -- Before find element-->By.xpath: //button[text()='Login']
18:09:02.246 INFO  manager.ListenerWD -- After find element-->By.xpath: //button[text()='Login']
18:09:02.249 INFO  manager.ListenerWD -- Location of element-->button
18:09:02.258 INFO  manager.ListenerWD -- Before click element-->buttontext -->Login
18:09:03.162 INFO  manager.TestNGListener -- Start test -->removeFirstContact
18:09:03.209 INFO  manager.HelperBase -- Number of Contacts before remove is-->4
18:09:03.210 INFO  manager.ListenerWD -- Before find element-->By.cssSelector: .contact-item_card__2SOIM
18:09:03.231 INFO  manager.ListenerWD -- After find element-->By.cssSelector: .contact-item_card__2SOIM
18:09:03.246 INFO  manager.ListenerWD -- Location of element-->div
18:09:03.258 INFO  manager.ListenerWD -- Before click element-->divtext -->Harry
555667771944
18:09:03.309 INFO  manager.ListenerWD -- After click element-->div
18:09:03.309 INFO  manager.ListenerWD -- Before find element-->By.xpath: //button[text()='Remove']
18:09:03.329 INFO  manager.ListenerWD -- After find element-->By.xpath: //button[text()='Remove']
18:09:03.333 INFO  manager.ListenerWD -- Location of element-->button
18:09:03.339 INFO  manager.ListenerWD -- Before click element-->buttontext -->Remove
18:09:03.367 INFO  manager.ListenerWD -- After click element-->button
18:09:04.425 INFO  manager.HelperBase -- Number of Contacts after remove is-->3
18:09:04.427 INFO  manager.TestNGListener -- Success test -->removeFirstContact
18:09:04.428 INFO  tests.TestBase -- ==============================================
18:09:04.430 INFO  manager.TestNGListener -- Stop testing  on date-->Wed Jun 10 18:09:04 IDT 2026
