15:48:34.214 WARN  org.testng.TestNG -- Ignoring duplicate listener : io.qameta.allure.testng.AllureTestNg
15:48:34.222 WARN  org.testng.TestNG -- Ignoring duplicate listener : io.qameta.allure.testng.AllureTestNg
15:48:34.222 WARN  org.testng.TestNG -- Ignoring duplicate listener : io.qameta.allure.testng.AllureTestNg
15:48:35.546 INFO  manager.ApplicationManager -- Chrome Browser
15:48:35.964 INFO  manager.ListenerWD -- Navigate to -->https://telranedu.web.app/
15:48:37.716 INFO  manager.ApplicationManager -- The link --->https://telranedu.web.app/home
15:48:37.795 INFO  tests.TestBase -- Name of method (test) -->wrongEmailRegistration
15:48:43.230 INFO  tests.TestBase -- Test data --> email:'mertgmail.com & password: Mert123456!
15:48:43.230 INFO  manager.ListenerWD -- Before find element-->By.cssSelector: a[href='/login']
15:48:43.308 INFO  manager.ListenerWD -- After find element-->By.cssSelector: a[href='/login']
15:48:43.324 INFO  manager.ListenerWD -- Location of element-->a
15:48:43.362 INFO  manager.ListenerWD -- Before click element-->atext -->LOGIN
15:48:43.418 INFO  manager.ListenerWD -- After click element-->a
15:48:43.418 INFO  manager.HelperBase -- Open form by ckick on button with locator a[href='/login']
15:48:43.419 INFO  manager.ListenerWD -- Before find element-->By.name: email
15:48:43.453 INFO  manager.ListenerWD -- After find element-->By.name: email
15:48:43.483 INFO  manager.ListenerWD -- Location of element-->input
15:48:43.572 INFO  manager.ListenerWD -- Before click element-->inputtext -->
15:48:43.638 INFO  manager.ListenerWD -- After click element-->input
15:48:43.657 INFO  manager.ListenerWD -- sendKeys -->
15:48:43.679 INFO  manager.ListenerWD -- sendKeys -->input
15:48:43.746 INFO  manager.ListenerWD -- sendKeys -->
15:48:43.746 INFO  manager.ListenerWD -- sendKeys -->input
15:48:43.790 INFO  manager.ListenerWD -- sendKeys -->
15:48:43.801 INFO  manager.ListenerWD -- sendKeys -->input
15:48:43.832 INFO  manager.ListenerWD -- Before find element-->By.xpath: //input[@placeholder='Password']
15:48:43.855 INFO  manager.ListenerWD -- After find element-->By.xpath: //input[@placeholder='Password']
15:48:43.855 INFO  manager.ListenerWD -- Location of element-->input
15:48:43.871 INFO  manager.ListenerWD -- Before click element-->inputtext -->
15:48:43.905 INFO  manager.ListenerWD -- After click element-->input
15:48:43.921 INFO  manager.ListenerWD -- sendKeys -->
15:48:43.924 INFO  manager.ListenerWD -- sendKeys -->input
15:48:43.940 INFO  manager.ListenerWD -- sendKeys -->
15:48:43.943 INFO  manager.ListenerWD -- sendKeys -->input
15:48:43.968 INFO  manager.ListenerWD -- sendKeys -->
15:48:43.977 INFO  manager.ListenerWD -- sendKeys -->input
15:48:44.013 INFO  manager.ListenerWD -- Before find element-->By.xpath: //button[text()='Registration']
15:48:44.055 INFO  manager.ListenerWD -- After find element-->By.xpath: //button[text()='Registration']
15:48:44.067 INFO  manager.ListenerWD -- Location of element-->button
15:48:44.090 INFO  manager.ListenerWD -- Before click element-->buttontext -->Registration
15:48:44.193 INFO  manager.ListenerWD -- Huston, we have a problem!
15:48:44.193 INFO  manager.ListenerWD -- Failed method:alert
15:48:44.193 INFO  manager.ListenerWD -- **********************
15:48:44.193 INFO  manager.ListenerWD -- Arguments:null
15:48:44.193 INFO  manager.ListenerWD -- **********************
15:48:44.193 INFO  manager.ListenerWD -- Exception:NoAlertPresentException
15:48:44.193 INFO  manager.ListenerWD -- **********************
15:48:44.193 INFO  manager.ListenerWD -- Messageno such alert
  (Session info: chrome=149.0.7827.103)
Build info: version: '4.26.0', revision: '8ccf0219d7'
System info: os.name: 'Windows 11', os.arch: 'amd64', os.version: '10.0', java.version: '17.0.12'
Driver info: org.openqa.selenium.chrome.ChromeDriver
Command: [4ff5a61c3fd677dff25c0f3c5c4e9ab4, getAlertText {}]
Capabilities {acceptInsecureCerts: false, browserName: chrome, browserVersion: 149.0.7827.103, chrome: {chromedriverVersion: 149.0.7827.55 (3188f8a607ae..., userDataDir: C:\Users\Nina\AppData\Local...}, fedcm:accounts: true, goog:chromeOptions: {debuggerAddress: localhost:59728}, goog:processID: 8936, networkConnectionEnabled: false, pageLoadStrategy: normal, platformName: windows, proxy: Proxy(), se:cdp: ws://localhost:59728/devtoo..., se:cdpVersion: 149.0.7827.103, setWindowRect: true, strictFileInteractability: false, timeouts: {implicit: 0, pageLoad: 300000, script: 30000}, unhandledPromptBehavior: dismiss and notify, webauthn:extension:credBlob: true, webauthn:extension:largeBlob: true, webauthn:extension:minPinLength: true, webauthn:extension:prf: true, webauthn:virtualAuthenticators: true}
Session ID: 4ff5a61c3fd677dff25c0f3c5c4e9ab4
15:48:44.193 INFO  manager.ListenerWD -- **********************
15:48:44.193 INFO  manager.ListenerWD -- Screen with error is --->src/test/screenshots/screen_1826.png
15:48:44.733 INFO  manager.ListenerWD -- Huston, we have a problem!
15:48:44.749 INFO  manager.ListenerWD -- Failed method:alert
15:48:44.749 INFO  manager.ListenerWD -- **********************
15:48:44.749 INFO  manager.ListenerWD -- Arguments:null
15:48:44.749 INFO  manager.ListenerWD -- **********************
15:48:44.749 INFO  manager.ListenerWD -- Exception:NoAlertPresentException
15:48:44.749 INFO  manager.ListenerWD -- **********************
15:48:44.749 INFO  manager.ListenerWD -- Messageno such alert
  (Session info: chrome=149.0.7827.103)
Build info: version: '4.26.0', revision: '8ccf0219d7'
System info: os.name: 'Windows 11', os.arch: 'amd64', os.version: '10.0', java.version: '17.0.12'
Driver info: org.openqa.selenium.chrome.ChromeDriver
Command: [4ff5a61c3fd677dff25c0f3c5c4e9ab4, getAlertText {}]
Capabilities {acceptInsecureCerts: false, browserName: chrome, browserVersion: 149.0.7827.103, chrome: {chromedriverVersion: 149.0.7827.55 (3188f8a607ae..., userDataDir: C:\Users\Nina\AppData\Local...}, fedcm:accounts: true, goog:chromeOptions: {debuggerAddress: localhost:59728}, goog:processID: 8936, networkConnectionEnabled: false, pageLoadStrategy: normal, platformName: windows, proxy: Proxy(), se:cdp: ws://localhost:59728/devtoo..., se:cdpVersion: 149.0.7827.103, setWindowRect: true, strictFileInteractability: false, timeouts: {implicit: 0, pageLoad: 300000, script: 30000}, unhandledPromptBehavior: dismiss and notify, webauthn:extension:credBlob: true, webauthn:extension:largeBlob: true, webauthn:extension:minPinLength: true, webauthn:extension:prf: true, webauthn:virtualAuthenticators: true}
Session ID: 4ff5a61c3fd677dff25c0f3c5c4e9ab4
15:48:44.749 INFO  manager.ListenerWD -- **********************
15:48:44.749 INFO  manager.ListenerWD -- Screen with error is --->src/test/screenshots/screen_1392.png
15:48:45.369 INFO  tests.TestBase -- Assert check is alert present with error test 'Wrong email or password' 
15:48:45.369 INFO  manager.ListenerWD -- Before find element-->By.xpath: //*[text()='Registration failed with code 400']
15:48:45.407 INFO  manager.ListenerWD -- After find element-->By.xpath: //*[text()='Registration failed with code 400']
15:48:45.423 INFO  manager.ListenerWD -- Location of element-->div
15:48:45.455 INFO  tests.TestBase -- ==============================================
15:48:45.455 INFO  tests.TestBase -- Name of method (test) -->removeFirstContact
15:48:48.317 INFO  manager.ListenerWD -- Huston, we have a problem!
15:48:48.317 INFO  manager.ListenerWD -- Failed method:findElements
15:48:48.317 INFO  manager.ListenerWD -- **********************
15:48:48.317 INFO  manager.ListenerWD -- Arguments:[By.xpath: //button[text()='Sign Out']]
15:48:48.317 INFO  manager.ListenerWD -- **********************
15:48:48.317 INFO  manager.ListenerWD -- Exception:NoSuchSessionException
15:48:48.317 INFO  manager.ListenerWD -- **********************
15:48:48.317 INFO  manager.ListenerWD -- Messageinvalid session id: session deleted as the browser has closed the connection
from disconnected: unable to send message to renderer
  (Session info: chrome=149.0.7827.103)
Build info: version: '4.26.0', revision: '8ccf0219d7'
System info: os.name: 'Windows 11', os.arch: 'amd64', os.version: '10.0', java.version: '17.0.12'
Driver info: org.openqa.selenium.chrome.ChromeDriver
Command: [4ff5a61c3fd677dff25c0f3c5c4e9ab4, findElements {using=xpath, value=//button[text()='Sign Out']}]
Capabilities {acceptInsecureCerts: false, browserName: chrome, browserVersion: 149.0.7827.103, chrome: {chromedriverVersion: 149.0.7827.55 (3188f8a607ae..., userDataDir: C:\Users\Nina\AppData\Local...}, fedcm:accounts: true, goog:chromeOptions: {debuggerAddress: localhost:59728}, goog:processID: 8936, networkConnectionEnabled: false, pageLoadStrategy: normal, platformName: windows, proxy: Proxy(), se:cdp: ws://localhost:59728/devtoo..., se:cdpVersion: 149.0.7827.103, setWindowRect: true, strictFileInteractability: false, timeouts: {implicit: 0, pageLoad: 300000, script: 30000}, unhandledPromptBehavior: dismiss and notify, webauthn:extension:credBlob: true, webauthn:extension:largeBlob: true, webauthn:extension:minPinLength: true, webauthn:extension:prf: true, webauthn:virtualAuthenticators: true}
Session ID: 4ff5a61c3fd677dff25c0f3c5c4e9ab4
15:48:48.317 INFO  manager.ListenerWD -- **********************
15:48:48.317 INFO  manager.ListenerWD -- Screen with error is --->src/test/screenshots/screen_1827.png
15:48:48.380 INFO  tests.TestBase -- ==============================================
