17:21:34.212 INFO  manager.ApplicationManager -- All tests runs in Chrome Browser
17:21:34.412 INFO  manager.ListenerWD -- Navigate to -->https://telranedu.web.app/
17:21:35.080 INFO  manager.ApplicationManager -- The link --->https://telranedu.web.app/home
17:21:35.094 INFO  manager.TestNGListener -- Start testing  on date-->Wed Jun 03 17:21:35 IDT 2026
17:21:35.106 INFO  tests.TestBase -- test data---> email: lolik@gmail.com & password: Lolik123!
17:21:40.121 INFO  manager.ListenerWD -- Before find element-->By.cssSelector: a[href='/login']
17:21:40.146 INFO  manager.ListenerWD -- After find element-->By.cssSelector: a[href='/login']
17:21:40.151 INFO  manager.ListenerWD -- Location of element-->a
17:21:40.161 INFO  manager.ListenerWD -- Before click element-->atext -->LOGIN
17:21:40.200 INFO  manager.ListenerWD -- After click element-->a
17:21:40.200 INFO  manager.HelperBase -- Open form by ckick on button with locator a[href='/login']
17:21:40.201 INFO  manager.ListenerWD -- Before find element-->By.name: email
17:21:40.219 INFO  manager.ListenerWD -- After find element-->By.name: email
17:21:40.223 INFO  manager.ListenerWD -- Location of element-->input
17:21:40.230 INFO  manager.ListenerWD -- Before click element-->inputtext -->
17:21:40.261 INFO  manager.ListenerWD -- After click element-->input
17:21:40.280 INFO  manager.ListenerWD -- sendKeys -->
17:21:40.283 INFO  manager.ListenerWD -- sendKeys -->input
17:21:40.302 INFO  manager.ListenerWD -- sendKeys -->
17:21:40.305 INFO  manager.ListenerWD -- sendKeys -->input
17:21:40.320 INFO  manager.ListenerWD -- sendKeys -->
17:21:40.322 INFO  manager.ListenerWD -- sendKeys -->input
17:21:40.337 INFO  manager.ListenerWD -- Before find element-->By.xpath: //input[@placeholder='Password']
17:21:40.350 INFO  manager.ListenerWD -- After find element-->By.xpath: //input[@placeholder='Password']
17:21:40.353 INFO  manager.ListenerWD -- Location of element-->input
17:21:40.359 INFO  manager.ListenerWD -- Before click element-->inputtext -->
17:21:40.386 INFO  manager.ListenerWD -- After click element-->input
17:21:40.403 INFO  manager.ListenerWD -- sendKeys -->
17:21:40.405 INFO  manager.ListenerWD -- sendKeys -->input
17:21:40.419 INFO  manager.ListenerWD -- sendKeys -->
17:21:40.422 INFO  manager.ListenerWD -- sendKeys -->input
17:21:40.437 INFO  manager.ListenerWD -- sendKeys -->
17:21:40.440 INFO  manager.ListenerWD -- sendKeys -->input
17:21:40.452 INFO  manager.ListenerWD -- Before find element-->By.xpath: //button[text()='Login']
17:21:40.462 INFO  manager.ListenerWD -- After find element-->By.xpath: //button[text()='Login']
17:21:40.465 INFO  manager.ListenerWD -- Location of element-->button
17:21:40.471 INFO  manager.ListenerWD -- Before click element-->buttontext -->Login
17:21:40.500 INFO  tests.TestBase -- User logged in successfully
17:21:40.510 INFO  tests.TestBase -- Name of method (test)-->addNewContactSuccessAllFieldsCSV
17:21:40.511 INFO  manager.TestNGListener -- Start test -->addNewContactSuccessAllFieldsCSV
17:21:40.513 INFO  manager.ListenerWD -- Before find element-->By.cssSelector: a[href='/add']
17:21:41.478 INFO  manager.ListenerWD -- After find element-->By.cssSelector: a[href='/add']
17:21:41.484 INFO  manager.ListenerWD -- Location of element-->a
17:21:41.495 INFO  manager.ListenerWD -- Before click element-->atext -->ADD
17:21:41.525 INFO  manager.ListenerWD -- After click element-->a
17:21:41.525 INFO  manager.ListenerWD -- Before find element-->By.cssSelector: [placeholder='Name']
17:21:41.541 INFO  manager.ListenerWD -- After find element-->By.cssSelector: [placeholder='Name']
17:21:41.545 INFO  manager.ListenerWD -- Location of element-->input
17:21:41.553 INFO  manager.ListenerWD -- Before click element-->inputtext -->
17:21:41.584 INFO  manager.ListenerWD -- After click element-->input
17:21:41.599 INFO  manager.ListenerWD -- sendKeys -->
17:21:41.602 INFO  manager.ListenerWD -- sendKeys -->input
17:21:41.621 INFO  manager.ListenerWD -- sendKeys -->
17:21:41.624 INFO  manager.ListenerWD -- sendKeys -->input
17:21:41.641 INFO  manager.ListenerWD -- sendKeys -->
17:21:41.645 INFO  manager.ListenerWD -- sendKeys -->input
17:21:41.658 INFO  manager.ListenerWD -- Before find element-->By.cssSelector: [placeholder='Last Name']
17:21:41.672 INFO  manager.ListenerWD -- After find element-->By.cssSelector: [placeholder='Last Name']
17:21:41.676 INFO  manager.ListenerWD -- Location of element-->input
17:21:41.683 INFO  manager.ListenerWD -- Before click element-->inputtext -->
17:21:41.714 INFO  manager.ListenerWD -- After click element-->input
17:21:41.733 INFO  manager.ListenerWD -- sendKeys -->
17:21:41.735 INFO  manager.ListenerWD -- sendKeys -->input
17:21:41.753 INFO  manager.ListenerWD -- sendKeys -->
17:21:41.756 INFO  manager.ListenerWD -- sendKeys -->input
17:21:41.775 INFO  manager.ListenerWD -- sendKeys -->
17:21:41.778 INFO  manager.ListenerWD -- sendKeys -->input
17:21:41.792 INFO  manager.ListenerWD -- Before find element-->By.cssSelector: [placeholder='Phone']
17:21:41.806 INFO  manager.ListenerWD -- After find element-->By.cssSelector: [placeholder='Phone']
17:21:41.810 INFO  manager.ListenerWD -- Location of element-->input
17:21:41.817 INFO  manager.ListenerWD -- Before click element-->inputtext -->
17:21:41.847 INFO  manager.ListenerWD -- After click element-->input
17:21:41.864 INFO  manager.ListenerWD -- sendKeys -->
17:21:41.867 INFO  manager.ListenerWD -- sendKeys -->input
17:21:41.885 INFO  manager.ListenerWD -- sendKeys -->
17:21:41.888 INFO  manager.ListenerWD -- sendKeys -->input
17:21:41.907 INFO  manager.ListenerWD -- sendKeys -->
17:21:41.909 INFO  manager.ListenerWD -- sendKeys -->input
17:21:41.924 INFO  manager.ListenerWD -- Before find element-->By.cssSelector: [placeholder='email']
17:21:41.939 INFO  manager.ListenerWD -- After find element-->By.cssSelector: [placeholder='email']
17:21:41.943 INFO  manager.ListenerWD -- Location of element-->input
17:21:41.951 INFO  manager.ListenerWD -- Before click element-->inputtext -->
17:21:41.981 INFO  manager.ListenerWD -- After click element-->input
17:21:42.002 INFO  manager.ListenerWD -- sendKeys -->
17:21:42.005 INFO  manager.ListenerWD -- sendKeys -->input
17:21:42.024 INFO  manager.ListenerWD -- sendKeys -->
17:21:42.027 INFO  manager.ListenerWD -- sendKeys -->input
17:21:42.044 INFO  manager.ListenerWD -- sendKeys -->
17:21:42.047 INFO  manager.ListenerWD -- sendKeys -->input
17:21:42.063 INFO  manager.ListenerWD -- Before find element-->By.cssSelector: [placeholder='Address']
17:21:42.077 INFO  manager.ListenerWD -- After find element-->By.cssSelector: [placeholder='Address']
17:21:42.081 INFO  manager.ListenerWD -- Location of element-->input
17:21:42.087 INFO  manager.ListenerWD -- Before click element-->inputtext -->
17:21:42.116 INFO  manager.ListenerWD -- After click element-->input
17:21:42.134 INFO  manager.ListenerWD -- sendKeys -->
17:21:42.136 INFO  manager.ListenerWD -- sendKeys -->input
17:21:42.154 INFO  manager.ListenerWD -- sendKeys -->
17:21:42.157 INFO  manager.ListenerWD -- sendKeys -->input
17:21:42.174 INFO  manager.ListenerWD -- sendKeys -->
17:21:42.178 INFO  manager.ListenerWD -- sendKeys -->input
17:21:42.192 INFO  manager.ListenerWD -- Before find element-->By.cssSelector: [placeholder = 'description']
17:21:42.204 INFO  manager.ListenerWD -- After find element-->By.cssSelector: [placeholder = 'description']
17:21:42.209 INFO  manager.ListenerWD -- Location of element-->input
17:21:42.216 INFO  manager.ListenerWD -- Before click element-->inputtext -->
17:21:42.246 INFO  manager.ListenerWD -- After click element-->input
17:21:42.264 INFO  manager.ListenerWD -- sendKeys -->
17:21:42.266 INFO  manager.ListenerWD -- sendKeys -->input
17:21:42.284 INFO  manager.ListenerWD -- sendKeys -->
17:21:42.287 INFO  manager.ListenerWD -- sendKeys -->input
17:21:42.303 INFO  manager.ListenerWD -- sendKeys -->
17:21:42.306 INFO  manager.ListenerWD -- sendKeys -->input
17:21:42.525 INFO  manager.ListenerWD -- Before find element-->By.cssSelector: .add_form__2rsm2>button
17:21:42.540 INFO  manager.ListenerWD -- After find element-->By.cssSelector: .add_form__2rsm2>button
17:21:42.544 INFO  manager.ListenerWD -- Location of element-->button
17:21:42.550 INFO  manager.ListenerWD -- Before click element-->buttontext -->Save
17:21:42.578 INFO  manager.ListenerWD -- After click element-->button
17:21:43.252 INFO  manager.TestNGListener -- Success test -->addNewContactSuccessAllFieldsCSV
17:21:43.252 INFO  tests.TestBase -- ==============================================
17:21:43.253 INFO  tests.TestBase -- Name of method (test)-->addNewContactSuccessAllFieldsCSV
17:21:43.253 INFO  manager.TestNGListener -- Start test -->addNewContactSuccessAllFieldsCSV
17:21:43.254 INFO  manager.ListenerWD -- Before find element-->By.cssSelector: a[href='/add']
17:21:43.264 INFO  manager.ListenerWD -- After find element-->By.cssSelector: a[href='/add']
17:21:43.269 INFO  manager.ListenerWD -- Location of element-->a
17:21:43.276 INFO  manager.ListenerWD -- Before click element-->atext -->ADD
17:21:43.306 INFO  manager.ListenerWD -- After click element-->a
17:21:43.307 INFO  manager.ListenerWD -- Before find element-->By.cssSelector: [placeholder='Name']
17:21:43.318 INFO  manager.ListenerWD -- After find element-->By.cssSelector: [placeholder='Name']
17:21:43.323 INFO  manager.ListenerWD -- Location of element-->input
17:21:43.331 INFO  manager.ListenerWD -- Before click element-->inputtext -->
17:21:43.366 INFO  manager.ListenerWD -- After click element-->input
17:21:43.381 INFO  manager.ListenerWD -- sendKeys -->
17:21:43.384 INFO  manager.ListenerWD -- sendKeys -->input
17:21:43.402 INFO  manager.ListenerWD -- sendKeys -->
17:21:43.405 INFO  manager.ListenerWD -- sendKeys -->input
17:21:43.423 INFO  manager.ListenerWD -- sendKeys -->
17:21:43.427 INFO  manager.ListenerWD -- sendKeys -->input
17:21:43.440 INFO  manager.ListenerWD -- Before find element-->By.cssSelector: [placeholder='Last Name']
17:21:43.451 INFO  manager.ListenerWD -- After find element-->By.cssSelector: [placeholder='Last Name']
17:21:43.455 INFO  manager.ListenerWD -- Location of element-->input
17:21:43.463 INFO  manager.ListenerWD -- Before click element-->inputtext -->
17:21:43.491 INFO  manager.ListenerWD -- After click element-->input
17:21:43.508 INFO  manager.ListenerWD -- sendKeys -->
17:21:43.510 INFO  manager.ListenerWD -- sendKeys -->input
17:21:43.527 INFO  manager.ListenerWD -- sendKeys -->
17:21:43.530 INFO  manager.ListenerWD -- sendKeys -->input
17:21:43.549 INFO  manager.ListenerWD -- sendKeys -->
17:21:43.553 INFO  manager.ListenerWD -- sendKeys -->input
17:21:43.568 INFO  manager.ListenerWD -- Before find element-->By.cssSelector: [placeholder='Phone']
17:21:43.578 INFO  manager.ListenerWD -- After find element-->By.cssSelector: [placeholder='Phone']
17:21:43.582 INFO  manager.ListenerWD -- Location of element-->input
17:21:43.589 INFO  manager.ListenerWD -- Before click element-->inputtext -->
17:21:43.620 INFO  manager.ListenerWD -- After click element-->input
17:21:43.637 INFO  manager.ListenerWD -- sendKeys -->
17:21:43.641 INFO  manager.ListenerWD -- sendKeys -->input
17:21:43.659 INFO  manager.ListenerWD -- sendKeys -->
17:21:43.662 INFO  manager.ListenerWD -- sendKeys -->input
17:21:43.681 INFO  manager.ListenerWD -- sendKeys -->
17:21:43.683 INFO  manager.ListenerWD -- sendKeys -->input
17:21:43.698 INFO  manager.ListenerWD -- Before find element-->By.cssSelector: [placeholder='email']
17:21:43.708 INFO  manager.ListenerWD -- After find element-->By.cssSelector: [placeholder='email']
17:21:43.712 INFO  manager.ListenerWD -- Location of element-->input
17:21:43.722 INFO  manager.ListenerWD -- Before click element-->inputtext -->
17:21:43.752 INFO  manager.ListenerWD -- After click element-->input
17:21:43.771 INFO  manager.ListenerWD -- sendKeys -->
17:21:43.774 INFO  manager.ListenerWD -- sendKeys -->input
17:21:43.793 INFO  manager.ListenerWD -- sendKeys -->
17:21:43.797 INFO  manager.ListenerWD -- sendKeys -->input
17:21:43.815 INFO  manager.ListenerWD -- sendKeys -->
17:21:43.818 INFO  manager.ListenerWD -- sendKeys -->input
17:21:43.832 INFO  manager.ListenerWD -- Before find element-->By.cssSelector: [placeholder='Address']
17:21:43.842 INFO  manager.ListenerWD -- After find element-->By.cssSelector: [placeholder='Address']
17:21:43.845 INFO  manager.ListenerWD -- Location of element-->input
17:21:43.852 INFO  manager.ListenerWD -- Before click element-->inputtext -->
17:21:43.879 INFO  manager.ListenerWD -- After click element-->input
17:21:43.896 INFO  manager.ListenerWD -- sendKeys -->
17:21:43.898 INFO  manager.ListenerWD -- sendKeys -->input
17:21:43.917 INFO  manager.ListenerWD -- sendKeys -->
17:21:43.920 INFO  manager.ListenerWD -- sendKeys -->input
17:21:43.937 INFO  manager.ListenerWD -- sendKeys -->
17:21:43.939 INFO  manager.ListenerWD -- sendKeys -->input
17:21:43.953 INFO  manager.ListenerWD -- Before find element-->By.cssSelector: [placeholder = 'description']
17:21:43.963 INFO  manager.ListenerWD -- After find element-->By.cssSelector: [placeholder = 'description']
17:21:43.967 INFO  manager.ListenerWD -- Location of element-->input
17:21:43.975 INFO  manager.ListenerWD -- Before click element-->inputtext -->
17:21:44.004 INFO  manager.ListenerWD -- After click element-->input
17:21:44.022 INFO  manager.ListenerWD -- sendKeys -->
17:21:44.026 INFO  manager.ListenerWD -- sendKeys -->input
17:21:44.045 INFO  manager.ListenerWD -- sendKeys -->
17:21:44.048 INFO  manager.ListenerWD -- sendKeys -->input
17:21:44.067 INFO  manager.ListenerWD -- sendKeys -->
17:21:44.070 INFO  manager.ListenerWD -- sendKeys -->input
17:21:44.265 INFO  manager.ListenerWD -- Before find element-->By.cssSelector: .add_form__2rsm2>button
17:21:44.277 INFO  manager.ListenerWD -- After find element-->By.cssSelector: .add_form__2rsm2>button
17:21:44.281 INFO  manager.ListenerWD -- Location of element-->button
17:21:44.289 INFO  manager.ListenerWD -- Before click element-->buttontext -->Save
17:21:44.312 INFO  manager.ListenerWD -- After click element-->button
17:21:44.812 INFO  manager.TestNGListener -- Success test -->addNewContactSuccessAllFieldsCSV
17:21:44.812 INFO  tests.TestBase -- ==============================================
17:21:44.813 INFO  tests.TestBase -- Name of method (test)-->addNewContactSuccessAllFieldsCSV
17:21:44.813 INFO  manager.TestNGListener -- Start test -->addNewContactSuccessAllFieldsCSV
17:21:44.813 INFO  manager.ListenerWD -- Before find element-->By.cssSelector: a[href='/add']
17:21:44.823 INFO  manager.ListenerWD -- After find element-->By.cssSelector: a[href='/add']
17:21:44.826 INFO  manager.ListenerWD -- Location of element-->a
17:21:44.833 INFO  manager.ListenerWD -- Before click element-->atext -->ADD
17:21:44.860 INFO  manager.ListenerWD -- After click element-->a
17:21:44.860 INFO  manager.ListenerWD -- Before find element-->By.cssSelector: [placeholder='Name']
17:21:44.870 INFO  manager.ListenerWD -- After find element-->By.cssSelector: [placeholder='Name']
17:21:44.874 INFO  manager.ListenerWD -- Location of element-->input
17:21:44.881 INFO  manager.ListenerWD -- Before click element-->inputtext -->
17:21:44.908 INFO  manager.ListenerWD -- After click element-->input
17:21:44.925 INFO  manager.ListenerWD -- sendKeys -->
17:21:44.927 INFO  manager.ListenerWD -- sendKeys -->input
17:21:44.944 INFO  manager.ListenerWD -- sendKeys -->
17:21:44.947 INFO  manager.ListenerWD -- sendKeys -->input
17:21:44.965 INFO  manager.ListenerWD -- sendKeys -->
17:21:44.968 INFO  manager.ListenerWD -- sendKeys -->input
17:21:44.979 INFO  manager.ListenerWD -- Before find element-->By.cssSelector: [placeholder='Last Name']
17:21:44.988 INFO  manager.ListenerWD -- After find element-->By.cssSelector: [placeholder='Last Name']
17:21:44.991 INFO  manager.ListenerWD -- Location of element-->input
17:21:44.997 INFO  manager.ListenerWD -- Before click element-->inputtext -->
17:21:45.024 INFO  manager.ListenerWD -- After click element-->input
17:21:45.041 INFO  manager.ListenerWD -- sendKeys -->
17:21:45.044 INFO  manager.ListenerWD -- sendKeys -->input
17:21:45.061 INFO  manager.ListenerWD -- sendKeys -->
17:21:45.064 INFO  manager.ListenerWD -- sendKeys -->input
17:21:45.080 INFO  manager.ListenerWD -- sendKeys -->
17:21:45.082 INFO  manager.ListenerWD -- sendKeys -->input
17:21:45.094 INFO  manager.ListenerWD -- Before find element-->By.cssSelector: [placeholder='Phone']
17:21:45.103 INFO  manager.ListenerWD -- After find element-->By.cssSelector: [placeholder='Phone']
17:21:45.106 INFO  manager.ListenerWD -- Location of element-->input
17:21:45.113 INFO  manager.ListenerWD -- Before click element-->inputtext -->
17:21:45.139 INFO  manager.ListenerWD -- After click element-->input
17:21:45.156 INFO  manager.ListenerWD -- sendKeys -->
17:21:45.160 INFO  manager.ListenerWD -- sendKeys -->input
17:21:45.177 INFO  manager.ListenerWD -- sendKeys -->
17:21:45.180 INFO  manager.ListenerWD -- sendKeys -->input
17:21:45.197 INFO  manager.ListenerWD -- sendKeys -->
17:21:45.200 INFO  manager.ListenerWD -- sendKeys -->input
17:21:45.214 INFO  manager.ListenerWD -- Before find element-->By.cssSelector: [placeholder='email']
17:21:45.223 INFO  manager.ListenerWD -- After find element-->By.cssSelector: [placeholder='email']
17:21:45.226 INFO  manager.ListenerWD -- Location of element-->input
17:21:45.232 INFO  manager.ListenerWD -- Before click element-->inputtext -->
17:21:45.258 INFO  manager.ListenerWD -- After click element-->input
17:21:45.274 INFO  manager.ListenerWD -- sendKeys -->
17:21:45.276 INFO  manager.ListenerWD -- sendKeys -->input
17:21:45.293 INFO  manager.ListenerWD -- sendKeys -->
17:21:45.296 INFO  manager.ListenerWD -- sendKeys -->input
17:21:45.312 INFO  manager.ListenerWD -- sendKeys -->
17:21:45.315 INFO  manager.ListenerWD -- sendKeys -->input
17:21:45.329 INFO  manager.ListenerWD -- Before find element-->By.cssSelector: [placeholder='Address']
17:21:45.338 INFO  manager.ListenerWD -- After find element-->By.cssSelector: [placeholder='Address']
17:21:45.341 INFO  manager.ListenerWD -- Location of element-->input
17:21:45.347 INFO  manager.ListenerWD -- Before click element-->inputtext -->
17:21:45.373 INFO  manager.ListenerWD -- After click element-->input
17:21:45.391 INFO  manager.ListenerWD -- sendKeys -->
17:21:45.394 INFO  manager.ListenerWD -- sendKeys -->input
17:21:45.411 INFO  manager.ListenerWD -- sendKeys -->
17:21:45.414 INFO  manager.ListenerWD -- sendKeys -->input
17:21:45.429 INFO  manager.ListenerWD -- sendKeys -->
17:21:45.432 INFO  manager.ListenerWD -- sendKeys -->input
17:21:45.444 INFO  manager.ListenerWD -- Before find element-->By.cssSelector: [placeholder = 'description']
17:21:45.453 INFO  manager.ListenerWD -- After find element-->By.cssSelector: [placeholder = 'description']
17:21:45.456 INFO  manager.ListenerWD -- Location of element-->input
17:21:45.463 INFO  manager.ListenerWD -- Before click element-->inputtext -->
17:21:45.491 INFO  manager.ListenerWD -- After click element-->input
17:21:45.508 INFO  manager.ListenerWD -- sendKeys -->
17:21:45.510 INFO  manager.ListenerWD -- sendKeys -->input
17:21:45.526 INFO  manager.ListenerWD -- sendKeys -->
17:21:45.529 INFO  manager.ListenerWD -- sendKeys -->input
17:21:45.553 INFO  manager.ListenerWD -- sendKeys -->
17:21:45.559 INFO  manager.ListenerWD -- sendKeys -->input
17:21:45.751 INFO  manager.ListenerWD -- Before find element-->By.cssSelector: .add_form__2rsm2>button
17:21:45.762 INFO  manager.ListenerWD -- After find element-->By.cssSelector: .add_form__2rsm2>button
17:21:45.765 INFO  manager.ListenerWD -- Location of element-->button
17:21:45.773 INFO  manager.ListenerWD -- Before click element-->buttontext -->Save
17:21:45.797 INFO  manager.ListenerWD -- After click element-->button
17:21:46.297 INFO  manager.TestNGListener -- Success test -->addNewContactSuccessAllFieldsCSV
17:21:46.297 INFO  tests.TestBase -- ==============================================
17:21:46.299 INFO  manager.TestNGListener -- Stop testing  on date-->Wed Jun 03 17:21:46 IDT 2026
