20:06:20.996 INFO  manager.ApplicationManager -- All tests runs in Chrome browser
20:06:23.302 INFO  manager.ApplicationManager -- All tests runs in Chrome Browser
20:06:24.006 INFO  manager.ListenerWD -- Navigate to -->https://telranedu.web.app/
20:06:24.711 INFO  manager.ApplicationManager -- The link --->https://telranedu.web.app/home
20:06:24.746 INFO  manager.TestNGListener -- Start testing  on date-->Wed Jun 10 20:06:24 IDT 2026
20:06:24.783 INFO  tests.TestBase -- Name of method (test)-->wrongEmailRegistration
20:06:29.813 INFO  manager.TestNGListener -- Start test -->wrongEmailRegistration
20:06:29.817 INFO  tests.TestBase -- Test data --> email:'mertgmail.com & password: Mert123456!
20:06:29.817 INFO  manager.ListenerWD -- Before find element-->By.cssSelector: a[href='/login']
20:06:29.868 INFO  manager.ListenerWD -- After find element-->By.cssSelector: a[href='/login']
20:06:29.890 INFO  manager.ListenerWD -- Location of element-->a
20:06:29.903 INFO  manager.ListenerWD -- Before click element-->atext -->LOGIN
20:06:29.945 INFO  manager.ListenerWD -- After click element-->a
20:06:29.945 INFO  manager.HelperBase -- Open form by ckick on button with locator a[href='/login']
20:06:29.946 INFO  manager.ListenerWD -- Before find element-->By.name: email
20:06:30.004 INFO  manager.ListenerWD -- After find element-->By.name: email
20:06:30.018 INFO  manager.ListenerWD -- Location of element-->input
20:06:30.035 INFO  manager.ListenerWD -- Before click element-->inputtext -->
20:06:30.088 INFO  manager.ListenerWD -- After click element-->input
20:06:30.109 INFO  manager.ListenerWD -- sendKeys -->
20:06:30.117 INFO  manager.ListenerWD -- sendKeys -->input
20:06:30.162 INFO  manager.ListenerWD -- sendKeys -->
20:06:30.170 INFO  manager.ListenerWD -- sendKeys -->input
20:06:30.186 INFO  manager.ListenerWD -- sendKeys -->
20:06:30.188 INFO  manager.ListenerWD -- sendKeys -->input
20:06:30.207 INFO  manager.ListenerWD -- Before find element-->By.xpath: //input[@placeholder='Password']
20:06:30.228 INFO  manager.ListenerWD -- After find element-->By.xpath: //input[@placeholder='Password']
20:06:30.234 INFO  manager.ListenerWD -- Location of element-->input
20:06:30.234 INFO  manager.ListenerWD -- Before click element-->inputtext -->
20:06:30.270 INFO  manager.ListenerWD -- After click element-->input
20:06:30.283 INFO  manager.ListenerWD -- sendKeys -->
20:06:30.286 INFO  manager.ListenerWD -- sendKeys -->input
20:06:30.303 INFO  manager.ListenerWD -- sendKeys -->
20:06:30.306 INFO  manager.ListenerWD -- sendKeys -->input
20:06:30.323 INFO  manager.ListenerWD -- sendKeys -->
20:06:30.326 INFO  manager.ListenerWD -- sendKeys -->input
20:06:30.346 INFO  manager.ListenerWD -- Before find element-->By.xpath: //button[text()='Registration']
20:06:30.359 INFO  manager.ListenerWD -- After find element-->By.xpath: //button[text()='Registration']
20:06:30.394 INFO  manager.ListenerWD -- Location of element-->button
20:06:30.428 INFO  manager.ListenerWD -- Before click element-->buttontext -->Registration
20:06:30.573 INFO  manager.ListenerWD -- Huston, we have a problem!
20:06:30.573 INFO  manager.ListenerWD -- Failed method:alert
20:06:30.573 INFO  manager.ListenerWD -- **********************
20:06:30.583 INFO  manager.ListenerWD -- Arguments:null
20:06:30.583 INFO  manager.ListenerWD -- **********************
20:06:30.583 INFO  manager.ListenerWD -- Exception:NoAlertPresentException
20:06:30.583 INFO  manager.ListenerWD -- **********************
20:06:30.583 INFO  manager.ListenerWD -- Messageno such alert
  (Session info: chrome=148.0.7778.217)
Build info: version: '4.26.0', revision: '8ccf0219d7'
System info: os.name: 'Windows 11', os.arch: 'amd64', os.version: '10.0', java.version: '21.0.10'
Driver info: org.openqa.selenium.chrome.ChromeDriver
Command: [e31b44ea5f76226a86d376ec0ffc41ab, getAlertText {}]
Capabilities {acceptInsecureCerts: false, browserName: chrome, browserVersion: 148.0.7778.217, chrome: {chromedriverVersion: 147.0.7727.57 (b4f28b5637d0..., userDataDir: C:\Users\Nina\AppData\Local...}, fedcm:accounts: true, goog:chromeOptions: {debuggerAddress: localhost:59291}, goog:processID: 20980, networkConnectionEnabled: false, pageLoadStrategy: normal, platformName: windows, proxy: Proxy(), se:cdp: ws://localhost:59291/devtoo..., se:cdpVersion: 148.0.7778.217, setWindowRect: true, strictFileInteractability: false, timeouts: {implicit: 0, pageLoad: 300000, script: 30000}, unhandledPromptBehavior: dismiss and notify, webauthn:extension:credBlob: true, webauthn:extension:largeBlob: true, webauthn:extension:minPinLength: true, webauthn:extension:prf: true, webauthn:virtualAuthenticators: true}
Session ID: e31b44ea5f76226a86d376ec0ffc41ab
20:06:30.583 INFO  manager.ListenerWD -- **********************
20:06:30.583 INFO  manager.ListenerWD -- Screen with error is --->src/test/screenshots/screen_1558.png
20:06:31.133 INFO  manager.ListenerWD -- Huston, we have a problem!
20:06:31.133 INFO  manager.ListenerWD -- Failed method:alert
20:06:31.133 INFO  manager.ListenerWD -- **********************
20:06:31.133 INFO  manager.ListenerWD -- Arguments:null
20:06:31.133 INFO  manager.ListenerWD -- **********************
20:06:31.133 INFO  manager.ListenerWD -- Exception:NoAlertPresentException
20:06:31.133 INFO  manager.ListenerWD -- **********************
20:06:31.133 INFO  manager.ListenerWD -- Messageno such alert
  (Session info: chrome=148.0.7778.217)
Build info: version: '4.26.0', revision: '8ccf0219d7'
System info: os.name: 'Windows 11', os.arch: 'amd64', os.version: '10.0', java.version: '21.0.10'
Driver info: org.openqa.selenium.chrome.ChromeDriver
Command: [e31b44ea5f76226a86d376ec0ffc41ab, getAlertText {}]
Capabilities {acceptInsecureCerts: false, browserName: chrome, browserVersion: 148.0.7778.217, chrome: {chromedriverVersion: 147.0.7727.57 (b4f28b5637d0..., userDataDir: C:\Users\Nina\AppData\Local...}, fedcm:accounts: true, goog:chromeOptions: {debuggerAddress: localhost:59291}, goog:processID: 20980, networkConnectionEnabled: false, pageLoadStrategy: normal, platformName: windows, proxy: Proxy(), se:cdp: ws://localhost:59291/devtoo..., se:cdpVersion: 148.0.7778.217, setWindowRect: true, strictFileInteractability: false, timeouts: {implicit: 0, pageLoad: 300000, script: 30000}, unhandledPromptBehavior: dismiss and notify, webauthn:extension:credBlob: true, webauthn:extension:largeBlob: true, webauthn:extension:minPinLength: true, webauthn:extension:prf: true, webauthn:virtualAuthenticators: true}
Session ID: e31b44ea5f76226a86d376ec0ffc41ab
20:06:31.133 INFO  manager.ListenerWD -- **********************
20:06:31.133 INFO  manager.ListenerWD -- Screen with error is --->src/test/screenshots/screen_1332.png
20:06:31.693 INFO  manager.ListenerWD -- Huston, we have a problem!
20:06:31.693 INFO  manager.ListenerWD -- Failed method:alert
20:06:31.693 INFO  manager.ListenerWD -- **********************
20:06:31.693 INFO  manager.ListenerWD -- Arguments:null
20:06:31.693 INFO  manager.ListenerWD -- **********************
20:06:31.693 INFO  manager.ListenerWD -- Exception:NoAlertPresentException
20:06:31.693 INFO  manager.ListenerWD -- **********************
20:06:31.693 INFO  manager.ListenerWD -- Messageno such alert
  (Session info: chrome=148.0.7778.217)
Build info: version: '4.26.0', revision: '8ccf0219d7'
System info: os.name: 'Windows 11', os.arch: 'amd64', os.version: '10.0', java.version: '21.0.10'
Driver info: org.openqa.selenium.chrome.ChromeDriver
Command: [e31b44ea5f76226a86d376ec0ffc41ab, getAlertText {}]
Capabilities {acceptInsecureCerts: false, browserName: chrome, browserVersion: 148.0.7778.217, chrome: {chromedriverVersion: 147.0.7727.57 (b4f28b5637d0..., userDataDir: C:\Users\Nina\AppData\Local...}, fedcm:accounts: true, goog:chromeOptions: {debuggerAddress: localhost:59291}, goog:processID: 20980, networkConnectionEnabled: false, pageLoadStrategy: normal, platformName: windows, proxy: Proxy(), se:cdp: ws://localhost:59291/devtoo..., se:cdpVersion: 148.0.7778.217, setWindowRect: true, strictFileInteractability: false, timeouts: {implicit: 0, pageLoad: 300000, script: 30000}, unhandledPromptBehavior: dismiss and notify, webauthn:extension:credBlob: true, webauthn:extension:largeBlob: true, webauthn:extension:minPinLength: true, webauthn:extension:prf: true, webauthn:virtualAuthenticators: true}
Session ID: e31b44ea5f76226a86d376ec0ffc41ab
20:06:31.693 INFO  manager.ListenerWD -- **********************
20:06:31.693 INFO  manager.ListenerWD -- Screen with error is --->src/test/screenshots/screen_1481.png
20:06:32.261 INFO  tests.TestBase -- Assert check is alert present with error test 'Wrong email or password' 
20:06:32.262 INFO  manager.ListenerWD -- Before find element-->By.xpath: //*[text()='Registration failed with code 400']
20:06:32.291 INFO  manager.ListenerWD -- After find element-->By.xpath: //*[text()='Registration failed with code 400']
20:06:32.296 INFO  manager.ListenerWD -- Location of element-->div
20:06:32.303 INFO  manager.TestNGListener -- Success test -->wrongEmailRegistration
20:06:32.303 INFO  tests.TestBase -- ==============================================
20:06:32.314 INFO  tests.TestBase -- Name of method (test)-->removeFirstContact
20:06:37.393 INFO  manager.ListenerWD -- Before find element-->By.cssSelector: a[href='/login']
20:06:37.423 INFO  manager.ListenerWD -- After find element-->By.cssSelector: a[href='/login']
20:06:37.427 INFO  manager.ListenerWD -- Location of element-->a
20:06:37.463 INFO  manager.ListenerWD -- Before click element-->atext -->LOGIN
20:06:37.501 INFO  manager.ListenerWD -- After click element-->a
20:06:37.501 INFO  manager.HelperBase -- Open form by ckick on button with locator a[href='/login']
20:06:37.501 INFO  manager.ListenerWD -- Before find element-->By.name: email
20:06:37.532 INFO  manager.ListenerWD -- After find element-->By.name: email
20:06:37.532 INFO  manager.ListenerWD -- Location of element-->input
20:06:37.544 INFO  manager.ListenerWD -- Before click element-->inputtext -->
20:06:37.591 INFO  manager.ListenerWD -- After click element-->input
20:06:37.618 INFO  manager.ListenerWD -- sendKeys -->
20:06:37.624 INFO  manager.ListenerWD -- sendKeys -->input
20:06:37.648 INFO  manager.ListenerWD -- sendKeys -->
20:06:37.663 INFO  manager.ListenerWD -- sendKeys -->input
20:06:37.688 INFO  manager.ListenerWD -- sendKeys -->
20:06:37.690 INFO  manager.ListenerWD -- sendKeys -->input
20:06:37.733 INFO  manager.ListenerWD -- Before find element-->By.xpath: //input[@placeholder='Password']
20:06:37.749 INFO  manager.ListenerWD -- After find element-->By.xpath: //input[@placeholder='Password']
20:06:37.773 INFO  manager.ListenerWD -- Location of element-->input
20:06:37.823 INFO  manager.ListenerWD -- Before click element-->inputtext -->
20:06:37.877 INFO  manager.ListenerWD -- After click element-->input
20:06:37.903 INFO  manager.ListenerWD -- sendKeys -->
20:06:37.905 INFO  manager.ListenerWD -- sendKeys -->input
20:06:37.927 INFO  manager.ListenerWD -- sendKeys -->
20:06:37.932 INFO  manager.ListenerWD -- sendKeys -->input
20:06:37.945 INFO  manager.ListenerWD -- sendKeys -->
20:06:37.951 INFO  manager.ListenerWD -- sendKeys -->input
20:06:37.964 INFO  manager.ListenerWD -- Before find element-->By.xpath: //button[text()='Login']
20:06:37.979 INFO  manager.ListenerWD -- After find element-->By.xpath: //button[text()='Login']
20:06:37.983 INFO  manager.ListenerWD -- Location of element-->button
20:06:37.987 INFO  manager.ListenerWD -- Before click element-->buttontext -->Login
20:06:39.163 INFO  manager.TestNGListener -- Start test -->removeFirstContact
20:06:39.201 INFO  manager.HelperBase -- Number of Contacts before remove is-->3
20:06:39.201 INFO  manager.ListenerWD -- Before find element-->By.cssSelector: .contact-item_card__2SOIM
20:06:39.228 INFO  manager.ListenerWD -- After find element-->By.cssSelector: .contact-item_card__2SOIM
20:06:39.243 INFO  manager.ListenerWD -- Location of element-->div
20:06:39.263 INFO  manager.ListenerWD -- Before click element-->divtext -->Harry
555667771758
20:06:39.330 INFO  manager.ListenerWD -- After click element-->div
20:06:39.330 INFO  manager.ListenerWD -- Before find element-->By.xpath: //button[text()='Remove']
20:06:39.348 INFO  manager.ListenerWD -- After find element-->By.xpath: //button[text()='Remove']
20:06:39.363 INFO  manager.ListenerWD -- Location of element-->button
20:06:39.386 INFO  manager.ListenerWD -- Before click element-->buttontext -->Remove
20:06:39.423 INFO  manager.ListenerWD -- After click element-->button
20:06:40.472 INFO  manager.HelperBase -- Number of Contacts after remove is-->2
20:06:40.473 INFO  manager.TestNGListener -- Success test -->removeFirstContact
20:06:40.473 INFO  tests.TestBase -- ==============================================
20:06:40.473 INFO  manager.TestNGListener -- Stop testing  on date-->Wed Jun 10 20:06:40 IDT 2026
