15:48:26.206 WARN  org.testng.TestNG -- Ignoring duplicate listener : io.qameta.allure.testng.AllureTestNg
15:48:26.206 WARN  org.testng.TestNG -- Ignoring duplicate listener : io.qameta.allure.testng.AllureTestNg
15:48:26.206 WARN  org.testng.TestNG -- Ignoring duplicate listener : io.qameta.allure.testng.AllureTestNg
15:48:27.906 INFO  manager.ApplicationManager -- Chrome Browser
15:48:29.654 INFO  manager.ListenerWD -- Navigate to -->https://telranedu.web.app/
15:48:29.717 INFO  manager.ListenerWD -- Huston, we have a problem!
15:48:29.717 INFO  manager.ListenerWD -- Failed method:getCurrentUrl
15:48:29.717 INFO  manager.ListenerWD -- **********************
15:48:29.717 INFO  manager.ListenerWD -- Arguments:null
15:48:29.717 INFO  manager.ListenerWD -- **********************
15:48:29.717 INFO  manager.ListenerWD -- Exception:NoSuchWindowException
15:48:29.717 INFO  manager.ListenerWD -- **********************
15:48:29.717 INFO  manager.ListenerWD -- Messageno such window: target window already closed
from unknown error: web view not found
  (Session info: chrome=149.0.7827.103)
Build info: version: '4.26.0', revision: '8ccf0219d7'
System info: os.name: 'Windows 11', os.arch: 'amd64', os.version: '10.0', java.version: '17.0.12'
Driver info: org.openqa.selenium.chrome.ChromeDriver
Command: [27626bcab01fcc0a86b26f42038fd418, getCurrentUrl {}]
Capabilities {acceptInsecureCerts: false, browserName: chrome, browserVersion: 149.0.7827.103, chrome: {chromedriverVersion: 149.0.7827.55 (3188f8a607ae..., userDataDir: C:\Users\Nina\AppData\Local...}, fedcm:accounts: true, goog:chromeOptions: {debuggerAddress: localhost:50142}, goog:processID: 29072, networkConnectionEnabled: false, pageLoadStrategy: normal, platformName: windows, proxy: Proxy(), se:cdp: ws://localhost:50142/devtoo..., se:cdpVersion: 149.0.7827.103, setWindowRect: true, strictFileInteractability: false, timeouts: {implicit: 0, pageLoad: 300000, script: 30000}, unhandledPromptBehavior: dismiss and notify, webauthn:extension:credBlob: true, webauthn:extension:largeBlob: true, webauthn:extension:minPinLength: true, webauthn:extension:prf: true, webauthn:virtualAuthenticators: true}
Session ID: 27626bcab01fcc0a86b26f42038fd418
15:48:29.717 INFO  manager.ListenerWD -- **********************
15:48:29.717 INFO  manager.ListenerWD -- Screen with error is --->src/test/screenshots/screen_1734.png
15:48:29.764 ERROR io.qameta.allure.AllureLifecycle -- Could not update test container: container with uuid d13bf1e3-faf6-4003-94cf-3c5f2fe4e32e not found
15:48:29.876 INFO  tests.TestBase -- Name of method (test) -->wrongEmailRegistration
15:48:29.895 INFO  tests.TestBase -- ==============================================
15:48:29.900 INFO  tests.TestBase -- Name of method (test) -->removeFirstContact
15:48:29.909 INFO  tests.TestBase -- ==============================================
