17:19:23.174 INFO  manager.ApplicationManager -- All tests runs in Chrome Browser
17:19:23.370 INFO  manager.ListenerWD -- Navigate to -->https://telranedu.web.app/
17:19:23.777 INFO  manager.ApplicationManager -- The link --->https://telranedu.web.app/home
17:19:23.789 INFO  manager.TestNGListener -- Start testing  on date-->Wed Jun 03 17:19:23 IDT 2026
17:19:23.797 INFO  tests.TestBase -- test data---> email: lolik@gmail.com & password: Lolik123!
17:19:28.817 INFO  manager.ListenerWD -- Before find element-->By.cssSelector: a[href='/login']
17:19:28.840 INFO  manager.ListenerWD -- After find element-->By.cssSelector: a[href='/login']
17:19:28.846 INFO  manager.ListenerWD -- Location of element-->a
17:19:28.861 INFO  manager.ListenerWD -- Before click element-->atext -->LOGIN
17:19:28.899 INFO  manager.ListenerWD -- After click element-->a
17:19:28.900 INFO  manager.HelperBase -- Open form by ckick on button with locator a[href='/login']
17:19:28.900 INFO  manager.ListenerWD -- Before find element-->By.name: email
17:19:28.916 INFO  manager.ListenerWD -- After find element-->By.name: email
17:19:28.921 INFO  manager.ListenerWD -- Location of element-->input
17:19:28.929 INFO  manager.ListenerWD -- Before click element-->inputtext -->
17:19:28.958 INFO  manager.ListenerWD -- After click element-->input
17:19:28.977 INFO  manager.ListenerWD -- sendKeys -->
17:19:28.979 INFO  manager.ListenerWD -- sendKeys -->input
17:19:29.000 INFO  manager.ListenerWD -- sendKeys -->
17:19:29.003 INFO  manager.ListenerWD -- sendKeys -->input
17:19:29.021 INFO  manager.ListenerWD -- sendKeys -->
17:19:29.025 INFO  manager.ListenerWD -- sendKeys -->input
17:19:29.039 INFO  manager.ListenerWD -- Before find element-->By.xpath: //input[@placeholder='Password']
17:19:29.053 INFO  manager.ListenerWD -- After find element-->By.xpath: //input[@placeholder='Password']
17:19:29.056 INFO  manager.ListenerWD -- Location of element-->input
17:19:29.062 INFO  manager.ListenerWD -- Before click element-->inputtext -->
17:19:29.088 INFO  manager.ListenerWD -- After click element-->input
17:19:29.103 INFO  manager.ListenerWD -- sendKeys -->
17:19:29.106 INFO  manager.ListenerWD -- sendKeys -->input
17:19:29.123 INFO  manager.ListenerWD -- sendKeys -->
17:19:29.125 INFO  manager.ListenerWD -- sendKeys -->input
17:19:29.140 INFO  manager.ListenerWD -- sendKeys -->
17:19:29.143 INFO  manager.ListenerWD -- sendKeys -->input
17:19:29.155 INFO  manager.ListenerWD -- Before find element-->By.xpath: //button[text()='Login']
17:19:29.166 INFO  manager.ListenerWD -- After find element-->By.xpath: //button[text()='Login']
17:19:29.169 INFO  manager.ListenerWD -- Location of element-->button
17:19:29.176 INFO  manager.ListenerWD -- Before click element-->buttontext -->Login
17:19:29.208 INFO  tests.TestBase -- User logged in successfully
17:19:29.218 INFO  tests.TestBase -- Name of method (test)-->addNewContactSuccessAllFieldsCSV
17:19:29.218 INFO  manager.TestNGListener -- Start test -->addNewContactSuccessAllFieldsCSV
17:19:29.221 INFO  manager.ListenerWD -- Before find element-->By.cssSelector: a[href='/add']
17:19:30.176 INFO  manager.ListenerWD -- After find element-->By.cssSelector: a[href='/add']
17:19:30.180 INFO  manager.ListenerWD -- Location of element-->a
17:19:30.187 INFO  manager.ListenerWD -- Before click element-->atext -->ADD
17:19:30.217 INFO  manager.ListenerWD -- After click element-->a
17:19:30.218 INFO  manager.ListenerWD -- Before find element-->By.cssSelector: [placeholder='Name']
17:19:30.233 INFO  manager.ListenerWD -- After find element-->By.cssSelector: [placeholder='Name']
17:19:30.237 INFO  manager.ListenerWD -- Location of element-->input
17:19:30.244 INFO  manager.ListenerWD -- Before click element-->inputtext -->
17:19:30.270 INFO  manager.ListenerWD -- After click element-->input
17:19:30.285 INFO  manager.ListenerWD -- sendKeys -->
17:19:30.288 INFO  manager.ListenerWD -- sendKeys -->input
17:19:30.302 INFO  manager.ListenerWD -- sendKeys -->
17:19:30.305 INFO  manager.ListenerWD -- sendKeys -->input
17:19:30.320 INFO  manager.ListenerWD -- sendKeys -->
17:19:30.323 INFO  manager.ListenerWD -- sendKeys -->input
17:19:30.335 INFO  manager.ListenerWD -- Before find element-->By.cssSelector: [placeholder='Last Name']
17:19:30.349 INFO  manager.ListenerWD -- After find element-->By.cssSelector: [placeholder='Last Name']
17:19:30.352 INFO  manager.ListenerWD -- Location of element-->input
17:19:30.359 INFO  manager.ListenerWD -- Before click element-->inputtext -->
17:19:30.387 INFO  manager.ListenerWD -- After click element-->input
17:19:30.402 INFO  manager.ListenerWD -- sendKeys -->
17:19:30.405 INFO  manager.ListenerWD -- sendKeys -->input
17:19:30.421 INFO  manager.ListenerWD -- sendKeys -->
17:19:30.424 INFO  manager.ListenerWD -- sendKeys -->input
17:19:30.439 INFO  manager.ListenerWD -- sendKeys -->
17:19:30.442 INFO  manager.ListenerWD -- sendKeys -->input
17:19:30.454 INFO  manager.ListenerWD -- Before find element-->By.cssSelector: [placeholder='Phone']
17:19:30.469 INFO  manager.ListenerWD -- After find element-->By.cssSelector: [placeholder='Phone']
17:19:30.474 INFO  manager.ListenerWD -- Location of element-->input
17:19:30.480 INFO  manager.ListenerWD -- Before click element-->inputtext -->
17:19:30.506 INFO  manager.ListenerWD -- After click element-->input
17:19:30.521 INFO  manager.ListenerWD -- sendKeys -->
17:19:30.524 INFO  manager.ListenerWD -- sendKeys -->input
17:19:30.538 INFO  manager.ListenerWD -- sendKeys -->
17:19:30.541 INFO  manager.ListenerWD -- sendKeys -->input
17:19:30.557 INFO  manager.ListenerWD -- sendKeys -->
17:19:30.560 INFO  manager.ListenerWD -- sendKeys -->input
17:19:30.572 INFO  manager.ListenerWD -- Before find element-->By.cssSelector: [placeholder='email']
17:19:30.586 INFO  manager.ListenerWD -- After find element-->By.cssSelector: [placeholder='email']
17:19:30.589 INFO  manager.ListenerWD -- Location of element-->input
17:19:30.596 INFO  manager.ListenerWD -- Before click element-->inputtext -->
17:19:30.626 INFO  manager.ListenerWD -- After click element-->input
17:19:30.643 INFO  manager.ListenerWD -- sendKeys -->
17:19:30.646 INFO  manager.ListenerWD -- sendKeys -->input
17:19:30.664 INFO  manager.ListenerWD -- sendKeys -->
17:19:30.668 INFO  manager.ListenerWD -- sendKeys -->input
17:19:30.686 INFO  manager.ListenerWD -- sendKeys -->
17:19:30.690 INFO  manager.ListenerWD -- sendKeys -->input
17:19:30.706 INFO  manager.ListenerWD -- Before find element-->By.cssSelector: [placeholder='Address']
17:19:30.720 INFO  manager.ListenerWD -- After find element-->By.cssSelector: [placeholder='Address']
17:19:30.724 INFO  manager.ListenerWD -- Location of element-->input
17:19:30.731 INFO  manager.ListenerWD -- Before click element-->inputtext -->
17:19:30.760 INFO  manager.ListenerWD -- After click element-->input
17:19:30.777 INFO  manager.ListenerWD -- sendKeys -->
17:19:30.780 INFO  manager.ListenerWD -- sendKeys -->input
17:19:30.798 INFO  manager.ListenerWD -- sendKeys -->
17:19:30.801 INFO  manager.ListenerWD -- sendKeys -->input
17:19:30.818 INFO  manager.ListenerWD -- sendKeys -->
17:19:30.821 INFO  manager.ListenerWD -- sendKeys -->input
17:19:30.834 INFO  manager.ListenerWD -- Before find element-->By.cssSelector: [placeholder = 'description']
17:19:30.846 INFO  manager.ListenerWD -- After find element-->By.cssSelector: [placeholder = 'description']
17:19:30.850 INFO  manager.ListenerWD -- Location of element-->input
17:19:30.856 INFO  manager.ListenerWD -- Before click element-->inputtext -->
17:19:30.884 INFO  manager.ListenerWD -- After click element-->input
17:19:30.900 INFO  manager.ListenerWD -- sendKeys -->
17:19:30.903 INFO  manager.ListenerWD -- sendKeys -->input
17:19:30.921 INFO  manager.ListenerWD -- sendKeys -->
17:19:30.925 INFO  manager.ListenerWD -- sendKeys -->input
17:19:30.944 INFO  manager.ListenerWD -- sendKeys -->
17:19:30.947 INFO  manager.ListenerWD -- sendKeys -->input
17:19:31.167 INFO  manager.ListenerWD -- Before find element-->By.cssSelector: .add_form__2rsm2>button
17:19:31.185 INFO  manager.ListenerWD -- After find element-->By.cssSelector: .add_form__2rsm2>button
17:19:31.190 INFO  manager.ListenerWD -- Location of element-->button
17:19:31.196 INFO  manager.ListenerWD -- Before click element-->buttontext -->Save
17:19:31.223 INFO  manager.ListenerWD -- After click element-->button
17:19:31.548 INFO  manager.TestNGListener -- Failure test -->addNewContactSuccessAllFieldsCSV
17:19:31.549 INFO  tests.TestBase -- ==============================================
17:19:31.550 INFO  tests.TestBase -- Name of method (test)-->addNewContactSuccessAllFieldsCSV
17:19:31.550 INFO  manager.TestNGListener -- Start test -->addNewContactSuccessAllFieldsCSV
17:19:31.550 INFO  manager.ListenerWD -- Before find element-->By.cssSelector: a[href='/add']
17:19:31.554 INFO  manager.ListenerWD -- Huston, we have a problem!
17:19:31.555 INFO  manager.ListenerWD -- Failed method:findElement
17:19:31.555 INFO  manager.ListenerWD -- **********************
17:19:31.555 INFO  manager.ListenerWD -- Arguments:[By.cssSelector: a[href='/add']]
17:19:31.555 INFO  manager.ListenerWD -- **********************
17:19:31.555 INFO  manager.ListenerWD -- Exception:UnhandledAlertException
17:19:31.555 INFO  manager.ListenerWD -- **********************
17:19:31.555 INFO  manager.ListenerWD -- Messageunexpected alert open: {Alert text : Email not valid: должно иметь формат адреса электронной почты}
  (Session info: chrome=148.0.7778.179): Email not valid: должно иметь формат адреса электронной почты
Build info: version: '4.26.0', revision: '8ccf0219d7'
System info: os.name: 'Windows 10', os.arch: 'amd64', os.version: '10.0', java.version: '17.0.12'
Driver info: org.openqa.selenium.chrome.ChromeDriver
Command: [c7b6953194a68b4e3c63279671588bcd, findElement {using=css selector, value=a[href='/add']}]
Capabilities {acceptInsecureCerts: false, browserName: chrome, browserVersion: 148.0.7778.179, chrome: {chromedriverVersion: 147.0.7727.57 (b4f28b5637d0..., userDataDir: C:\Users\Nina\AppData\Local...}, fedcm:accounts: true, goog:chromeOptions: {debuggerAddress: localhost:49979}, goog:processID: 24168, networkConnectionEnabled: false, pageLoadStrategy: normal, platformName: windows, proxy: Proxy(), se:cdp: ws://localhost:49979/devtoo..., se:cdpVersion: 148.0.7778.179, setWindowRect: true, strictFileInteractability: false, timeouts: {implicit: 0, pageLoad: 300000, script: 30000}, unhandledPromptBehavior: dismiss and notify, webauthn:extension:credBlob: true, webauthn:extension:largeBlob: true, webauthn:extension:minPinLength: true, webauthn:extension:prf: true, webauthn:virtualAuthenticators: true}
Session ID: c7b6953194a68b4e3c63279671588bcd
17:19:31.556 INFO  manager.ListenerWD -- **********************
17:19:31.556 INFO  manager.ListenerWD -- Screen with error is --->src/test/screenshots/screen_1001.png
17:19:31.760 INFO  manager.TestNGListener -- Failure test -->addNewContactSuccessAllFieldsCSV
17:19:31.761 INFO  tests.TestBase -- ==============================================
17:19:31.761 INFO  tests.TestBase -- Name of method (test)-->addNewContactSuccessAllFieldsCSV
17:19:31.762 INFO  manager.TestNGListener -- Start test -->addNewContactSuccessAllFieldsCSV
17:19:31.762 INFO  manager.ListenerWD -- Before find element-->By.cssSelector: a[href='/add']
17:19:31.775 INFO  manager.ListenerWD -- After find element-->By.cssSelector: a[href='/add']
17:19:31.780 INFO  manager.ListenerWD -- Location of element-->a
17:19:31.789 INFO  manager.ListenerWD -- Before click element-->atext -->ADD
17:19:31.823 INFO  manager.ListenerWD -- After click element-->a
17:19:31.824 INFO  manager.ListenerWD -- Before find element-->By.cssSelector: [placeholder='Name']
17:19:31.836 INFO  manager.ListenerWD -- After find element-->By.cssSelector: [placeholder='Name']
17:19:31.842 INFO  manager.ListenerWD -- Location of element-->input
17:19:31.852 INFO  manager.ListenerWD -- Before click element-->inputtext -->
17:19:31.884 INFO  manager.ListenerWD -- After click element-->input
17:19:31.904 INFO  manager.ListenerWD -- sendKeys -->
17:19:31.907 INFO  manager.ListenerWD -- sendKeys -->input
17:19:31.936 INFO  manager.ListenerWD -- sendKeys -->
17:19:31.939 INFO  manager.ListenerWD -- sendKeys -->input
17:19:31.959 INFO  manager.ListenerWD -- sendKeys -->
17:19:31.962 INFO  manager.ListenerWD -- sendKeys -->input
17:19:31.975 INFO  manager.ListenerWD -- Before find element-->By.cssSelector: [placeholder='Last Name']
17:19:31.986 INFO  manager.ListenerWD -- After find element-->By.cssSelector: [placeholder='Last Name']
17:19:31.989 INFO  manager.ListenerWD -- Location of element-->input
17:19:31.996 INFO  manager.ListenerWD -- Before click element-->inputtext -->
17:19:32.025 INFO  manager.ListenerWD -- After click element-->input
17:19:32.043 INFO  manager.ListenerWD -- sendKeys -->
17:19:32.046 INFO  manager.ListenerWD -- sendKeys -->input
17:19:32.072 INFO  manager.ListenerWD -- sendKeys -->
17:19:32.074 INFO  manager.ListenerWD -- sendKeys -->input
17:19:32.092 INFO  manager.ListenerWD -- sendKeys -->
17:19:32.095 INFO  manager.ListenerWD -- sendKeys -->input
17:19:32.109 INFO  manager.ListenerWD -- Before find element-->By.cssSelector: [placeholder='Phone']
17:19:32.120 INFO  manager.ListenerWD -- After find element-->By.cssSelector: [placeholder='Phone']
17:19:32.125 INFO  manager.ListenerWD -- Location of element-->input
17:19:32.133 INFO  manager.ListenerWD -- Before click element-->inputtext -->
17:19:32.162 INFO  manager.ListenerWD -- After click element-->input
17:19:32.178 INFO  manager.ListenerWD -- sendKeys -->
17:19:32.181 INFO  manager.ListenerWD -- sendKeys -->input
17:19:32.206 INFO  manager.ListenerWD -- sendKeys -->
17:19:32.208 INFO  manager.ListenerWD -- sendKeys -->input
17:19:32.224 INFO  manager.ListenerWD -- sendKeys -->
17:19:32.226 INFO  manager.ListenerWD -- sendKeys -->input
17:19:32.265 INFO  manager.ListenerWD -- Before find element-->By.cssSelector: [placeholder='email']
17:19:32.279 INFO  manager.ListenerWD -- After find element-->By.cssSelector: [placeholder='email']
17:19:32.283 INFO  manager.ListenerWD -- Location of element-->input
17:19:32.291 INFO  manager.ListenerWD -- Before click element-->inputtext -->
17:19:32.320 INFO  manager.ListenerWD -- After click element-->input
17:19:32.338 INFO  manager.ListenerWD -- sendKeys -->
17:19:32.341 INFO  manager.ListenerWD -- sendKeys -->input
17:19:32.366 INFO  manager.ListenerWD -- sendKeys -->
17:19:32.369 INFO  manager.ListenerWD -- sendKeys -->input
17:19:32.385 INFO  manager.ListenerWD -- sendKeys -->
17:19:32.387 INFO  manager.ListenerWD -- sendKeys -->input
17:19:32.402 INFO  manager.ListenerWD -- Before find element-->By.cssSelector: [placeholder='Address']
17:19:32.412 INFO  manager.ListenerWD -- After find element-->By.cssSelector: [placeholder='Address']
17:19:32.414 INFO  manager.ListenerWD -- Location of element-->input
17:19:32.423 INFO  manager.ListenerWD -- Before click element-->inputtext -->
17:19:32.450 INFO  manager.ListenerWD -- After click element-->input
17:19:32.467 INFO  manager.ListenerWD -- sendKeys -->
17:19:32.470 INFO  manager.ListenerWD -- sendKeys -->input
17:19:32.494 INFO  manager.ListenerWD -- sendKeys -->
17:19:32.497 INFO  manager.ListenerWD -- sendKeys -->input
17:19:32.513 INFO  manager.ListenerWD -- sendKeys -->
17:19:32.516 INFO  manager.ListenerWD -- sendKeys -->input
17:19:32.528 INFO  manager.ListenerWD -- Before find element-->By.cssSelector: [placeholder = 'description']
17:19:32.538 INFO  manager.ListenerWD -- After find element-->By.cssSelector: [placeholder = 'description']
17:19:32.541 INFO  manager.ListenerWD -- Location of element-->input
17:19:32.548 INFO  manager.ListenerWD -- Before click element-->inputtext -->
17:19:32.576 INFO  manager.ListenerWD -- After click element-->input
17:19:32.595 INFO  manager.ListenerWD -- sendKeys -->
17:19:32.597 INFO  manager.ListenerWD -- sendKeys -->input
17:19:32.622 INFO  manager.ListenerWD -- sendKeys -->
17:19:32.624 INFO  manager.ListenerWD -- sendKeys -->input
17:19:32.640 INFO  manager.ListenerWD -- sendKeys -->
17:19:32.643 INFO  manager.ListenerWD -- sendKeys -->input
17:19:32.834 INFO  manager.ListenerWD -- Before find element-->By.cssSelector: .add_form__2rsm2>button
17:19:32.846 INFO  manager.ListenerWD -- After find element-->By.cssSelector: .add_form__2rsm2>button
17:19:32.850 INFO  manager.ListenerWD -- Location of element-->button
17:19:32.856 INFO  manager.ListenerWD -- Before click element-->buttontext -->Save
17:19:32.881 INFO  manager.ListenerWD -- After click element-->button
17:19:33.366 INFO  manager.TestNGListener -- Success test -->addNewContactSuccessAllFieldsCSV
17:19:33.367 INFO  tests.TestBase -- ==============================================
17:19:33.369 INFO  manager.TestNGListener -- Stop testing  on date-->Wed Jun 03 17:19:33 IDT 2026
