19:32:22.377 INFO  manager.ApplicationManager -- All tests runs in Chrome Browser
19:32:22.588 INFO  manager.ListenerWD -- Navigate to -->https://telranedu.web.app/
19:32:23.169 INFO  manager.ApplicationManager -- The link --->https://telranedu.web.app/home
19:32:23.184 INFO  manager.TestNGListener -- Start testing  on date-->Sun May 31 19:32:23 IDT 2026
19:32:23.206 INFO  tests.TestBase -- Name of method (test)-->loginSuccessModel
19:32:28.240 INFO  manager.TestNGListener -- Start test -->loginSuccessModel
19:32:28.241 INFO  tests.TestBase -- Test data---> User{email='lolik@gmail.com', password='Lolik123!'}
19:32:28.242 INFO  manager.ListenerWD -- Before find element-->By.cssSelector: a[href='/login']
19:32:28.268 INFO  manager.ListenerWD -- After find element-->By.cssSelector: a[href='/login']
19:32:28.274 INFO  manager.ListenerWD -- Location of element-->a
19:32:28.283 INFO  manager.ListenerWD -- Before click element-->atext -->LOGIN
19:32:28.321 INFO  manager.ListenerWD -- After click element-->a
19:32:28.321 INFO  manager.HelperBase -- Open form by ckick on button with locator a[href='/login']
19:32:28.321 INFO  manager.ListenerWD -- Before find element-->By.name: email
19:32:28.336 INFO  manager.ListenerWD -- After find element-->By.name: email
19:32:28.340 INFO  manager.ListenerWD -- Location of element-->input
19:32:28.347 INFO  manager.ListenerWD -- Before click element-->inputtext -->
19:32:28.380 INFO  manager.ListenerWD -- After click element-->input
19:32:28.400 INFO  manager.ListenerWD -- sendKeys -->
19:32:28.402 INFO  manager.ListenerWD -- sendKeys -->input
19:32:28.423 INFO  manager.ListenerWD -- sendKeys -->
19:32:28.427 INFO  manager.ListenerWD -- sendKeys -->input
19:32:28.445 INFO  manager.ListenerWD -- sendKeys -->
19:32:28.447 INFO  manager.ListenerWD -- sendKeys -->input
19:32:28.463 INFO  manager.ListenerWD -- Before find element-->By.xpath: //input[@placeholder='Password']
19:32:28.476 INFO  manager.ListenerWD -- After find element-->By.xpath: //input[@placeholder='Password']
19:32:28.480 INFO  manager.ListenerWD -- Location of element-->input
19:32:28.487 INFO  manager.ListenerWD -- Before click element-->inputtext -->
19:32:28.518 INFO  manager.ListenerWD -- After click element-->input
19:32:28.534 INFO  manager.ListenerWD -- sendKeys -->
19:32:28.537 INFO  manager.ListenerWD -- sendKeys -->input
19:32:28.552 INFO  manager.ListenerWD -- sendKeys -->
19:32:28.556 INFO  manager.ListenerWD -- sendKeys -->input
19:32:28.573 INFO  manager.ListenerWD -- sendKeys -->
19:32:28.576 INFO  manager.ListenerWD -- sendKeys -->input
19:32:28.589 INFO  manager.ListenerWD -- Before find element-->By.xpath: //button[text()='Login']
19:32:28.599 INFO  manager.ListenerWD -- After find element-->By.xpath: //button[text()='Login']
19:32:28.601 INFO  manager.ListenerWD -- Location of element-->button
19:32:28.607 INFO  manager.ListenerWD -- Before click element-->buttontext -->Login
19:32:29.577 INFO  tests.TestBase -- Assert check is element button 'Sign out' present
19:32:29.578 INFO  manager.TestNGListener -- Success test -->loginSuccessModel
19:32:29.579 INFO  tests.TestBase -- ==============================================
19:32:29.580 INFO  tests.TestBase -- Name of method (test)-->loginSuccessModel
19:32:29.595 INFO  manager.ListenerWD -- Before find element-->By.xpath: //button[text()='Sign Out']
19:32:29.611 INFO  manager.ListenerWD -- After find element-->By.xpath: //button[text()='Sign Out']
19:32:29.615 INFO  manager.ListenerWD -- Location of element-->button
19:32:29.622 INFO  manager.ListenerWD -- Before click element-->buttontext -->Sign Out
19:32:29.657 INFO  tests.TestBase -- Before method finished logout
19:32:29.660 INFO  manager.TestNGListener -- Start test -->loginSuccessModel
19:32:29.661 INFO  tests.TestBase -- Test data---> User{email='sonya@gmail.com', password='Ss12345$'}
19:32:29.662 INFO  manager.ListenerWD -- Before find element-->By.cssSelector: a[href='/login']
19:32:29.675 INFO  manager.ListenerWD -- After find element-->By.cssSelector: a[href='/login']
19:32:29.680 INFO  manager.ListenerWD -- Location of element-->a
19:32:29.687 INFO  manager.ListenerWD -- Before click element-->atext -->LOGIN
19:32:29.714 INFO  manager.ListenerWD -- After click element-->a
19:32:29.714 INFO  manager.HelperBase -- Open form by ckick on button with locator a[href='/login']
19:32:29.715 INFO  manager.ListenerWD -- Before find element-->By.name: email
19:32:29.729 INFO  manager.ListenerWD -- After find element-->By.name: email
19:32:29.732 INFO  manager.ListenerWD -- Location of element-->input
19:32:29.738 INFO  manager.ListenerWD -- Before click element-->inputtext -->
19:32:29.769 INFO  manager.ListenerWD -- After click element-->input
19:32:29.789 INFO  manager.ListenerWD -- sendKeys -->
19:32:29.792 INFO  manager.ListenerWD -- sendKeys -->input
19:32:29.811 INFO  manager.ListenerWD -- sendKeys -->
19:32:29.814 INFO  manager.ListenerWD -- sendKeys -->input
19:32:29.835 INFO  manager.ListenerWD -- sendKeys -->
19:32:29.839 INFO  manager.ListenerWD -- sendKeys -->input
19:32:29.858 INFO  manager.ListenerWD -- Before find element-->By.xpath: //input[@placeholder='Password']
19:32:29.869 INFO  manager.ListenerWD -- After find element-->By.xpath: //input[@placeholder='Password']
19:32:29.874 INFO  manager.ListenerWD -- Location of element-->input
19:32:29.881 INFO  manager.ListenerWD -- Before click element-->inputtext -->
19:32:29.920 INFO  manager.ListenerWD -- After click element-->input
19:32:29.939 INFO  manager.ListenerWD -- sendKeys -->
19:32:29.942 INFO  manager.ListenerWD -- sendKeys -->input
19:32:29.963 INFO  manager.ListenerWD -- sendKeys -->
19:32:29.967 INFO  manager.ListenerWD -- sendKeys -->input
19:32:29.986 INFO  manager.ListenerWD -- sendKeys -->
19:32:29.990 INFO  manager.ListenerWD -- sendKeys -->input
19:32:30.006 INFO  manager.ListenerWD -- Before find element-->By.xpath: //button[text()='Login']
19:32:30.018 INFO  manager.ListenerWD -- After find element-->By.xpath: //button[text()='Login']
19:32:30.022 INFO  manager.ListenerWD -- Location of element-->button
19:32:30.030 INFO  manager.ListenerWD -- Before click element-->buttontext -->Login
19:32:30.333 INFO  tests.TestBase -- Assert check is element button 'Sign out' present
19:32:30.334 INFO  manager.TestNGListener -- Success test -->loginSuccessModel
19:32:30.334 INFO  tests.TestBase -- ==============================================
19:32:30.336 INFO  manager.TestNGListener -- Stop testing  on date-->Sun May 31 19:32:30 IDT 2026
