17:12:48.628 INFO  manager.TestNGListener -- Start testing  on date-->Sun Jun 07 17:12:48 IDT 2026
17:12:48.647 INFO  manager.TestNGListener -- Start test -->loginSuccess
17:12:48.648 INFO  manager.TestNGListener -- Skipped test -->loginSuccess
17:12:48.650 INFO  manager.TestNGListener -- Start test -->loginSuccess
17:12:48.650 INFO  manager.TestNGListener -- Skipped test -->loginSuccess
17:12:48.651 INFO  manager.TestNGListener -- Start test -->loginSuccess
17:12:48.651 INFO  manager.TestNGListener -- Skipped test -->loginSuccess
17:12:48.653 INFO  manager.TestNGListener -- Start test -->loginSuccess1
17:12:48.653 INFO  manager.TestNGListener -- Skipped test -->loginSuccess1
17:12:48.654 INFO  manager.TestNGListener -- Start test -->loginSuccessModel
17:12:48.655 INFO  manager.TestNGListener -- Skipped test -->loginSuccessModel
17:12:48.656 INFO  manager.TestNGListener -- Start test -->loginSuccessModel
17:12:48.656 INFO  manager.TestNGListener -- Skipped test -->loginSuccessModel
17:12:48.658 INFO  manager.TestNGListener -- Start test -->loginSuccessModelDPF
17:12:48.659 INFO  manager.TestNGListener -- Skipped test -->loginSuccessModelDPF
17:12:48.660 INFO  manager.TestNGListener -- Start test -->loginSuccessModelDPF
17:12:48.660 INFO  manager.TestNGListener -- Skipped test -->loginSuccessModelDPF
17:12:48.661 INFO  manager.TestNGListener -- Start test -->loginSuccessModelDPF
17:12:48.661 INFO  manager.TestNGListener -- Skipped test -->loginSuccessModelDPF
17:12:48.662 INFO  manager.TestNGListener -- Start test -->loginUnregisteredUser
17:12:48.663 INFO  manager.TestNGListener -- Skipped test -->loginUnregisteredUser
17:12:48.664 INFO  manager.TestNGListener -- Start test -->loginWrongEmail
17:12:48.665 INFO  manager.TestNGListener -- Skipped test -->loginWrongEmail
17:12:48.665 INFO  manager.TestNGListener -- Start test -->loginWrongPassword
17:12:48.666 INFO  manager.TestNGListener -- Skipped test -->loginWrongPassword
17:12:48.667 INFO  manager.TestNGListener -- Stop testing  on date-->Sun Jun 07 17:12:48 IDT 2026
