17:08:58.156 INFO  manager.TestNGListener -- Start testing  on date-->Sun Jun 07 17:08:58 IDT 2026
17:08:58.185 INFO  manager.TestNGListener -- Start test -->loginSuccess
17:08:58.185 INFO  manager.TestNGListener -- Skipped test -->loginSuccess
17:08:58.187 INFO  manager.TestNGListener -- Start test -->loginSuccess
17:08:58.187 INFO  manager.TestNGListener -- Skipped test -->loginSuccess
17:08:58.188 INFO  manager.TestNGListener -- Start test -->loginSuccess
17:08:58.188 INFO  manager.TestNGListener -- Skipped test -->loginSuccess
17:08:58.190 INFO  manager.TestNGListener -- Start test -->loginSuccess1
17:08:58.190 INFO  manager.TestNGListener -- Skipped test -->loginSuccess1
17:08:58.192 INFO  manager.TestNGListener -- Start test -->loginSuccessModel
17:08:58.193 INFO  manager.TestNGListener -- Skipped test -->loginSuccessModel
17:08:58.194 INFO  manager.TestNGListener -- Start test -->loginSuccessModel
17:08:58.194 INFO  manager.TestNGListener -- Skipped test -->loginSuccessModel
17:08:58.202 INFO  manager.TestNGListener -- Start test -->loginSuccessModelDPF
17:08:58.204 INFO  manager.TestNGListener -- Skipped test -->loginSuccessModelDPF
17:08:58.204 INFO  manager.TestNGListener -- Start test -->loginSuccessModelDPF
17:08:58.205 INFO  manager.TestNGListener -- Skipped test -->loginSuccessModelDPF
17:08:58.205 INFO  manager.TestNGListener -- Start test -->loginSuccessModelDPF
17:08:58.205 INFO  manager.TestNGListener -- Skipped test -->loginSuccessModelDPF
17:08:58.206 INFO  manager.TestNGListener -- Start test -->loginUnregisteredUser
17:08:58.207 INFO  manager.TestNGListener -- Skipped test -->loginUnregisteredUser
17:08:58.208 INFO  manager.TestNGListener -- Start test -->loginWrongEmail
17:08:58.208 INFO  manager.TestNGListener -- Skipped test -->loginWrongEmail
17:08:58.209 INFO  manager.TestNGListener -- Start test -->loginWrongPassword
17:08:58.209 INFO  manager.TestNGListener -- Skipped test -->loginWrongPassword
17:08:58.211 INFO  manager.TestNGListener -- Stop testing  on date-->Sun Jun 07 17:08:58 IDT 2026
